Archive member included because of file (symbol)

./../../../psp_rel/lib/api.a(audio_device_op_entry.o)
                              (audio_device_op_entry)
./../../../psp_rel/lib/api.a(key_op_entry.o)
                              (key_op_entry)
./../../../psp_rel/lib/api.a(lcd_op_entry.o)
                              ./obj/config_main_sub.o (lcd_op_entry)
./../../../psp_rel/lib/api.a(libc_op_entry.o)
                              ./obj/config_main.o (libc_op_entry)
./../../../psp_rel/lib/api.a(sys_op_entry.o)
                              ./../../lib/app_timer_rcode.o (sys_op_entry)
./../../../psp_rel/lib/api.a(ui_op_entry.o)
                              ./obj/config_main.o (ui_op_entry)
./../../../psp_rel/lib/api.a(vfs_op_entry.o)
                              ./obj/config_main_sub.o (vfs_op_entry)
./../../../psp_rel/lib/api.a(base_op_entry.o)
                              (base_op_entry)

Memory Configuration

Name             Origin             Length             Attributes
*default*        0x0000000000000000 0xffffffffffffffff

Linker script and memory map

LOAD ./../../../psp_rel/include/link_base.xn
                0x0000000000000000                DRV_GROUP_STG_BASE = 0x0
                0x0000000000000001                DRV_GROUP_STG_CARD = 0x1
                0x0000000000000002                DRV_GROUP_STG_UHOST = 0x2
                0x0000000000000003                DRV_GROUP_FAT32 = 0x3
                0x0000000000000004                DRV_GROUP_EXFAT = 0x4
                0x0000000000000005                DRV_GROUP_UD = 0x5
                0x0000000000000006                DRV_GROUP_UI = 0x6
                0x0000000000000007                DRV_GROUP_LCD = 0x7
                0x0000000000000008                DRV_GROUP_FM = 0x8
                0x0000000000000009                DRV_GROUP_KEY = 0x9
                0x000000000000000a                DRV_GROUP_CCD = 0xa
                0x000000000000000b                DRV_GROUP_I2C = 0xb
                0x000000000000000c                DRV_GROUP_AUDIO_DEVICE = 0xc
                0x000000000000000d                DRV_GROUP_TTS = 0xd
                0x000000000000000e                DRV_GROUP_BT = 0xe
                0x000000000000000f                DRV_GROUP_SYS = 0xf
                0x000000000003ffff                SRAM_SIZE_MASK = 0x3ffff
                0x000000009fc00000                RDATA_ADDR_BASE = 0x9fc00000
                0x00000000bfc00000                RCODE_ADDR_BASE = 0xbfc00000
                0x0000000000000001                KERNEL_BANK_A = 0x1
                0x0000000000000002                KERNEL_BANK_B = 0x2
                0x0000000000000003                KERNEL_BANK_C = 0x3
                0x0000000000040000                BANK_SPACE = 0x40000
                0x0000000000000000                FRONT_AP = 0x0
                0x0000000000000001                BACK_AP = 0x1
                0x0000000000000002                PROCESS_MANAGER_AP = 0x2
                0x0000000000000000                FRONT_CODEC = 0x0
                0x0000000000000001                BACK_CODEC = 0x1
                0x0000000000000040                AP_BANK_FRONT_CONTROL_1 = 0x40
                0x0000000000000048                AP_BANK_FRONT_UI_1 = 0x48
                0x0000000000000050                AP_BANK_FRONT_BASAL = 0x50
                0x0000000000000058                AP_BANK_FRONT_CODEC = 0x58
                0x0000000000000060                AP_BANK_BACK_CONTROL_1 = 0x60
                0x0000000000000068                AP_BANK_BACK_BASAL = 0x68
                0x0000000000000070                AP_BANK_BACK_CODEC = 0x70
                0x0000000000000078                AP_BANK_FRONT_ENHANCED_1 = 0x78
                0x0000000000000071                AP_BANK_FRONT_ENHANCED_2 = 0x71
                0x000000000000007a                AP_BANK_BACK_ENHANCED_1 = 0x7a
                0x000000000000007b                AP_BANK_BACK_ENHANCED_2 = 0x7b
                0x0000000000000072                AP_BANK_BTENGINE_CONTROL_1 = 0x72
                0x0000000000000073                AP_BANK_BTENGINE_LIB_1 = 0x73
                0x0000000000000074                AP_BANK_BTENGINE_LIB_2 = 0x74
                0x0000000000000075                AP_BANK_BTENGINE_EXTEND_1 = 0x75
                0x0000000000000076                AP_BANK_BTENGINE_EXTEND_2 = 0x76
                0x0000000000000077                AP_BANK_BTENGINE_EXTEND_3 = 0x77
                0x000000000000007c                AP_BANK_BTENGINE_EXTEND_4 = 0x7c
                0x0000000000000079                AP_BANK_BTENGINE_EXTEND_5 = 0x79
                0x000000000000007f                AP_BANK_MANAGER = 0x7f
                0x0000000000000041                AP_BANK_AUTOTEST = 0x41
                0x0000000000000000                SROM_BROM_ADDR = 0x0
                0x0000000000002600                SROM_BROM_SIZE = 0x2600
                0x0000000000002600                SROM_SPINOR_ADDR = (SROM_BROM_ADDR + SROM_BROM_SIZE)
                0x0000000000000c00                SROM_SPINOR_SIZE = 0xc00
                0x0000000000003200                SROM_TWI_ADDR = (SROM_SPINOR_ADDR + SROM_SPINOR_SIZE)
                0x0000000000000700                SROM_TWI_SIZE = 0x700
                0x0000000000003900                SROM_STUB_ADDR = (SROM_TWI_ADDR + SROM_TWI_SIZE)
                0x0000000000000700                SROM_STUB_SIZE = 0x700
                0x0000000000000e00                SROM_SPINOR_SIZE_MDY = 0xe00
                0x0000000000003400                SROM_TWI_ADDR_MDY = (SROM_SPINOR_ADDR + SROM_SPINOR_SIZE_MDY)
                0x0000000000000700                SROM_TWI_SIZE_MDY = 0x700
                0x0000000000003b00                SROM_STUB_ADDR_MDY = (SROM_TWI_ADDR_MDY + SROM_TWI_SIZE_MDY)
                0x0000000000000500                SROM_STUB_SIZE_MDY = 0x500
                0x0000000000004000                SROM_KERNEL_ADDR = (SROM_STUB_ADDR + SROM_STUB_SIZE)
                0x0000000000004000                SROM_KERNEL_SIZE = 0x4000
                0x000000000000c000                SROM_FS_ADDR = 0xc000
                0x0000000000001c00                SROM_FS_SIZE = 0x1c00
                0x000000000000dc00                SROM_SPINOR1_ADDR = (SROM_FS_ADDR + SROM_FS_SIZE)
                0x0000000000000400                SROM_SPINOR1_SIZE = 0x400
                0x0000000000008000                SRAM_OS_RCODE_ADDR = 0x8000
                0x0000000000000c00                SRAM_OS_RCODE_SIZE = 0xc00
                0x0000000000008c00                SRAM_SPINOR_RCODE_ADDR = 0x8c00
                0x0000000000000400                SRAM_SPINOR_RCODE_SIZE = 0x400
                0x0000000000009000                SRAM_BANK_A_ADDR = 0x9000
                0x0000000000000400                SRAM_BANK_A_SIZE = 0x400
                0x0000000000009400                SRAM_BANK_B_ADDR = 0x9400
                0x0000000000000800                SRAM_BANK_B_SIZE = 0x800
                0x0000000000009c00                SRAM_UI_RCODE1_ADDR = 0x9c00
                0x0000000000000300                SRAM_UI_RCODE1_SIZE = 0x300
                0x0000000000009f00                SRAM_AUDIO_GLOBAL_DATA_ADDR = 0x9f00
                0x0000000000000060                SRAM_AUDIO_GLOBAL_DATA_SIZE = 0x60
                0x0000000000009f60                SRAM_UHOST_GLOBAL_DATA_ADDR = 0x9f60
                0x0000000000000010                SRAM_UHOST_GLOBAL_DATA_SIZE = 0x10
                0x0000000000009f70                SRAM_CARD_GLOBAL_DATA_ADDR = 0x9f70
                0x0000000000000010                SRAM_CARD_GLOBAL_DATA_SIZE = 0x10
                0x0000000000009f80                SRAM_SYS_SHARE_DATA_ADDR = 0x9f80
                0x0000000000000040                SRAM_SYS_SHARE_DATA_SIZE = 0x40
                0x0000000000009fc0                SRAM_RAM6_CCD_GLOBAL_DATA_ADDR = 0x9fc0
                0x0000000000000020                SRAM_RAM6_CCD_GLOBAL_DATA_SIZE = 0x20
                0x0000000000009fe0                SRAM_RAM6_RESEVER_ADDR = 0x9fe0
                0x0000000000000020                SRAM_RAM6_RESEVER_SIZE = 0x20
                0x000000000000a000                SRAM_LCD_RCODE_ADDR = 0xa000
                0x0000000000000800                SRAM_LCD_RCODE_SIZE = 0x800
                0x000000000000a800                SRAM_UI_RCODE2_ADDR = 0xa800
                0x0000000000001000                SRAM_UI_RCODE2_SIZE = 0x1000
                0x000000000000b800                SRAM_LCD_BUFFER_ADDR = 0xb800
                0x0000000000000400                SRAM_LCD_BUFFER_SIZE = 0x400
                0x000000000000bc00                SRAM_UI_DATA_ADDR = 0xbc00
                0x0000000000000400                SRAM_UI_DATA_SIZE = 0x400
                0x0000000000010000                SRAM_KEY_MESSAGE_RCODE_ADDR = 0x10000
                0x0000000000000a00                SRAM_KEY_MESSAGE_RCODE_SIZE = 0xa00
                0x0000000000010a00                SRAM_RAM0_RESEVER1_ADDR = 0x10a00
                0x0000000000000200                SRAM_RAM0_RESEVER1_SIZE = 0x200
                0x0000000000010c00                SRAM_AP_FRONT_BASAL_RCODE_ADDR = 0x10c00
                0x0000000000000100                SRAM_AP_FRONT_BASAL_RCODE_SIZE = 0x100
                0x0000000000010d00                SRAM_AP_BANK_BACK_CONTROL_ADDR = 0x10d00
                0x0000000000000800                SRAM_AP_BANK_BACK_CONTROL_SIZE = 0x800
                0x0000000000011500                SRAM_AP_BACK_RCODE_ADDR = 0x11500
                0x0000000000000800                SRAM_AP_BACK_RCODE_SIZE = 0x800
                0x0000000000000000                SRAM_AP_BANK_FRONT_CODEC_ADDR = 0x0
                0x0000000000000000                SRAM_AP_BANK_FRONT_CODEC_SIZE = 0x0
                0x0000000000011d00                SRAM_RAM0_RESEVER2_ADDR = 0x11d00
                0x0000000000000800                SRAM_RAM0_RESEVER2_SIZE = 0x800
                0x0000000000012500                SRAM_AP_BANK_FRONT_BASAL_ADDR = 0x12500
                0x0000000000000800                SRAM_AP_BANK_FRONT_BASAL_SIZE = 0x800
                0x0000000000012500                SRAM_AP_BANK_FRONT_ENHANCED_2_ADDR = SRAM_AP_BANK_FRONT_BASAL_ADDR
                0x0000000000000800                SRAM_AP_BANK_FRONT_ENHANCED_2_SIZE = SRAM_AP_BANK_FRONT_BASAL_SIZE
                0x0000000000012d00                SRAM_AP_BANK_BACK_BASAL_ADDR = 0x12d00
                0x0000000000000800                SRAM_AP_BANK_BACK_BASAL_SIZE = 0x800
                0x0000000000012d00                SRAM_AP_BANK_BACK_ENHANCED_1_ADDR = SRAM_AP_BANK_BACK_BASAL_ADDR
                0x0000000000000800                SRAM_AP_BANK_BACK_ENHANCED_1_SIZE = SRAM_AP_BANK_BACK_BASAL_SIZE
                0x0000000000013500                SRAM_AP_BACK_BASAL_RCODE_ADDR = 0x13500
                0x0000000000000800                SRAM_AP_BACK_BASAL_RCODE_SIZE = 0x800
                0x0000000000013d00                SRAM_KERNEL_BSS_ADDR = 0x13d00
                0x00000000000000e0                SRAM_KERNEL_BSS_SIZE = 0xe0
                0x0000000000013de0                SRAM_AP_MANAGER_ADDR = 0x13de0
                0x0000000000000200                SRAM_AP_MANAGER_SIZE = 0x200
                0x0000000000013fc0                SRAM_IRQ_DSP_PRINT_TEMP_ADDR = 0x13fc0
                0x0000000000000020                SRAM_IRQ_DSP_PRINT_TEMP_SIZE = 0x20
                0x0000000000013fe0                SRAM_IRQ_PRINT_BUFFER_ADDR = 0x13fe0
                0x0000000000000110                SRAM_IRQ_PRINT_BUFFER_SIZE = 0x110
                0x00000000000140f0                SRAM_DSP_PRINT_BUFFER_ADDR = 0x140f0
                0x0000000000000110                SRAM_DSP_PRINT_BUFFER_SIZE = 0x110
                0x0000000000014200                SRAM_LCD_DATA_ADDR = 0x14200
                0x0000000000000100                SRAM_LCD_DATA_SIZE = 0x100
                0x0000000000014300                SRAM_KEY_MESSAGE_DATA_ADDR = 0x14300
                0x0000000000000100                SRAM_KEY_MESSAGE_DATA_SIZE = 0x100
                0x0000000000014400                SRAM_AP_BANK_FRONT_UI_ADDR = 0x14400
                0x0000000000000800                SRAM_AP_BANK_FRONT_UI_SIZE = 0x800
                0x0000000000014c00                SRAM_AP_BANK_FRONT_CONTROL_ADDR = 0x14c00
                0x0000000000000800                SRAM_AP_BANK_FRONT_CONTROL_SIZE = 0x800
                0x0000000000015400                SRAM_AP_FRONT_DATA_ADDR = 0x15400
                0x0000000000000800                SRAM_AP_FRONT_DATA_SIZE = 0x800
                0x0000000000015c00                SRAM_AP_BACK_DATA_ADDR = 0x15c00
                0x0000000000000600                SRAM_AP_BACK_DATA_SIZE = 0x600
                0x0000000000016200                SRAM_AP_BANK_MANAGER_ADDR = 0x16200
                0x0000000000000200                SRAM_AP_BANK_MANAGER_SIZE = 0x200
                0x0000000000016400                SRAM_AP_FRONT_RCODE_ADDR = 0x16400
                0x0000000000000800                SRAM_AP_FRONT_RCODE_SIZE = 0x800
                0x0000000000016c00                SRAM_FS_RCODE_ADDR = 0x16c00
                0x0000000000000800                SRAM_FS_RCODE_SIZE = 0x800
                0x0000000000017400                SRAM_UI_RCODE3_ADDR = 0x17400
                0x0000000000000c00                SRAM_UI_RCODE3_SIZE = 0xc00
                0x0000000000017400                SRAM_CARD_UD_RCODE_ADDR = 0x17400
                0x0000000000000c00                SRAM_CARD_UD_RCODE_SIZE = 0xc00
                0x0000000000017400                SRAM_UHOST_UD_RCODE_ADDR = SRAM_CARD_UD_RCODE_ADDR
                0x0000000000000c00                SRAM_UHOST_UD_RCODE_SIZE = SRAM_CARD_UD_RCODE_SIZE
                0x0000000000018000                SRAM_FS_DATA_ADDR = 0x18000
                0x0000000000000300                SRAM_FS_DATA_SIZE = 0x300
                0x0000000000018300                SRAM_FS_BUF_ADDR = 0x18300
                0x0000000000000a00                SRAM_FS_BUF_SIZE = 0xa00
                0x0000000000018d00                SRAM_CARD_UD_CACHE_ADDR = 0x18d00
                0x0000000000000800                SRAM_CARD_UD_CACHE_SIZE = 0x800
                0x0000000000018d00                SRAM_UHOST_UD_CACHE_ADDR = SRAM_CARD_UD_CACHE_ADDR
                0x0000000000000800                SRAM_UHOST_UD_CACHE_SIZE = SRAM_CARD_UD_CACHE_SIZE
                0x0000000000019500                SRAM_CARD_DATA_ADDR = 0x19500
                0x0000000000000080                SRAM_CARD_DATA_SIZE = 0x80
                0x0000000000019500                SRAM_UHOST_DATA_ADDR = SRAM_CARD_DATA_ADDR
                0x0000000000000080                SRAM_UHOST_DATA_SIZE = SRAM_CARD_DATA_SIZE
                0x0000000000019580                SRAM_KERNEL_XSYS_ADDR = 0x19580
                0x0000000000000800                SRAM_KERNEL_XSYS_SIZE = 0x800
                0x0000000000019d80                SRAM_BANK_C_ADDR = 0x19d80
                0x0000000000000400                SRAM_BANK_C_SIZE = 0x400
                0x000000000001a180                SRAM_APPLIB_GLOBAL_DATA_ADDR = 0x1a180
                0x0000000000000100                SRAM_APPLIB_GLOBAL_DATA_SIZE = 0x100
                0x000000000001a280                SRAM_APPLIB_DATA_ADDR = 0x1a280
                0x0000000000000100                SRAM_APPLIB_DATA_SIZE = 0x100
                0x000000000001a380                SRAM_RAM1_RESEVER1_ADDR = 0x1a380
                0x0000000000000080                SRAM_RAM1_RESEVER1_SIZE = 0x80
                0x000000000001a400                SRAM_OS_DATA_ADDR = 0x1a400
                0x0000000000000880                SRAM_OS_DATA_SIZE = 0x880
                0x000000000001ac80                SRAM_OS_HEAP_ADDR = 0x1ac80
                0x0000000000000580                SRAM_OS_HEAP_SIZE = 0x580
                0x000000000001b200                SRAM_AP_BANK_FRONT_ENHANCED_1_ADDR = 0x1b200
                0x0000000000000800                SRAM_AP_BANK_FRONT_ENHANCED_1_SIZE = 0x800
                0x000000000001b200                SRAM_FM_DRV_RCODE_ADDR = SRAM_AP_BANK_FRONT_ENHANCED_1_ADDR
                0x0000000000000800                SRAM_FM_DRV_RCODE_SIZE = SRAM_AP_BANK_FRONT_ENHANCED_1_SIZE
                0x000000000001ba00                SRAM_OS_SD_SWAP_BUF_ADDR = 0x1ba00
                0x0000000000000200                SRAM_OS_SD_SWAP_BUF_SIZE = 0x200
                0x000000000001bc00                SRAM_OS_TASK_STACK_ADDR = 0x1bc00
                0x0000000000001a00                SRAM_OS_TASK_STACK_SIZE = 0x1a00
                0x000000000001d600                SRAM_OS_SYS_STACK_ADDR = 0x1d600
                0x0000000000000400                SRAM_OS_SYS_STACK_SIZE = 0x400
                0x000000000001da00                SRAM_RAM1_RESEVER2_ADDR = 0x1da00
                0x0000000000000600                SRAM_RAM1_RESEVER1_SIZE = 0x600
                0x0000000000027000                SRAM_AP_BACK_CODEC_RCODE_ADDR = 0x27000
                0x0000000000001000                SRAM_AP_BACK_CODEC_RCODE_SIZE = 0x1000
                0x0000000000028000                SRAM_AP_BANK_BACK_CODEC_ADDR = 0x28000
                0x0000000000001000                SRAM_AP_BANK_BACK_CODEC_SIZE = 0x1000
                0x0000000000028000                SRAM_AP_BANK_BACK_ENHANCED_2_ADDR = 0x28000
                0x0000000000000800                SRAM_AP_BANK_BACK_ENHANCED_2_SIZE = 0x800
                0x0000000000030000                SRAM_AP_USB_DEVICE_RCODE_ADDR = 0x30000
                0x0000000000004000                SRAM_AP_USB_DEVICE_RCODE_SIZE = 0x4000
                0x0000000000038000                SRAM_TWI_ADDR_MDY = 0x38000
                0x0000000000000700                SRAM_TWI_SIZE_MDY = SROM_TWI_SIZE_MDY
                0x0000000000040000                SRAM_INVALID_RCODE_ADDR = 0x40000
                0x0000000000000000                AP_INDEX = FRONT_AP
                0x0000000000016400                SRAM_TEXT_ADDR = SRAM_AP_FRONT_RCODE_ADDR
                0x0000000000015400                SRAM_DATA_ADDR = SRAM_AP_FRONT_DATA_ADDR
                0x00000000bfc16400                RCODE_TEXT_ADDR = (RCODE_ADDR_BASE + SRAM_TEXT_ADDR)
                0x000000009fc15400                RDATA_DATA_ADDR = (RDATA_ADDR_BASE + SRAM_DATA_ADDR)
                0x0000000040014c00                BANK_CONTROL_1_ADDR_BASE = ((AP_BANK_FRONT_CONTROL_1 << 0x18) + SRAM_AP_BANK_FRONT_CONTROL_ADDR)
                0x0000000048014400                BANK_UI_1_ADDR_BASE = ((AP_BANK_FRONT_UI_1 << 0x18) + SRAM_AP_BANK_FRONT_UI_ADDR)
                0x000000007801b200                BANK_ENHANCED_1_ADDR_BASE = ((AP_BANK_FRONT_ENHANCED_1 << 0x18) + SRAM_AP_BANK_FRONT_ENHANCED_1_ADDR)
                0x000000007101b200                BANK_ENHANCED_2_ADDR_BASE = ((AP_BANK_FRONT_ENHANCED_2 << 0x18) + SRAM_AP_BANK_FRONT_ENHANCED_1_ADDR)
                0x0000000000000800                BANK_CONTROL_SIZE = SRAM_AP_BANK_FRONT_CONTROL_SIZE
                0x0000000000000800                BANK_UI_SIZE = SRAM_AP_BANK_FRONT_UI_SIZE
                0x0000000000000600                BANK_UI_RESERVE_SIZE = (SRAM_AP_BANK_FRONT_UI_SIZE - 0x200)
                0x0000000000000800                BANK_ENHANCED1_SIZE = SRAM_AP_BANK_FRONT_ENHANCED_1_SIZE
                0x0000000000000800                BANK_ENHANCED2_SIZE = SRAM_AP_BANK_FRONT_ENHANCED_2_SIZE
                0x0000000000040000                AP_BANK_SPACE = BANK_SPACE
                0x000000009fc1a180                . = 0x9fc1a180

APP_GLOBE_DATA  0x000000009fc1a180      0x100
 applib_globe_data.o(.bss)
 .bss           0x000000009fc1a180       0x6c ./../../lib/applib_globe_data.o
                0x000000009fc1a180                g_sys_counter
                0x000000009fc1a194                g_app_info_vector
                0x000000009fc1a1e8                g_sys_shutdown_time
                0x000000009fc1a1dc                g_keytone_infor
                0x000000009fc1a190                config_fp
                0x000000009fc1a1b8                g_app_info_state
                0x000000009fc1a1e5                g_sys_time_second
                0x000000009fc1a1d0                g_app_last_state
                0x000000009fc1a280                . = 0x100
 *fill*         0x000000009fc1a1ec       0x94 00

.text           0x00000000bfc16400      0x190
                0x00000000bfc16400                _resident_text = <code 340> (.)
 api.a(.text)
 .text          0x00000000bfc16400        0x4 ./../../../psp_rel/lib/api.a(audio_device_op_entry.o)
                0x00000000bfc16401                audio_device_op_entry
 .text          0x00000000bfc16404        0x4 ./../../../psp_rel/lib/api.a(key_op_entry.o)
                0x00000000bfc16405                key_op_entry
 app_timer_rcode.o(.text)
 .text          0x00000000bfc16408       0xbc ./../../lib/app_timer_rcode.o
                0x00000000bfc16409                handle_timers
 message_rcode.o(.text)
 .text          0x00000000bfc164c4       0xb4 ./../../lib/message_rcode.o
                0x00000000bfc164c5                get_gui_msg
                0x00000000bfc16531                get_app_msg
                0x00000000bfc164fd                get_sys_msg
                0x00000000bfc16578                _resident_text_end = <code 340> (.)
 .text          0x00000000bfc16578        0x4 ./../../../psp_rel/lib/api.a(lcd_op_entry.o)
                0x00000000bfc16579                lcd_op_entry
 .text          0x00000000bfc1657c        0x4 ./../../../psp_rel/lib/api.a(libc_op_entry.o)
                0x00000000bfc1657d                libc_op_entry
 .text          0x00000000bfc16580        0x4 ./../../../psp_rel/lib/api.a(sys_op_entry.o)
                0x00000000bfc16581                sys_op_entry
 .text          0x00000000bfc16584        0x4 ./../../../psp_rel/lib/api.a(ui_op_entry.o)
                0x00000000bfc16585                ui_op_entry
 .text          0x00000000bfc16588        0x4 ./../../../psp_rel/lib/api.a(vfs_op_entry.o)
                0x00000000bfc16589                vfs_op_entry
 .text          0x00000000bfc1658c        0x4 ./../../../psp_rel/lib/api.a(base_op_entry.o)
                0x00000000bfc1658d                base_op_entry

.data           0x000000009fc15400        0xc load address 0x00000000bfc16590
                0x000000009fc15400                _resident_data = <code 340> (.)
 *.o(.data)
 .data          0x000000009fc15400        0xc ./obj/config_main.o
                0x000000009fc15408                prio
                0x000000009fc15404                ptos
                0x000000009fc15400                backlight_flag
                0x000000009fc1540c                _resident_data_end = <code 340> (.)

.bss            0x000000009fc1540c      0x4c4
 applib_app_data.o(.bss)
 .bss           0x000000009fc1540c       0x18 ./../../lib/applib_app_data.o
                0x000000009fc15418                g_this_app_msg_dispatch
                0x000000009fc1541c                g_app_timer_vector
                0x000000009fc1540c                g_app_timer_count
                0x000000009fc15410                g_this_app_info
                0x000000009fc15414                thread_mutex
                0x000000009fc15420                g_this_app_timer_tag
 common_ui_data.o(.bss)
 .bss           0x000000009fc15424      0x18c ./../../lib/common_ui_data.o
                0x000000009fc15575                g_icon_id
                0x000000009fc154d8                g_menu_items
                0x000000009fc155a4                g_anm_callback
                0x000000009fc155ad                g_anm_direction
                0x000000009fc1542a                g_gui_direct
                0x000000009fc1557c                this_headbar_style
                0x000000009fc15597                g_ss_last_time
                0x000000009fc155ac                g_anm_index
                0x000000009fc15599                g_ss_delay_flag
                0x000000009fc1548c                dir_menu_title
                0x000000009fc155a8                g_anm_sty_infor
                0x000000009fc15578                g_headbar_update
                0x000000009fc15564                g_back_to_parent_func
                0x000000009fc15429                sys_status_timer_id
                0x000000009fc1558c                g_ss_mode_backup
                0x000000009fc1556c                usb_selecting_state
                0x000000009fc15568                g_back_to_parant_arg
                0x000000009fc1559c                g_com_paint_cb
                0x000000009fc15424                sys_comval
                0x000000009fc15595                g_ss_album_art_phase
                0x000000009fc15590                g_ss_clk_backup
                0x000000009fc15596                g_ss_last_date
                0x000000009fc15589                this_headbar_mode
                0x000000009fc1558d                g_ss_icon_backup
                0x000000009fc15570                volume_value_last
                0x000000009fc1558a                g_so_time
                0x000000009fc15498                dir_control
                0x000000009fc1556e                g_usb_timer_id
                0x000000009fc1558e                g_ss_timer_id
                0x000000009fc1556d                g_usb_auto_select
                0x000000009fc15428                sys_counter_timer_id
                0x000000009fc15577                g_battery_value
                0x000000009fc1542c                g_dir_browser
                0x000000009fc154b0                last_dir_control
                0x000000009fc15572                volume_enter_forbidden
                0x000000009fc15594                g_ss_mode
                0x000000009fc15588                this_headbar_icon_id
                0x000000009fc15576                g_sys_minute
                0x000000009fc154ca                line_cnt
                0x000000009fc15438                g_file_list
                0x000000009fc154c8                speed_control
                0x000000009fc15574                g_battery_display
                0x000000009fc15598                g_ss_vip_event
                0x000000009fc1558b                g_ss_tag_backup
                0x000000009fc1559a                g_kl_time_is_up
                0x000000009fc15573                g_vol_time_up_flag
                0x000000009fc154cc                g_menu_title
 common_func_data.o(.bss)
 .bss           0x000000009fc155b0       0x18 ./../../lib/common_func_data.o
                0x000000009fc155b9                menu_history_valid
                0x000000009fc155bc                dir_history_addr
                0x000000009fc155b4                confmenu_offset
                0x000000009fc155c5                g_keytone_backup
                0x000000009fc155b0                confmenu_fp
                0x000000009fc155c4                this_filter_key_value
                0x000000009fc155c0                menu_history_addr
                0x000000009fc155b8                dir_history_valid
 config_main.o(.bss)
 .bss           0x000000009fc155c8      0x220 ./obj/config_main.o
                0x000000009fc1569c                g_setting_comval
                0x000000009fc1564c                conf_app_timer_vector
                0x000000009fc155cc                update_flag
                0x000000009fc157c4                g_cfg_key
                0x000000009fc155ca                backlight_cnt
                0x000000009fc155cb                charge_full_flag
                0x000000009fc156c0                g_config_var
                0x000000009fc155c8                first_boot
                0x000000009fc155d0                g_writehead
                0x000000009fc155c9                charge_frame_id
                0x000000009fc156d4                g_dae_cfg
                0x000000009fc15648                timer_id
 eh_rdata.o(.bss)
 .bss           0x000000009fc157e8       0x88 ./../../../psp_rel/lib/lib_enhanced/eh_rdata.o
                0x000000009fc15834                plist_list_layerno
                0x000000009fc157f0                file_total
                0x000000009fc1584e                dir_total
                0x000000009fc1582e                plist_file_total
                0x000000009fc1580e                write_data_flag
                0x000000009fc15818                plist_item_info
                0x000000009fc157fc                obj_handle
                0x000000009fc15842                plist_layer_offset
                0x000000009fc157e9                fsel_module_type
                0x000000009fc15856                dirlist_cur_file_folder_index
                0x000000009fc15816                uspl_file_offset
                0x000000009fc157f8                root_dir
                0x000000009fc1584c                m3u_curlist_index
                0x000000009fc1582c                plist_type_selector
                0x000000009fc1585c                dirlist_index_tbl
                0x000000009fc15814                uspl_last_offset
                0x000000009fc15850                dirlist_first_offset
                0x000000009fc1580c                save_read_offset
                0x000000009fc15858                dirlist_layer_offset
                0x000000009fc1583e                plist_start_file_index
                0x000000009fc15812                uspl_first_offset
                0x000000009fc15804                fsel_init_val
                0x000000009fc15800                vfs_mount
                0x000000009fc157f4                cur_ext_name
                0x000000009fc15840                plist_cur_file_index
                0x000000009fc157ee                file_no
                0x000000009fc15810                uspl_file_total
                0x000000009fc157ec                shuffle_sw
                0x000000009fc15854                dirlist_file_offset
                0x000000009fc1583c                plist_start_sort_index
                0x000000009fc157e8                loop_flag
                0x000000009fc157eb                dir_layer
                0x000000009fc15830                plist_info_offset
                0x000000009fc157fa                obj_open_mode
                0x000000009fc157fb                obj_open_type
                0x000000009fc15844                lib_pfile_offset
                0x000000009fc15852                dirlist_file_index_offset
                0x000000009fc157ea                fsel_error
                0x000000009fc157f2                g_file_index
 eh_fsel_rdata.o(.bss)
 .bss           0x000000009fc15870       0x60 ./../../../psp_rel/lib/lib_enhanced/eh_fsel_rdata.o
                0x000000009fc158cd                cur_save_next_count
                0x000000009fc1587c                member_map
                0x000000009fc158a4                filtrate_shuffle_no
                0x000000009fc158a1                cur_group
                0x000000009fc158c8                cur_save_pt
                0x000000009fc1589f                member_max
                0x000000009fc158a0                use_member_flag
                0x000000009fc15874                group_map
                0x000000009fc158cc                cur_save_prev_count
                0x000000009fc158a2                cur_member
                0x000000009fc1589e                group_max
                0x000000009fc1589c                member_avg
                0x000000009fc158ca                dir_no
                0x000000009fc1589d                member_avg_group
                0x000000009fc158ce                cur_overturn_flag
                0x000000009fc15870                shuffle_total
                0x000000009fc158a8                play_num_list
 *(.sbss)
 *(.common)
 *(common)
                0x0000000040014c00                . = BANK_CONTROL_1_ADDR_BASE
                0x0000000000014c00                OFFSET = (. & 0x3ffff)

BANK_CONTROL_1_0
                0x0000000040014c00      0x800
 ctor.o(.text .rodata)
 .text          0x0000000040014c00       0xcc ./../../../psp_rel/lib/ctor.o
                0x0000000040014c01                process_start
                0x0000000040014c31                __start
                0x0000000000000800                . = BANK_CONTROL_SIZE
 *fill*         0x0000000040014ccc      0x734 00
                0x0000000040054400                . = (((. + AP_BANK_SPACE) & ~ ((AP_BANK_SPACE - 0x1))) + OFFSET)

BANK_CONTROL_1_1
                0x0000000040054c00      0x800
 config_main.o(.text .rodata)
 .text          0x0000000040054c00      0x780 ./obj/config_main.o
                0x0000000040054fe9                main
                0x0000000040054c01                config_msg_dispatch
                0x0000000040054f5d                _app_init
                0x0000000040054fa1                _app_exit
                0x0000000000000800                . = BANK_CONTROL_SIZE
 *fill*         0x0000000040055380       0x80 00
                0x0000000040094400                . = (((. + AP_BANK_SPACE) & ~ ((AP_BANK_SPACE - 0x1))) + OFFSET)

BANK_CONTROL_1_2
                0x0000000040094c00      0x800
 config_main_sub.o(.text .rodata)
 .text          0x0000000040094c00      0x570 ./obj/config_main_sub.o
                0x0000000040094c01                _config_fs_init
                0x0000000040094cf1                _config_fs_deinit
                0x000000004009502d                draw_logo
                0x0000000040094e35                _creat_application
                0x00000000400950c9                switch_off
                0x0000000040094d95                _config_format_disk
 .rodata        0x0000000040095170       0x24 ./obj/config_main_sub.o
                0x0000000000000800                . = BANK_CONTROL_SIZE
 *fill*         0x0000000040095194      0x26c 00
                0x00000000400d4400                . = (((. + AP_BANK_SPACE) & ~ ((AP_BANK_SPACE - 0x1))) + OFFSET)

BANK_CONTROL_1_3
                0x00000000400d4c00      0x800
 config_charging.o(.text .rodata .xdata)
 .text          0x00000000400d4c00      0x43c ./obj/config_charging.o
                0x00000000400d4c01                standby
                0x00000000400d4e21                _config_charging
                0x00000000400d4d29                _display_charging
 .rodata        0x00000000400d503c       0x44 ./obj/config_charging.o
                0x00000000400d503c                charge_key_map_list
                0x0000000000000800                . = BANK_CONTROL_SIZE
 *fill*         0x00000000400d5080      0x380 00
                0x0000000040114400                . = (((. + AP_BANK_SPACE) & ~ ((AP_BANK_SPACE - 0x1))) + OFFSET)

BANK_CONTROL_1_4
                0x0000000040114c00      0x800
 config_wav_head.o(.text .rodata .xdata)
 .text          0x0000000040114c00      0x1fc ./obj/config_wav_head.o
                0x0000000040114c01                write_head
 .xdata         0x0000000040114dfc      0x200 ./obj/config_wav_head.o
                0x0000000040114dfc                wav_buf
                0x0000000000000800                . = BANK_CONTROL_SIZE
 *fill*         0x0000000040114ffc      0x404 00
                0x0000000040154400                . = (((. + AP_BANK_SPACE) & ~ ((AP_BANK_SPACE - 0x1))) + OFFSET)

BANK_CONTROL_1_5
                0x0000000040154c00        0xc
 config_main_sub_card_config.o(.text .rodata)
 .text          0x0000000040154c00        0xc ./obj/config_main_sub_card_config.o
                0x0000000040154c01                card_set_drv_power
LOAD ./../../../psp_rel/usermodule/enhanced/case_link_xn/fsel_link.xn
LOAD ./../../../psp_rel/include/link_base.xn
                0x0000000000000000                DRV_GROUP_STG_BASE = 0x0
                0x0000000000000001                DRV_GROUP_STG_CARD = 0x1
                0x0000000000000002                DRV_GROUP_STG_UHOST = 0x2
                0x0000000000000003                DRV_GROUP_FAT32 = 0x3
                0x0000000000000004                DRV_GROUP_EXFAT = 0x4
                0x0000000000000005                DRV_GROUP_UD = 0x5
                0x0000000000000006                DRV_GROUP_UI = 0x6
                0x0000000000000007                DRV_GROUP_LCD = 0x7
                0x0000000000000008                DRV_GROUP_FM = 0x8
                0x0000000000000009                DRV_GROUP_KEY = 0x9
                0x000000000000000a                DRV_GROUP_CCD = 0xa
                0x000000000000000b                DRV_GROUP_I2C = 0xb
                0x000000000000000c                DRV_GROUP_AUDIO_DEVICE = 0xc
                0x000000000000000d                DRV_GROUP_TTS = 0xd
                0x000000000000000e                DRV_GROUP_BT = 0xe
                0x000000000000000f                DRV_GROUP_SYS = 0xf
                0x000000000003ffff                SRAM_SIZE_MASK = 0x3ffff
                0x000000009fc00000                RDATA_ADDR_BASE = 0x9fc00000
                0x00000000bfc00000                RCODE_ADDR_BASE = 0xbfc00000
                0x0000000000000001                KERNEL_BANK_A = 0x1
                0x0000000000000002                KERNEL_BANK_B = 0x2
                0x0000000000000003                KERNEL_BANK_C = 0x3
                0x0000000000040000                BANK_SPACE = 0x40000
                0x0000000000000000                FRONT_AP = 0x0
                0x0000000000000001                BACK_AP = 0x1
                0x0000000000000002                PROCESS_MANAGER_AP = 0x2
                0x0000000000000000                FRONT_CODEC = 0x0
                0x0000000000000001                BACK_CODEC = 0x1
                0x0000000000000040                AP_BANK_FRONT_CONTROL_1 = 0x40
                0x0000000000000048                AP_BANK_FRONT_UI_1 = 0x48
                0x0000000000000050                AP_BANK_FRONT_BASAL = 0x50
                0x0000000000000058                AP_BANK_FRONT_CODEC = 0x58
                0x0000000000000060                AP_BANK_BACK_CONTROL_1 = 0x60
                0x0000000000000068                AP_BANK_BACK_BASAL = 0x68
                0x0000000000000070                AP_BANK_BACK_CODEC = 0x70
                0x0000000000000078                AP_BANK_FRONT_ENHANCED_1 = 0x78
                0x0000000000000071                AP_BANK_FRONT_ENHANCED_2 = 0x71
                0x000000000000007a                AP_BANK_BACK_ENHANCED_1 = 0x7a
                0x000000000000007b                AP_BANK_BACK_ENHANCED_2 = 0x7b
                0x0000000000000072                AP_BANK_BTENGINE_CONTROL_1 = 0x72
                0x0000000000000073                AP_BANK_BTENGINE_LIB_1 = 0x73
                0x0000000000000074                AP_BANK_BTENGINE_LIB_2 = 0x74
                0x0000000000000075                AP_BANK_BTENGINE_EXTEND_1 = 0x75
                0x0000000000000076                AP_BANK_BTENGINE_EXTEND_2 = 0x76
                0x0000000000000077                AP_BANK_BTENGINE_EXTEND_3 = 0x77
                0x000000000000007c                AP_BANK_BTENGINE_EXTEND_4 = 0x7c
                0x0000000000000079                AP_BANK_BTENGINE_EXTEND_5 = 0x79
                0x000000000000007f                AP_BANK_MANAGER = 0x7f
                0x0000000000000041                AP_BANK_AUTOTEST = 0x41
                0x0000000000000000                SROM_BROM_ADDR = 0x0
                0x0000000000002600                SROM_BROM_SIZE = 0x2600
                0x0000000000002600                SROM_SPINOR_ADDR = (SROM_BROM_ADDR + SROM_BROM_SIZE)
                0x0000000000000c00                SROM_SPINOR_SIZE = 0xc00
                0x0000000000003200                SROM_TWI_ADDR = (SROM_SPINOR_ADDR + SROM_SPINOR_SIZE)
                0x0000000000000700                SROM_TWI_SIZE = 0x700
                0x0000000000003900                SROM_STUB_ADDR = (SROM_TWI_ADDR + SROM_TWI_SIZE)
                0x0000000000000700                SROM_STUB_SIZE = 0x700
                0x0000000000000e00                SROM_SPINOR_SIZE_MDY = 0xe00
                0x0000000000003400                SROM_TWI_ADDR_MDY = (SROM_SPINOR_ADDR + SROM_SPINOR_SIZE_MDY)
                0x0000000000000700                SROM_TWI_SIZE_MDY = 0x700
                0x0000000000003b00                SROM_STUB_ADDR_MDY = (SROM_TWI_ADDR_MDY + SROM_TWI_SIZE_MDY)
                0x0000000000000500                SROM_STUB_SIZE_MDY = 0x500
                0x0000000000004000                SROM_KERNEL_ADDR = (SROM_STUB_ADDR + SROM_STUB_SIZE)
                0x0000000000004000                SROM_KERNEL_SIZE = 0x4000
                0x000000000000c000                SROM_FS_ADDR = 0xc000
                0x0000000000001c00                SROM_FS_SIZE = 0x1c00
                0x000000000000dc00                SROM_SPINOR1_ADDR = (SROM_FS_ADDR + SROM_FS_SIZE)
                0x0000000000000400                SROM_SPINOR1_SIZE = 0x400
                0x0000000000008000                SRAM_OS_RCODE_ADDR = 0x8000
                0x0000000000000c00                SRAM_OS_RCODE_SIZE = 0xc00
                0x0000000000008c00                SRAM_SPINOR_RCODE_ADDR = 0x8c00
                0x0000000000000400                SRAM_SPINOR_RCODE_SIZE = 0x400
                0x0000000000009000                SRAM_BANK_A_ADDR = 0x9000
                0x0000000000000400                SRAM_BANK_A_SIZE = 0x400
                0x0000000000009400                SRAM_BANK_B_ADDR = 0x9400
                0x0000000000000800                SRAM_BANK_B_SIZE = 0x800
                0x0000000000009c00                SRAM_UI_RCODE1_ADDR = 0x9c00
                0x0000000000000300                SRAM_UI_RCODE1_SIZE = 0x300
                0x0000000000009f00                SRAM_AUDIO_GLOBAL_DATA_ADDR = 0x9f00
                0x0000000000000060                SRAM_AUDIO_GLOBAL_DATA_SIZE = 0x60
                0x0000000000009f60                SRAM_UHOST_GLOBAL_DATA_ADDR = 0x9f60
                0x0000000000000010                SRAM_UHOST_GLOBAL_DATA_SIZE = 0x10
                0x0000000000009f70                SRAM_CARD_GLOBAL_DATA_ADDR = 0x9f70
                0x0000000000000010                SRAM_CARD_GLOBAL_DATA_SIZE = 0x10
                0x0000000000009f80                SRAM_SYS_SHARE_DATA_ADDR = 0x9f80
                0x0000000000000040                SRAM_SYS_SHARE_DATA_SIZE = 0x40
                0x0000000000009fc0                SRAM_RAM6_CCD_GLOBAL_DATA_ADDR = 0x9fc0
                0x0000000000000020                SRAM_RAM6_CCD_GLOBAL_DATA_SIZE = 0x20
                0x0000000000009fe0                SRAM_RAM6_RESEVER_ADDR = 0x9fe0
                0x0000000000000020                SRAM_RAM6_RESEVER_SIZE = 0x20
                0x000000000000a000                SRAM_LCD_RCODE_ADDR = 0xa000
                0x0000000000000800                SRAM_LCD_RCODE_SIZE = 0x800
                0x000000000000a800                SRAM_UI_RCODE2_ADDR = 0xa800
                0x0000000000001000                SRAM_UI_RCODE2_SIZE = 0x1000
                0x000000000000b800                SRAM_LCD_BUFFER_ADDR = 0xb800
                0x0000000000000400                SRAM_LCD_BUFFER_SIZE = 0x400
                0x000000000000bc00                SRAM_UI_DATA_ADDR = 0xbc00
                0x0000000000000400                SRAM_UI_DATA_SIZE = 0x400
                0x0000000000010000                SRAM_KEY_MESSAGE_RCODE_ADDR = 0x10000
                0x0000000000000a00                SRAM_KEY_MESSAGE_RCODE_SIZE = 0xa00
                0x0000000000010a00                SRAM_RAM0_RESEVER1_ADDR = 0x10a00
                0x0000000000000200                SRAM_RAM0_RESEVER1_SIZE = 0x200
                0x0000000000010c00                SRAM_AP_FRONT_BASAL_RCODE_ADDR = 0x10c00
                0x0000000000000100                SRAM_AP_FRONT_BASAL_RCODE_SIZE = 0x100
                0x0000000000010d00                SRAM_AP_BANK_BACK_CONTROL_ADDR = 0x10d00
                0x0000000000000800                SRAM_AP_BANK_BACK_CONTROL_SIZE = 0x800
                0x0000000000011500                SRAM_AP_BACK_RCODE_ADDR = 0x11500
                0x0000000000000800                SRAM_AP_BACK_RCODE_SIZE = 0x800
                0x0000000000000000                SRAM_AP_BANK_FRONT_CODEC_ADDR = 0x0
                0x0000000000000000                SRAM_AP_BANK_FRONT_CODEC_SIZE = 0x0
                0x0000000000011d00                SRAM_RAM0_RESEVER2_ADDR = 0x11d00
                0x0000000000000800                SRAM_RAM0_RESEVER2_SIZE = 0x800
                0x0000000000012500                SRAM_AP_BANK_FRONT_BASAL_ADDR = 0x12500
                0x0000000000000800                SRAM_AP_BANK_FRONT_BASAL_SIZE = 0x800
                0x0000000000012500                SRAM_AP_BANK_FRONT_ENHANCED_2_ADDR = SRAM_AP_BANK_FRONT_BASAL_ADDR
                0x0000000000000800                SRAM_AP_BANK_FRONT_ENHANCED_2_SIZE = SRAM_AP_BANK_FRONT_BASAL_SIZE
                0x0000000000012d00                SRAM_AP_BANK_BACK_BASAL_ADDR = 0x12d00
                0x0000000000000800                SRAM_AP_BANK_BACK_BASAL_SIZE = 0x800
                0x0000000000012d00                SRAM_AP_BANK_BACK_ENHANCED_1_ADDR = SRAM_AP_BANK_BACK_BASAL_ADDR
                0x0000000000000800                SRAM_AP_BANK_BACK_ENHANCED_1_SIZE = SRAM_AP_BANK_BACK_BASAL_SIZE
                0x0000000000013500                SRAM_AP_BACK_BASAL_RCODE_ADDR = 0x13500
                0x0000000000000800                SRAM_AP_BACK_BASAL_RCODE_SIZE = 0x800
                0x0000000000013d00                SRAM_KERNEL_BSS_ADDR = 0x13d00
                0x00000000000000e0                SRAM_KERNEL_BSS_SIZE = 0xe0
                0x0000000000013de0                SRAM_AP_MANAGER_ADDR = 0x13de0
                0x0000000000000200                SRAM_AP_MANAGER_SIZE = 0x200
                0x0000000000013fc0                SRAM_IRQ_DSP_PRINT_TEMP_ADDR = 0x13fc0
                0x0000000000000020                SRAM_IRQ_DSP_PRINT_TEMP_SIZE = 0x20
                0x0000000000013fe0                SRAM_IRQ_PRINT_BUFFER_ADDR = 0x13fe0
                0x0000000000000110                SRAM_IRQ_PRINT_BUFFER_SIZE = 0x110
                0x00000000000140f0                SRAM_DSP_PRINT_BUFFER_ADDR = 0x140f0
                0x0000000000000110                SRAM_DSP_PRINT_BUFFER_SIZE = 0x110
                0x0000000000014200                SRAM_LCD_DATA_ADDR = 0x14200
                0x0000000000000100                SRAM_LCD_DATA_SIZE = 0x100
                0x0000000000014300                SRAM_KEY_MESSAGE_DATA_ADDR = 0x14300
                0x0000000000000100                SRAM_KEY_MESSAGE_DATA_SIZE = 0x100
                0x0000000000014400                SRAM_AP_BANK_FRONT_UI_ADDR = 0x14400
                0x0000000000000800                SRAM_AP_BANK_FRONT_UI_SIZE = 0x800
                0x0000000000014c00                SRAM_AP_BANK_FRONT_CONTROL_ADDR = 0x14c00
                0x0000000000000800                SRAM_AP_BANK_FRONT_CONTROL_SIZE = 0x800
                0x0000000000015400                SRAM_AP_FRONT_DATA_ADDR = 0x15400
                0x0000000000000800                SRAM_AP_FRONT_DATA_SIZE = 0x800
                0x0000000000015c00                SRAM_AP_BACK_DATA_ADDR = 0x15c00
                0x0000000000000600                SRAM_AP_BACK_DATA_SIZE = 0x600
                0x0000000000016200                SRAM_AP_BANK_MANAGER_ADDR = 0x16200
                0x0000000000000200                SRAM_AP_BANK_MANAGER_SIZE = 0x200
                0x0000000000016400                SRAM_AP_FRONT_RCODE_ADDR = 0x16400
                0x0000000000000800                SRAM_AP_FRONT_RCODE_SIZE = 0x800
                0x0000000000016c00                SRAM_FS_RCODE_ADDR = 0x16c00
                0x0000000000000800                SRAM_FS_RCODE_SIZE = 0x800
                0x0000000000017400                SRAM_UI_RCODE3_ADDR = 0x17400
                0x0000000000000c00                SRAM_UI_RCODE3_SIZE = 0xc00
                0x0000000000017400                SRAM_CARD_UD_RCODE_ADDR = 0x17400
                0x0000000000000c00                SRAM_CARD_UD_RCODE_SIZE = 0xc00
                0x0000000000017400                SRAM_UHOST_UD_RCODE_ADDR = SRAM_CARD_UD_RCODE_ADDR
                0x0000000000000c00                SRAM_UHOST_UD_RCODE_SIZE = SRAM_CARD_UD_RCODE_SIZE
                0x0000000000018000                SRAM_FS_DATA_ADDR = 0x18000
                0x0000000000000300                SRAM_FS_DATA_SIZE = 0x300
                0x0000000000018300                SRAM_FS_BUF_ADDR = 0x18300
                0x0000000000000a00                SRAM_FS_BUF_SIZE = 0xa00
                0x0000000000018d00                SRAM_CARD_UD_CACHE_ADDR = 0x18d00
                0x0000000000000800                SRAM_CARD_UD_CACHE_SIZE = 0x800
                0x0000000000018d00                SRAM_UHOST_UD_CACHE_ADDR = SRAM_CARD_UD_CACHE_ADDR
                0x0000000000000800                SRAM_UHOST_UD_CACHE_SIZE = SRAM_CARD_UD_CACHE_SIZE
                0x0000000000019500                SRAM_CARD_DATA_ADDR = 0x19500
                0x0000000000000080                SRAM_CARD_DATA_SIZE = 0x80
                0x0000000000019500                SRAM_UHOST_DATA_ADDR = SRAM_CARD_DATA_ADDR
                0x0000000000000080                SRAM_UHOST_DATA_SIZE = SRAM_CARD_DATA_SIZE
                0x0000000000019580                SRAM_KERNEL_XSYS_ADDR = 0x19580
                0x0000000000000800                SRAM_KERNEL_XSYS_SIZE = 0x800
                0x0000000000019d80                SRAM_BANK_C_ADDR = 0x19d80
                0x0000000000000400                SRAM_BANK_C_SIZE = 0x400
                0x000000000001a180                SRAM_APPLIB_GLOBAL_DATA_ADDR = 0x1a180
                0x0000000000000100                SRAM_APPLIB_GLOBAL_DATA_SIZE = 0x100
                0x000000000001a280                SRAM_APPLIB_DATA_ADDR = 0x1a280
                0x0000000000000100                SRAM_APPLIB_DATA_SIZE = 0x100
                0x000000000001a380                SRAM_RAM1_RESEVER1_ADDR = 0x1a380
                0x0000000000000080                SRAM_RAM1_RESEVER1_SIZE = 0x80
                0x000000000001a400                SRAM_OS_DATA_ADDR = 0x1a400
                0x0000000000000880                SRAM_OS_DATA_SIZE = 0x880
                0x000000000001ac80                SRAM_OS_HEAP_ADDR = 0x1ac80
                0x0000000000000580                SRAM_OS_HEAP_SIZE = 0x580
                0x000000000001b200                SRAM_AP_BANK_FRONT_ENHANCED_1_ADDR = 0x1b200
                0x0000000000000800                SRAM_AP_BANK_FRONT_ENHANCED_1_SIZE = 0x800
                0x000000000001b200                SRAM_FM_DRV_RCODE_ADDR = SRAM_AP_BANK_FRONT_ENHANCED_1_ADDR
                0x0000000000000800                SRAM_FM_DRV_RCODE_SIZE = SRAM_AP_BANK_FRONT_ENHANCED_1_SIZE
                0x000000000001ba00                SRAM_OS_SD_SWAP_BUF_ADDR = 0x1ba00
                0x0000000000000200                SRAM_OS_SD_SWAP_BUF_SIZE = 0x200
                0x000000000001bc00                SRAM_OS_TASK_STACK_ADDR = 0x1bc00
                0x0000000000001a00                SRAM_OS_TASK_STACK_SIZE = 0x1a00
                0x000000000001d600                SRAM_OS_SYS_STACK_ADDR = 0x1d600
                0x0000000000000400                SRAM_OS_SYS_STACK_SIZE = 0x400
                0x000000000001da00                SRAM_RAM1_RESEVER2_ADDR = 0x1da00
                0x0000000000000600                SRAM_RAM1_RESEVER1_SIZE = 0x600
                0x0000000000027000                SRAM_AP_BACK_CODEC_RCODE_ADDR = 0x27000
                0x0000000000001000                SRAM_AP_BACK_CODEC_RCODE_SIZE = 0x1000
                0x0000000000028000                SRAM_AP_BANK_BACK_CODEC_ADDR = 0x28000
                0x0000000000001000                SRAM_AP_BANK_BACK_CODEC_SIZE = 0x1000
                0x0000000000028000                SRAM_AP_BANK_BACK_ENHANCED_2_ADDR = 0x28000
                0x0000000000000800                SRAM_AP_BANK_BACK_ENHANCED_2_SIZE = 0x800
                0x0000000000030000                SRAM_AP_USB_DEVICE_RCODE_ADDR = 0x30000
                0x0000000000004000                SRAM_AP_USB_DEVICE_RCODE_SIZE = 0x4000
                0x0000000000038000                SRAM_TWI_ADDR_MDY = 0x38000
                0x0000000000000700                SRAM_TWI_SIZE_MDY = SROM_TWI_SIZE_MDY
                0x0000000000040000                SRAM_INVALID_RCODE_ADDR = 0x40000
                0x0000000000000000                AP_INDEX = FRONT_AP
                0x0000000040014c00                BANK_CONTROL_1_ADDR_BASE = ((AP_BANK_FRONT_CONTROL_1 << 0x18) + SRAM_AP_BANK_FRONT_CONTROL_ADDR)
                0x0000000048014400                BANK_UI_1_ADDR_BASE = ((AP_BANK_FRONT_UI_1 << 0x18) + SRAM_AP_BANK_FRONT_UI_ADDR)
                0x000000007801b200                BANK_FRONT_ENHANCED_1_ADDR_BASE = ((AP_BANK_FRONT_ENHANCED_1 << 0x18) + SRAM_AP_BANK_FRONT_ENHANCED_1_ADDR)
                0x0000000071012500                BANK_FRONT_ENHANCED_2_ADDR_BASE = ((AP_BANK_FRONT_ENHANCED_2 << 0x18) + SRAM_AP_BANK_FRONT_ENHANCED_2_ADDR)
                0x000000007a012d00                BANK_BACK_ENHANCED_1_ADDR_BASE = ((AP_BANK_BACK_ENHANCED_1 << 0x18) + SRAM_AP_BANK_BACK_ENHANCED_1_ADDR)
                0x000000007b028000                BANK_BACK_ENHANCED_2_ADDR_BASE = ((AP_BANK_BACK_ENHANCED_2 << 0x18) + SRAM_AP_BANK_BACK_ENHANCED_2_ADDR)
                0x0000000000000800                BANK_CONTROL_SIZE = SRAM_AP_BANK_FRONT_CONTROL_SIZE
                0x0000000000000800                BANK_UI_SIZE = SRAM_AP_BANK_FRONT_UI_SIZE
                0x0000000000000800                BANK_FRONT_ENHANCED1_SIZE = SRAM_AP_BANK_FRONT_ENHANCED_1_SIZE
                0x0000000000000800                BANK_FRONT_ENHANCED2_SIZE = SRAM_AP_BANK_FRONT_ENHANCED_2_SIZE
                0x0000000000000800                BANK_BACK_ENHANCED1_SIZE = SRAM_AP_BANK_BACK_ENHANCED_1_SIZE
                0x0000000000000800                BANK_BACK_ENHANCED2_SIZE = SRAM_AP_BANK_BACK_ENHANCED_2_SIZE
                0x0000000000040000                AP_BANK_SPACE = BANK_SPACE
                0x000000007801b200                . = BANK_FRONT_ENHANCED_1_ADDR_BASE
                0x000000000001b200                OFFSET = (. & 0x3ffff)

BANK_FRONT_ENHANCED_COMM_1_0
                0x000000007801b200      0x800
 eh_module.o(.text .rodata .xdata)
 .text          0x000000007801b200      0x4f8 ./../../../psp_rel/lib/lib_enhanced/eh_module.o
                0x000000007801b299                set_fileindex
                0x000000007801b219                select_dir_or_dirlist
                0x000000007801b5d1                fsel_exit
                0x000000007801b281                get_fileindex
                0x000000007801b6e1                fsel_get_error
                0x000000007801b2f5                fsel_init
                0x000000007801b2b1                set_dirlist_file_index_tbl
                0x000000007801b2d5                get_dirlist_file_index_tbl
                0x000000007801b201                get_current_disk
 .rodata        0x000000007801b6f8       0x30 ./../../../psp_rel/lib/lib_enhanced/eh_module.o
 .xdata         0x000000007801b728      0x204 ./../../../psp_rel/lib/lib_enhanced/eh_module.o
                0x000000007801b72c                temp_module_buf
                0x0000000000000800                . = BANK_FRONT_ENHANCED1_SIZE
 *fill*         0x000000007801b92c       0xd4 00
LOAD ./../common/common_front_no_selector.xn
LOAD ./../../../psp_rel/include/link_base.xn
                0x0000000000000000                DRV_GROUP_STG_BASE = 0x0
                0x0000000000000001                DRV_GROUP_STG_CARD = 0x1
                0x0000000000000002                DRV_GROUP_STG_UHOST = 0x2
                0x0000000000000003                DRV_GROUP_FAT32 = 0x3
                0x0000000000000004                DRV_GROUP_EXFAT = 0x4
                0x0000000000000005                DRV_GROUP_UD = 0x5
                0x0000000000000006                DRV_GROUP_UI = 0x6
                0x0000000000000007                DRV_GROUP_LCD = 0x7
                0x0000000000000008                DRV_GROUP_FM = 0x8
                0x0000000000000009                DRV_GROUP_KEY = 0x9
                0x000000000000000a                DRV_GROUP_CCD = 0xa
                0x000000000000000b                DRV_GROUP_I2C = 0xb
                0x000000000000000c                DRV_GROUP_AUDIO_DEVICE = 0xc
                0x000000000000000d                DRV_GROUP_TTS = 0xd
                0x000000000000000e                DRV_GROUP_BT = 0xe
                0x000000000000000f                DRV_GROUP_SYS = 0xf
                0x000000000003ffff                SRAM_SIZE_MASK = 0x3ffff
                0x000000009fc00000                RDATA_ADDR_BASE = 0x9fc00000
                0x00000000bfc00000                RCODE_ADDR_BASE = 0xbfc00000
                0x0000000000000001                KERNEL_BANK_A = 0x1
                0x0000000000000002                KERNEL_BANK_B = 0x2
                0x0000000000000003                KERNEL_BANK_C = 0x3
                0x0000000000040000                BANK_SPACE = 0x40000
                0x0000000000000000                FRONT_AP = 0x0
                0x0000000000000001                BACK_AP = 0x1
                0x0000000000000002                PROCESS_MANAGER_AP = 0x2
                0x0000000000000000                FRONT_CODEC = 0x0
                0x0000000000000001                BACK_CODEC = 0x1
                0x0000000000000040                AP_BANK_FRONT_CONTROL_1 = 0x40
                0x0000000000000048                AP_BANK_FRONT_UI_1 = 0x48
                0x0000000000000050                AP_BANK_FRONT_BASAL = 0x50
                0x0000000000000058                AP_BANK_FRONT_CODEC = 0x58
                0x0000000000000060                AP_BANK_BACK_CONTROL_1 = 0x60
                0x0000000000000068                AP_BANK_BACK_BASAL = 0x68
                0x0000000000000070                AP_BANK_BACK_CODEC = 0x70
                0x0000000000000078                AP_BANK_FRONT_ENHANCED_1 = 0x78
                0x0000000000000071                AP_BANK_FRONT_ENHANCED_2 = 0x71
                0x000000000000007a                AP_BANK_BACK_ENHANCED_1 = 0x7a
                0x000000000000007b                AP_BANK_BACK_ENHANCED_2 = 0x7b
                0x0000000000000072                AP_BANK_BTENGINE_CONTROL_1 = 0x72
                0x0000000000000073                AP_BANK_BTENGINE_LIB_1 = 0x73
                0x0000000000000074                AP_BANK_BTENGINE_LIB_2 = 0x74
                0x0000000000000075                AP_BANK_BTENGINE_EXTEND_1 = 0x75
                0x0000000000000076                AP_BANK_BTENGINE_EXTEND_2 = 0x76
                0x0000000000000077                AP_BANK_BTENGINE_EXTEND_3 = 0x77
                0x000000000000007c                AP_BANK_BTENGINE_EXTEND_4 = 0x7c
                0x0000000000000079                AP_BANK_BTENGINE_EXTEND_5 = 0x79
                0x000000000000007f                AP_BANK_MANAGER = 0x7f
                0x0000000000000041                AP_BANK_AUTOTEST = 0x41
                0x0000000000000000                SROM_BROM_ADDR = 0x0
                0x0000000000002600                SROM_BROM_SIZE = 0x2600
                0x0000000000002600                SROM_SPINOR_ADDR = (SROM_BROM_ADDR + SROM_BROM_SIZE)
                0x0000000000000c00                SROM_SPINOR_SIZE = 0xc00
                0x0000000000003200                SROM_TWI_ADDR = (SROM_SPINOR_ADDR + SROM_SPINOR_SIZE)
                0x0000000000000700                SROM_TWI_SIZE = 0x700
                0x0000000000003900                SROM_STUB_ADDR = (SROM_TWI_ADDR + SROM_TWI_SIZE)
                0x0000000000000700                SROM_STUB_SIZE = 0x700
                0x0000000000000e00                SROM_SPINOR_SIZE_MDY = 0xe00
                0x0000000000003400                SROM_TWI_ADDR_MDY = (SROM_SPINOR_ADDR + SROM_SPINOR_SIZE_MDY)
                0x0000000000000700                SROM_TWI_SIZE_MDY = 0x700
                0x0000000000003b00                SROM_STUB_ADDR_MDY = (SROM_TWI_ADDR_MDY + SROM_TWI_SIZE_MDY)
                0x0000000000000500                SROM_STUB_SIZE_MDY = 0x500
                0x0000000000004000                SROM_KERNEL_ADDR = (SROM_STUB_ADDR + SROM_STUB_SIZE)
                0x0000000000004000                SROM_KERNEL_SIZE = 0x4000
                0x000000000000c000                SROM_FS_ADDR = 0xc000
                0x0000000000001c00                SROM_FS_SIZE = 0x1c00
                0x000000000000dc00                SROM_SPINOR1_ADDR = (SROM_FS_ADDR + SROM_FS_SIZE)
                0x0000000000000400                SROM_SPINOR1_SIZE = 0x400
                0x0000000000008000                SRAM_OS_RCODE_ADDR = 0x8000
                0x0000000000000c00                SRAM_OS_RCODE_SIZE = 0xc00
                0x0000000000008c00                SRAM_SPINOR_RCODE_ADDR = 0x8c00
                0x0000000000000400                SRAM_SPINOR_RCODE_SIZE = 0x400
                0x0000000000009000                SRAM_BANK_A_ADDR = 0x9000
                0x0000000000000400                SRAM_BANK_A_SIZE = 0x400
                0x0000000000009400                SRAM_BANK_B_ADDR = 0x9400
                0x0000000000000800                SRAM_BANK_B_SIZE = 0x800
                0x0000000000009c00                SRAM_UI_RCODE1_ADDR = 0x9c00
                0x0000000000000300                SRAM_UI_RCODE1_SIZE = 0x300
                0x0000000000009f00                SRAM_AUDIO_GLOBAL_DATA_ADDR = 0x9f00
                0x0000000000000060                SRAM_AUDIO_GLOBAL_DATA_SIZE = 0x60
                0x0000000000009f60                SRAM_UHOST_GLOBAL_DATA_ADDR = 0x9f60
                0x0000000000000010                SRAM_UHOST_GLOBAL_DATA_SIZE = 0x10
                0x0000000000009f70                SRAM_CARD_GLOBAL_DATA_ADDR = 0x9f70
                0x0000000000000010                SRAM_CARD_GLOBAL_DATA_SIZE = 0x10
                0x0000000000009f80                SRAM_SYS_SHARE_DATA_ADDR = 0x9f80
                0x0000000000000040                SRAM_SYS_SHARE_DATA_SIZE = 0x40
                0x0000000000009fc0                SRAM_RAM6_CCD_GLOBAL_DATA_ADDR = 0x9fc0
                0x0000000000000020                SRAM_RAM6_CCD_GLOBAL_DATA_SIZE = 0x20
                0x0000000000009fe0                SRAM_RAM6_RESEVER_ADDR = 0x9fe0
                0x0000000000000020                SRAM_RAM6_RESEVER_SIZE = 0x20
                0x000000000000a000                SRAM_LCD_RCODE_ADDR = 0xa000
                0x0000000000000800                SRAM_LCD_RCODE_SIZE = 0x800
                0x000000000000a800                SRAM_UI_RCODE2_ADDR = 0xa800
                0x0000000000001000                SRAM_UI_RCODE2_SIZE = 0x1000
                0x000000000000b800                SRAM_LCD_BUFFER_ADDR = 0xb800
                0x0000000000000400                SRAM_LCD_BUFFER_SIZE = 0x400
                0x000000000000bc00                SRAM_UI_DATA_ADDR = 0xbc00
                0x0000000000000400                SRAM_UI_DATA_SIZE = 0x400
                0x0000000000010000                SRAM_KEY_MESSAGE_RCODE_ADDR = 0x10000
                0x0000000000000a00                SRAM_KEY_MESSAGE_RCODE_SIZE = 0xa00
                0x0000000000010a00                SRAM_RAM0_RESEVER1_ADDR = 0x10a00
                0x0000000000000200                SRAM_RAM0_RESEVER1_SIZE = 0x200
                0x0000000000010c00                SRAM_AP_FRONT_BASAL_RCODE_ADDR = 0x10c00
                0x0000000000000100                SRAM_AP_FRONT_BASAL_RCODE_SIZE = 0x100
                0x0000000000010d00                SRAM_AP_BANK_BACK_CONTROL_ADDR = 0x10d00
                0x0000000000000800                SRAM_AP_BANK_BACK_CONTROL_SIZE = 0x800
                0x0000000000011500                SRAM_AP_BACK_RCODE_ADDR = 0x11500
                0x0000000000000800                SRAM_AP_BACK_RCODE_SIZE = 0x800
                0x0000000000000000                SRAM_AP_BANK_FRONT_CODEC_ADDR = 0x0
                0x0000000000000000                SRAM_AP_BANK_FRONT_CODEC_SIZE = 0x0
                0x0000000000011d00                SRAM_RAM0_RESEVER2_ADDR = 0x11d00
                0x0000000000000800                SRAM_RAM0_RESEVER2_SIZE = 0x800
                0x0000000000012500                SRAM_AP_BANK_FRONT_BASAL_ADDR = 0x12500
                0x0000000000000800                SRAM_AP_BANK_FRONT_BASAL_SIZE = 0x800
                0x0000000000012500                SRAM_AP_BANK_FRONT_ENHANCED_2_ADDR = SRAM_AP_BANK_FRONT_BASAL_ADDR
                0x0000000000000800                SRAM_AP_BANK_FRONT_ENHANCED_2_SIZE = SRAM_AP_BANK_FRONT_BASAL_SIZE
                0x0000000000012d00                SRAM_AP_BANK_BACK_BASAL_ADDR = 0x12d00
                0x0000000000000800                SRAM_AP_BANK_BACK_BASAL_SIZE = 0x800
                0x0000000000012d00                SRAM_AP_BANK_BACK_ENHANCED_1_ADDR = SRAM_AP_BANK_BACK_BASAL_ADDR
                0x0000000000000800                SRAM_AP_BANK_BACK_ENHANCED_1_SIZE = SRAM_AP_BANK_BACK_BASAL_SIZE
                0x0000000000013500                SRAM_AP_BACK_BASAL_RCODE_ADDR = 0x13500
                0x0000000000000800                SRAM_AP_BACK_BASAL_RCODE_SIZE = 0x800
                0x0000000000013d00                SRAM_KERNEL_BSS_ADDR = 0x13d00
                0x00000000000000e0                SRAM_KERNEL_BSS_SIZE = 0xe0
                0x0000000000013de0                SRAM_AP_MANAGER_ADDR = 0x13de0
                0x0000000000000200                SRAM_AP_MANAGER_SIZE = 0x200
                0x0000000000013fc0                SRAM_IRQ_DSP_PRINT_TEMP_ADDR = 0x13fc0
                0x0000000000000020                SRAM_IRQ_DSP_PRINT_TEMP_SIZE = 0x20
                0x0000000000013fe0                SRAM_IRQ_PRINT_BUFFER_ADDR = 0x13fe0
                0x0000000000000110                SRAM_IRQ_PRINT_BUFFER_SIZE = 0x110
                0x00000000000140f0                SRAM_DSP_PRINT_BUFFER_ADDR = 0x140f0
                0x0000000000000110                SRAM_DSP_PRINT_BUFFER_SIZE = 0x110
                0x0000000000014200                SRAM_LCD_DATA_ADDR = 0x14200
                0x0000000000000100                SRAM_LCD_DATA_SIZE = 0x100
                0x0000000000014300                SRAM_KEY_MESSAGE_DATA_ADDR = 0x14300
                0x0000000000000100                SRAM_KEY_MESSAGE_DATA_SIZE = 0x100
                0x0000000000014400                SRAM_AP_BANK_FRONT_UI_ADDR = 0x14400
                0x0000000000000800                SRAM_AP_BANK_FRONT_UI_SIZE = 0x800
                0x0000000000014c00                SRAM_AP_BANK_FRONT_CONTROL_ADDR = 0x14c00
                0x0000000000000800                SRAM_AP_BANK_FRONT_CONTROL_SIZE = 0x800
                0x0000000000015400                SRAM_AP_FRONT_DATA_ADDR = 0x15400
                0x0000000000000800                SRAM_AP_FRONT_DATA_SIZE = 0x800
                0x0000000000015c00                SRAM_AP_BACK_DATA_ADDR = 0x15c00
                0x0000000000000600                SRAM_AP_BACK_DATA_SIZE = 0x600
                0x0000000000016200                SRAM_AP_BANK_MANAGER_ADDR = 0x16200
                0x0000000000000200                SRAM_AP_BANK_MANAGER_SIZE = 0x200
                0x0000000000016400                SRAM_AP_FRONT_RCODE_ADDR = 0x16400
                0x0000000000000800                SRAM_AP_FRONT_RCODE_SIZE = 0x800
                0x0000000000016c00                SRAM_FS_RCODE_ADDR = 0x16c00
                0x0000000000000800                SRAM_FS_RCODE_SIZE = 0x800
                0x0000000000017400                SRAM_UI_RCODE3_ADDR = 0x17400
                0x0000000000000c00                SRAM_UI_RCODE3_SIZE = 0xc00
                0x0000000000017400                SRAM_CARD_UD_RCODE_ADDR = 0x17400
                0x0000000000000c00                SRAM_CARD_UD_RCODE_SIZE = 0xc00
                0x0000000000017400                SRAM_UHOST_UD_RCODE_ADDR = SRAM_CARD_UD_RCODE_ADDR
                0x0000000000000c00                SRAM_UHOST_UD_RCODE_SIZE = SRAM_CARD_UD_RCODE_SIZE
                0x0000000000018000                SRAM_FS_DATA_ADDR = 0x18000
                0x0000000000000300                SRAM_FS_DATA_SIZE = 0x300
                0x0000000000018300                SRAM_FS_BUF_ADDR = 0x18300
                0x0000000000000a00                SRAM_FS_BUF_SIZE = 0xa00
                0x0000000000018d00                SRAM_CARD_UD_CACHE_ADDR = 0x18d00
                0x0000000000000800                SRAM_CARD_UD_CACHE_SIZE = 0x800
                0x0000000000018d00                SRAM_UHOST_UD_CACHE_ADDR = SRAM_CARD_UD_CACHE_ADDR
                0x0000000000000800                SRAM_UHOST_UD_CACHE_SIZE = SRAM_CARD_UD_CACHE_SIZE
                0x0000000000019500                SRAM_CARD_DATA_ADDR = 0x19500
                0x0000000000000080                SRAM_CARD_DATA_SIZE = 0x80
                0x0000000000019500                SRAM_UHOST_DATA_ADDR = SRAM_CARD_DATA_ADDR
                0x0000000000000080                SRAM_UHOST_DATA_SIZE = SRAM_CARD_DATA_SIZE
                0x0000000000019580                SRAM_KERNEL_XSYS_ADDR = 0x19580
                0x0000000000000800                SRAM_KERNEL_XSYS_SIZE = 0x800
                0x0000000000019d80                SRAM_BANK_C_ADDR = 0x19d80
                0x0000000000000400                SRAM_BANK_C_SIZE = 0x400
                0x000000000001a180                SRAM_APPLIB_GLOBAL_DATA_ADDR = 0x1a180
                0x0000000000000100                SRAM_APPLIB_GLOBAL_DATA_SIZE = 0x100
                0x000000000001a280                SRAM_APPLIB_DATA_ADDR = 0x1a280
                0x0000000000000100                SRAM_APPLIB_DATA_SIZE = 0x100
                0x000000000001a380                SRAM_RAM1_RESEVER1_ADDR = 0x1a380
                0x0000000000000080                SRAM_RAM1_RESEVER1_SIZE = 0x80
                0x000000000001a400                SRAM_OS_DATA_ADDR = 0x1a400
                0x0000000000000880                SRAM_OS_DATA_SIZE = 0x880
                0x000000000001ac80                SRAM_OS_HEAP_ADDR = 0x1ac80
                0x0000000000000580                SRAM_OS_HEAP_SIZE = 0x580
                0x000000000001b200                SRAM_AP_BANK_FRONT_ENHANCED_1_ADDR = 0x1b200
                0x0000000000000800                SRAM_AP_BANK_FRONT_ENHANCED_1_SIZE = 0x800
                0x000000000001b200                SRAM_FM_DRV_RCODE_ADDR = SRAM_AP_BANK_FRONT_ENHANCED_1_ADDR
                0x0000000000000800                SRAM_FM_DRV_RCODE_SIZE = SRAM_AP_BANK_FRONT_ENHANCED_1_SIZE
                0x000000000001ba00                SRAM_OS_SD_SWAP_BUF_ADDR = 0x1ba00
                0x0000000000000200                SRAM_OS_SD_SWAP_BUF_SIZE = 0x200
                0x000000000001bc00                SRAM_OS_TASK_STACK_ADDR = 0x1bc00
                0x0000000000001a00                SRAM_OS_TASK_STACK_SIZE = 0x1a00
                0x000000000001d600                SRAM_OS_SYS_STACK_ADDR = 0x1d600
                0x0000000000000400                SRAM_OS_SYS_STACK_SIZE = 0x400
                0x000000000001da00                SRAM_RAM1_RESEVER2_ADDR = 0x1da00
                0x0000000000000600                SRAM_RAM1_RESEVER1_SIZE = 0x600
                0x0000000000027000                SRAM_AP_BACK_CODEC_RCODE_ADDR = 0x27000
                0x0000000000001000                SRAM_AP_BACK_CODEC_RCODE_SIZE = 0x1000
                0x0000000000028000                SRAM_AP_BANK_BACK_CODEC_ADDR = 0x28000
                0x0000000000001000                SRAM_AP_BANK_BACK_CODEC_SIZE = 0x1000
                0x0000000000028000                SRAM_AP_BANK_BACK_ENHANCED_2_ADDR = 0x28000
                0x0000000000000800                SRAM_AP_BANK_BACK_ENHANCED_2_SIZE = 0x800
                0x0000000000030000                SRAM_AP_USB_DEVICE_RCODE_ADDR = 0x30000
                0x0000000000004000                SRAM_AP_USB_DEVICE_RCODE_SIZE = 0x4000
                0x0000000000038000                SRAM_TWI_ADDR_MDY = 0x38000
                0x0000000000000700                SRAM_TWI_SIZE_MDY = SROM_TWI_SIZE_MDY
                0x0000000000040000                SRAM_INVALID_RCODE_ADDR = 0x40000
                0x0000000000016400                SRAM_TEXT_ADDR = SRAM_AP_FRONT_RCODE_ADDR
                0x0000000000015400                SRAM_DATA_ADDR = SRAM_AP_FRONT_DATA_ADDR
                0x00000000bfc16400                RCODE_TEXT_ADDR = (RCODE_ADDR_BASE + SRAM_TEXT_ADDR)
                0x000000009fc15400                RDATA_DATA_ADDR = (RDATA_ADDR_BASE + SRAM_DATA_ADDR)
                0x0000000040014c00                BANK_CONTROL_1_ADDR_BASE = ((AP_BANK_FRONT_CONTROL_1 << 0x18) + SRAM_AP_BANK_FRONT_CONTROL_ADDR)
                0x0000000048014400                BANK_UI_1_ADDR_BASE = ((AP_BANK_FRONT_UI_1 << 0x18) + SRAM_AP_BANK_FRONT_UI_ADDR)
                0x0000000000000800                BANK_CONTROL_SIZE = SRAM_AP_BANK_FRONT_CONTROL_SIZE
                0x0000000000000800                BANK_UI_SIZE = SRAM_AP_BANK_FRONT_UI_SIZE
                0x0000000000000600                BANK_UI_RESERVE_SIZE = (SRAM_AP_BANK_FRONT_UI_SIZE - 0x200)
                0x0000000000040000                AP_BANK_SPACE = BANK_SPACE
LOAD ./../../../psp_rel/lib/api.a
OUTPUT(config.exe elf32-tradlittlemips)
                0x0000000078054400                . = (((. + AP_BANK_SPACE) & ~ ((AP_BANK_SPACE - 0x1))) + OFFSET)

BANK_FRONT_ENHANCED_FSEL_1_0
                0x000000007805b200      0x800
 eh_fsel_entry.o(.text .rodata .xdata)
 .text          0x000000007805b200      0x3a4 ./../../../psp_rel/lib/lib_enhanced/eh_fsel_entry.o
                0x000000007805b229                fsel_get_prevfile
                0x000000007805b33d                fsel_set_location
                0x000000007805b42d                init_fsel_sysdata
                0x000000007805b3fd                fsel_enter_dir
                0x000000007805b3cd                fsel_get_prevdir
                0x000000007805b289                fsel_get_total
                0x000000007805b2c9                fsel_get_fileno
                0x000000007805b251                fsel_get_byno
                0x000000007805b39d                fsel_get_nextdir
                0x000000007805b36d                fsel_get_location
                0x000000007805b201                fsel_get_nextfile
                0x000000007805b2dd                fsel_set_mode
                0x000000007805b485                fsel_set_typebit
                0x000000007805b4e1                fsel_read_sector_data
 .rodata        0x000000007805b5a4       0x50 ./../../../psp_rel/lib/lib_enhanced/eh_fsel_entry.o
 .xdata         0x000000007805b5f4      0x254 ./../../../psp_rel/lib/lib_enhanced/eh_fsel_entry.o
                0x000000007805b5f4                fsel_temp_buf
                0x000000007805b7f4                pdir_layer_buffer
                0x000000007805b840                pfile_offset_buffer
                0x0000000000000800                . = BANK_FRONT_ENHANCED1_SIZE
 *fill*         0x000000007805b848      0x1b8 00
                0x0000000078094400                . = (((. + AP_BANK_SPACE) & ~ ((AP_BANK_SPACE - 0x1))) + OFFSET)

BANK_FRONT_ENHANCED_FSEL_1_1
                0x000000007809b200      0x800
 eh_fsel_function.o(.text .rodata .xdata)
 .text          0x000000007809b200      0x550 ./../../../psp_rel/lib/lib_enhanced/eh_fsel_function.o
                0x000000007809b705                fsel_close_object
                0x000000007809b471                fsel_open_object
 .rodata        0x000000007809b750       0x60 ./../../../psp_rel/lib/lib_enhanced/eh_fsel_function.o
 .xdata         0x000000007809b7b0      0x200 ./../../../psp_rel/lib/lib_enhanced/eh_fsel_function.o
                0x0000000000000800                . = BANK_FRONT_ENHANCED1_SIZE
 *fill*         0x000000007809b9b0       0x50 00
                0x00000000780d4400                . = (((. + AP_BANK_SPACE) & ~ ((AP_BANK_SPACE - 0x1))) + OFFSET)
                0x0000000071012500                . = BANK_FRONT_ENHANCED_2_ADDR_BASE
                0x0000000000012500                OFFSET = (. & 0x3ffff)

BANK_FRONT_ENHANCED_COMM_2_0
                0x0000000071012500      0x800
 eh_module_sub.o(.text .rodata .xdata)
 .text          0x0000000071012500      0x620 ./../../../psp_rel/lib/lib_enhanced/eh_module_sub.o
                0x0000000071012951                mod_open_playlist
                0x00000000710125f9                mod_open_userpl
 .rodata        0x0000000071012b20       0xa8 ./../../../psp_rel/lib/lib_enhanced/eh_module_sub.o
                0x0000000000000800                . = BANK_FRONT_ENHANCED2_SIZE
 *fill*         0x0000000071012bc8      0x138 00
                0x0000000071054400                . = (((. + AP_BANK_SPACE) & ~ ((AP_BANK_SPACE - 0x1))) + OFFSET)

BANK_FRONT_ENHANCED_FSEL_2_0
                0x0000000071052500      0x800
 eh_fsel_directory_next.o(.text .rodata .xdata)
 .text          0x0000000071052500      0x740 ./../../../psp_rel/lib/lib_enhanced/eh_fsel_directory_next.o
                0x0000000071052b1d                dir_set_location
                0x0000000071052a95                dir_get_location
                0x0000000071052501                dir_get_next
                0x00000000710528b1                total_file_cur
                0x0000000000000800                . = BANK_FRONT_ENHANCED2_SIZE
 *fill*         0x0000000071052c40       0xc0 00
                0x0000000071094400                . = (((. + AP_BANK_SPACE) & ~ ((AP_BANK_SPACE - 0x1))) + OFFSET)

BANK_FRONT_ENHANCED_FSEL_2_1
                0x0000000071092500      0x800
 eh_fsel_directory_prev.o(.text .rodata .xdata)
 .text          0x0000000071092500      0x450 ./../../../psp_rel/lib/lib_enhanced/eh_fsel_directory_prev.o
                0x0000000071092501                dir_get_prev
                0x0000000000000800                . = BANK_FRONT_ENHANCED2_SIZE
 *fill*         0x0000000071092950      0x3b0 00
                0x00000000710d4400                . = (((. + AP_BANK_SPACE) & ~ ((AP_BANK_SPACE - 0x1))) + OFFSET)

BANK_FRONT_ENHANCED_FSEL_2_2
                0x00000000710d2500      0x800
 eh_fsel_directory_func.o(.text .rodata .xdata)
 .text          0x00000000710d2500      0x374 ./../../../psp_rel/lib/lib_enhanced/eh_fsel_directory_func.o
                0x00000000710d2709                dir_get_byno
                0x00000000710d25dd                dir_del_one
                0x00000000710d2501                dir_enter_dir
                0x00000000710d2629                dir_next_dir
                0x00000000710d2699                dir_prev_dir
                0x0000000000000800                . = BANK_FRONT_ENHANCED2_SIZE
 *fill*         0x00000000710d2874      0x48c 00
                0x0000000071114400                . = (((. + AP_BANK_SPACE) & ~ ((AP_BANK_SPACE - 0x1))) + OFFSET)

BANK_FRONT_ENHANCED_FSEL_2_3
[...]
 .comment       0x00000000000001d9       0x2b ./obj/config_charging.o
 .comment       0x0000000000000204       0x2b ./obj/config_wav_head.o
 .comment       0x000000000000022f       0x2b ./obj/config_main_sub_card_config.o
 .comment       0x000000000000025a       0x2b ./../../../psp_rel/lib/lib_enhanced/eh_module.o
 .comment       0x0000000000000285       0x2b ./../../../psp_rel/lib/lib_enhanced/eh_fsel_entry.o
 .comment       0x00000000000002b0       0x2b ./../../../psp_rel/lib/lib_enhanced/eh_fsel_function.o
 .comment       0x00000000000002db       0x2b ./../../../psp_rel/lib/lib_enhanced/eh_module_sub.o
 .comment       0x0000000000000306       0x2b ./../../../psp_rel/lib/lib_enhanced/eh_fsel_directory_next.o
 .comment       0x0000000000000331       0x2b ./../../../psp_rel/lib/lib_enhanced/eh_fsel_directory_prev.o
 .comment       0x000000000000035c       0x2b ./../../../psp_rel/lib/lib_enhanced/eh_fsel_directory_func.o
 .comment       0x0000000000000387       0x2b ./../../../psp_rel/lib/lib_enhanced/eh_fsel_favorite_sel.o
 .comment       0x00000000000003b2       0x2b ./../../../psp_rel/lib/lib_enhanced/eh_fsel_favorite_func.o
 .comment       0x00000000000003dd       0x2b ./../../../psp_rel/lib/lib_enhanced/eh_fsel_shuffle.o
 .comment       0x0000000000000408       0x2b ./../../../psp_rel/lib/lib_enhanced/eh_fsel_playlist_sel.o
 .comment       0x0000000000000433       0x2b ./../../../psp_rel/lib/lib_enhanced/eh_fsel_playlist_func.o
 .comment       0x000000000000045e       0x2b ./../../../psp_rel/lib/lib_enhanced/eh_fsel_playlist_del.o
 .comment       0x0000000000000489       0x2b ./../../../psp_rel/lib/lib_enhanced/eh_fsel_shuffle2.o
 .comment       0x00000000000004b4       0x2b ./../../../psp_rel/lib/lib_enhanced/eh_fsel_function_sub.o
 .comment       0x00000000000004df       0x2b ./../../../psp_rel/lib/lib_enhanced/eh_fsel_browser_function.o
 .comment       0x000000000000050a       0x2b ./../../../psp_rel/lib/lib_enhanced/eh_fsel_browser_next.o
 .comment       0x0000000000000535       0x2b ./../../../psp_rel/lib/lib_enhanced/eh_fsel_browser_prev.o
 .comment       0x0000000000000560       0x2b ./../../lib/ui_menulist.o
 .comment       0x000000000000058b       0x2b ./../../lib/ui_menulist2.o
 .comment       0x00000000000005b6       0x2b ./../../lib/ui_menulist_simple.o
 .comment       0x00000000000005e1       0x2b ./../../lib/ui_parameter.o
 .comment       0x000000000000060c       0x2b ./../../lib/ui_textread.o
 .comment       0x0000000000000637       0x2b ./../../lib/setting_comval.o
 .comment       0x0000000000000662       0x2b ./../../lib/app_manager_bank.o
 .comment       0x000000000000068d       0x2b ./../../lib/app_timer_bank.o
 .comment       0x00000000000006b8       0x2b ./../../lib/message_bank_init.o
 .comment       0x00000000000006e3       0x2b ./../../lib/message_bank_send.o
 .comment       0x000000000000070e       0x2b ./../../lib/message_bank_broadcast.o
 .comment       0x0000000000000739       0x2b ./../../lib/common_config.o
 .comment       0x0000000000000764       0x2b ./../../lib/common_msgmap_data.o
 .comment       0x000000000000078f       0x2b ./../../lib/common_msgmap.o
 .comment       0x00000000000007ba       0x2b ./../../lib/common_confmenu.o
 .comment       0x00000000000007e5       0x2b ./../../lib/common_history.o
 .comment       0x0000000000000810       0x2b ./../../lib/common_string.o
 .comment       0x000000000000083b       0x2b ./../../lib/common_string2.o
 .comment       0x0000000000000866       0x2b ./../../lib/common_key.o
 .comment       0x0000000000000891       0x2b ./../../lib/common_msg.o
 .comment       0x00000000000008bc       0x2b ./../../lib/common_sound.o
 .comment       0x00000000000008e7       0x2b ./../../lib/common_phy_volume_deal.o
 .comment       0x0000000000000912       0x2b ./../../lib/common_phy_volume_table.o
 .comment       0x000000000000093d       0x2b ./../../lib/ui_menulist_sub.o
 .comment       0x0000000000000968       0x2b ./../../lib/ui_menulist_sub2.o
 .comment       0x0000000000000993       0x2b ./../../lib/ui_textread_dec.o
 .comment       0x00000000000009be       0x2b ./../../lib/ui_textread_sub.o
 .comment       0x00000000000009e9       0x2b ./../../lib/ui_headbar.o
 .comment       0x0000000000000a14       0x2b ./../../lib/ui_keylock.o
 .comment       0x0000000000000a3f       0x2b ./../../lib/ui_shutoff.o
 .comment       0x0000000000000a6a       0x2b ./../../lib/ui_screensave.o
 .comment       0x0000000000000a95       0x2b ./../../lib/ui_screensave_sub.o
 .comment       0x0000000000000ac0       0x2b ./../../lib/ui_animation.o
 .comment       0x0000000000000aeb       0x2b ./../../lib/ui_volumebar.o
 .comment       0x0000000000000b16       0x2b ./../../lib/ui_volumebar_sub.o
 .comment       0x0000000000000b41       0x2b ./../../lib/ui_dialog.o
 .comment       0x0000000000000b6c       0x2b ./../../lib/ui_usbconnect.o
 .comment       0x0000000000000b97       0x2b ./../../lib/miscellaneous.o
 .comment       0x0000000000000bc2       0x2b ./../../lib/app_sleep.o
 .comment       0x0000000000000bed       0x2b ./../../lib/sys_timer.o
 .comment       0x0000000000000c18       0x2b ./../../lib/sys_counter.o
 .comment       0x0000000000000c43       0x2b ./../../lib/common_charge.o
 .comment       0x0000000000000c6e       0x2b ./../../lib/ui_headbar_handle.o
 .comment       0x0000000000000c99       0x2b ./../../lib/message_box.o
 .comment       0x0000000000000cc4       0x2b ./../../lib/alarm_msg_dispatch.o
 .comment       0x0000000000000cef       0x2b ./../../lib/alarm_msg_dispatch2.o
 .comment       0x0000000000000d1a       0x2b ./../../lib/antenna_detect.o
 .comment       0x0000000000000d45       0x2b ./../../lib/common_setdae_init.o
 .comment       0x0000000000000d70       0x2b ./../../lib/common_keytone_play.o

.debug_aranges  0x0000000000000000      0xa20
 .debug_aranges
                0x0000000000000000       0x20 ./../../../psp_rel/lib/api.a(audio_device_op_entry.o)
 .debug_aranges
                0x0000000000000020       0x20 ./../../../psp_rel/lib/api.a(key_op_entry.o)
 .debug_aranges
                0x0000000000000040       0x20 ./../../lib/app_timer_rcode.o
 .debug_aranges
                0x0000000000000060       0x20 ./../../lib/message_rcode.o
 .debug_aranges
                0x0000000000000080       0x20 ./obj/config_main.o
 .debug_aranges
                0x00000000000000a0       0x20 ./../../../psp_rel/lib/ctor.o
 .debug_aranges
                0x00000000000000c0       0x20 ./obj/config_main_sub.o
 .debug_aranges
                0x00000000000000e0       0x20 ./obj/config_charging.o
 .debug_aranges
                0x0000000000000100       0x20 ./obj/config_wav_head.o
 .debug_aranges
                0x0000000000000120       0x20 ./obj/config_main_sub_card_config.o
 .debug_aranges
                0x0000000000000140       0x20 ./../../../psp_rel/lib/lib_enhanced/eh_module.o
 .debug_aranges
                0x0000000000000160       0x20 ./../../../psp_rel/lib/api.a(lcd_op_entry.o)
 .debug_aranges
                0x0000000000000180       0x20 ./../../../psp_rel/lib/api.a(libc_op_entry.o)
 .debug_aranges
                0x00000000000001a0       0x20 ./../../../psp_rel/lib/api.a(sys_op_entry.o)
 .debug_aranges
                0x00000000000001c0       0x20 ./../../../psp_rel/lib/api.a(ui_op_entry.o)
 .debug_aranges
                0x00000000000001e0       0x20 ./../../../psp_rel/lib/api.a(vfs_op_entry.o)
 .debug_aranges
                0x0000000000000200       0x20 ./../../../psp_rel/lib/api.a(base_op_entry.o)
 .debug_aranges
                0x0000000000000220       0x20 ./../../../psp_rel/lib/lib_enhanced/eh_fsel_entry.o
 .debug_aranges
                0x0000000000000240       0x20 ./../../../psp_rel/lib/lib_enhanced/eh_fsel_function.o
 .debug_aranges
                0x0000000000000260       0x20 ./../../../psp_rel/lib/lib_enhanced/eh_module_sub.o
 .debug_aranges
                0x0000000000000280       0x20 ./../../../psp_rel/lib/lib_enhanced/eh_fsel_directory_next.o
 .debug_aranges
                0x00000000000002a0       0x20 ./../../../psp_rel/lib/lib_enhanced/eh_fsel_directory_prev.o
 .debug_aranges
                0x00000000000002c0       0x20 ./../../../psp_rel/lib/lib_enhanced/eh_fsel_directory_func.o
 .debug_aranges
                0x00000000000002e0       0x20 ./../../../psp_rel/lib/lib_enhanced/eh_fsel_favorite_sel.o
 .debug_aranges
                0x0000000000000300       0x20 ./../../../psp_rel/lib/lib_enhanced/eh_fsel_favorite_func.o
 .debug_aranges
                0x0000000000000320       0x20 ./../../../psp_rel/lib/lib_enhanced/eh_fsel_shuffle.o
 .debug_aranges
                0x0000000000000340       0x20 ./../../../psp_rel/lib/lib_enhanced/eh_fsel_playlist_sel.o
 .debug_aranges
                0x0000000000000360       0x20 ./../../../psp_rel/lib/lib_enhanced/eh_fsel_playlist_func.o
 .debug_aranges
                0x0000000000000380       0x20 ./../../../psp_rel/lib/lib_enhanced/eh_fsel_playlist_del.o
 .debug_aranges
                0x00000000000003a0       0x20 ./../../../psp_rel/lib/lib_enhanced/eh_fsel_shuffle2.o
 .debug_aranges
                0x00000000000003c0       0x20 ./../../../psp_rel/lib/lib_enhanced/eh_fsel_function_sub.o
 .debug_aranges
                0x00000000000003e0       0x20 ./../../../psp_rel/lib/lib_enhanced/eh_fsel_browser_function.o
 .debug_aranges
                0x0000000000000400       0x20 ./../../../psp_rel/lib/lib_enhanced/eh_fsel_browser_next.o
 .debug_aranges
                0x0000000000000420       0x20 ./../../../psp_rel/lib/lib_enhanced/eh_fsel_browser_prev.o
 .debug_aranges
                0x0000000000000440       0x20 ./../../lib/ui_menulist.o
 .debug_aranges
                0x0000000000000460       0x20 ./../../lib/ui_menulist2.o
 .debug_aranges
                0x0000000000000480       0x20 ./../../lib/ui_menulist_simple.o
 .debug_aranges
                0x00000000000004a0       0x20 ./../../lib/ui_parameter.o
 .debug_aranges
                0x00000000000004c0       0x20 ./../../lib/ui_textread.o
 .debug_aranges
                0x00000000000004e0       0x20 ./../../lib/setting_comval.o
 .debug_aranges
                0x0000000000000500       0x20 ./../../lib/app_manager_bank.o
 .debug_aranges
                0x0000000000000520       0x20 ./../../lib/app_timer_bank.o
 .debug_aranges
                0x0000000000000540       0x20 ./../../lib/message_bank_init.o
 .debug_aranges
                0x0000000000000560       0x20 ./../../lib/message_bank_send.o
 .debug_aranges
                0x0000000000000580       0x20 ./../../lib/message_bank_broadcast.o
 .debug_aranges
                0x00000000000005a0       0x20 ./../../lib/common_config.o
 .debug_aranges
                0x00000000000005c0       0x20 ./../../lib/common_msgmap.o
 .debug_aranges
                0x00000000000005e0       0x20 ./../../lib/common_confmenu.o
 .debug_aranges
                0x0000000000000600       0x20 ./../../lib/common_history.o
 .debug_aranges
                0x0000000000000620       0x20 ./../../lib/common_string.o
 .debug_aranges
                0x0000000000000640       0x20 ./../../lib/common_string2.o
 .debug_aranges
                0x0000000000000660       0x20 ./../../lib/common_key.o
 .debug_aranges
                0x0000000000000680       0x20 ./../../lib/common_msg.o
 .debug_aranges
                0x00000000000006a0       0x20 ./../../lib/common_sound.o
 .debug_aranges
                0x00000000000006c0       0x20 ./../../lib/common_phy_volume_deal.o
 .debug_aranges
                0x00000000000006e0       0x20 ./../../lib/ui_menulist_sub.o
 .debug_aranges
                0x0000000000000700       0x20 ./../../lib/ui_menulist_sub2.o
 .debug_aranges
                0x0000000000000720       0x20 ./../../lib/ui_textread_dec.o
 .debug_aranges
                0x0000000000000740       0x20 ./../../lib/ui_textread_sub.o
 .debug_aranges
                0x0000000000000760       0x20 ./../../lib/ui_headbar.o
 .debug_aranges
                0x0000000000000780       0x20 ./../../lib/ui_keylock.o
 .debug_aranges
                0x00000000000007a0       0x20 ./../../lib/ui_shutoff.o
 .debug_aranges
                0x00000000000007c0       0x20 ./../../lib/ui_screensave.o
 .debug_aranges
                0x00000000000007e0       0x20 ./../../lib/ui_screensave_sub.o
 .debug_aranges
                0x0000000000000800       0x20 ./../../lib/ui_animation.o
 .debug_aranges
                0x0000000000000820       0x20 ./../../lib/ui_volumebar.o
 .debug_aranges
                0x0000000000000840       0x20 ./../../lib/ui_volumebar_sub.o
 .debug_aranges
                0x0000000000000860       0x20 ./../../lib/ui_dialog.o
 .debug_aranges
                0x0000000000000880       0x20 ./../../lib/ui_usbconnect.o
 .debug_aranges
                0x00000000000008a0       0x20 ./../../lib/miscellaneous.o
 .debug_aranges
                0x00000000000008c0       0x20 ./../../lib/app_sleep.o
 .debug_aranges
                0x00000000000008e0       0x20 ./../../lib/sys_timer.o
 .debug_aranges
                0x0000000000000900       0x20 ./../../lib/sys_counter.o
 .debug_aranges
                0x0000000000000920       0x20 ./../../lib/common_charge.o
 .debug_aranges
                0x0000000000000940       0x20 ./../../lib/ui_headbar_handle.o
 .debug_aranges
                0x0000000000000960       0x20 ./../../lib/message_box.o
 .debug_aranges
                0x0000000000000980       0x20 ./../../lib/alarm_msg_dispatch.o
 .debug_aranges
                0x00000000000009a0       0x20 ./../../lib/alarm_msg_dispatch2.o
 .debug_aranges
                0x00000000000009c0       0x20 ./../../lib/antenna_detect.o
 .debug_aranges
                0x00000000000009e0       0x20 ./../../lib/common_setdae_init.o
 .debug_aranges
                0x0000000000000a00       0x20 ./../../lib/common_keytone_play.o

.debug_frame    0x0000000000000000     0x337c
 .debug_frame   0x0000000000000000       0x34 ./../../lib/app_timer_rcode.o
 .debug_frame   0x0000000000000034       0x74 ./../../lib/message_rcode.o
 .debug_frame   0x00000000000000a8       0xe4 ./obj/config_main.o
 .debug_frame   0x000000000000018c       0x58 ./../../../psp_rel/lib/ctor.o
 .debug_frame   0x00000000000001e4       0xe8 ./obj/config_main_sub.o
 .debug_frame   0x00000000000002cc       0x7c ./obj/config_charging.o
 .debug_frame   0x0000000000000348       0x34 ./obj/config_wav_head.o
 .debug_frame   0x000000000000037c       0x2c ./obj/config_main_sub_card_config.o
 .debug_frame   0x00000000000003a8      0x14c ./../../../psp_rel/lib/lib_enhanced/eh_module.o
 .debug_frame   0x00000000000004f4      0x178 ./../../../psp_rel/lib/lib_enhanced/eh_fsel_entry.o
 .debug_frame   0x000000000000066c       0xe4 ./../../../psp_rel/lib/lib_enhanced/eh_fsel_function.o
 .debug_frame   0x0000000000000750       0xbc ./../../../psp_rel/lib/lib_enhanced/eh_module_sub.o
 .debug_frame   0x000000000000080c      0x110 ./../../../psp_rel/lib/lib_enhanced/eh_fsel_directory_next.o
 .debug_frame   0x000000000000091c       0xa4 ./../../../psp_rel/lib/lib_enhanced/eh_fsel_directory_prev.o
 .debug_frame   0x00000000000009c0       0xd0 ./../../../psp_rel/lib/lib_enhanced/eh_fsel_directory_func.o
 .debug_frame   0x0000000000000a90      0x178 ./../../../psp_rel/lib/lib_enhanced/eh_fsel_favorite_sel.o
 .debug_frame   0x0000000000000c08       0x2c ./../../../psp_rel/lib/lib_enhanced/eh_fsel_favorite_func.o
 .debug_frame   0x0000000000000c34      0x180 ./../../../psp_rel/lib/lib_enhanced/eh_fsel_shuffle.o
 .debug_frame   0x0000000000000db4      0x154 ./../../../psp_rel/lib/lib_enhanced/eh_fsel_playlist_sel.o
 .debug_frame   0x0000000000000f08      0x130 ./../../../psp_rel/lib/lib_enhanced/eh_fsel_playlist_func.o
 .debug_frame   0x0000000000001038       0x2c ./../../../psp_rel/lib/lib_enhanced/eh_fsel_playlist_del.o
 .debug_frame   0x0000000000001064       0x2c ./../../../psp_rel/lib/lib_enhanced/eh_fsel_shuffle2.o
 .debug_frame   0x0000000000001090       0x2c ./../../../psp_rel/lib/lib_enhanced/eh_fsel_function_sub.o
 .debug_frame   0x00000000000010bc      0x1d4 ./../../../psp_rel/lib/lib_enhanced/eh_fsel_browser_function.o
 .debug_frame   0x0000000000001290       0xe8 ./../../../psp_rel/lib/lib_enhanced/eh_fsel_browser_next.o
 .debug_frame   0x0000000000001378       0xc8 ./../../../psp_rel/lib/lib_enhanced/eh_fsel_browser_prev.o
 .debug_frame   0x0000000000001440       0xf4 ./../../lib/ui_menulist.o
 .debug_frame   0x0000000000001534      0x198 ./../../lib/ui_menulist2.o
 .debug_frame   0x00000000000016cc      0x13c ./../../lib/ui_menulist_simple.o
 .debug_frame   0x0000000000001808       0xd8 ./../../lib/ui_parameter.o
 .debug_frame   0x00000000000018e0       0x90 ./../../lib/ui_textread.o
 .debug_frame   0x0000000000001970       0x60 ./../../lib/setting_comval.o
 .debug_frame   0x00000000000019d0       0x58 ./../../lib/app_manager_bank.o
 .debug_frame   0x0000000000001a28       0xa8 ./../../lib/app_timer_bank.o
 .debug_frame   0x0000000000001ad0       0x34 ./../../lib/message_bank_init.o
 .debug_frame   0x0000000000001b04       0x80 ./../../lib/message_bank_send.o
 .debug_frame   0x0000000000001b84       0x58 ./../../lib/message_bank_broadcast.o
 .debug_frame   0x0000000000001bdc       0x78 ./../../lib/common_config.o
 .debug_frame   0x0000000000001c54       0x2c ./../../lib/common_msgmap.o
 .debug_frame   0x0000000000001c80       0xec ./../../lib/common_confmenu.o
 .debug_frame   0x0000000000001d6c       0xe8 ./../../lib/common_history.o
 .debug_frame   0x0000000000001e54       0x50 ./../../lib/common_string.o
 .debug_frame   0x0000000000001ea4       0xbc ./../../lib/common_string2.o
 .debug_frame   0x0000000000001f60      0x158 ./../../lib/common_key.o
 .debug_frame   0x00000000000020b8      0x130 ./../../lib/common_msg.o
 .debug_frame   0x00000000000021e8      0x148 ./../../lib/common_sound.o
 .debug_frame   0x0000000000002330       0x28 ./../../lib/common_phy_volume_deal.o
 .debug_frame   0x0000000000002358       0x6c ./../../lib/ui_menulist_sub.o
 .debug_frame   0x00000000000023c4       0x74 ./../../lib/ui_menulist_sub2.o
 .debug_frame   0x0000000000002438       0x74 ./../../lib/ui_textread_dec.o
 .debug_frame   0x00000000000024ac       0x7c ./../../lib/ui_textread_sub.o
 .debug_frame   0x0000000000002528       0xd4 ./../../lib/ui_headbar.o
 .debug_frame   0x00000000000025fc       0xe4 ./../../lib/ui_keylock.o
 .debug_frame   0x00000000000026e0       0xb4 ./../../lib/ui_shutoff.o
 .debug_frame   0x0000000000002794      0x178 ./../../lib/ui_screensave.o
 .debug_frame   0x000000000000290c       0xb4 ./../../lib/ui_screensave_sub.o
 .debug_frame   0x00000000000029c0       0xb4 ./../../lib/ui_animation.o
 .debug_frame   0x0000000000002a74       0xd0 ./../../lib/ui_volumebar.o
 .debug_frame   0x0000000000002b44       0x58 ./../../lib/ui_volumebar_sub.o
 .debug_frame   0x0000000000002b9c       0xb4 ./../../lib/ui_dialog.o
 .debug_frame   0x0000000000002c50       0xfc ./../../lib/ui_usbconnect.o
 .debug_frame   0x0000000000002d4c       0x90 ./../../lib/miscellaneous.o
 .debug_frame   0x0000000000002ddc       0x34 ./../../lib/app_sleep.o
 .debug_frame   0x0000000000002e10       0x90 ./../../lib/sys_timer.o
 .debug_frame   0x0000000000002ea0       0x64 ./../../lib/sys_counter.o
 .debug_frame   0x0000000000002f04       0x50 ./../../lib/common_charge.o
 .debug_frame   0x0000000000002f54       0x30 ./../../lib/ui_headbar_handle.o
 .debug_frame   0x0000000000002f84       0x88 ./../../lib/message_box.o
 .debug_frame   0x000000000000300c       0xc4 ./../../lib/alarm_msg_dispatch.o
 .debug_frame   0x00000000000030d0       0x48 ./../../lib/alarm_msg_dispatch2.o
 .debug_frame   0x0000000000003118       0x74 ./../../lib/antenna_detect.o
 .debug_frame   0x000000000000318c       0xa8 ./../../lib/common_setdae_init.o
 .debug_frame   0x0000000000003234      0x148 ./../../lib/common_keytone_play.o

.debug_ranges   0x0000000000000000       0x20
 .debug_ranges  0x0000000000000000       0x20 ./../../lib/app_timer_bank.o
