
File: common_misc.a(alarm_msg_dispatch.o)
ELF Header:
  Magic:   7f 45 4c 46 01 01 01 00 00 00 00 00 00 00 00 00 
  Class:                             ELF32
  Data:                              2's complement, little endian
  Version:                           1 (current)
  OS/ABI:                            UNIX - System V
  ABI Version:                       0
  Type:                              REL (Relocatable file)
  Machine:                           MIPS R3000
  Version:                           0x1
  Entry point address:               0x0
  Start of program headers:          0 (bytes into file)
  Start of section headers:          10852 (bytes into file)
  Flags:                             0x50001000, o32, mips32
  Size of this header:               52 (bytes)
  Size of program headers:           0 (bytes)
  Number of program headers:         0
  Size of section headers:           40 (bytes)
  Number of section headers:         25
  Section header string table index: 22

Section Headers:
  [Nr] Name              Type            Addr     Off    Size   ES Flg Lk Inf Al
  [ 0]                   NULL            00000000 000000 000000 00      0   0  0
  [ 1] .text             PROGBITS        00000000 000034 00047c 00  AX  0   0  4
  [ 2] .rel.text         REL             00000000 003194 000098 08     23   1  4
  [ 3] .data             PROGBITS        00000000 0004b0 000000 00  WA  0   0  1
  [ 4] .bss              NOBITS          00000000 0004b0 000000 00  WA  0   0  1
  [ 5] .reginfo          MIPS_REGINFO    00000000 0004b0 000018 18      0   0  4
  [ 6] .pdr              PROGBITS        00000000 0004c8 0000a0 00      0   0  4
  [ 7] .rel.pdr          REL             00000000 00322c 000028 08     23   6  4
  [ 8] .mdebug.abi32     PROGBITS        00000000 000568 000000 00      0   0  1
  [ 9] .debug_abbrev     MIPS_DWARF      00000000 000568 0001a1 00      0   0  1
  [10] .debug_info       MIPS_DWARF      00000000 000709 001e88 00      0   0  1
  [11] .rel.debug_info   REL             00000000 003254 000250 08     23  10  4
  [12] .debug_line       MIPS_DWARF      00000000 002591 0001a6 00      0   0  1
  [13] .rel.debug_line   REL             00000000 0034a4 000008 08     23  12  4
  [14] .debug_frame      MIPS_DWARF      00000000 002738 0000c4 00      0   0  4
  [15] .rel.debug_frame  REL             00000000 0034ac 000050 08     23  14  4
  [16] .debug_pubnames   MIPS_DWARF      00000000 0027fc 000087 00      0   0  1
  [17] .rel.debug_pubnam REL             00000000 0034fc 000008 08     23  16  4
  [18] .debug_aranges    MIPS_DWARF      00000000 002883 000020 00      0   0  1
  [19] .rel.debug_arange REL             00000000 003504 000010 08     23  18  4
  [20] .debug_str        MIPS_DWARF      00000000 0028a3 0000ca 00      0   0  1
  [21] .comment          PROGBITS        00000000 00296d 00002b 00      0   0  1
  [22] .shstrtab         STRTAB          00000000 002998 0000ca 00      0   0  1
  [23] .symtab           SYMTAB          00000000 002e4c 000240 10     24  25  4
  [24] .strtab           STRTAB          00000000 00308c 000106 00      0   0  1
Key to Flags:
  W (write), A (alloc), X (execute), M (merge), S (strings)
  I (info), L (link order), G (group), x (unknown)
  O (extra OS processing required) o (OS specific), p (processor specific)

File: common_misc.a(alarm_msg_dispatch2.o)
ELF Header:
  Magic:   7f 45 4c 46 01 01 01 00 00 00 00 00 00 00 00 00 
  Class:                             ELF32
  Data:                              2's complement, little endian
  Version:                           1 (current)
  OS/ABI:                            UNIX - System V
  ABI Version:                       0
  Type:                              REL (Relocatable file)
  Machine:                           MIPS R3000
  Version:                           0x1
  Entry point address:               0x0
  Start of program headers:          0 (bytes into file)
  Start of section headers:          3576 (bytes into file)
  Flags:                             0x50001000, o32, mips32
  Size of this header:               52 (bytes)
  Size of program headers:           0 (bytes)
  Number of program headers:         0
  Size of section headers:           40 (bytes)
  Number of section headers:         24
  Section header string table index: 21

Section Headers:
  [Nr] Name              Type            Addr     Off    Size   ES Flg Lk Inf Al
  [ 0]                   NULL            00000000 000000 000000 00      0   0  0
  [ 1] .text             PROGBITS        00000000 000034 000274 00  AX  0   0  4
  [ 2] .data             PROGBITS        00000000 0002a8 000000 00  WA  0   0  1
  [ 3] .bss              NOBITS          00000000 0002a8 000000 00  WA  0   0  1
  [ 4] .reginfo          MIPS_REGINFO    00000000 0002a8 000018 18      0   0  4
  [ 5] .pdr              PROGBITS        00000000 0002c0 000040 00      0   0  4
  [ 6] .rel.pdr          REL             00000000 001340 000010 08     22   5  4
  [ 7] .mdebug.abi32     PROGBITS        00000000 000300 000000 00      0   0  1
  [ 8] .debug_abbrev     MIPS_DWARF      00000000 000300 0000e6 00      0   0  1
  [ 9] .debug_info       MIPS_DWARF      00000000 0003e6 00073a 00      0   0  1
  [10] .rel.debug_info   REL             00000000 001350 000050 08     22   9  4
  [11] .debug_line       MIPS_DWARF      00000000 000b20 00012e 00      0   0  1
  [12] .rel.debug_line   REL             00000000 0013a0 000008 08     22  11  4
  [13] .debug_frame      MIPS_DWARF      00000000 000c50 000048 00      0   0  4
  [14] .rel.debug_frame  REL             00000000 0013a8 000020 08     22  13  4
  [15] .debug_pubnames   MIPS_DWARF      00000000 000c98 00003a 00      0   0  1
  [16] .rel.debug_pubnam REL             00000000 0013c8 000008 08     22  15  4
  [17] .debug_aranges    MIPS_DWARF      00000000 000cd2 000020 00      0   0  1
  [18] .rel.debug_arange REL             00000000 0013d0 000010 08     22  17  4
  [19] .debug_str        MIPS_DWARF      00000000 000cf2 000012 00      0   0  1
  [20] .comment          PROGBITS        00000000 000d04 00002b 00      0   0  1
  [21] .shstrtab         STRTAB          00000000 000d2f 0000c6 00      0   0  1
  [22] .symtab           SYMTAB          00000000 0011b8 000140 10     23  18  4
  [23] .strtab           STRTAB          00000000 0012f8 000045 00      0   0  1
Key to Flags:
  W (write), A (alloc), X (execute), M (merge), S (strings)
  I (info), L (link order), G (group), x (unknown)
  O (extra OS processing required) o (OS specific), p (processor specific)

File: common_misc.a(antenna_detect.o)
ELF Header:
  Magic:   7f 45 4c 46 01 01 01 00 00 00 00 00 00 00 00 00 
  Class:                             ELF32
  Data:                              2's complement, little endian
  Version:                           1 (current)
  OS/ABI:                            UNIX - System V
  ABI Version:                       0
  Type:                              REL (Relocatable file)
  Machine:                           MIPS R3000
  Version:                           0x1
  Entry point address:               0x0
  Start of program headers:          0 (bytes into file)
  Start of section headers:          4300 (bytes into file)
  Flags:                             0x50001000, o32, mips32
  Size of this header:               52 (bytes)
  Size of program headers:           0 (bytes)
  Number of program headers:         0
  Size of section headers:           40 (bytes)
  Number of section headers:         25
  Section header string table index: 22

Section Headers:
  [Nr] Name              Type            Addr     Off    Size   ES Flg Lk Inf Al
  [ 0]                   NULL            00000000 000000 000000 00      0   0  0
  [ 1] .text             PROGBITS        00000000 000034 0000f0 00  AX  0   0  4
  [ 2] .rel.text         REL             00000000 00170c 000050 08     23   1  4
  [ 3] .data             PROGBITS        00000000 000124 000000 00  WA  0   0  1
  [ 4] .bss              NOBITS          00000000 000124 000000 00  WA  0   0  1
  [ 5] .reginfo          MIPS_REGINFO    00000000 000124 000018 18      0   0  4
  [ 6] .pdr              PROGBITS        00000000 00013c 000060 00      0   0  4
  [ 7] .rel.pdr          REL             00000000 00175c 000018 08     23   6  4
  [ 8] .mdebug.abi32     PROGBITS        00000000 00019c 000000 00      0   0  1
  [ 9] .debug_abbrev     MIPS_DWARF      00000000 00019c 000150 00      0   0  1
  [10] .debug_info       MIPS_DWARF      00000000 0002ec 000ae5 00      0   0  1
  [11] .rel.debug_info   REL             00000000 001774 000060 08     23  10  4
  [12] .debug_line       MIPS_DWARF      00000000 000dd1 000121 00      0   0  1
  [13] .rel.debug_line   REL             00000000 0017d4 000008 08     23  12  4
  [14] .debug_frame      MIPS_DWARF      00000000 000ef4 000074 00      0   0  4
  [15] .rel.debug_frame  REL             00000000 0017dc 000030 08     23  14  4
  [16] .debug_pubnames   MIPS_DWARF      00000000 000f68 00003a 00      0   0  1
  [17] .rel.debug_pubnam REL             00000000 00180c 000008 08     23  16  4
  [18] .debug_aranges    MIPS_DWARF      00000000 000fa2 000020 00      0   0  1
  [19] .rel.debug_arange REL             00000000 001814 000010 08     23  18  4
  [20] .debug_str        MIPS_DWARF      00000000 000fc2 000012 00      0   0  1
  [21] .comment          PROGBITS        00000000 000fd4 00002b 00      0   0  1
  [22] .shstrtab         STRTAB          00000000 000fff 0000ca 00      0   0  1
  [23] .symtab           SYMTAB          00000000 0014b4 0001b0 10     24  20  4
  [24] .strtab           STRTAB          00000000 001664 0000a7 00      0   0  1
Key to Flags:
  W (write), A (alloc), X (execute), M (merge), S (strings)
  I (info), L (link order), G (group), x (unknown)
  O (extra OS processing required) o (OS specific), p (processor specific)

File: common_misc.a(app_sleep.o)
ELF Header:
  Magic:   7f 45 4c 46 01 01 01 00 00 00 00 00 00 00 00 00 
  Class:                             ELF32
  Data:                              2's complement, little endian
  Version:                           1 (current)
  OS/ABI:                            UNIX - System V
  ABI Version:                       0
  Type:                              REL (Relocatable file)
  Machine:                           MIPS R3000
  Version:                           0x1
  Entry point address:               0x0
  Start of program headers:          0 (bytes into file)
  Start of section headers:          13936 (bytes into file)
  Flags:                             0x50001000, o32, mips32
  Size of this header:               52 (bytes)
  Size of program headers:           0 (bytes)
  Number of program headers:         0
  Size of section headers:           40 (bytes)
  Number of section headers:         25
  Section header string table index: 22

Section Headers:
  [Nr] Name              Type            Addr     Off    Size   ES Flg Lk Inf Al
  [ 0]                   NULL            00000000 000000 000000 00      0   0  0
  [ 1] .text             PROGBITS        00000000 000034 000084 00  AX  0   0  4
  [ 2] .rel.text         REL             00000000 003c18 000020 08     23   1  4
  [ 3] .data             PROGBITS        00000000 0000b8 000000 00  WA  0   0  1
  [ 4] .bss              NOBITS          00000000 0000b8 000000 00  WA  0   0  1
  [ 5] .reginfo          MIPS_REGINFO    00000000 0000b8 000018 18      0   0  4
  [ 6] .pdr              PROGBITS        00000000 0000d0 000020 00      0   0  4
  [ 7] .rel.pdr          REL             00000000 003c38 000008 08     23   6  4
  [ 8] .mdebug.abi32     PROGBITS        00000000 0000f0 000000 00      0   0  1
  [ 9] .debug_abbrev     MIPS_DWARF      00000000 0000f0 00011d 00      0   0  1
  [10] .debug_info       MIPS_DWARF      00000000 00020d 0031d0 00      0   0  1
  [11] .rel.debug_info   REL             00000000 003c40 000040 08     23  10  4
  [12] .debug_line       MIPS_DWARF      00000000 0033dd 000112 00      0   0  1
  [13] .rel.debug_line   REL             00000000 003c80 000008 08     23  12  4
  [14] .debug_frame      MIPS_DWARF      00000000 0034f0 000034 00      0   0  4
  [15] .rel.debug_frame  REL             00000000 003c88 000010 08     23  14  4
  [16] .debug_pubnames   MIPS_DWARF      00000000 003524 000024 00      0   0  1
  [17] .rel.debug_pubnam REL             00000000 003c98 000008 08     23  16  4
  [18] .debug_aranges    MIPS_DWARF      00000000 003548 000020 00      0   0  1
  [19] .rel.debug_arange REL             00000000 003ca0 000010 08     23  18  4
  [20] .debug_str        MIPS_DWARF      00000000 003568 000012 00      0   0  1
  [21] .comment          PROGBITS        00000000 00357a 00002b 00      0   0  1
  [22] .shstrtab         STRTAB          00000000 0035a5 0000ca 00      0   0  1
  [23] .symtab           SYMTAB          00000000 003a58 000160 10     24  17  4
  [24] .strtab           STRTAB          00000000 003bb8 00005f 00      0   0  1
Key to Flags:
  W (write), A (alloc), X (execute), M (merge), S (strings)
  I (info), L (link order), G (group), x (unknown)
  O (extra OS processing required) o (OS specific), p (processor specific)

File: common_misc.a(common_msg.o)
ELF Header:
  Magic:   7f 45 4c 46 01 01 01 00 00 00 00 00 00 00 00 00 
  Class:                             ELF32
  Data:                              2's complement, little endian
  Version:                           1 (current)
  OS/ABI:                            UNIX - System V
  ABI Version:                       0
  Type:                              REL (Relocatable file)
  Machine:                           MIPS R3000
  Version:                           0x1
  Entry point address:               0x0
  Start of program headers:          0 (bytes into file)
  Start of section headers:          13024 (bytes into file)
  Flags:                             0x50001000, o32, mips32
  Size of this header:               52 (bytes)
  Size of program headers:           0 (bytes)
  Number of program headers:         0
  Size of section headers:           40 (bytes)
  Number of section headers:         25
  Section header string table index: 22

Section Headers:
  [Nr] Name              Type            Addr     Off    Size   ES Flg Lk Inf Al
  [ 0]                   NULL            00000000 000000 000000 00      0   0  0
  [ 1] .text             PROGBITS        00000000 000034 0002e4 00  AX  0   0  4
  [ 2] .rel.text         REL             00000000 003b38 0000f8 08     23   1  4
  [ 3] .data             PROGBITS        00000000 000318 000000 00  WA  0   0  1
  [ 4] .bss              NOBITS          00000000 000318 000000 00  WA  0   0  1
  [ 5] .reginfo          MIPS_REGINFO    00000000 000318 000018 18      0   0  4
  [ 6] .pdr              PROGBITS        00000000 000330 000140 00      0   0  4
  [ 7] .rel.pdr          REL             00000000 003c30 000050 08     23   6  4
  [ 8] .mdebug.abi32     PROGBITS        00000000 000470 000000 00      0   0  1
  [ 9] .debug_abbrev     MIPS_DWARF      00000000 000470 000182 00      0   0  1
  [10] .debug_info       MIPS_DWARF      00000000 0005f2 0028e1 00      0   0  1
  [11] .rel.debug_info   REL             00000000 003c80 000100 08     23  10  4
  [12] .debug_line       MIPS_DWARF      00000000 002ed3 000172 00      0   0  1
  [13] .rel.debug_line   REL             00000000 003d80 000008 08     23  12  4
  [14] .debug_frame      MIPS_DWARF      00000000 003048 000130 00      0   0  4
  [15] .rel.debug_frame  REL             00000000 003d88 0000a0 08     23  14  4
  [16] .debug_pubnames   MIPS_DWARF      00000000 003178 000027 00      0   0  1
  [17] .rel.debug_pubnam REL             00000000 003e28 000008 08     23  16  4
  [18] .debug_aranges    MIPS_DWARF      00000000 00319f 000020 00      0   0  1
  [19] .rel.debug_arange REL             00000000 003e30 000010 08     23  18  4
  [20] .debug_str        MIPS_DWARF      00000000 0031bf 000029 00      0   0  1
  [21] .comment          PROGBITS        00000000 0031e8 00002b 00      0   0  1
  [22] .shstrtab         STRTAB          00000000 003213 0000ca 00      0   0  1
  [23] .symtab           SYMTAB          00000000 0036c8 0002e0 10     24  37  4
  [24] .strtab           STRTAB          00000000 0039a8 000190 00      0   0  1
Key to Flags:
  W (write), A (alloc), X (execute), M (merge), S (strings)
  I (info), L (link order), G (group), x (unknown)
  O (extra OS processing required) o (OS specific), p (processor specific)

File: common_misc.a(message_box.o)
ELF Header:
  Magic:   7f 45 4c 46 01 01 01 00 00 00 00 00 00 00 00 00 
  Class:                             ELF32
  Data:                              2's complement, little endian
  Version:                           1 (current)
  OS/ABI:                            UNIX - System V
  ABI Version:                       0
  Type:                              REL (Relocatable file)
  Machine:                           MIPS R3000
  Version:                           0x1
  Entry point address:               0x0
  Start of program headers:          0 (bytes into file)
  Start of section headers:          16860 (bytes into file)
  Flags:                             0x50001000, o32, mips32
  Size of this header:               52 (bytes)
  Size of program headers:           0 (bytes)
  Number of program headers:         0
  Size of section headers:           40 (bytes)
  Number of section headers:         25
  Section header string table index: 22

Section Headers:
  [Nr] Name              Type            Addr     Off    Size   ES Flg Lk Inf Al
  [ 0]                   NULL            00000000 000000 000000 00      0   0  0
  [ 1] .text             PROGBITS        00000000 000034 000500 00  AX  0   0  4
  [ 2] .rel.text         REL             00000000 004b10 0000e0 08     23   1  4
  [ 3] .data             PROGBITS        00000000 000534 000000 00  WA  0   0  1
  [ 4] .bss              NOBITS          00000000 000534 000000 00  WA  0   0  1
  [ 5] .reginfo          MIPS_REGINFO    00000000 000534 000018 18      0   0  4
  [ 6] .pdr              PROGBITS        00000000 00054c 000080 00      0   0  4
  [ 7] .rel.pdr          REL             00000000 004bf0 000020 08     23   6  4
  [ 8] .mdebug.abi32     PROGBITS        00000000 0005cc 000000 00      0   0  1
  [ 9] .debug_abbrev     MIPS_DWARF      00000000 0005cc 00019c 00      0   0  1
  [10] .debug_info       MIPS_DWARF      00000000 000768 0036e9 00      0   0  1
  [11] .rel.debug_info   REL             00000000 004c10 0000b0 08     23  10  4
  [12] .debug_line       MIPS_DWARF      00000000 003e51 0001a4 00      0   0  1
  [13] .rel.debug_line   REL             00000000 004cc0 000008 08     23  12  4
  [14] .debug_frame      MIPS_DWARF      00000000 003ff8 000088 00      0   0  4
  [15] .rel.debug_frame  REL             00000000 004cc8 000040 08     23  14  4
  [16] .debug_pubnames   MIPS_DWARF      00000000 004080 000026 00      0   0  1
  [17] .rel.debug_pubnam REL             00000000 004d08 000008 08     23  16  4
  [18] .debug_aranges    MIPS_DWARF      00000000 0040a6 000020 00      0   0  1
  [19] .rel.debug_arange REL             00000000 004d10 000010 08     23  18  4
  [20] .debug_str        MIPS_DWARF      00000000 0040c6 00001e 00      0   0  1
  [21] .comment          PROGBITS        00000000 0040e4 00002b 00      0   0  1
  [22] .shstrtab         STRTAB          00000000 00410f 0000ca 00      0   0  1
  [23] .symtab           SYMTAB          00000000 0045c4 000350 10     24  29  4
  [24] .strtab           STRTAB          00000000 004914 0001fb 00      0   0  1
Key to Flags:
  W (write), A (alloc), X (execute), M (merge), S (strings)
  I (info), L (link order), G (group), x (unknown)
  O (extra OS processing required) o (OS specific), p (processor specific)

File: common_misc.a(miscellaneous.o)
ELF Header:
  Magic:   7f 45 4c 46 01 01 01 00 00 00 00 00 00 00 00 00 
  Class:                             ELF32
  Data:                              2's complement, little endian
  Version:                           1 (current)
  OS/ABI:                            UNIX - System V
  ABI Version:                       0
  Type:                              REL (Relocatable file)
  Machine:                           MIPS R3000
  Version:                           0x1
  Entry point address:               0x0
  Start of program headers:          0 (bytes into file)
  Start of section headers:          3936 (bytes into file)
  Flags:                             0x50001000, o32, mips32
  Size of this header:               52 (bytes)
  Size of program headers:           0 (bytes)
  Number of program headers:         0
  Size of section headers:           40 (bytes)
  Number of section headers:         26
  Section header string table index: 23

Section Headers:
  [Nr] Name              Type            Addr     Off    Size   ES Flg Lk Inf Al
  [ 0]                   NULL            00000000 000000 000000 00      0   0  0
  [ 1] .text             PROGBITS        00000000 000034 0000a8 00  AX  0   0  4
  [ 2] .rel.text         REL             00000000 001614 000030 08     24   1  4
  [ 3] .data             PROGBITS        00000000 0000dc 000000 00  WA  0   0  1
  [ 4] .bss              NOBITS          00000000 0000dc 000000 00  WA  0   0  1
  [ 5] .reginfo          MIPS_REGINFO    00000000 0000dc 000018 18      0   0  4
  [ 6] .pdr              PROGBITS        00000000 0000f4 000080 00      0   0  4
  [ 7] .rel.pdr          REL             00000000 001644 000020 08     24   6  4
  [ 8] .mdebug.abi32     PROGBITS        00000000 000174 000000 00      0   0  1
  [ 9] .debug_abbrev     MIPS_DWARF      00000000 000174 000147 00      0   0  1
  [10] .debug_info       MIPS_DWARF      00000000 0002bb 00093b 00      0   0  1
  [11] .rel.debug_info   REL             00000000 001664 000088 08     24  10  4
  [12] .debug_line       MIPS_DWARF      00000000 000bf6 000109 00      0   0  1
  [13] .rel.debug_line   REL             00000000 0016ec 000008 08     24  12  4
  [14] .rodata           PROGBITS        00000000 000d00 00000c 00   A  0   0  4
  [15] .debug_frame      MIPS_DWARF      00000000 000d0c 000090 00      0   0  4
  [16] .rel.debug_frame  REL             00000000 0016f4 000040 08     24  15  4
  [17] .debug_pubnames   MIPS_DWARF      00000000 000d9c 000089 00      0   0  1
  [18] .rel.debug_pubnam REL             00000000 001734 000008 08     24  17  4
  [19] .debug_aranges    MIPS_DWARF      00000000 000e25 000020 00      0   0  1
  [20] .rel.debug_arange REL             00000000 00173c 000010 08     24  19  4
  [21] .debug_str        MIPS_DWARF      00000000 000e45 00001c 00      0   0  1
  [22] .comment          PROGBITS        00000000 000e61 00002b 00      0   0  1
  [23] .shstrtab         STRTAB          00000000 000e8c 0000d2 00      0   0  1
  [24] .symtab           SYMTAB          00000000 001370 0001e0 10     25  21  4
  [25] .strtab           STRTAB          00000000 001550 0000c1 00      0   0  1
Key to Flags:
  W (write), A (alloc), X (execute), M (merge), S (strings)
  I (info), L (link order), G (group), x (unknown)
  O (extra OS processing required) o (OS specific), p (processor specific)

File: common_misc.a(setting_comval.o)
ELF Header:
  Magic:   7f 45 4c 46 01 01 01 00 00 00 00 00 00 00 00 00 
  Class:                             ELF32
  Data:                              2's complement, little endian
  Version:                           1 (current)
  OS/ABI:                            UNIX - System V
  ABI Version:                       0
  Type:                              REL (Relocatable file)
  Machine:                           MIPS R3000
  Version:                           0x1
  Entry point address:               0x0
  Start of program headers:          0 (bytes into file)
  Start of section headers:          5908 (bytes into file)
  Flags:                             0x50001000, o32, mips32
  Size of this header:               52 (bytes)
  Size of program headers:           0 (bytes)
  Number of program headers:         0
  Size of section headers:           40 (bytes)
  Number of section headers:         25
  Section header string table index: 22

Section Headers:
  [Nr] Name              Type            Addr     Off    Size   ES Flg Lk Inf Al
  [ 0]                   NULL            00000000 000000 000000 00      0   0  0
  [ 1] .text             PROGBITS        00000000 000034 0001cc 00  AX  0   0  4
  [ 2] .rel.text         REL             00000000 001d20 000020 08     23   1  4
  [ 3] .data             PROGBITS        00000000 000200 000000 00  WA  0   0  1
  [ 4] .bss              NOBITS          00000000 000200 000000 00  WA  0   0  1
  [ 5] .reginfo          MIPS_REGINFO    00000000 000200 000018 18      0   0  4
  [ 6] .pdr              PROGBITS        00000000 000218 000040 00      0   0  4
  [ 7] .rel.pdr          REL             00000000 001d40 000010 08     23   6  4
  [ 8] .mdebug.abi32     PROGBITS        00000000 000258 000000 00      0   0  1
  [ 9] .debug_abbrev     MIPS_DWARF      00000000 000258 00010b 00      0   0  1
  [10] .debug_info       MIPS_DWARF      00000000 000363 001078 00      0   0  1
  [11] .rel.debug_info   REL             00000000 001d50 0000b0 08     23  10  4
  [12] .debug_line       MIPS_DWARF      00000000 0013db 00012e 00      0   0  1
  [13] .rel.debug_line   REL             00000000 001e00 000008 08     23  12  4
  [14] .debug_frame      MIPS_DWARF      00000000 00150c 000060 00      0   0  4
  [15] .rel.debug_frame  REL             00000000 001e08 000020 08     23  14  4
  [16] .debug_pubnames   MIPS_DWARF      00000000 00156c 000046 00      0   0  1
  [17] .rel.debug_pubnam REL             00000000 001e28 000008 08     23  16  4
  [18] .debug_aranges    MIPS_DWARF      00000000 0015b2 000020 00      0   0  1
  [19] .rel.debug_arange REL             00000000 001e30 000010 08     23  18  4
  [20] .debug_str        MIPS_DWARF      00000000 0015d2 00004c 00      0   0  1
  [21] .comment          PROGBITS        00000000 00161e 00002b 00      0   0  1
  [22] .shstrtab         STRTAB          00000000 001649 0000ca 00      0   0  1
  [23] .symtab           SYMTAB          00000000 001afc 000190 10     24  20  4
  [24] .strtab           STRTAB          00000000 001c8c 000093 00      0   0  1
Key to Flags:
  W (write), A (alloc), X (execute), M (merge), S (strings)
  I (info), L (link order), G (group), x (unknown)
  O (extra OS processing required) o (OS specific), p (processor specific)

File: common_misc.a(sys_timer.o)
ELF Header:
  Magic:   7f 45 4c 46 01 01 01 00 00 00 00 00 00 00 00 00 
  Class:                             ELF32
  Data:                              2's complement, little endian
  Version:                           1 (current)
  OS/ABI:                            UNIX - System V
  ABI Version:                       0
  Type:                              REL (Relocatable file)
  Machine:                           MIPS R3000
  Version:                           0x1
  Entry point address:               0x0
  Start of program headers:          0 (bytes into file)
  Start of section headers:          3412 (bytes into file)
  Flags:                             0x50001000, o32, mips32
  Size of this header:               52 (bytes)
  Size of program headers:           0 (bytes)
  Number of program headers:         0
  Size of section headers:           40 (bytes)
  Number of section headers:         25
  Section header string table index: 22

Section Headers:
  [Nr] Name              Type            Addr     Off    Size   ES Flg Lk Inf Al
  [ 0]                   NULL            00000000 000000 000000 00      0   0  0
  [ 1] .text             PROGBITS        00000000 000034 000104 00  AX  0   0  4
  [ 2] .rel.text         REL             00000000 0014a8 0000a0 08     23   1  4
  [ 3] .data             PROGBITS        00000000 000138 000000 00  WA  0   0  1
  [ 4] .bss              NOBITS          00000000 000138 000000 00  WA  0   0  1
  [ 5] .reginfo          MIPS_REGINFO    00000000 000138 000018 18      0   0  4
  [ 6] .pdr              PROGBITS        00000000 000150 000080 00      0   0  4
  [ 7] .rel.pdr          REL             00000000 001548 000020 08     23   6  4
  [ 8] .mdebug.abi32     PROGBITS        00000000 0001d0 000000 00      0   0  1
  [ 9] .debug_abbrev     MIPS_DWARF      00000000 0001d0 000116 00      0   0  1
  [10] .debug_info       MIPS_DWARF      00000000 0002e6 00076d 00      0   0  1
  [11] .rel.debug_info   REL             00000000 001568 000070 08     23  10  4
  [12] .debug_line       MIPS_DWARF      00000000 000a53 00010f 00      0   0  1
  [13] .rel.debug_line   REL             00000000 0015d8 000008 08     23  12  4
  [14] .debug_frame      MIPS_DWARF      00000000 000b64 000090 00      0   0  4
  [15] .rel.debug_frame  REL             00000000 0015e0 000040 08     23  14  4
  [16] .debug_pubnames   MIPS_DWARF      00000000 000bf4 000038 00      0   0  1
  [17] .rel.debug_pubnam REL             00000000 001620 000008 08     23  16  4
  [18] .debug_aranges    MIPS_DWARF      00000000 000c2c 000020 00      0   0  1
  [19] .rel.debug_arange REL             00000000 001628 000010 08     23  18  4
  [20] .debug_str        MIPS_DWARF      00000000 000c4c 000012 00      0   0  1
  [21] .comment          PROGBITS        00000000 000c5e 00002b 00      0   0  1
  [22] .shstrtab         STRTAB          00000000 000c89 0000ca 00      0   0  1
  [23] .symtab           SYMTAB          00000000 00113c 000230 10     24  22  4
  [24] .strtab           STRTAB          00000000 00136c 00013c 00      0   0  1
Key to Flags:
  W (write), A (alloc), X (execute), M (merge), S (strings)
  I (info), L (link order), G (group), x (unknown)
  O (extra OS processing required) o (OS specific), p (processor specific)

File: common_misc.a(sys_counter.o)
ELF Header:
  Magic:   7f 45 4c 46 01 01 01 00 00 00 00 00 00 00 00 00 
  Class:                             ELF32
  Data:                              2's complement, little endian
  Version:                           1 (current)
  OS/ABI:                            UNIX - System V
  ABI Version:                       0
  Type:                              REL (Relocatable file)
  Machine:                           MIPS R3000
  Version:                           0x1
  Entry point address:               0x0
  Start of program headers:          0 (bytes into file)
  Start of section headers:          6220 (bytes into file)
  Flags:                             0x50001001, noreorder, o32, mips32
  Size of this header:               52 (bytes)
  Size of program headers:           0 (bytes)
  Number of program headers:         0
  Size of section headers:           40 (bytes)
  Number of section headers:         25
  Section header string table index: 22

Section Headers:
  [Nr] Name              Type            Addr     Off    Size   ES Flg Lk Inf Al
  [ 0]                   NULL            00000000 000000 000000 00      0   0  0
  [ 1] .text             PROGBITS        00000000 000034 0002d4 00  AX  0   0  4
  [ 2] .rel.text         REL             00000000 002020 000088 08     23   1  4
  [ 3] .data             PROGBITS        00000000 000308 000000 00  WA  0   0  1
  [ 4] .bss              NOBITS          00000000 000308 000000 00  WA  0   0  1
  [ 5] .reginfo          MIPS_REGINFO    00000000 000308 000018 18      0   0  4
  [ 6] .pdr              PROGBITS        00000000 000320 000060 00      0   0  4
  [ 7] .rel.pdr          REL             00000000 0020a8 000018 08     23   6  4
  [ 8] .mdebug.abi32     PROGBITS        00000000 000380 000000 00      0   0  1
  [ 9] .debug_abbrev     MIPS_DWARF      00000000 000380 00015d 00      0   0  1
  [10] .debug_info       MIPS_DWARF      00000000 0004dd 0007d0 00      0   0  1
  [11] .rel.debug_info   REL             00000000 0020c0 0004a8 08     23  10  4
  [12] .debug_line       MIPS_DWARF      00000000 000cad 0001fa 00      0   0  1
  [13] .rel.debug_line   REL             00000000 002568 000008 08     23  12  4
  [14] .debug_frame      MIPS_DWARF      00000000 000ea8 000064 00      0   0  4
  [15] .rel.debug_frame  REL             00000000 002570 000030 08     23  14  4
  [16] .debug_pubnames   MIPS_DWARF      00000000 000f0c 00005c 00      0   0  1
  [17] .rel.debug_pubnam REL             00000000 0025a0 000008 08     23  16  4
  [18] .debug_aranges    MIPS_DWARF      00000000 000f68 000020 00      0   0  1
  [19] .rel.debug_arange REL             00000000 0025a8 000010 08     23  18  4
  [20] .debug_str        MIPS_DWARF      00000000 000f88 0007cd 01  MS  0   0  1
  [21] .comment          PROGBITS        00000000 001755 00002b 00      0   0  1
  [22] .shstrtab         STRTAB          00000000 001780 0000ca 00      0   0  1
  [23] .symtab           SYMTAB          00000000 001c34 000260 10     24  19  4
  [24] .strtab           STRTAB          00000000 001e94 00018a 00      0   0  1
Key to Flags:
  W (write), A (alloc), X (execute), M (merge), S (strings)
  I (info), L (link order), G (group), x (unknown)
  O (extra OS processing required) o (OS specific), p (processor specific)
