Archive member included because of file (symbol)

./../../../psp_rel/lib/api.a(audio_device_op_entry.o)
                              (audio_device_op_entry)
./../../../psp_rel/lib/api.a(key_op_entry.o)
                              (key_op_entry)
./../../../psp_rel/lib/api.a(lcd_op_entry.o)
                              (lcd_op_entry)
./../../../psp_rel/lib/api.a(libc_op_entry.o)
                              ./obj/main_setting.o (libc_op_entry)
./../../../psp_rel/lib/api.a(sys_op_entry.o)
                              ./../../lib/app_timer_rcode.o (sys_op_entry)
./../../../psp_rel/lib/api.a(ui_op_entry.o)
                              ./obj/main_setting.o (ui_op_entry)
./../../../psp_rel/lib/api.a(vfs_op_entry.o)
                              ./obj/main_setting.o (vfs_op_entry)
./../../../psp_rel/lib/api.a(base_op_entry.o)
                              (base_op_entry)

Memory Configuration

Name             Origin             Length             Attributes
*default*        0x0000000000000000 0xffffffffffffffff

Linker script and memory map

LOAD ./../../../psp_rel/include/link_base.xn
                0x0000000000000000                DRV_GROUP_STG_BASE = 0x0
                0x0000000000000001                DRV_GROUP_STG_CARD = 0x1
                0x0000000000000002                DRV_GROUP_STG_UHOST = 0x2
                0x0000000000000003                DRV_GROUP_FAT32 = 0x3
                0x0000000000000004                DRV_GROUP_EXFAT = 0x4
                0x0000000000000005                DRV_GROUP_UD = 0x5
                0x0000000000000006                DRV_GROUP_UI = 0x6
                0x0000000000000007                DRV_GROUP_LCD = 0x7
                0x0000000000000008                DRV_GROUP_FM = 0x8
                0x0000000000000009                DRV_GROUP_KEY = 0x9
                0x000000000000000a                DRV_GROUP_CCD = 0xa
                0x000000000000000b                DRV_GROUP_I2C = 0xb
                0x000000000000000c                DRV_GROUP_AUDIO_DEVICE = 0xc
                0x000000000000000d                DRV_GROUP_TTS = 0xd
                0x000000000000000e                DRV_GROUP_BT = 0xe
                0x000000000000000f                DRV_GROUP_SYS = 0xf
                0x000000000003ffff                SRAM_SIZE_MASK = 0x3ffff
                0x000000009fc00000                RDATA_ADDR_BASE = 0x9fc00000
                0x00000000bfc00000                RCODE_ADDR_BASE = 0xbfc00000
                0x0000000000000001                KERNEL_BANK_A = 0x1
                0x0000000000000002                KERNEL_BANK_B = 0x2
                0x0000000000000003                KERNEL_BANK_C = 0x3
                0x0000000000040000                BANK_SPACE = 0x40000
                0x0000000000000000                FRONT_AP = 0x0
                0x0000000000000001                BACK_AP = 0x1
                0x0000000000000002                PROCESS_MANAGER_AP = 0x2
                0x0000000000000000                FRONT_CODEC = 0x0
                0x0000000000000001                BACK_CODEC = 0x1
                0x0000000000000040                AP_BANK_FRONT_CONTROL_1 = 0x40
                0x0000000000000048                AP_BANK_FRONT_UI_1 = 0x48
                0x0000000000000050                AP_BANK_FRONT_BASAL = 0x50
                0x0000000000000058                AP_BANK_FRONT_CODEC = 0x58
                0x0000000000000060                AP_BANK_BACK_CONTROL_1 = 0x60
                0x0000000000000068                AP_BANK_BACK_BASAL = 0x68
                0x0000000000000070                AP_BANK_BACK_CODEC = 0x70
                0x0000000000000078                AP_BANK_FRONT_ENHANCED_1 = 0x78
                0x0000000000000071                AP_BANK_FRONT_ENHANCED_2 = 0x71
                0x000000000000007a                AP_BANK_BACK_ENHANCED_1 = 0x7a
                0x000000000000007b                AP_BANK_BACK_ENHANCED_2 = 0x7b
                0x0000000000000072                AP_BANK_BTENGINE_CONTROL_1 = 0x72
                0x0000000000000073                AP_BANK_BTENGINE_LIB_1 = 0x73
                0x0000000000000074                AP_BANK_BTENGINE_LIB_2 = 0x74
                0x0000000000000075                AP_BANK_BTENGINE_EXTEND_1 = 0x75
                0x0000000000000076                AP_BANK_BTENGINE_EXTEND_2 = 0x76
                0x0000000000000077                AP_BANK_BTENGINE_EXTEND_3 = 0x77
                0x000000000000007c                AP_BANK_BTENGINE_EXTEND_4 = 0x7c
                0x0000000000000079                AP_BANK_BTENGINE_EXTEND_5 = 0x79
                0x000000000000007f                AP_BANK_MANAGER = 0x7f
                0x0000000000000041                AP_BANK_AUTOTEST = 0x41
                0x0000000000000000                SROM_BROM_ADDR = 0x0
                0x0000000000002600                SROM_BROM_SIZE = 0x2600
                0x0000000000002600                SROM_SPINOR_ADDR = (SROM_BROM_ADDR + SROM_BROM_SIZE)
                0x0000000000000c00                SROM_SPINOR_SIZE = 0xc00
                0x0000000000003200                SROM_TWI_ADDR = (SROM_SPINOR_ADDR + SROM_SPINOR_SIZE)
                0x0000000000000700                SROM_TWI_SIZE = 0x700
                0x0000000000003900                SROM_STUB_ADDR = (SROM_TWI_ADDR + SROM_TWI_SIZE)
                0x0000000000000700                SROM_STUB_SIZE = 0x700
                0x0000000000000e00                SROM_SPINOR_SIZE_MDY = 0xe00
                0x0000000000003400                SROM_TWI_ADDR_MDY = (SROM_SPINOR_ADDR + SROM_SPINOR_SIZE_MDY)
                0x0000000000000700                SROM_TWI_SIZE_MDY = 0x700
                0x0000000000003b00                SROM_STUB_ADDR_MDY = (SROM_TWI_ADDR_MDY + SROM_TWI_SIZE_MDY)
                0x0000000000000500                SROM_STUB_SIZE_MDY = 0x500
                0x0000000000004000                SROM_KERNEL_ADDR = (SROM_STUB_ADDR + SROM_STUB_SIZE)
                0x0000000000004000                SROM_KERNEL_SIZE = 0x4000
                0x000000000000c000                SROM_FS_ADDR = 0xc000
                0x0000000000001c00                SROM_FS_SIZE = 0x1c00
                0x000000000000dc00                SROM_SPINOR1_ADDR = (SROM_FS_ADDR + SROM_FS_SIZE)
                0x0000000000000400                SROM_SPINOR1_SIZE = 0x400
                0x0000000000008000                SRAM_OS_RCODE_ADDR = 0x8000
                0x0000000000000c00                SRAM_OS_RCODE_SIZE = 0xc00
                0x0000000000008c00                SRAM_SPINOR_RCODE_ADDR = 0x8c00
                0x0000000000000400                SRAM_SPINOR_RCODE_SIZE = 0x400
                0x0000000000009000                SRAM_BANK_A_ADDR = 0x9000
                0x0000000000000400                SRAM_BANK_A_SIZE = 0x400
                0x0000000000009400                SRAM_BANK_B_ADDR = 0x9400
                0x0000000000000800                SRAM_BANK_B_SIZE = 0x800
                0x0000000000009c00                SRAM_UI_RCODE1_ADDR = 0x9c00
                0x0000000000000300                SRAM_UI_RCODE1_SIZE = 0x300
                0x0000000000009f00                SRAM_AUDIO_GLOBAL_DATA_ADDR = 0x9f00
                0x0000000000000060                SRAM_AUDIO_GLOBAL_DATA_SIZE = 0x60
                0x0000000000009f60                SRAM_UHOST_GLOBAL_DATA_ADDR = 0x9f60
                0x0000000000000010                SRAM_UHOST_GLOBAL_DATA_SIZE = 0x10
                0x0000000000009f70                SRAM_CARD_GLOBAL_DATA_ADDR = 0x9f70
                0x0000000000000010                SRAM_CARD_GLOBAL_DATA_SIZE = 0x10
                0x0000000000009f80                SRAM_SYS_SHARE_DATA_ADDR = 0x9f80
                0x0000000000000040                SRAM_SYS_SHARE_DATA_SIZE = 0x40
                0x0000000000009fc0                SRAM_RAM6_CCD_GLOBAL_DATA_ADDR = 0x9fc0
                0x0000000000000020                SRAM_RAM6_CCD_GLOBAL_DATA_SIZE = 0x20
                0x0000000000009fe0                SRAM_RAM6_RESEVER_ADDR = 0x9fe0
                0x0000000000000020                SRAM_RAM6_RESEVER_SIZE = 0x20
                0x000000000000a000                SRAM_LCD_RCODE_ADDR = 0xa000
                0x0000000000000800                SRAM_LCD_RCODE_SIZE = 0x800
                0x000000000000a800                SRAM_UI_RCODE2_ADDR = 0xa800
                0x0000000000001000                SRAM_UI_RCODE2_SIZE = 0x1000
                0x000000000000b800                SRAM_LCD_BUFFER_ADDR = 0xb800
                0x0000000000000400                SRAM_LCD_BUFFER_SIZE = 0x400
                0x000000000000bc00                SRAM_UI_DATA_ADDR = 0xbc00
                0x0000000000000400                SRAM_UI_DATA_SIZE = 0x400
                0x0000000000010000                SRAM_KEY_MESSAGE_RCODE_ADDR = 0x10000
                0x0000000000000a00                SRAM_KEY_MESSAGE_RCODE_SIZE = 0xa00
                0x0000000000010a00                SRAM_RAM0_RESEVER1_ADDR = 0x10a00
                0x0000000000000200                SRAM_RAM0_RESEVER1_SIZE = 0x200
                0x0000000000010c00                SRAM_AP_FRONT_BASAL_RCODE_ADDR = 0x10c00
                0x0000000000000100                SRAM_AP_FRONT_BASAL_RCODE_SIZE = 0x100
                0x0000000000010d00                SRAM_AP_BANK_BACK_CONTROL_ADDR = 0x10d00
                0x0000000000000800                SRAM_AP_BANK_BACK_CONTROL_SIZE = 0x800
                0x0000000000011500                SRAM_AP_BACK_RCODE_ADDR = 0x11500
                0x0000000000000800                SRAM_AP_BACK_RCODE_SIZE = 0x800
                0x0000000000000000                SRAM_AP_BANK_FRONT_CODEC_ADDR = 0x0
                0x0000000000000000                SRAM_AP_BANK_FRONT_CODEC_SIZE = 0x0
                0x0000000000011d00                SRAM_RAM0_RESEVER2_ADDR = 0x11d00
                0x0000000000000800                SRAM_RAM0_RESEVER2_SIZE = 0x800
                0x0000000000012500                SRAM_AP_BANK_FRONT_BASAL_ADDR = 0x12500
                0x0000000000000800                SRAM_AP_BANK_FRONT_BASAL_SIZE = 0x800
                0x0000000000012500                SRAM_AP_BANK_FRONT_ENHANCED_2_ADDR = SRAM_AP_BANK_FRONT_BASAL_ADDR
                0x0000000000000800                SRAM_AP_BANK_FRONT_ENHANCED_2_SIZE = SRAM_AP_BANK_FRONT_BASAL_SIZE
                0x0000000000012d00                SRAM_AP_BANK_BACK_BASAL_ADDR = 0x12d00
                0x0000000000000800                SRAM_AP_BANK_BACK_BASAL_SIZE = 0x800
                0x0000000000012d00                SRAM_AP_BANK_BACK_ENHANCED_1_ADDR = SRAM_AP_BANK_BACK_BASAL_ADDR
                0x0000000000000800                SRAM_AP_BANK_BACK_ENHANCED_1_SIZE = SRAM_AP_BANK_BACK_BASAL_SIZE
                0x0000000000013500                SRAM_AP_BACK_BASAL_RCODE_ADDR = 0x13500
                0x0000000000000800                SRAM_AP_BACK_BASAL_RCODE_SIZE = 0x800
                0x0000000000013d00                SRAM_KERNEL_BSS_ADDR = 0x13d00
                0x00000000000000e0                SRAM_KERNEL_BSS_SIZE = 0xe0
                0x0000000000013de0                SRAM_AP_MANAGER_ADDR = 0x13de0
                0x0000000000000200                SRAM_AP_MANAGER_SIZE = 0x200
                0x0000000000013fc0                SRAM_IRQ_DSP_PRINT_TEMP_ADDR = 0x13fc0
                0x0000000000000020                SRAM_IRQ_DSP_PRINT_TEMP_SIZE = 0x20
                0x0000000000013fe0                SRAM_IRQ_PRINT_BUFFER_ADDR = 0x13fe0
                0x0000000000000110                SRAM_IRQ_PRINT_BUFFER_SIZE = 0x110
                0x00000000000140f0                SRAM_DSP_PRINT_BUFFER_ADDR = 0x140f0
                0x0000000000000110                SRAM_DSP_PRINT_BUFFER_SIZE = 0x110
                0x0000000000014200                SRAM_LCD_DATA_ADDR = 0x14200
                0x0000000000000100                SRAM_LCD_DATA_SIZE = 0x100
                0x0000000000014300                SRAM_KEY_MESSAGE_DATA_ADDR = 0x14300
                0x0000000000000100                SRAM_KEY_MESSAGE_DATA_SIZE = 0x100
                0x0000000000014400                SRAM_AP_BANK_FRONT_UI_ADDR = 0x14400
                0x0000000000000800                SRAM_AP_BANK_FRONT_UI_SIZE = 0x800
                0x0000000000014c00                SRAM_AP_BANK_FRONT_CONTROL_ADDR = 0x14c00
                0x0000000000000800                SRAM_AP_BANK_FRONT_CONTROL_SIZE = 0x800
                0x0000000000015400                SRAM_AP_FRONT_DATA_ADDR = 0x15400
                0x0000000000000800                SRAM_AP_FRONT_DATA_SIZE = 0x800
                0x0000000000015c00                SRAM_AP_BACK_DATA_ADDR = 0x15c00
                0x0000000000000600                SRAM_AP_BACK_DATA_SIZE = 0x600
                0x0000000000016200                SRAM_AP_BANK_MANAGER_ADDR = 0x16200
                0x0000000000000200                SRAM_AP_BANK_MANAGER_SIZE = 0x200
                0x0000000000016400                SRAM_AP_FRONT_RCODE_ADDR = 0x16400
                0x0000000000000800                SRAM_AP_FRONT_RCODE_SIZE = 0x800
                0x0000000000016c00                SRAM_FS_RCODE_ADDR = 0x16c00
                0x0000000000000800                SRAM_FS_RCODE_SIZE = 0x800
                0x0000000000017400                SRAM_UI_RCODE3_ADDR = 0x17400
                0x0000000000000c00                SRAM_UI_RCODE3_SIZE = 0xc00
                0x0000000000017400                SRAM_CARD_UD_RCODE_ADDR = 0x17400
                0x0000000000000c00                SRAM_CARD_UD_RCODE_SIZE = 0xc00
                0x0000000000017400                SRAM_UHOST_UD_RCODE_ADDR = SRAM_CARD_UD_RCODE_ADDR
                0x0000000000000c00                SRAM_UHOST_UD_RCODE_SIZE = SRAM_CARD_UD_RCODE_SIZE
                0x0000000000018000                SRAM_FS_DATA_ADDR = 0x18000
                0x0000000000000300                SRAM_FS_DATA_SIZE = 0x300
                0x0000000000018300                SRAM_FS_BUF_ADDR = 0x18300
                0x0000000000000a00                SRAM_FS_BUF_SIZE = 0xa00
                0x0000000000018d00                SRAM_CARD_UD_CACHE_ADDR = 0x18d00
                0x0000000000000800                SRAM_CARD_UD_CACHE_SIZE = 0x800
                0x0000000000018d00                SRAM_UHOST_UD_CACHE_ADDR = SRAM_CARD_UD_CACHE_ADDR
                0x0000000000000800                SRAM_UHOST_UD_CACHE_SIZE = SRAM_CARD_UD_CACHE_SIZE
                0x0000000000019500                SRAM_CARD_DATA_ADDR = 0x19500
                0x0000000000000080                SRAM_CARD_DATA_SIZE = 0x80
                0x0000000000019500                SRAM_UHOST_DATA_ADDR = SRAM_CARD_DATA_ADDR
                0x0000000000000080                SRAM_UHOST_DATA_SIZE = SRAM_CARD_DATA_SIZE
                0x0000000000019580                SRAM_KERNEL_XSYS_ADDR = 0x19580
                0x0000000000000800                SRAM_KERNEL_XSYS_SIZE = 0x800
                0x0000000000019d80                SRAM_BANK_C_ADDR = 0x19d80
                0x0000000000000400                SRAM_BANK_C_SIZE = 0x400
                0x000000000001a180                SRAM_APPLIB_GLOBAL_DATA_ADDR = 0x1a180
                0x0000000000000100                SRAM_APPLIB_GLOBAL_DATA_SIZE = 0x100
                0x000000000001a280                SRAM_APPLIB_DATA_ADDR = 0x1a280
                0x0000000000000100                SRAM_APPLIB_DATA_SIZE = 0x100
                0x000000000001a380                SRAM_RAM1_RESEVER1_ADDR = 0x1a380
                0x0000000000000080                SRAM_RAM1_RESEVER1_SIZE = 0x80
                0x000000000001a400                SRAM_OS_DATA_ADDR = 0x1a400
                0x0000000000000880                SRAM_OS_DATA_SIZE = 0x880
                0x000000000001ac80                SRAM_OS_HEAP_ADDR = 0x1ac80
                0x0000000000000580                SRAM_OS_HEAP_SIZE = 0x580
                0x000000000001b200                SRAM_AP_BANK_FRONT_ENHANCED_1_ADDR = 0x1b200
                0x0000000000000800                SRAM_AP_BANK_FRONT_ENHANCED_1_SIZE = 0x800
                0x000000000001b200                SRAM_FM_DRV_RCODE_ADDR = SRAM_AP_BANK_FRONT_ENHANCED_1_ADDR
                0x0000000000000800                SRAM_FM_DRV_RCODE_SIZE = SRAM_AP_BANK_FRONT_ENHANCED_1_SIZE
                0x000000000001ba00                SRAM_OS_SD_SWAP_BUF_ADDR = 0x1ba00
                0x0000000000000200                SRAM_OS_SD_SWAP_BUF_SIZE = 0x200
                0x000000000001bc00                SRAM_OS_TASK_STACK_ADDR = 0x1bc00
                0x0000000000001a00                SRAM_OS_TASK_STACK_SIZE = 0x1a00
                0x000000000001d600                SRAM_OS_SYS_STACK_ADDR = 0x1d600
                0x0000000000000400                SRAM_OS_SYS_STACK_SIZE = 0x400
                0x000000000001da00                SRAM_RAM1_RESEVER2_ADDR = 0x1da00
                0x0000000000000600                SRAM_RAM1_RESEVER1_SIZE = 0x600
                0x0000000000027000                SRAM_AP_BACK_CODEC_RCODE_ADDR = 0x27000
                0x0000000000001000                SRAM_AP_BACK_CODEC_RCODE_SIZE = 0x1000
                0x0000000000028000                SRAM_AP_BANK_BACK_CODEC_ADDR = 0x28000
                0x0000000000001000                SRAM_AP_BANK_BACK_CODEC_SIZE = 0x1000
                0x0000000000028000                SRAM_AP_BANK_BACK_ENHANCED_2_ADDR = 0x28000
                0x0000000000000800                SRAM_AP_BANK_BACK_ENHANCED_2_SIZE = 0x800
                0x0000000000030000                SRAM_AP_USB_DEVICE_RCODE_ADDR = 0x30000
                0x0000000000004000                SRAM_AP_USB_DEVICE_RCODE_SIZE = 0x4000
                0x0000000000038000                SRAM_TWI_ADDR_MDY = 0x38000
                0x0000000000000700                SRAM_TWI_SIZE_MDY = SROM_TWI_SIZE_MDY
                0x0000000000040000                SRAM_INVALID_RCODE_ADDR = 0x40000
                0x0000000000000000                AP_INDEX = FRONT_AP
                0x0000000000016400                SRAM_TEXT_ADDR = SRAM_AP_FRONT_RCODE_ADDR
                0x0000000000015400                SRAM_DATA_ADDR = SRAM_AP_FRONT_DATA_ADDR
                0x00000000bfc16400                RCODE_TEXT_ADDR = (RCODE_ADDR_BASE + SRAM_TEXT_ADDR)
                0x000000009fc15400                RDATA_DATA_ADDR = (RDATA_ADDR_BASE + SRAM_DATA_ADDR)
                0x0000000040014c00                BANK_CONTROL_1_ADDR_BASE = ((AP_BANK_FRONT_CONTROL_1 << 0x18) + SRAM_AP_BANK_FRONT_CONTROL_ADDR)
                0x0000000048014400                BANK_UI_1_ADDR_BASE = ((AP_BANK_FRONT_UI_1 << 0x18) + SRAM_AP_BANK_FRONT_UI_ADDR)
                0x000000007801b200                BANK_ENHANCED_1_ADDR_BASE = ((AP_BANK_FRONT_ENHANCED_1 << 0x18) + SRAM_AP_BANK_FRONT_ENHANCED_1_ADDR)
                0x000000007101b200                BANK_ENHANCED_2_ADDR_BASE = ((AP_BANK_FRONT_ENHANCED_2 << 0x18) + SRAM_AP_BANK_FRONT_ENHANCED_1_ADDR)
                0x0000000000000800                BANK_CONTROL_SIZE = SRAM_AP_BANK_FRONT_CONTROL_SIZE
                0x0000000000000800                BANK_UI_SIZE = SRAM_AP_BANK_FRONT_UI_SIZE
                0x0000000000000600                BANK_UI_RESERVE_SIZE = (SRAM_AP_BANK_FRONT_UI_SIZE - 0x200)
                0x0000000000000800                BANK_ENHANCED1_SIZE = SRAM_AP_BANK_FRONT_ENHANCED_1_SIZE
                0x0000000000000800                BANK_ENHANCED2_SIZE = SRAM_AP_BANK_FRONT_ENHANCED_2_SIZE
                0x0000000000040000                AP_BANK_SPACE = BANK_SPACE
                0x000000009fc1a180                . = 0x9fc1a180

APP_GLOBE_DATA  0x000000009fc1a180      0x100
 applib_globe_data.o(.bss)
 .bss           0x000000009fc1a180       0x6c ./../../lib/applib_globe_data.o
                0x000000009fc1a180                g_sys_counter
                0x000000009fc1a194                g_app_info_vector
                0x000000009fc1a1e8                g_sys_shutdown_time
                0x000000009fc1a1dc                g_keytone_infor
                0x000000009fc1a190                config_fp
                0x000000009fc1a1b8                g_app_info_state
                0x000000009fc1a1e5                g_sys_time_second
                0x000000009fc1a1d0                g_app_last_state
                0x000000009fc1a280                . = 0x100
 *fill*         0x000000009fc1a1ec       0x94 00

.text           0x00000000bfc16400      0x190
 api.a(.text)
 app_timer_rcode.o(.text)
 .text          0x00000000bfc16400       0xbc ./../../lib/app_timer_rcode.o
                0x00000000bfc16401                handle_timers
 message_rcode.o(.text)
 .text          0x00000000bfc164bc       0xb4 ./../../lib/message_rcode.o
                0x00000000bfc164bd                get_gui_msg
                0x00000000bfc16529                get_app_msg
                0x00000000bfc164f5                get_sys_msg
 .text          0x00000000bfc16570        0x4 ./../../../psp_rel/lib/api.a(audio_device_op_entry.o)
                0x00000000bfc16571                audio_device_op_entry
 .text          0x00000000bfc16574        0x4 ./../../../psp_rel/lib/api.a(key_op_entry.o)
                0x00000000bfc16575                key_op_entry
 .text          0x00000000bfc16578        0x4 ./../../../psp_rel/lib/api.a(lcd_op_entry.o)
                0x00000000bfc16579                lcd_op_entry
 .text          0x00000000bfc1657c        0x4 ./../../../psp_rel/lib/api.a(libc_op_entry.o)
                0x00000000bfc1657d                libc_op_entry
 .text          0x00000000bfc16580        0x4 ./../../../psp_rel/lib/api.a(sys_op_entry.o)
                0x00000000bfc16581                sys_op_entry
 .text          0x00000000bfc16584        0x4 ./../../../psp_rel/lib/api.a(ui_op_entry.o)
                0x00000000bfc16585                ui_op_entry
 .text          0x00000000bfc16588        0x4 ./../../../psp_rel/lib/api.a(vfs_op_entry.o)
                0x00000000bfc16589                vfs_op_entry
 .text          0x00000000bfc1658c        0x4 ./../../../psp_rel/lib/api.a(base_op_entry.o)
                0x00000000bfc1658d                base_op_entry

.data           0x000000009fc15400        0x8 load address 0x00000000bfc16590
 *.o(.data)
 .data          0x000000009fc15400        0x8 ./obj/main_setting.o
                0x000000009fc15404                prio
                0x000000009fc15400                ptos

.bss            0x000000009fc15408      0x4a4
 main_setting.o(.bss)
 .bss           0x000000009fc15408      0x13c ./obj/main_setting.o
                0x000000009fc154f4                playlist_exist_flag
                0x000000009fc154a0                SN_buffer
                0x000000009fc15408                g_setting_vars
                0x000000009fc154f5                date_dd_location
                0x000000009fc154f8                g_vfs_mount_id
                0x000000009fc154fc                need_quit_ap_flag
                0x000000009fc154fd                set_language_id_argv
                0x000000009fc15500                setting_app_timer_vector
                0x000000009fc154f0                time
                0x000000009fc154f6                date_mm_location
                0x000000009fc154f3                music_exist_flag
                0x000000009fc154e4                menu_com
                0x000000009fc15540                current_disk
                0x000000009fc1543c                string_buffer
                0x000000009fc1542c                style
                0x000000009fc154ec                date
                0x000000009fc154f7                date_yy_location
                0x000000009fc15430                textbox_param
 menu_callback_sound_setting2.o(.bss)
 .bss           0x000000009fc15544       0x90 ./obj/menu_callback_sound_setting2.o
                0x000000009fc15544                s_param_com
                0x000000009fc1555c                s_param_item
                0x000000009fc1554c                s_param_private
 applib_app_data.o(.bss)
 .bss           0x000000009fc155d4       0x18 ./../../lib/applib_app_data.o
                0x000000009fc155e0                g_this_app_msg_dispatch
                0x000000009fc155e4                g_app_timer_vector
                0x000000009fc155d4                g_app_timer_count
                0x000000009fc155d8                g_this_app_info
                0x000000009fc155dc                thread_mutex
                0x000000009fc155e8                g_this_app_timer_tag
 common_ui_data.o(.bss)
 .bss           0x000000009fc155ec      0x18c ./../../lib/common_ui_data.o
                0x000000009fc1573d                g_icon_id
                0x000000009fc156a0                g_menu_items
                0x000000009fc1576c                g_anm_callback
                0x000000009fc15775                g_anm_direction
                0x000000009fc155f2                g_gui_direct
                0x000000009fc15744                this_headbar_style
                0x000000009fc1575f                g_ss_last_time
                0x000000009fc15774                g_anm_index
                0x000000009fc15761                g_ss_delay_flag
                0x000000009fc15654                dir_menu_title
                0x000000009fc15770                g_anm_sty_infor
                0x000000009fc15740                g_headbar_update
                0x000000009fc1572c                g_back_to_parent_func
                0x000000009fc155f1                sys_status_timer_id
                0x000000009fc15754                g_ss_mode_backup
                0x000000009fc15734                usb_selecting_state
                0x000000009fc15730                g_back_to_parant_arg
                0x000000009fc15764                g_com_paint_cb
                0x000000009fc155ec                sys_comval
                0x000000009fc1575d                g_ss_album_art_phase
                0x000000009fc15758                g_ss_clk_backup
                0x000000009fc1575e                g_ss_last_date
                0x000000009fc15751                this_headbar_mode
                0x000000009fc15755                g_ss_icon_backup
                0x000000009fc15738                volume_value_last
                0x000000009fc15752                g_so_time
                0x000000009fc15660                dir_control
                0x000000009fc15736                g_usb_timer_id
                0x000000009fc15756                g_ss_timer_id
                0x000000009fc15735                g_usb_auto_select
                0x000000009fc155f0                sys_counter_timer_id
                0x000000009fc1573f                g_battery_value
                0x000000009fc155f4                g_dir_browser
                0x000000009fc15678                last_dir_control
                0x000000009fc1573a                volume_enter_forbidden
                0x000000009fc1575c                g_ss_mode
                0x000000009fc15750                this_headbar_icon_id
                0x000000009fc1573e                g_sys_minute
                0x000000009fc15692                line_cnt
                0x000000009fc15600                g_file_list
                0x000000009fc15690                speed_control
                0x000000009fc1573c                g_battery_display
                0x000000009fc15760                g_ss_vip_event
                0x000000009fc15753                g_ss_tag_backup
                0x000000009fc15762                g_kl_time_is_up
                0x000000009fc1573b                g_vol_time_up_flag
                0x000000009fc15694                g_menu_title
 common_func_data.o(.bss)
 .bss           0x000000009fc15778       0x18 ./../../lib/common_func_data.o
                0x000000009fc15781                menu_history_valid
                0x000000009fc15784                dir_history_addr
                0x000000009fc1577c                confmenu_offset
                0x000000009fc1578d                g_keytone_backup
                0x000000009fc15778                confmenu_fp
                0x000000009fc1578c                this_filter_key_value
                0x000000009fc15788                menu_history_addr
                0x000000009fc15780                dir_history_valid
 eh_bs_rdata.o(.bss)
 .bss           0x000000009fc15790       0x34 ./../../../psp_rel/lib/lib_enhanced/eh_bs_rdata.o
                0x000000009fc15796                bs_file_total
                0x000000009fc1579c                list_layer_no
                0x000000009fc15798                bs_uspl_cur
                0x000000009fc157b4                g_bs_dir_loc
                0x000000009fc15794                bs_dir_total
                0x000000009fc15792                bs_select_fileno
                0x000000009fc157a4                plist_cur_tree
                0x000000009fc15790                bs_select_listno
 eh_rdata.o(.bss)
 .bss           0x000000009fc157c4       0x88 ./../../../psp_rel/lib/lib_enhanced/eh_rdata.o
                0x000000009fc15810                plist_list_layerno
                0x000000009fc157cc                file_total
                0x000000009fc1582a                dir_total
                0x000000009fc1580a                plist_file_total
                0x000000009fc157ea                write_data_flag
                0x000000009fc157f4                plist_item_info
                0x000000009fc157d8                obj_handle
                0x000000009fc1581e                plist_layer_offset
                0x000000009fc157c5                fsel_module_type
                0x000000009fc15832                dirlist_cur_file_folder_index
                0x000000009fc157f2                uspl_file_offset
                0x000000009fc157d4                root_dir
                0x000000009fc15828                m3u_curlist_index
                0x000000009fc15808                plist_type_selector
                0x000000009fc15838                dirlist_index_tbl
                0x000000009fc157f0                uspl_last_offset
                0x000000009fc1582c                dirlist_first_offset
                0x000000009fc157e8                save_read_offset
                0x000000009fc15834                dirlist_layer_offset
                0x000000009fc1581a                plist_start_file_index
                0x000000009fc157ee                uspl_first_offset
                0x000000009fc157e0                fsel_init_val
                0x000000009fc157dc                vfs_mount
                0x000000009fc157d0                cur_ext_name
                0x000000009fc1581c                plist_cur_file_index
                0x000000009fc157ca                file_no
                0x000000009fc157ec                uspl_file_total
                0x000000009fc157c8                shuffle_sw
                0x000000009fc15830                dirlist_file_offset
                0x000000009fc15818                plist_start_sort_index
                0x000000009fc157c4                loop_flag
                0x000000009fc157c7                dir_layer
                0x000000009fc1580c                plist_info_offset
                0x000000009fc157d6                obj_open_mode
                0x000000009fc157d7                obj_open_type
                0x000000009fc15820                lib_pfile_offset
                0x000000009fc1582e                dirlist_file_index_offset
                0x000000009fc157c6                fsel_error
                0x000000009fc157ce                g_file_index
 eh_fsel_rdata.o(.bss)
 .bss           0x000000009fc1584c       0x60 ./../../../psp_rel/lib/lib_enhanced/eh_fsel_rdata.o
                0x000000009fc158a9                cur_save_next_count
                0x000000009fc15858                member_map
                0x000000009fc15880                filtrate_shuffle_no
                0x000000009fc1587d                cur_group
                0x000000009fc158a4                cur_save_pt
                0x000000009fc1587b                member_max
                0x000000009fc1587c                use_member_flag
                0x000000009fc15850                group_map
                0x000000009fc158a8                cur_save_prev_count
                0x000000009fc1587e                cur_member
                0x000000009fc1587a                group_max
                0x000000009fc15878                member_avg
                0x000000009fc158a6                dir_no
                0x000000009fc15879                member_avg_group
                0x000000009fc158aa                cur_overturn_flag
                0x000000009fc1584c                shuffle_total
                0x000000009fc15884                play_num_list
 *(.sbss)
 *(.common)
 *(common)
                0x0000000040014c00                . = BANK_CONTROL_1_ADDR_BASE
                0x0000000000014c00                OFFSET = (. & 0x3ffff)

BANK_CONTROL_1_0
                0x0000000040014c00      0x800
 ctor.o(.text .rodata .xdata)
 .text          0x0000000040014c00       0xcc ./../../../psp_rel/lib/ctor.o
                0x0000000040014c01                process_start
                0x0000000040014c31                __start
                0x0000000000000800                . = BANK_CONTROL_SIZE
 *fill*         0x0000000040014ccc      0x734 00
                0x0000000040054400                . = (((. + AP_BANK_SPACE) & ~ ((AP_BANK_SPACE - 0x1))) + OFFSET)

BANK_CONTROL_1_1
                0x0000000040054c00      0x800
 main_setting.o(.text .rodata .xdata)
 .text          0x0000000040054c00      0x640 ./obj/main_setting.o
                0x0000000040054ce1                read_var
                0x0000000040054e35                setting_menu_func
                0x0000000040054d79                setting_callback
                0x0000000040054e65                music_file_init
                0x00000000400551a1                main
                0x0000000040055059                setting_app_deinit
                0x0000000040054ee9                music_get_filepath0
                0x0000000040054f25                setting_app_init
                0x0000000040054c65                check_plist_exit
 .rodata        0x0000000040055240       0xac ./obj/main_setting.o
                0x00000000400552d4                card_drv_name
                0x0000000040055240                theme_setting_res
                0x0000000040055284                themes_com
                0x00000000400552c8                flash_drv_name
                0x00000000400552e0                mplist_name
                0x0000000000000800                . = BANK_CONTROL_SIZE
 *fill*         0x00000000400552ec      0x114 00
                0x0000000040094400                . = (((. + AP_BANK_SPACE) & ~ ((AP_BANK_SPACE - 0x1))) + OFFSET)

BANK_CONTROL_1_2
                0x0000000040094c00      0x800
 menu_callback_display_setting.o(.text .rodata .xdata)
 .text          0x0000000040094c00      0x288 ./obj/menu_callback_display_setting.o
                0x0000000040094e35                set_screen_saver_off_callback
                0x0000000040094db5                set_light_time_30s_callback
                0x0000000040094d7d                set_light_time_10s_callback
                0x0000000040094d29                get_backlight_timer_option_callback
                0x0000000040094dd1                set_light_time_always_callback
                0x0000000040094d99                set_light_time_20s_callback
                0x0000000040094ded                get_screen_saver_option_callback
                0x0000000040094c29                set_brightness_callback
                0x0000000040094e51                set_screen_saver_clock_callback
                0x0000000040094c01                set_lightness_callback
                0x0000000040094e6d                set_screen_off_callback
 .rodata        0x0000000040094e88       0x14 ./obj/menu_callback_display_setting.o
                0x0000000040094e88                backlight_timer_text_table
                0x0000000040094e90                screen_saver_mode_text_table
                0x0000000000000800                . = BANK_CONTROL_SIZE
 *fill*         0x0000000040094e9c      0x564 00
                0x00000000400d4400                . = (((. + AP_BANK_SPACE) & ~ ((AP_BANK_SPACE - 0x1))) + OFFSET)

BANK_CONTROL_1_3
                0x00000000400d4c00      0x800
 menu_callback_language.o(.text .rodata .xdata)
 .text          0x00000000400d4c00      0x654 ./obj/menu_callback_language.o
                0x00000000400d4e65                set_spanish_callback
                0x00000000400d4e05                set_italian_callback
                0x00000000400d5015                set_hungarian_callback
                0x00000000400d5045                set_romanian_callback
                0x00000000400d50d5                set_slovenian_callback
                0x00000000400d51f5                set_finnish_callback
                0x00000000400d4d45                set_japanese_callback
                0x00000000400d5225                set_indonesian_callback
                0x00000000400d5105                set_greek_callback
                0x00000000400d50a5                set_croatian_callback
                0x00000000400d5135                set_norwegian_callback
                0x00000000400d4e35                set_dutch_callback
                0x00000000400d4da5                set_french_callback
                0x00000000400d4f25                set_poland_callback
                0x00000000400d51c5                set_slovak_callback
                0x00000000400d4f55                set_russian_callback
                0x00000000400d4ef5                set_denish_callback
                0x00000000400d4cb5                set_simplified_chinese_callback
                0x00000000400d5195                set_portuguese_brazilian_callback
                0x00000000400d5165                set_portuguese_european_callback
                0x00000000400d4fe5                set_thai_callback
                0x00000000400d4c1d                get_language_id_callback
                0x00000000400d4ce5                set_english_callback
                0x00000000400d4e95                set_swedish_callback
                0x00000000400d4f85                set_turkey_callback
                0x00000000400d4d15                set_trad_chinese_callback
                0x00000000400d4d75                set_korean_callback
                0x00000000400d4ec5                set_czech_callback
                0x00000000400d4c01                set_language_id_back2parent
                0x00000000400d4fb5                set_hebrew_callback
                0x00000000400d4dd5                set_germany_callback
                0x00000000400d5075                set_arabic_callback
 .rodata        0x00000000400d5254       0x38 ./obj/menu_callback_language.o
                0x00000000400d5254                language_text_table
                0x0000000000000800                . = BANK_CONTROL_SIZE
 *fill*         0x00000000400d528c      0x174 00
                0x0000000040114400                . = (((. + AP_BANK_SPACE) & ~ ((AP_BANK_SPACE - 0x1))) + OFFSET)

BANK_CONTROL_1_4
                0x0000000040114c00      0x800
 menu_callback_others.o(.text .rodata .xdata)
 .text          0x0000000040114c00      0x734 ./obj/menu_callback_others.o
                0x0000000040114f71                get_information_entry
                0x0000000040114d81                adjust_min_time
                0x0000000040114ec5                get_pc_connect_information_id_callback
                0x000000004011525d                show_music_type_callback
                0x0000000040115291                show_legal_information_callback
                0x00000000401150a9                show_disk_information_callback
                0x00000000401152c5                show_SN_code_callback
                0x0000000040114f09                set_storage_msc_callback
                0x0000000040114c01                get_shut_down_entry
                0x0000000040114d4d                shut_down_timer_off_callback
                0x0000000040114da5                shut_down_time_adjust_callback
                0x0000000040114fc5                show_player_information_callback
                0x0000000040114f51                explain_msc_callback
                0x0000000040114f61                explain_mtp_callback
                0x0000000040114f2d                set_storage_mtp_callback
 .rodata        0x0000000040115334       0x18 ./obj/menu_callback_others.o
                0x0000000040115334                legal_file
                0x0000000040115340                music_type_file
                0x0000000000000800                . = BANK_CONTROL_SIZE
 *fill*         0x000000004011534c       0xb4 00
                0x0000000040154400                . = (((. + AP_BANK_SPACE) & ~ ((AP_BANK_SPACE - 0x1))) + OFFSET)

BANK_CONTROL_1_5
                0x0000000040154c00      0x800
 menu_callback_play_mode.o(.text .rodata .xdata)
 .text          0x0000000040154c00      0x630 ./obj/menu_callback_play_mode.o
                0x0000000040154c01                option_callback
                0x0000000040154e65                set_music_from_artist_callback
                0x0000000040154c3d                music_get_playmode
                0x0000000040155161                set_music_shuffle_off_callback
                0x00000000401550e5                set_music_intro_callback
                0x0000000040154da5                set_music_source_to_engine
                0x00000000401550bd                set_music_repeat_all_callback
                0x000000004015510d                get_music_shuflle_option
                0x00000000401551d1                restore_factory_setting_for_music
                0x0000000040154e11                set_music_from_all_songs_callback
                0x0000000040154d11                music_get_filepath
                0x0000000040155199                set_music_shuffle_on_callback
                0x0000000040154ff1                get_music_repeat_mode_id_callback
                0x0000000040154f6d                set_music_from_genre_callback
                0x0000000040154cd5                switch_play_mode
                0x0000000040154d5d                music_change_filepath
                0x000000004015506d                set_music_repeat_off_callback
                0x0000000040154ee9                set_music_from_album_callback
                0x0000000040155095                set_music_repeat_one_callback
                0x0000000040154c89                music_set_playmode
                0x0000000000000800                . = BANK_CONTROL_SIZE
 *fill*         0x0000000040155230      0x1d0 00
                0x0000000040194400                . = (((. + AP_BANK_SPACE) & ~ ((AP_BANK_SPACE - 0x1))) + OFFSET)

BANK_CONTROL_1_6
                0x0000000040194c00      0x800
 menu_callback_time_setting.o(.text .rodata .xdata)
 .text          0x0000000040194c00      0x3e4 ./obj/menu_callback_time_setting.o
                0x0000000040194c45                set_time_format_12h_callback
                0x0000000040194c61                set_time_format_24h_callback
                0x0000000040194c01                get_time_format_callback
                0x0000000040194ce5                set_time_callback
                0x0000000040194c7d                ampm_adjust_func
 .rodata        0x0000000040194fe4        0x8 ./obj/menu_callback_time_setting.o
                0x0000000040194fe4                am_const
                0x0000000040194fe8                pm_const
                0x0000000000000800                . = BANK_CONTROL_SIZE
 *fill*         0x0000000040194fec      0x414 00
                0x00000000401d4400                . = (((. + AP_BANK_SPACE) & ~ ((AP_BANK_SPACE - 0x1))) + OFFSET)

BANK_CONTROL_1_7
                0x00000000401d4c00      0x800
 menu_callback_date_setting.o(.text .rodata .xdata)
 .text          0x00000000401d4c00      0x628 ./obj/menu_callback_date_setting.o
                0x00000000401d4c75                set_date_format_month_first_callback
                0x00000000401d4c59                set_date_format_day_first_callback
                0x00000000401d4c01                get_date_format_callback
                0x00000000401d4cad                date_adjust_func
                0x00000000401d4c91                set_date_format_year_first_callback
                0x00000000401d4dd1                set_date_callback
 .rodata        0x00000000401d5228        0xc ./obj/menu_callback_date_setting.o
                0x00000000401d5228                day_table
                0x0000000000000800                . = BANK_CONTROL_SIZE
 *fill*         0x00000000401d5234      0x1cc 00
                0x0000000040214400                . = (((. + AP_BANK_SPACE) & ~ ((AP_BANK_SPACE - 0x1))) + OFFSET)

BANK_CONTROL_1_8
                0x0000000040214c00      0x800
 menu_callback_sound_setting2.o(.text .rodata .xdata)
 .text          0x0000000040214c00      0x10c ./obj/menu_callback_sound_setting2.o
                0x0000000040214ce9                disable_key_tone_setting_callback
                0x0000000040214c71                get_key_tone_setting_callback
                0x0000000040214c01                set_volume_limit_callback
                0x0000000040214cc5                enable_key_tone_setting_callback
                0x0000000000000800                . = BANK_CONTROL_SIZE
 *fill*         0x0000000040214d0c      0x6f4 00
                0x0000000040254400                . = (((. + AP_BANK_SPACE) & ~ ((AP_BANK_SPACE - 0x1))) + OFFSET)

BANK_CONTROL_1_9
                0x0000000040254c00      0x800
 menu_callback_others_2.o(.text .rodata .xdata)
 .text          0x0000000040254c00      0x608 ./obj/menu_callback_others_2.o
                0x0000000040255055                dont_format_callback
                0x0000000040254e45                get_format_device_entry
                0x0000000040254cd9                deal_format
                0x000000004025518d                get_autorun_setting_callback
                0x0000000040254f01                format_card_callback
                0x0000000040254ea1                format_disk_callback
                0x00000000402551d1                disable_autorun_callback
                0x00000000402551ed                enable_autorun_callback
                0x0000000040254c41                _config_format_disk
                0x0000000040255065                dialog_restore_factory_setting_callback
 .rodata        0x0000000040255208       0x80 ./obj/menu_callback_others_2.o
                0x0000000000000800                . = BANK_CONTROL_SIZE
 *fill*         0x0000000040255288      0x178 00
                0x0000000040294400                . = (((. + AP_BANK_SPACE) & ~ ((AP_BANK_SPACE - 0x1))) + OFFSET)

BANK_CONTROL_1_10
                0x0000000040294c00      0x800
 menu_callback_autoupgrade_setting.o(.text .rodata .xdata)
 .text          0x0000000040294c00      0x1b8 ./obj/menu_callback_autoupgrade_setting.o
                0x0000000040294c01                ask_for_auto_upgrade
                0x0000000040294cf9                autoupgrade_menu_entry
 .rodata        0x0000000040294db8       0x4c ./obj/menu_callback_autoupgrade_setting.o
                0x0000000040294db8                fw_file_name
                0x0000000040294dd4                fw_ascfile_name
                0x0000000040294de0                fw_real_name
                0x0000000000000800                . = BANK_CONTROL_SIZE
 *fill*         0x0000000040294e04      0x5fc 00
                0x00000000402d4400                . = (((. + AP_BANK_SPACE) & ~ ((AP_BANK_SPACE - 0x1))) + OFFSET)

BANK_CONTROL_1_11
                0x00000000402d4c00      0xa2c
 ap_cfg_menu_setting.o(.text .rodata .xdata)
 .rodata        0x00000000402d4c00      0xa2c ./obj/ap_cfg_menu_setting.o
                0x00000000402d4c10                entry
                0x00000000402d4c40                item
                0x00000000402d4c00                entrymenu
                0x00000000402d4c30                item_head
LOAD ./../../../psp_rel/usermodule/enhanced/case_link_xn/setting_link.xn
LOAD ./../../../psp_rel/include/link_base.xn
                0x0000000000000000                DRV_GROUP_STG_BASE = 0x0
                0x0000000000000001                DRV_GROUP_STG_CARD = 0x1
                0x0000000000000002                DRV_GROUP_STG_UHOST = 0x2
                0x0000000000000003                DRV_GROUP_FAT32 = 0x3
                0x0000000000000004                DRV_GROUP_EXFAT = 0x4
                0x0000000000000005                DRV_GROUP_UD = 0x5
                0x0000000000000006                DRV_GROUP_UI = 0x6
                0x0000000000000007                DRV_GROUP_LCD = 0x7
                0x0000000000000008                DRV_GROUP_FM = 0x8
                0x0000000000000009                DRV_GROUP_KEY = 0x9
                0x000000000000000a                DRV_GROUP_CCD = 0xa
                0x000000000000000b                DRV_GROUP_I2C = 0xb
                0x000000000000000c                DRV_GROUP_AUDIO_DEVICE = 0xc
                0x000000000000000d                DRV_GROUP_TTS = 0xd
                0x000000000000000e                DRV_GROUP_BT = 0xe
                0x000000000000000f                DRV_GROUP_SYS = 0xf
                0x000000000003ffff                SRAM_SIZE_MASK = 0x3ffff
                0x000000009fc00000                RDATA_ADDR_BASE = 0x9fc00000
                0x00000000bfc00000                RCODE_ADDR_BASE = 0xbfc00000
                0x0000000000000001                KERNEL_BANK_A = 0x1
                0x0000000000000002                KERNEL_BANK_B = 0x2
                0x0000000000000003                KERNEL_BANK_C = 0x3
                0x0000000000040000                BANK_SPACE = 0x40000
                0x0000000000000000                FRONT_AP = 0x0
                0x0000000000000001                BACK_AP = 0x1
                0x0000000000000002                PROCESS_MANAGER_AP = 0x2
                0x0000000000000000                FRONT_CODEC = 0x0
                0x0000000000000001                BACK_CODEC = 0x1
                0x0000000000000040                AP_BANK_FRONT_CONTROL_1 = 0x40
                0x0000000000000048                AP_BANK_FRONT_UI_1 = 0x48
                0x0000000000000050                AP_BANK_FRONT_BASAL = 0x50
                0x0000000000000058                AP_BANK_FRONT_CODEC = 0x58
                0x0000000000000060                AP_BANK_BACK_CONTROL_1 = 0x60
                0x0000000000000068                AP_BANK_BACK_BASAL = 0x68
                0x0000000000000070                AP_BANK_BACK_CODEC = 0x70
                0x0000000000000078                AP_BANK_FRONT_ENHANCED_1 = 0x78
                0x0000000000000071                AP_BANK_FRONT_ENHANCED_2 = 0x71
                0x000000000000007a                AP_BANK_BACK_ENHANCED_1 = 0x7a
                0x000000000000007b                AP_BANK_BACK_ENHANCED_2 = 0x7b
                0x0000000000000072                AP_BANK_BTENGINE_CONTROL_1 = 0x72
                0x0000000000000073                AP_BANK_BTENGINE_LIB_1 = 0x73
                0x0000000000000074                AP_BANK_BTENGINE_LIB_2 = 0x74
                0x0000000000000075                AP_BANK_BTENGINE_EXTEND_1 = 0x75
                0x0000000000000076                AP_BANK_BTENGINE_EXTEND_2 = 0x76
                0x0000000000000077                AP_BANK_BTENGINE_EXTEND_3 = 0x77
                0x000000000000007c                AP_BANK_BTENGINE_EXTEND_4 = 0x7c
                0x0000000000000079                AP_BANK_BTENGINE_EXTEND_5 = 0x79
                0x000000000000007f                AP_BANK_MANAGER = 0x7f
                0x0000000000000041                AP_BANK_AUTOTEST = 0x41
                0x0000000000000000                SROM_BROM_ADDR = 0x0
                0x0000000000002600                SROM_BROM_SIZE = 0x2600
                0x0000000000002600                SROM_SPINOR_ADDR = (SROM_BROM_ADDR + SROM_BROM_SIZE)
                0x0000000000000c00                SROM_SPINOR_SIZE = 0xc00
                0x0000000000003200                SROM_TWI_ADDR = (SROM_SPINOR_ADDR + SROM_SPINOR_SIZE)
                0x0000000000000700                SROM_TWI_SIZE = 0x700
                0x0000000000003900                SROM_STUB_ADDR = (SROM_TWI_ADDR + SROM_TWI_SIZE)
                0x0000000000000700                SROM_STUB_SIZE = 0x700
                0x0000000000000e00                SROM_SPINOR_SIZE_MDY = 0xe00
                0x0000000000003400                SROM_TWI_ADDR_MDY = (SROM_SPINOR_ADDR + SROM_SPINOR_SIZE_MDY)
                0x0000000000000700                SROM_TWI_SIZE_MDY = 0x700
                0x0000000000003b00                SROM_STUB_ADDR_MDY = (SROM_TWI_ADDR_MDY + SROM_TWI_SIZE_MDY)
                0x0000000000000500                SROM_STUB_SIZE_MDY = 0x500
                0x0000000000004000                SROM_KERNEL_ADDR = (SROM_STUB_ADDR + SROM_STUB_SIZE)
                0x0000000000004000                SROM_KERNEL_SIZE = 0x4000
                0x000000000000c000                SROM_FS_ADDR = 0xc000
                0x0000000000001c00                SROM_FS_SIZE = 0x1c00
                0x000000000000dc00                SROM_SPINOR1_ADDR = (SROM_FS_ADDR + SROM_FS_SIZE)
                0x0000000000000400                SROM_SPINOR1_SIZE = 0x400
                0x0000000000008000                SRAM_OS_RCODE_ADDR = 0x8000
                0x0000000000000c00                SRAM_OS_RCODE_SIZE = 0xc00
                0x0000000000008c00                SRAM_SPINOR_RCODE_ADDR = 0x8c00
                0x0000000000000400                SRAM_SPINOR_RCODE_SIZE = 0x400
                0x0000000000009000                SRAM_BANK_A_ADDR = 0x9000
                0x0000000000000400                SRAM_BANK_A_SIZE = 0x400
                0x0000000000009400                SRAM_BANK_B_ADDR = 0x9400
                0x0000000000000800                SRAM_BANK_B_SIZE = 0x800
                0x0000000000009c00                SRAM_UI_RCODE1_ADDR = 0x9c00
                0x0000000000000300                SRAM_UI_RCODE1_SIZE = 0x300
                0x0000000000009f00                SRAM_AUDIO_GLOBAL_DATA_ADDR = 0x9f00
                0x0000000000000060                SRAM_AUDIO_GLOBAL_DATA_SIZE = 0x60
                0x0000000000009f60                SRAM_UHOST_GLOBAL_DATA_ADDR = 0x9f60
                0x0000000000000010                SRAM_UHOST_GLOBAL_DATA_SIZE = 0x10
                0x0000000000009f70                SRAM_CARD_GLOBAL_DATA_ADDR = 0x9f70
                0x0000000000000010                SRAM_CARD_GLOBAL_DATA_SIZE = 0x10
                0x0000000000009f80                SRAM_SYS_SHARE_DATA_ADDR = 0x9f80
                0x0000000000000040                SRAM_SYS_SHARE_DATA_SIZE = 0x40
                0x0000000000009fc0                SRAM_RAM6_CCD_GLOBAL_DATA_ADDR = 0x9fc0
                0x0000000000000020                SRAM_RAM6_CCD_GLOBAL_DATA_SIZE = 0x20
                0x0000000000009fe0                SRAM_RAM6_RESEVER_ADDR = 0x9fe0
                0x0000000000000020                SRAM_RAM6_RESEVER_SIZE = 0x20
                0x000000000000a000                SRAM_LCD_RCODE_ADDR = 0xa000
                0x0000000000000800                SRAM_LCD_RCODE_SIZE = 0x800
                0x000000000000a800                SRAM_UI_RCODE2_ADDR = 0xa800
                0x0000000000001000                SRAM_UI_RCODE2_SIZE = 0x1000
                0x000000000000b800                SRAM_LCD_BUFFER_ADDR = 0xb800
                0x0000000000000400                SRAM_LCD_BUFFER_SIZE = 0x400
                0x000000000000bc00                SRAM_UI_DATA_ADDR = 0xbc00
                0x0000000000000400                SRAM_UI_DATA_SIZE = 0x400
                0x0000000000010000                SRAM_KEY_MESSAGE_RCODE_ADDR = 0x10000
                0x0000000000000a00                SRAM_KEY_MESSAGE_RCODE_SIZE = 0xa00
                0x0000000000010a00                SRAM_RAM0_RESEVER1_ADDR = 0x10a00
                0x0000000000000200                SRAM_RAM0_RESEVER1_SIZE = 0x200
                0x0000000000010c00                SRAM_AP_FRONT_BASAL_RCODE_ADDR = 0x10c00
                0x0000000000000100                SRAM_AP_FRONT_BASAL_RCODE_SIZE = 0x100
                0x0000000000010d00                SRAM_AP_BANK_BACK_CONTROL_ADDR = 0x10d00
                0x0000000000000800                SRAM_AP_BANK_BACK_CONTROL_SIZE = 0x800
                0x0000000000011500                SRAM_AP_BACK_RCODE_ADDR = 0x11500
                0x0000000000000800                SRAM_AP_BACK_RCODE_SIZE = 0x800
                0x0000000000000000                SRAM_AP_BANK_FRONT_CODEC_ADDR = 0x0
                0x0000000000000000                SRAM_AP_BANK_FRONT_CODEC_SIZE = 0x0
                0x0000000000011d00                SRAM_RAM0_RESEVER2_ADDR = 0x11d00
                0x0000000000000800                SRAM_RAM0_RESEVER2_SIZE = 0x800
                0x0000000000012500                SRAM_AP_BANK_FRONT_BASAL_ADDR = 0x12500
                0x0000000000000800                SRAM_AP_BANK_FRONT_BASAL_SIZE = 0x800
                0x0000000000012500                SRAM_AP_BANK_FRONT_ENHANCED_2_ADDR = SRAM_AP_BANK_FRONT_BASAL_ADDR
                0x0000000000000800                SRAM_AP_BANK_FRONT_ENHANCED_2_SIZE = SRAM_AP_BANK_FRONT_BASAL_SIZE
                0x0000000000012d00                SRAM_AP_BANK_BACK_BASAL_ADDR = 0x12d00
                0x0000000000000800                SRAM_AP_BANK_BACK_BASAL_SIZE = 0x800
                0x0000000000012d00                SRAM_AP_BANK_BACK_ENHANCED_1_ADDR = SRAM_AP_BANK_BACK_BASAL_ADDR
                0x0000000000000800                SRAM_AP_BANK_BACK_ENHANCED_1_SIZE = SRAM_AP_BANK_BACK_BASAL_SIZE
                0x0000000000013500                SRAM_AP_BACK_BASAL_RCODE_ADDR = 0x13500
                0x0000000000000800                SRAM_AP_BACK_BASAL_RCODE_SIZE = 0x800
                0x0000000000013d00                SRAM_KERNEL_BSS_ADDR = 0x13d00
                0x00000000000000e0                SRAM_KERNEL_BSS_SIZE = 0xe0
                0x0000000000013de0                SRAM_AP_MANAGER_ADDR = 0x13de0
                0x0000000000000200                SRAM_AP_MANAGER_SIZE = 0x200
                0x0000000000013fc0                SRAM_IRQ_DSP_PRINT_TEMP_ADDR = 0x13fc0
                0x0000000000000020                SRAM_IRQ_DSP_PRINT_TEMP_SIZE = 0x20
                0x0000000000013fe0                SRAM_IRQ_PRINT_BUFFER_ADDR = 0x13fe0
                0x0000000000000110                SRAM_IRQ_PRINT_BUFFER_SIZE = 0x110
                0x00000000000140f0                SRAM_DSP_PRINT_BUFFER_ADDR = 0x140f0
                0x0000000000000110                SRAM_DSP_PRINT_BUFFER_SIZE = 0x110
                0x0000000000014200                SRAM_LCD_DATA_ADDR = 0x14200
                0x0000000000000100                SRAM_LCD_DATA_SIZE = 0x100
                0x0000000000014300                SRAM_KEY_MESSAGE_DATA_ADDR = 0x14300
                0x0000000000000100                SRAM_KEY_MESSAGE_DATA_SIZE = 0x100
                0x0000000000014400                SRAM_AP_BANK_FRONT_UI_ADDR = 0x14400
                0x0000000000000800                SRAM_AP_BANK_FRONT_UI_SIZE = 0x800
                0x0000000000014c00                SRAM_AP_BANK_FRONT_CONTROL_ADDR = 0x14c00
                0x0000000000000800                SRAM_AP_BANK_FRONT_CONTROL_SIZE = 0x800
                0x0000000000015400                SRAM_AP_FRONT_DATA_ADDR = 0x15400
                0x0000000000000800                SRAM_AP_FRONT_DATA_SIZE = 0x800
                0x0000000000015c00                SRAM_AP_BACK_DATA_ADDR = 0x15c00
                0x0000000000000600                SRAM_AP_BACK_DATA_SIZE = 0x600
                0x0000000000016200                SRAM_AP_BANK_MANAGER_ADDR = 0x16200
                0x0000000000000200                SRAM_AP_BANK_MANAGER_SIZE = 0x200
                0x0000000000016400                SRAM_AP_FRONT_RCODE_ADDR = 0x16400
                0x0000000000000800                SRAM_AP_FRONT_RCODE_SIZE = 0x800
                0x0000000000016c00                SRAM_FS_RCODE_ADDR = 0x16c00
                0x0000000000000800                SRAM_FS_RCODE_SIZE = 0x800
                0x0000000000017400                SRAM_UI_RCODE3_ADDR = 0x17400
                0x0000000000000c00                SRAM_UI_RCODE3_SIZE = 0xc00
                0x0000000000017400                SRAM_CARD_UD_RCODE_ADDR = 0x17400
                0x0000000000000c00                SRAM_CARD_UD_RCODE_SIZE = 0xc00
                0x0000000000017400                SRAM_UHOST_UD_RCODE_ADDR = SRAM_CARD_UD_RCODE_ADDR
                0x0000000000000c00                SRAM_UHOST_UD_RCODE_SIZE = SRAM_CARD_UD_RCODE_SIZE
                0x0000000000018000                SRAM_FS_DATA_ADDR = 0x18000
                0x0000000000000300                SRAM_FS_DATA_SIZE = 0x300
                0x0000000000018300                SRAM_FS_BUF_ADDR = 0x18300
                0x0000000000000a00                SRAM_FS_BUF_SIZE = 0xa00
                0x0000000000018d00                SRAM_CARD_UD_CACHE_ADDR = 0x18d00
                0x0000000000000800                SRAM_CARD_UD_CACHE_SIZE = 0x800
                0x0000000000018d00                SRAM_UHOST_UD_CACHE_ADDR = SRAM_CARD_UD_CACHE_ADDR
                0x0000000000000800                SRAM_UHOST_UD_CACHE_SIZE = SRAM_CARD_UD_CACHE_SIZE
                0x0000000000019500                SRAM_CARD_DATA_ADDR = 0x19500
                0x0000000000000080                SRAM_CARD_DATA_SIZE = 0x80
                0x0000000000019500                SRAM_UHOST_DATA_ADDR = SRAM_CARD_DATA_ADDR
                0x0000000000000080                SRAM_UHOST_DATA_SIZE = SRAM_CARD_DATA_SIZE
                0x0000000000019580                SRAM_KERNEL_XSYS_ADDR = 0x19580
                0x0000000000000800                SRAM_KERNEL_XSYS_SIZE = 0x800
                0x0000000000019d80                SRAM_BANK_C_ADDR = 0x19d80
                0x0000000000000400                SRAM_BANK_C_SIZE = 0x400
                0x000000000001a180                SRAM_APPLIB_GLOBAL_DATA_ADDR = 0x1a180
                0x0000000000000100                SRAM_APPLIB_GLOBAL_DATA_SIZE = 0x100
                0x000000000001a280                SRAM_APPLIB_DATA_ADDR = 0x1a280
                0x0000000000000100                SRAM_APPLIB_DATA_SIZE = 0x100
                0x000000000001a380                SRAM_RAM1_RESEVER1_ADDR = 0x1a380
                0x0000000000000080                SRAM_RAM1_RESEVER1_SIZE = 0x80
                0x000000000001a400                SRAM_OS_DATA_ADDR = 0x1a400
                0x0000000000000880                SRAM_OS_DATA_SIZE = 0x880
                0x000000000001ac80                SRAM_OS_HEAP_ADDR = 0x1ac80
                0x0000000000000580                SRAM_OS_HEAP_SIZE = 0x580
                0x000000000001b200                SRAM_AP_BANK_FRONT_ENHANCED_1_ADDR = 0x1b200
                0x0000000000000800                SRAM_AP_BANK_FRONT_ENHANCED_1_SIZE = 0x800
                0x000000000001b200                SRAM_FM_DRV_RCODE_ADDR = SRAM_AP_BANK_FRONT_ENHANCED_1_ADDR
                0x0000000000000800                SRAM_FM_DRV_RCODE_SIZE = SRAM_AP_BANK_FRONT_ENHANCED_1_SIZE
                0x000000000001ba00                SRAM_OS_SD_SWAP_BUF_ADDR = 0x1ba00
                0x0000000000000200                SRAM_OS_SD_SWAP_BUF_SIZE = 0x200
                0x000000000001bc00                SRAM_OS_TASK_STACK_ADDR = 0x1bc00
                0x0000000000001a00                SRAM_OS_TASK_STACK_SIZE = 0x1a00
                0x000000000001d600                SRAM_OS_SYS_STACK_ADDR = 0x1d600
                0x0000000000000400                SRAM_OS_SYS_STACK_SIZE = 0x400
                0x000000000001da00                SRAM_RAM1_RESEVER2_ADDR = 0x1da00
                0x0000000000000600                SRAM_RAM1_RESEVER1_SIZE = 0x600
                0x0000000000027000                SRAM_AP_BACK_CODEC_RCODE_ADDR = 0x27000
                0x0000000000001000                SRAM_AP_BACK_CODEC_RCODE_SIZE = 0x1000
                0x0000000000028000                SRAM_AP_BANK_BACK_CODEC_ADDR = 0x28000
                0x0000000000001000                SRAM_AP_BANK_BACK_CODEC_SIZE = 0x1000
                0x0000000000028000                SRAM_AP_BANK_BACK_ENHANCED_2_ADDR = 0x28000
                0x0000000000000800                SRAM_AP_BANK_BACK_ENHANCED_2_SIZE = 0x800
                0x0000000000030000                SRAM_AP_USB_DEVICE_RCODE_ADDR = 0x30000
                0x0000000000004000                SRAM_AP_USB_DEVICE_RCODE_SIZE = 0x4000
                0x0000000000038000                SRAM_TWI_ADDR_MDY = 0x38000
                0x0000000000000700                SRAM_TWI_SIZE_MDY = SROM_TWI_SIZE_MDY
                0x0000000000040000                SRAM_INVALID_RCODE_ADDR = 0x40000
                0x0000000000000000                AP_INDEX = FRONT_AP
                0x0000000040014c00                BANK_CONTROL_1_ADDR_BASE = ((AP_BANK_FRONT_CONTROL_1 << 0x18) + SRAM_AP_BANK_FRONT_CONTROL_ADDR)
                0x0000000048014400                BANK_UI_1_ADDR_BASE = ((AP_BANK_FRONT_UI_1 << 0x18) + SRAM_AP_BANK_FRONT_UI_ADDR)
                0x000000007801b200                BANK_FRONT_ENHANCED_1_ADDR_BASE = ((AP_BANK_FRONT_ENHANCED_1 << 0x18) + SRAM_AP_BANK_FRONT_ENHANCED_1_ADDR)
                0x0000000071012500                BANK_FRONT_ENHANCED_2_ADDR_BASE = ((AP_BANK_FRONT_ENHANCED_2 << 0x18) + SRAM_AP_BANK_FRONT_ENHANCED_2_ADDR)
                0x000000007a012d00                BANK_BACK_ENHANCED_1_ADDR_BASE = ((AP_BANK_BACK_ENHANCED_1 << 0x18) + SRAM_AP_BANK_BACK_ENHANCED_1_ADDR)
                0x000000007b028000                BANK_BACK_ENHANCED_2_ADDR_BASE = ((AP_BANK_BACK_ENHANCED_2 << 0x18) + SRAM_AP_BANK_BACK_ENHANCED_2_ADDR)
                0x0000000000000800                BANK_CONTROL_SIZE = SRAM_AP_BANK_FRONT_CONTROL_SIZE
                0x0000000000000800                BANK_UI_SIZE = SRAM_AP_BANK_FRONT_UI_SIZE
                0x0000000000000800                BANK_FRONT_ENHANCED1_SIZE = SRAM_AP_BANK_FRONT_ENHANCED_1_SIZE
                0x0000000000000800                BANK_FRONT_ENHANCED2_SIZE = SRAM_AP_BANK_FRONT_ENHANCED_2_SIZE
                0x0000000000000800                BANK_BACK_ENHANCED1_SIZE = SRAM_AP_BANK_BACK_ENHANCED_1_SIZE
                0x0000000000000800                BANK_BACK_ENHANCED2_SIZE = SRAM_AP_BANK_BACK_ENHANCED_2_SIZE
                0x0000000000040000                AP_BANK_SPACE = BANK_SPACE
                0x000000007801b200                . = BANK_FRONT_ENHANCED_1_ADDR_BASE
                0x000000000001b200                OFFSET = (. & 0x3ffff)

BANK_FRONT_ENHANCED_COMM_1_0
                0x000000007801b200      0x800
 eh_module.o(.text .rodata .xdata)
 .text          0x000000007801b200      0x4f8 ./../../../psp_rel/lib/lib_enhanced/eh_module.o
                0x000000007801b299                set_fileindex
                0x000000007801b219                select_dir_or_dirlist
                0x000000007801b5d1                fsel_exit
                0x000000007801b281                get_fileindex
                0x000000007801b6e1                fsel_get_error
                0x000000007801b2f5                fsel_init
                0x000000007801b2b1                set_dirlist_file_index_tbl
                0x000000007801b2d5                get_dirlist_file_index_tbl
                0x000000007801b201                get_current_disk
 .rodata        0x000000007801b6f8       0x30 ./../../../psp_rel/lib/lib_enhanced/eh_module.o
 .xdata         0x000000007801b728      0x204 ./../../../psp_rel/lib/lib_enhanced/eh_module.o
                0x000000007801b72c                temp_module_buf
                0x0000000000000800                . = BANK_FRONT_ENHANCED1_SIZE
 *fill*         0x000000007801b92c       0xd4 00
LOAD ./../common/common_front_no_selector.xn
LOAD ./../../../psp_rel/include/link_base.xn
                0x0000000000000000                DRV_GROUP_STG_BASE = 0x0
                0x0000000000000001                DRV_GROUP_STG_CARD = 0x1
                0x0000000000000002                DRV_GROUP_STG_UHOST = 0x2
                0x0000000000000003                DRV_GROUP_FAT32 = 0x3
                0x0000000000000004                DRV_GROUP_EXFAT = 0x4
                0x0000000000000005                DRV_GROUP_UD = 0x5
                0x0000000000000006                DRV_GROUP_UI = 0x6
                0x0000000000000007                DRV_GROUP_LCD = 0x7
                0x0000000000000008                DRV_GROUP_FM = 0x8
                0x0000000000000009                DRV_GROUP_KEY = 0x9
                0x000000000000000a                DRV_GROUP_CCD = 0xa
                0x000000000000000b                DRV_GROUP_I2C = 0xb
                0x000000000000000c                DRV_GROUP_AUDIO_DEVICE = 0xc
                0x000000000000000d                DRV_GROUP_TTS = 0xd
                0x000000000000000e                DRV_GROUP_BT = 0xe
                0x000000000000000f                DRV_GROUP_SYS = 0xf
                0x000000000003ffff                SRAM_SIZE_MASK = 0x3ffff
                0x000000009fc00000                RDATA_ADDR_BASE = 0x9fc00000
                0x00000000bfc00000                RCODE_ADDR_BASE = 0xbfc00000
                0x0000000000000001                KERNEL_BANK_A = 0x1
                0x0000000000000002                KERNEL_BANK_B = 0x2
                0x0000000000000003                KERNEL_BANK_C = 0x3
                0x0000000000040000                BANK_SPACE = 0x40000
                0x0000000000000000                FRONT_AP = 0x0
                0x0000000000000001                BACK_AP = 0x1
                0x0000000000000002                PROCESS_MANAGER_AP = 0x2
                0x0000000000000000                FRONT_CODEC = 0x0
                0x0000000000000001                BACK_CODEC = 0x1
                0x0000000000000040                AP_BANK_FRONT_CONTROL_1 = 0x40
                0x0000000000000048                AP_BANK_FRONT_UI_1 = 0x48
                0x0000000000000050                AP_BANK_FRONT_BASAL = 0x50
                0x0000000000000058                AP_BANK_FRONT_CODEC = 0x58
                0x0000000000000060                AP_BANK_BACK_CONTROL_1 = 0x60
                0x0000000000000068                AP_BANK_BACK_BASAL = 0x68
                0x0000000000000070                AP_BANK_BACK_CODEC = 0x70
                0x0000000000000078                AP_BANK_FRONT_ENHANCED_1 = 0x78
                0x0000000000000071                AP_BANK_FRONT_ENHANCED_2 = 0x71
                0x000000000000007a                AP_BANK_BACK_ENHANCED_1 = 0x7a
                0x000000000000007b                AP_BANK_BACK_ENHANCED_2 = 0x7b
                0x0000000000000072                AP_BANK_BTENGINE_CONTROL_1 = 0x72
                0x0000000000000073                AP_BANK_BTENGINE_LIB_1 = 0x73
                0x0000000000000074                AP_BANK_BTENGINE_LIB_2 = 0x74
                0x0000000000000075                AP_BANK_BTENGINE_EXTEND_1 = 0x75
                0x0000000000000076                AP_BANK_BTENGINE_EXTEND_2 = 0x76
                0x0000000000000077                AP_BANK_BTENGINE_EXTEND_3 = 0x77
                0x000000000000007c                AP_BANK_BTENGINE_EXTEND_4 = 0x7c
                0x0000000000000079                AP_BANK_BTENGINE_EXTEND_5 = 0x79
                0x000000000000007f                AP_BANK_MANAGER = 0x7f
                0x0000000000000041                AP_BANK_AUTOTEST = 0x41
                0x0000000000000000                SROM_BROM_ADDR = 0x0
                0x0000000000002600                SROM_BROM_SIZE = 0x2600
                0x0000000000002600                SROM_SPINOR_ADDR = (SROM_BROM_ADDR + SROM_BROM_SIZE)
                0x0000000000000c00                SROM_SPINOR_SIZE = 0xc00
                0x0000000000003200                SROM_TWI_ADDR = (SROM_SPINOR_ADDR + SROM_SPINOR_SIZE)
                0x0000000000000700                SROM_TWI_SIZE = 0x700
                0x0000000000003900                SROM_STUB_ADDR = (SROM_TWI_ADDR + SROM_TWI_SIZE)
                0x0000000000000700                SROM_STUB_SIZE = 0x700
                0x0000000000000e00                SROM_SPINOR_SIZE_MDY = 0xe00
                0x0000000000003400                SROM_TWI_ADDR_MDY = (SROM_SPINOR_ADDR + SROM_SPINOR_SIZE_MDY)
                0x0000000000000700                SROM_TWI_SIZE_MDY = 0x700
                0x0000000000003b00                SROM_STUB_ADDR_MDY = (SROM_TWI_ADDR_MDY + SROM_TWI_SIZE_MDY)
                0x0000000000000500                SROM_STUB_SIZE_MDY = 0x500
                0x0000000000004000                SROM_KERNEL_ADDR = (SROM_STUB_ADDR + SROM_STUB_SIZE)
                0x0000000000004000                SROM_KERNEL_SIZE = 0x4000
                0x000000000000c000                SROM_FS_ADDR = 0xc000
                0x0000000000001c00                SROM_FS_SIZE = 0x1c00
                0x000000000000dc00                SROM_SPINOR1_ADDR = (SROM_FS_ADDR + SROM_FS_SIZE)
                0x0000000000000400                SROM_SPINOR1_SIZE = 0x400
                0x0000000000008000                SRAM_OS_RCODE_ADDR = 0x8000
                0x0000000000000c00                SRAM_OS_RCODE_SIZE = 0xc00
                0x0000000000008c00                SRAM_SPINOR_RCODE_ADDR = 0x8c00
                0x0000000000000400                SRAM_SPINOR_RCODE_SIZE = 0x400
                0x0000000000009000                SRAM_BANK_A_ADDR = 0x9000
                0x0000000000000400                SRAM_BANK_A_SIZE = 0x400
                0x0000000000009400                SRAM_BANK_B_ADDR = 0x9400
                0x0000000000000800                SRAM_BANK_B_SIZE = 0x800
                0x0000000000009c00                SRAM_UI_RCODE1_ADDR = 0x9c00
                0x0000000000000300                SRAM_UI_RCODE1_SIZE = 0x300
                0x0000000000009f00                SRAM_AUDIO_GLOBAL_DATA_ADDR = 0x9f00
                0x0000000000000060                SRAM_AUDIO_GLOBAL_DATA_SIZE = 0x60
                0x0000000000009f60                SRAM_UHOST_GLOBAL_DATA_ADDR = 0x9f60
                0x0000000000000010                SRAM_UHOST_GLOBAL_DATA_SIZE = 0x10
                0x0000000000009f70                SRAM_CARD_GLOBAL_DATA_ADDR = 0x9f70
                0x0000000000000010                SRAM_CARD_GLOBAL_DATA_SIZE = 0x10
                0x0000000000009f80                SRAM_SYS_SHARE_DATA_ADDR = 0x9f80
                0x0000000000000040                SRAM_SYS_SHARE_DATA_SIZE = 0x40
                0x0000000000009fc0                SRAM_RAM6_CCD_GLOBAL_DATA_ADDR = 0x9fc0
                0x0000000000000020                SRAM_RAM6_CCD_GLOBAL_DATA_SIZE = 0x20
                0x0000000000009fe0                SRAM_RAM6_RESEVER_ADDR = 0x9fe0
                0x0000000000000020                SRAM_RAM6_RESEVER_SIZE = 0x20
                0x000000000000a000                SRAM_LCD_RCODE_ADDR = 0xa000
                0x0000000000000800                SRAM_LCD_RCODE_SIZE = 0x800
                0x000000000000a800                SRAM_UI_RCODE2_ADDR = 0xa800
                0x0000000000001000                SRAM_UI_RCODE2_SIZE = 0x1000
                0x000000000000b800                SRAM_LCD_BUFFER_ADDR = 0xb800
                0x0000000000000400                SRAM_LCD_BUFFER_SIZE = 0x400
                0x000000000000bc00                SRAM_UI_DATA_ADDR = 0xbc00
                0x0000000000000400                SRAM_UI_DATA_SIZE = 0x400
                0x0000000000010000                SRAM_KEY_MESSAGE_RCODE_ADDR = 0x10000
                0x0000000000000a00                SRAM_KEY_MESSAGE_RCODE_SIZE = 0xa00
                0x0000000000010a00                SRAM_RAM0_RESEVER1_ADDR = 0x10a00
                0x0000000000000200                SRAM_RAM0_RESEVER1_SIZE = 0x200
                0x0000000000010c00                SRAM_AP_FRONT_BASAL_RCODE_ADDR = 0x10c00
                0x0000000000000100                SRAM_AP_FRONT_BASAL_RCODE_SIZE = 0x100
                0x0000000000010d00                SRAM_AP_BANK_BACK_CONTROL_ADDR = 0x10d00
                0x0000000000000800                SRAM_AP_BANK_BACK_CONTROL_SIZE = 0x800
                0x0000000000011500                SRAM_AP_BACK_RCODE_ADDR = 0x11500
                0x0000000000000800                SRAM_AP_BACK_RCODE_SIZE = 0x800
                0x0000000000000000                SRAM_AP_BANK_FRONT_CODEC_ADDR = 0x0
                0x0000000000000000                SRAM_AP_BANK_FRONT_CODEC_SIZE = 0x0
                0x0000000000011d00                SRAM_RAM0_RESEVER2_ADDR = 0x11d00
                0x0000000000000800                SRAM_RAM0_RESEVER2_SIZE = 0x800
                0x0000000000012500                SRAM_AP_BANK_FRONT_BASAL_ADDR = 0x12500
                0x0000000000000800                SRAM_AP_BANK_FRONT_BASAL_SIZE = 0x800
                0x0000000000012500                SRAM_AP_BANK_FRONT_ENHANCED_2_ADDR = SRAM_AP_BANK_FRONT_BASAL_ADDR
                0x0000000000000800                SRAM_AP_BANK_FRONT_ENHANCED_2_SIZE = SRAM_AP_BANK_FRONT_BASAL_SIZE
                0x0000000000012d00                SRAM_AP_BANK_BACK_BASAL_ADDR = 0x12d00
                0x0000000000000800                SRAM_AP_BANK_BACK_BASAL_SIZE = 0x800
                0x0000000000012d00                SRAM_AP_BANK_BACK_ENHANCED_1_ADDR = SRAM_AP_BANK_BACK_BASAL_ADDR
                0x0000000000000800                SRAM_AP_BANK_BACK_ENHANCED_1_SIZE = SRAM_AP_BANK_BACK_BASAL_SIZE
                0x0000000000013500                SRAM_AP_BACK_BASAL_RCODE_ADDR = 0x13500
                0x0000000000000800                SRAM_AP_BACK_BASAL_RCODE_SIZE = 0x800
                0x0000000000013d00                SRAM_KERNEL_BSS_ADDR = 0x13d00
                0x00000000000000e0                SRAM_KERNEL_BSS_SIZE = 0xe0
                0x0000000000013de0                SRAM_AP_MANAGER_ADDR = 0x13de0
                0x0000000000000200                SRAM_AP_MANAGER_SIZE = 0x200
                0x0000000000013fc0                SRAM_IRQ_DSP_PRINT_TEMP_ADDR = 0x13fc0
                0x0000000000000020                SRAM_IRQ_DSP_PRINT_TEMP_SIZE = 0x20
                0x0000000000013fe0                SRAM_IRQ_PRINT_BUFFER_ADDR = 0x13fe0
                0x0000000000000110                SRAM_IRQ_PRINT_BUFFER_SIZE = 0x110
                0x00000000000140f0                SRAM_DSP_PRINT_BUFFER_ADDR = 0x140f0
                0x0000000000000110                SRAM_DSP_PRINT_BUFFER_SIZE = 0x110
                0x0000000000014200                SRAM_LCD_DATA_ADDR = 0x14200
                0x0000000000000100                SRAM_LCD_DATA_SIZE = 0x100
                0x0000000000014300                SRAM_KEY_MESSAGE_DATA_ADDR = 0x14300
                0x0000000000000100                SRAM_KEY_MESSAGE_DATA_SIZE = 0x100
[...]
 .debug_str     0x0000000000003896       0x50 ./../../lib/ui_menulist_sub.o
 .debug_str     0x00000000000038e6       0x5e ./../../lib/ui_menulist_sub2.o
 .debug_str     0x0000000000003944       0x3b ./../../lib/ui_textread_dec.o
 .debug_str     0x000000000000397f       0x1e ./../../lib/ui_textread_sub.o
 .debug_str     0x000000000000399d       0x2a ./../../lib/ui_headbar.o
 .debug_str     0x00000000000039c7       0x35 ./../../lib/ui_keylock.o
 .debug_str     0x00000000000039fc       0x2b ./../../lib/ui_shutoff.o
 .debug_str     0x0000000000003a27       0x12 ./../../lib/ui_screensave.o
 .debug_str     0x0000000000003a39       0x1e ./../../lib/ui_screensave_sub.o
 .debug_str     0x0000000000003a57       0x43 ./../../lib/ui_animation.o
 .debug_str     0x0000000000003a9a       0x50 ./../../lib/ui_volumebar.o
 .debug_str     0x0000000000003aea       0x4c ./../../lib/ui_volumebar_sub.o
 .debug_str     0x0000000000003b36       0x6d ./../../lib/ui_dialog.o
 .debug_str     0x0000000000003ba3       0x6d ./../../lib/ui_usbconnect.o
 .debug_str     0x0000000000003c10       0x1c ./../../lib/miscellaneous.o
 .debug_str     0x0000000000003c2c       0x12 ./../../lib/app_sleep.o
 .debug_str     0x0000000000003c3e       0x12 ./../../lib/sys_timer.o
 .debug_str     0x0000000000003c50      0x3db ./../../lib/sys_counter.o
                                        0x7cd (size before relaxing)
 .debug_str     0x000000000000402b       0x12 ./../../lib/common_charge.o
 .debug_str     0x000000000000403d      0x33d ./../../lib/ui_headbar_handle.o
                                        0x646 (size before relaxing)
 .debug_str     0x000000000000437a       0x1e ./../../lib/message_box.o
 .debug_str     0x0000000000004398       0xca ./../../lib/alarm_msg_dispatch.o
 .debug_str     0x0000000000004462       0x12 ./../../lib/alarm_msg_dispatch2.o
 .debug_str     0x0000000000004474       0x12 ./../../lib/antenna_detect.o
 .debug_str     0x0000000000004486       0x3f ./../../lib/common_setdae_init.o
 .debug_str     0x00000000000044c5      0x271 ./../../lib/common_keytone_play.o
                                        0x745 (size before relaxing)

.comment        0x0000000000000000      0xc6e
 .comment       0x0000000000000000       0x2b ./../../lib/applib_globe_data.o
 .comment       0x000000000000002b       0x2b ./../../lib/app_timer_rcode.o
 .comment       0x0000000000000056       0x2b ./../../lib/message_rcode.o
 .comment       0x0000000000000081       0x2b ./obj/main_setting.o
 .comment       0x00000000000000ac       0x2b ./obj/menu_callback_sound_setting2.o
 .comment       0x00000000000000d7       0x2b ./../../lib/applib_app_data.o
 .comment       0x0000000000000102       0x2b ./../../lib/common_ui_data.o
 .comment       0x000000000000012d       0x2b ./../../lib/common_func_data.o
 .comment       0x0000000000000158       0x2b ./../../../psp_rel/lib/lib_enhanced/eh_bs_rdata.o
 .comment       0x0000000000000183       0x2b ./../../../psp_rel/lib/lib_enhanced/eh_rdata.o
 .comment       0x00000000000001ae       0x2b ./../../../psp_rel/lib/lib_enhanced/eh_fsel_rdata.o
 .comment       0x00000000000001d9       0x2b ./../../../psp_rel/lib/ctor.o
 .comment       0x0000000000000204       0x2b ./obj/menu_callback_display_setting.o
 .comment       0x000000000000022f       0x2b ./obj/menu_callback_language.o
 .comment       0x000000000000025a       0x2b ./obj/menu_callback_others.o
 .comment       0x0000000000000285       0x2b ./obj/menu_callback_play_mode.o
 .comment       0x00000000000002b0       0x2b ./obj/menu_callback_time_setting.o
 .comment       0x00000000000002db       0x2b ./obj/menu_callback_date_setting.o
 .comment       0x0000000000000306       0x2b ./obj/menu_callback_others_2.o
 .comment       0x0000000000000331       0x2b ./obj/menu_callback_autoupgrade_setting.o
 .comment       0x000000000000035c       0x2b ./obj/ap_cfg_menu_setting.o
 .comment       0x0000000000000387       0x2b ./../../../psp_rel/lib/lib_enhanced/eh_module.o
 .comment       0x00000000000003b2       0x2b ./../../../psp_rel/lib/lib_enhanced/eh_change_location.o
 .comment       0x00000000000003dd       0x2b ./../../../psp_rel/lib/lib_enhanced/eh_module_sub.o
 .comment       0x0000000000000408       0x2b ./../../../psp_rel/lib/lib_enhanced/eh_change_location_sub.o
 .comment       0x0000000000000433       0x2b ./../../lib/ui_menulist.o
 .comment       0x000000000000045e       0x2b ./../../lib/ui_menulist2.o
 .comment       0x0000000000000489       0x2b ./../../lib/ui_menulist_simple.o
 .comment       0x00000000000004b4       0x2b ./../../lib/ui_parameter.o
 .comment       0x00000000000004df       0x2b ./../../lib/ui_textread.o
 .comment       0x000000000000050a       0x2b ./../../lib/setting_comval.o
 .comment       0x0000000000000535       0x2b ./../../lib/app_manager_bank.o
 .comment       0x0000000000000560       0x2b ./../../lib/app_timer_bank.o
 .comment       0x000000000000058b       0x2b ./../../lib/message_bank_init.o
 .comment       0x00000000000005b6       0x2b ./../../lib/message_bank_send.o
 .comment       0x00000000000005e1       0x2b ./../../lib/message_bank_broadcast.o
 .comment       0x000000000000060c       0x2b ./../../lib/common_config.o
 .comment       0x0000000000000637       0x2b ./../../lib/common_msgmap_data.o
 .comment       0x0000000000000662       0x2b ./../../lib/common_msgmap.o
 .comment       0x000000000000068d       0x2b ./../../lib/common_confmenu.o
 .comment       0x00000000000006b8       0x2b ./../../lib/common_history.o
 .comment       0x00000000000006e3       0x2b ./../../lib/common_string.o
 .comment       0x000000000000070e       0x2b ./../../lib/common_string2.o
 .comment       0x0000000000000739       0x2b ./../../lib/common_key.o
 .comment       0x0000000000000764       0x2b ./../../lib/common_msg.o
 .comment       0x000000000000078f       0x2b ./../../lib/common_sound.o
 .comment       0x00000000000007ba       0x2b ./../../lib/common_phy_volume_deal.o
 .comment       0x00000000000007e5       0x2b ./../../lib/common_phy_volume_table.o
 .comment       0x0000000000000810       0x2b ./../../lib/ui_menulist_sub.o
 .comment       0x000000000000083b       0x2b ./../../lib/ui_menulist_sub2.o
 .comment       0x0000000000000866       0x2b ./../../lib/ui_textread_dec.o
 .comment       0x0000000000000891       0x2b ./../../lib/ui_textread_sub.o
 .comment       0x00000000000008bc       0x2b ./../../lib/ui_headbar.o
 .comment       0x00000000000008e7       0x2b ./../../lib/ui_keylock.o
 .comment       0x0000000000000912       0x2b ./../../lib/ui_shutoff.o
 .comment       0x000000000000093d       0x2b ./../../lib/ui_screensave.o
 .comment       0x0000000000000968       0x2b ./../../lib/ui_screensave_sub.o
 .comment       0x0000000000000993       0x2b ./../../lib/ui_animation.o
 .comment       0x00000000000009be       0x2b ./../../lib/ui_volumebar.o
 .comment       0x00000000000009e9       0x2b ./../../lib/ui_volumebar_sub.o
 .comment       0x0000000000000a14       0x2b ./../../lib/ui_dialog.o
 .comment       0x0000000000000a3f       0x2b ./../../lib/ui_usbconnect.o
 .comment       0x0000000000000a6a       0x2b ./../../lib/miscellaneous.o
 .comment       0x0000000000000a95       0x2b ./../../lib/app_sleep.o
 .comment       0x0000000000000ac0       0x2b ./../../lib/sys_timer.o
 .comment       0x0000000000000aeb       0x2b ./../../lib/sys_counter.o
 .comment       0x0000000000000b16       0x2b ./../../lib/common_charge.o
 .comment       0x0000000000000b41       0x2b ./../../lib/ui_headbar_handle.o
 .comment       0x0000000000000b6c       0x2b ./../../lib/message_box.o
 .comment       0x0000000000000b97       0x2b ./../../lib/alarm_msg_dispatch.o
 .comment       0x0000000000000bc2       0x2b ./../../lib/alarm_msg_dispatch2.o
 .comment       0x0000000000000bed       0x2b ./../../lib/antenna_detect.o
 .comment       0x0000000000000c18       0x2b ./../../lib/common_setdae_init.o
 .comment       0x0000000000000c43       0x2b ./../../lib/common_keytone_play.o

.debug_frame    0x0000000000000000     0x340c
 .debug_frame   0x0000000000000000       0x34 ./../../lib/app_timer_rcode.o
 .debug_frame   0x0000000000000034       0x74 ./../../lib/message_rcode.o
 .debug_frame   0x00000000000000a8      0x1a8 ./obj/main_setting.o
 .debug_frame   0x0000000000000250       0x98 ./obj/menu_callback_sound_setting2.o
 .debug_frame   0x00000000000002e8       0x58 ./../../../psp_rel/lib/ctor.o
 .debug_frame   0x0000000000000340      0x154 ./obj/menu_callback_display_setting.o
 .debug_frame   0x0000000000000494      0x4ac ./obj/menu_callback_language.o
 .debug_frame   0x0000000000000940      0x1f4 ./obj/menu_callback_others.o
 .debug_frame   0x0000000000000b34      0x2d0 ./obj/menu_callback_play_mode.o
 .debug_frame   0x0000000000000e04       0xac ./obj/menu_callback_time_setting.o
 .debug_frame   0x0000000000000eb0       0xc0 ./obj/menu_callback_date_setting.o
 .debug_frame   0x0000000000000f70      0x17c ./obj/menu_callback_others_2.o
 .debug_frame   0x00000000000010ec       0x98 ./obj/menu_callback_autoupgrade_setting.o
 .debug_frame   0x0000000000001184      0x14c ./../../../psp_rel/lib/lib_enhanced/eh_module.o
 .debug_frame   0x00000000000012d0       0x9c ./../../../psp_rel/lib/lib_enhanced/eh_change_location.o
 .debug_frame   0x000000000000136c       0xbc ./../../../psp_rel/lib/lib_enhanced/eh_module_sub.o
 .debug_frame   0x0000000000001428       0xa8 ./../../../psp_rel/lib/lib_enhanced/eh_change_location_sub.o
 .debug_frame   0x00000000000014d0       0xf4 ./../../lib/ui_menulist.o
 .debug_frame   0x00000000000015c4      0x198 ./../../lib/ui_menulist2.o
 .debug_frame   0x000000000000175c      0x13c ./../../lib/ui_menulist_simple.o
 .debug_frame   0x0000000000001898       0xd8 ./../../lib/ui_parameter.o
 .debug_frame   0x0000000000001970       0x90 ./../../lib/ui_textread.o
 .debug_frame   0x0000000000001a00       0x60 ./../../lib/setting_comval.o
 .debug_frame   0x0000000000001a60       0x58 ./../../lib/app_manager_bank.o
 .debug_frame   0x0000000000001ab8       0xa8 ./../../lib/app_timer_bank.o
 .debug_frame   0x0000000000001b60       0x34 ./../../lib/message_bank_init.o
 .debug_frame   0x0000000000001b94       0x80 ./../../lib/message_bank_send.o
 .debug_frame   0x0000000000001c14       0x58 ./../../lib/message_bank_broadcast.o
 .debug_frame   0x0000000000001c6c       0x78 ./../../lib/common_config.o
 .debug_frame   0x0000000000001ce4       0x2c ./../../lib/common_msgmap.o
 .debug_frame   0x0000000000001d10       0xec ./../../lib/common_confmenu.o
 .debug_frame   0x0000000000001dfc       0xe8 ./../../lib/common_history.o
 .debug_frame   0x0000000000001ee4       0x50 ./../../lib/common_string.o
 .debug_frame   0x0000000000001f34       0xbc ./../../lib/common_string2.o
 .debug_frame   0x0000000000001ff0      0x158 ./../../lib/common_key.o
 .debug_frame   0x0000000000002148      0x130 ./../../lib/common_msg.o
 .debug_frame   0x0000000000002278      0x148 ./../../lib/common_sound.o
 .debug_frame   0x00000000000023c0       0x28 ./../../lib/common_phy_volume_deal.o
 .debug_frame   0x00000000000023e8       0x6c ./../../lib/ui_menulist_sub.o
 .debug_frame   0x0000000000002454       0x74 ./../../lib/ui_menulist_sub2.o
 .debug_frame   0x00000000000024c8       0x74 ./../../lib/ui_textread_dec.o
 .debug_frame   0x000000000000253c       0x7c ./../../lib/ui_textread_sub.o
 .debug_frame   0x00000000000025b8       0xd4 ./../../lib/ui_headbar.o
 .debug_frame   0x000000000000268c       0xe4 ./../../lib/ui_keylock.o
 .debug_frame   0x0000000000002770       0xb4 ./../../lib/ui_shutoff.o
 .debug_frame   0x0000000000002824      0x178 ./../../lib/ui_screensave.o
 .debug_frame   0x000000000000299c       0xb4 ./../../lib/ui_screensave_sub.o
 .debug_frame   0x0000000000002a50       0xb4 ./../../lib/ui_animation.o
 .debug_frame   0x0000000000002b04       0xd0 ./../../lib/ui_volumebar.o
 .debug_frame   0x0000000000002bd4       0x58 ./../../lib/ui_volumebar_sub.o
 .debug_frame   0x0000000000002c2c       0xb4 ./../../lib/ui_dialog.o
 .debug_frame   0x0000000000002ce0       0xfc ./../../lib/ui_usbconnect.o
 .debug_frame   0x0000000000002ddc       0x90 ./../../lib/miscellaneous.o
 .debug_frame   0x0000000000002e6c       0x34 ./../../lib/app_sleep.o
 .debug_frame   0x0000000000002ea0       0x90 ./../../lib/sys_timer.o
 .debug_frame   0x0000000000002f30       0x64 ./../../lib/sys_counter.o
 .debug_frame   0x0000000000002f94       0x50 ./../../lib/common_charge.o
 .debug_frame   0x0000000000002fe4       0x30 ./../../lib/ui_headbar_handle.o
 .debug_frame   0x0000000000003014       0x88 ./../../lib/message_box.o
 .debug_frame   0x000000000000309c       0xc4 ./../../lib/alarm_msg_dispatch.o
 .debug_frame   0x0000000000003160       0x48 ./../../lib/alarm_msg_dispatch2.o
 .debug_frame   0x00000000000031a8       0x74 ./../../lib/antenna_detect.o
 .debug_frame   0x000000000000321c       0xa8 ./../../lib/common_setdae_init.o
 .debug_frame   0x00000000000032c4      0x148 ./../../lib/common_keytone_play.o

.debug_aranges  0x0000000000000000      0x900
 .debug_aranges
                0x0000000000000000       0x20 ./../../lib/app_timer_rcode.o
 .debug_aranges
                0x0000000000000020       0x20 ./../../lib/message_rcode.o
 .debug_aranges
                0x0000000000000040       0x20 ./obj/main_setting.o
 .debug_aranges
                0x0000000000000060       0x20 ./obj/menu_callback_sound_setting2.o
 .debug_aranges
                0x0000000000000080       0x20 ./../../../psp_rel/lib/ctor.o
 .debug_aranges
                0x00000000000000a0       0x20 ./obj/menu_callback_display_setting.o
 .debug_aranges
                0x00000000000000c0       0x20 ./obj/menu_callback_language.o
 .debug_aranges
                0x00000000000000e0       0x20 ./obj/menu_callback_others.o
 .debug_aranges
                0x0000000000000100       0x20 ./obj/menu_callback_play_mode.o
 .debug_aranges
                0x0000000000000120       0x20 ./obj/menu_callback_time_setting.o
 .debug_aranges
                0x0000000000000140       0x20 ./obj/menu_callback_date_setting.o
 .debug_aranges
                0x0000000000000160       0x20 ./obj/menu_callback_others_2.o
 .debug_aranges
                0x0000000000000180       0x20 ./obj/menu_callback_autoupgrade_setting.o
 .debug_aranges
                0x00000000000001a0       0x20 ./../../../psp_rel/lib/lib_enhanced/eh_module.o
 .debug_aranges
                0x00000000000001c0       0x20 ./../../../psp_rel/lib/api.a(audio_device_op_entry.o)
 .debug_aranges
                0x00000000000001e0       0x20 ./../../../psp_rel/lib/api.a(key_op_entry.o)
 .debug_aranges
                0x0000000000000200       0x20 ./../../../psp_rel/lib/api.a(lcd_op_entry.o)
 .debug_aranges
                0x0000000000000220       0x20 ./../../../psp_rel/lib/api.a(libc_op_entry.o)
 .debug_aranges
                0x0000000000000240       0x20 ./../../../psp_rel/lib/api.a(sys_op_entry.o)
 .debug_aranges
                0x0000000000000260       0x20 ./../../../psp_rel/lib/api.a(ui_op_entry.o)
 .debug_aranges
                0x0000000000000280       0x20 ./../../../psp_rel/lib/api.a(vfs_op_entry.o)
 .debug_aranges
                0x00000000000002a0       0x20 ./../../../psp_rel/lib/api.a(base_op_entry.o)
 .debug_aranges
                0x00000000000002c0       0x20 ./../../../psp_rel/lib/lib_enhanced/eh_change_location.o
 .debug_aranges
                0x00000000000002e0       0x20 ./../../../psp_rel/lib/lib_enhanced/eh_module_sub.o
 .debug_aranges
                0x0000000000000300       0x20 ./../../../psp_rel/lib/lib_enhanced/eh_change_location_sub.o
 .debug_aranges
                0x0000000000000320       0x20 ./../../lib/ui_menulist.o
 .debug_aranges
                0x0000000000000340       0x20 ./../../lib/ui_menulist2.o
 .debug_aranges
                0x0000000000000360       0x20 ./../../lib/ui_menulist_simple.o
 .debug_aranges
                0x0000000000000380       0x20 ./../../lib/ui_parameter.o
 .debug_aranges
                0x00000000000003a0       0x20 ./../../lib/ui_textread.o
 .debug_aranges
                0x00000000000003c0       0x20 ./../../lib/setting_comval.o
 .debug_aranges
                0x00000000000003e0       0x20 ./../../lib/app_manager_bank.o
 .debug_aranges
                0x0000000000000400       0x20 ./../../lib/app_timer_bank.o
 .debug_aranges
                0x0000000000000420       0x20 ./../../lib/message_bank_init.o
 .debug_aranges
                0x0000000000000440       0x20 ./../../lib/message_bank_send.o
 .debug_aranges
                0x0000000000000460       0x20 ./../../lib/message_bank_broadcast.o
 .debug_aranges
                0x0000000000000480       0x20 ./../../lib/common_config.o
 .debug_aranges
                0x00000000000004a0       0x20 ./../../lib/common_msgmap.o
 .debug_aranges
                0x00000000000004c0       0x20 ./../../lib/common_confmenu.o
 .debug_aranges
                0x00000000000004e0       0x20 ./../../lib/common_history.o
 .debug_aranges
                0x0000000000000500       0x20 ./../../lib/common_string.o
 .debug_aranges
                0x0000000000000520       0x20 ./../../lib/common_string2.o
 .debug_aranges
                0x0000000000000540       0x20 ./../../lib/common_key.o
 .debug_aranges
                0x0000000000000560       0x20 ./../../lib/common_msg.o
 .debug_aranges
                0x0000000000000580       0x20 ./../../lib/common_sound.o
 .debug_aranges
                0x00000000000005a0       0x20 ./../../lib/common_phy_volume_deal.o
 .debug_aranges
                0x00000000000005c0       0x20 ./../../lib/ui_menulist_sub.o
 .debug_aranges
                0x00000000000005e0       0x20 ./../../lib/ui_menulist_sub2.o
 .debug_aranges
                0x0000000000000600       0x20 ./../../lib/ui_textread_dec.o
 .debug_aranges
                0x0000000000000620       0x20 ./../../lib/ui_textread_sub.o
 .debug_aranges
                0x0000000000000640       0x20 ./../../lib/ui_headbar.o
 .debug_aranges
                0x0000000000000660       0x20 ./../../lib/ui_keylock.o
 .debug_aranges
                0x0000000000000680       0x20 ./../../lib/ui_shutoff.o
 .debug_aranges
                0x00000000000006a0       0x20 ./../../lib/ui_screensave.o
 .debug_aranges
                0x00000000000006c0       0x20 ./../../lib/ui_screensave_sub.o
 .debug_aranges
                0x00000000000006e0       0x20 ./../../lib/ui_animation.o
 .debug_aranges
                0x0000000000000700       0x20 ./../../lib/ui_volumebar.o
 .debug_aranges
                0x0000000000000720       0x20 ./../../lib/ui_volumebar_sub.o
 .debug_aranges
                0x0000000000000740       0x20 ./../../lib/ui_dialog.o
 .debug_aranges
                0x0000000000000760       0x20 ./../../lib/ui_usbconnect.o
 .debug_aranges
                0x0000000000000780       0x20 ./../../lib/miscellaneous.o
 .debug_aranges
                0x00000000000007a0       0x20 ./../../lib/app_sleep.o
 .debug_aranges
                0x00000000000007c0       0x20 ./../../lib/sys_timer.o
 .debug_aranges
                0x00000000000007e0       0x20 ./../../lib/sys_counter.o
 .debug_aranges
                0x0000000000000800       0x20 ./../../lib/common_charge.o
 .debug_aranges
                0x0000000000000820       0x20 ./../../lib/ui_headbar_handle.o
 .debug_aranges
                0x0000000000000840       0x20 ./../../lib/message_box.o
 .debug_aranges
                0x0000000000000860       0x20 ./../../lib/alarm_msg_dispatch.o
 .debug_aranges
                0x0000000000000880       0x20 ./../../lib/alarm_msg_dispatch2.o
 .debug_aranges
                0x00000000000008a0       0x20 ./../../lib/antenna_detect.o
 .debug_aranges
                0x00000000000008c0       0x20 ./../../lib/common_setdae_init.o
 .debug_aranges
                0x00000000000008e0       0x20 ./../../lib/common_keytone_play.o

.debug_ranges   0x0000000000000000       0x20
 .debug_ranges  0x0000000000000000       0x20 ./../../lib/app_timer_bank.o
