Archive member included because of file (symbol)

./../../../psp_rel/lib/api.a(audio_device_op_entry.o)
                              (audio_device_op_entry)
./../../../psp_rel/lib/api.a(key_op_entry.o)
                              (key_op_entry)
./../../../psp_rel/lib/api.a(libc_op_entry.o)
                              ./../../../psp_rel/lib/lib_enhanced/eh_id3_function.o (libc_op_entry)
./../../../psp_rel/lib/api.a(sys_op_entry.o)
                              ./obj/plist_sort_al.o (sys_op_entry)
./../../../psp_rel/lib/api.a(vfs_op_entry.o)
                              ./../../../psp_rel/lib/lib_enhanced/eh_id3_function.o (vfs_op_entry)
./../../../psp_rel/lib/api.a(lcd_op_entry.o)
                              (lcd_op_entry)
./../../../psp_rel/lib/api.a(ui_op_entry.o)
                              ./obj/plist_main.o (ui_op_entry)
./../../../psp_rel/lib/api.a(base_op_entry.o)
                              (base_op_entry)

Memory Configuration

Name             Origin             Length             Attributes
*default*        0x0000000000000000 0xffffffffffffffff

Linker script and memory map

LOAD ./../../../psp_rel/include/link_base.xn
                0x0000000000000000                DRV_GROUP_STG_BASE = 0x0
                0x0000000000000001                DRV_GROUP_STG_CARD = 0x1
                0x0000000000000002                DRV_GROUP_STG_UHOST = 0x2
                0x0000000000000003                DRV_GROUP_FAT32 = 0x3
                0x0000000000000004                DRV_GROUP_EXFAT = 0x4
                0x0000000000000005                DRV_GROUP_UD = 0x5
                0x0000000000000006                DRV_GROUP_UI = 0x6
                0x0000000000000007                DRV_GROUP_LCD = 0x7
                0x0000000000000008                DRV_GROUP_FM = 0x8
                0x0000000000000009                DRV_GROUP_KEY = 0x9
                0x000000000000000a                DRV_GROUP_CCD = 0xa
                0x000000000000000b                DRV_GROUP_I2C = 0xb
                0x000000000000000c                DRV_GROUP_AUDIO_DEVICE = 0xc
                0x000000000000000d                DRV_GROUP_TTS = 0xd
                0x000000000000000e                DRV_GROUP_BT = 0xe
                0x000000000000000f                DRV_GROUP_SYS = 0xf
                0x000000000003ffff                SRAM_SIZE_MASK = 0x3ffff
                0x000000009fc00000                RDATA_ADDR_BASE = 0x9fc00000
                0x00000000bfc00000                RCODE_ADDR_BASE = 0xbfc00000
                0x0000000000000001                KERNEL_BANK_A = 0x1
                0x0000000000000002                KERNEL_BANK_B = 0x2
                0x0000000000000003                KERNEL_BANK_C = 0x3
                0x0000000000040000                BANK_SPACE = 0x40000
                0x0000000000000000                FRONT_AP = 0x0
                0x0000000000000001                BACK_AP = 0x1
                0x0000000000000002                PROCESS_MANAGER_AP = 0x2
                0x0000000000000000                FRONT_CODEC = 0x0
                0x0000000000000001                BACK_CODEC = 0x1
                0x0000000000000040                AP_BANK_FRONT_CONTROL_1 = 0x40
                0x0000000000000048                AP_BANK_FRONT_UI_1 = 0x48
                0x0000000000000050                AP_BANK_FRONT_BASAL = 0x50
                0x0000000000000058                AP_BANK_FRONT_CODEC = 0x58
                0x0000000000000060                AP_BANK_BACK_CONTROL_1 = 0x60
                0x0000000000000068                AP_BANK_BACK_BASAL = 0x68
                0x0000000000000070                AP_BANK_BACK_CODEC = 0x70
                0x0000000000000078                AP_BANK_FRONT_ENHANCED_1 = 0x78
                0x0000000000000071                AP_BANK_FRONT_ENHANCED_2 = 0x71
                0x000000000000007a                AP_BANK_BACK_ENHANCED_1 = 0x7a
                0x000000000000007b                AP_BANK_BACK_ENHANCED_2 = 0x7b
                0x0000000000000072                AP_BANK_BTENGINE_CONTROL_1 = 0x72
                0x0000000000000073                AP_BANK_BTENGINE_LIB_1 = 0x73
                0x0000000000000074                AP_BANK_BTENGINE_LIB_2 = 0x74
                0x0000000000000075                AP_BANK_BTENGINE_EXTEND_1 = 0x75
                0x0000000000000076                AP_BANK_BTENGINE_EXTEND_2 = 0x76
                0x0000000000000077                AP_BANK_BTENGINE_EXTEND_3 = 0x77
                0x000000000000007c                AP_BANK_BTENGINE_EXTEND_4 = 0x7c
                0x0000000000000079                AP_BANK_BTENGINE_EXTEND_5 = 0x79
                0x000000000000007f                AP_BANK_MANAGER = 0x7f
                0x0000000000000041                AP_BANK_AUTOTEST = 0x41
                0x0000000000000000                SROM_BROM_ADDR = 0x0
                0x0000000000002600                SROM_BROM_SIZE = 0x2600
                0x0000000000002600                SROM_SPINOR_ADDR = (SROM_BROM_ADDR + SROM_BROM_SIZE)
                0x0000000000000c00                SROM_SPINOR_SIZE = 0xc00
                0x0000000000003200                SROM_TWI_ADDR = (SROM_SPINOR_ADDR + SROM_SPINOR_SIZE)
                0x0000000000000700                SROM_TWI_SIZE = 0x700
                0x0000000000003900                SROM_STUB_ADDR = (SROM_TWI_ADDR + SROM_TWI_SIZE)
                0x0000000000000700                SROM_STUB_SIZE = 0x700
                0x0000000000000e00                SROM_SPINOR_SIZE_MDY = 0xe00
                0x0000000000003400                SROM_TWI_ADDR_MDY = (SROM_SPINOR_ADDR + SROM_SPINOR_SIZE_MDY)
                0x0000000000000700                SROM_TWI_SIZE_MDY = 0x700
                0x0000000000003b00                SROM_STUB_ADDR_MDY = (SROM_TWI_ADDR_MDY + SROM_TWI_SIZE_MDY)
                0x0000000000000500                SROM_STUB_SIZE_MDY = 0x500
                0x0000000000004000                SROM_KERNEL_ADDR = (SROM_STUB_ADDR + SROM_STUB_SIZE)
                0x0000000000004000                SROM_KERNEL_SIZE = 0x4000
                0x000000000000c000                SROM_FS_ADDR = 0xc000
                0x0000000000001c00                SROM_FS_SIZE = 0x1c00
                0x000000000000dc00                SROM_SPINOR1_ADDR = (SROM_FS_ADDR + SROM_FS_SIZE)
                0x0000000000000400                SROM_SPINOR1_SIZE = 0x400
                0x0000000000008000                SRAM_OS_RCODE_ADDR = 0x8000
                0x0000000000000c00                SRAM_OS_RCODE_SIZE = 0xc00
                0x0000000000008c00                SRAM_SPINOR_RCODE_ADDR = 0x8c00
                0x0000000000000400                SRAM_SPINOR_RCODE_SIZE = 0x400
                0x0000000000009000                SRAM_BANK_A_ADDR = 0x9000
                0x0000000000000400                SRAM_BANK_A_SIZE = 0x400
                0x0000000000009400                SRAM_BANK_B_ADDR = 0x9400
                0x0000000000000800                SRAM_BANK_B_SIZE = 0x800
                0x0000000000009c00                SRAM_UI_RCODE1_ADDR = 0x9c00
                0x0000000000000300                SRAM_UI_RCODE1_SIZE = 0x300
                0x0000000000009f00                SRAM_AUDIO_GLOBAL_DATA_ADDR = 0x9f00
                0x0000000000000060                SRAM_AUDIO_GLOBAL_DATA_SIZE = 0x60
                0x0000000000009f60                SRAM_UHOST_GLOBAL_DATA_ADDR = 0x9f60
                0x0000000000000010                SRAM_UHOST_GLOBAL_DATA_SIZE = 0x10
                0x0000000000009f70                SRAM_CARD_GLOBAL_DATA_ADDR = 0x9f70
                0x0000000000000010                SRAM_CARD_GLOBAL_DATA_SIZE = 0x10
                0x0000000000009f80                SRAM_SYS_SHARE_DATA_ADDR = 0x9f80
                0x0000000000000040                SRAM_SYS_SHARE_DATA_SIZE = 0x40
                0x0000000000009fc0                SRAM_RAM6_CCD_GLOBAL_DATA_ADDR = 0x9fc0
                0x0000000000000020                SRAM_RAM6_CCD_GLOBAL_DATA_SIZE = 0x20
                0x0000000000009fe0                SRAM_RAM6_RESEVER_ADDR = 0x9fe0
                0x0000000000000020                SRAM_RAM6_RESEVER_SIZE = 0x20
                0x000000000000a000                SRAM_LCD_RCODE_ADDR = 0xa000
                0x0000000000000800                SRAM_LCD_RCODE_SIZE = 0x800
                0x000000000000a800                SRAM_UI_RCODE2_ADDR = 0xa800
                0x0000000000001000                SRAM_UI_RCODE2_SIZE = 0x1000
                0x000000000000b800                SRAM_LCD_BUFFER_ADDR = 0xb800
                0x0000000000000400                SRAM_LCD_BUFFER_SIZE = 0x400
                0x000000000000bc00                SRAM_UI_DATA_ADDR = 0xbc00
                0x0000000000000400                SRAM_UI_DATA_SIZE = 0x400
                0x0000000000010000                SRAM_KEY_MESSAGE_RCODE_ADDR = 0x10000
                0x0000000000000a00                SRAM_KEY_MESSAGE_RCODE_SIZE = 0xa00
                0x0000000000010a00                SRAM_RAM0_RESEVER1_ADDR = 0x10a00
                0x0000000000000200                SRAM_RAM0_RESEVER1_SIZE = 0x200
                0x0000000000010c00                SRAM_AP_FRONT_BASAL_RCODE_ADDR = 0x10c00
                0x0000000000000100                SRAM_AP_FRONT_BASAL_RCODE_SIZE = 0x100
                0x0000000000010d00                SRAM_AP_BANK_BACK_CONTROL_ADDR = 0x10d00
                0x0000000000000800                SRAM_AP_BANK_BACK_CONTROL_SIZE = 0x800
                0x0000000000011500                SRAM_AP_BACK_RCODE_ADDR = 0x11500
                0x0000000000000800                SRAM_AP_BACK_RCODE_SIZE = 0x800
                0x0000000000000000                SRAM_AP_BANK_FRONT_CODEC_ADDR = 0x0
                0x0000000000000000                SRAM_AP_BANK_FRONT_CODEC_SIZE = 0x0
                0x0000000000011d00                SRAM_RAM0_RESEVER2_ADDR = 0x11d00
                0x0000000000000800                SRAM_RAM0_RESEVER2_SIZE = 0x800
                0x0000000000012500                SRAM_AP_BANK_FRONT_BASAL_ADDR = 0x12500
                0x0000000000000800                SRAM_AP_BANK_FRONT_BASAL_SIZE = 0x800
                0x0000000000012500                SRAM_AP_BANK_FRONT_ENHANCED_2_ADDR = SRAM_AP_BANK_FRONT_BASAL_ADDR
                0x0000000000000800                SRAM_AP_BANK_FRONT_ENHANCED_2_SIZE = SRAM_AP_BANK_FRONT_BASAL_SIZE
                0x0000000000012d00                SRAM_AP_BANK_BACK_BASAL_ADDR = 0x12d00
                0x0000000000000800                SRAM_AP_BANK_BACK_BASAL_SIZE = 0x800
                0x0000000000012d00                SRAM_AP_BANK_BACK_ENHANCED_1_ADDR = SRAM_AP_BANK_BACK_BASAL_ADDR
                0x0000000000000800                SRAM_AP_BANK_BACK_ENHANCED_1_SIZE = SRAM_AP_BANK_BACK_BASAL_SIZE
                0x0000000000013500                SRAM_AP_BACK_BASAL_RCODE_ADDR = 0x13500
                0x0000000000000800                SRAM_AP_BACK_BASAL_RCODE_SIZE = 0x800
                0x0000000000013d00                SRAM_KERNEL_BSS_ADDR = 0x13d00
                0x00000000000000e0                SRAM_KERNEL_BSS_SIZE = 0xe0
                0x0000000000013de0                SRAM_AP_MANAGER_ADDR = 0x13de0
                0x0000000000000200                SRAM_AP_MANAGER_SIZE = 0x200
                0x0000000000013fc0                SRAM_IRQ_DSP_PRINT_TEMP_ADDR = 0x13fc0
                0x0000000000000020                SRAM_IRQ_DSP_PRINT_TEMP_SIZE = 0x20
                0x0000000000013fe0                SRAM_IRQ_PRINT_BUFFER_ADDR = 0x13fe0
                0x0000000000000110                SRAM_IRQ_PRINT_BUFFER_SIZE = 0x110
                0x00000000000140f0                SRAM_DSP_PRINT_BUFFER_ADDR = 0x140f0
                0x0000000000000110                SRAM_DSP_PRINT_BUFFER_SIZE = 0x110
                0x0000000000014200                SRAM_LCD_DATA_ADDR = 0x14200
                0x0000000000000100                SRAM_LCD_DATA_SIZE = 0x100
                0x0000000000014300                SRAM_KEY_MESSAGE_DATA_ADDR = 0x14300
                0x0000000000000100                SRAM_KEY_MESSAGE_DATA_SIZE = 0x100
                0x0000000000014400                SRAM_AP_BANK_FRONT_UI_ADDR = 0x14400
                0x0000000000000800                SRAM_AP_BANK_FRONT_UI_SIZE = 0x800
                0x0000000000014c00                SRAM_AP_BANK_FRONT_CONTROL_ADDR = 0x14c00
                0x0000000000000800                SRAM_AP_BANK_FRONT_CONTROL_SIZE = 0x800
                0x0000000000015400                SRAM_AP_FRONT_DATA_ADDR = 0x15400
                0x0000000000000800                SRAM_AP_FRONT_DATA_SIZE = 0x800
                0x0000000000015c00                SRAM_AP_BACK_DATA_ADDR = 0x15c00
                0x0000000000000600                SRAM_AP_BACK_DATA_SIZE = 0x600
                0x0000000000016200                SRAM_AP_BANK_MANAGER_ADDR = 0x16200
                0x0000000000000200                SRAM_AP_BANK_MANAGER_SIZE = 0x200
                0x0000000000016400                SRAM_AP_FRONT_RCODE_ADDR = 0x16400
                0x0000000000000800                SRAM_AP_FRONT_RCODE_SIZE = 0x800
                0x0000000000016c00                SRAM_FS_RCODE_ADDR = 0x16c00
                0x0000000000000800                SRAM_FS_RCODE_SIZE = 0x800
                0x0000000000017400                SRAM_UI_RCODE3_ADDR = 0x17400
                0x0000000000000c00                SRAM_UI_RCODE3_SIZE = 0xc00
                0x0000000000017400                SRAM_CARD_UD_RCODE_ADDR = 0x17400
                0x0000000000000c00                SRAM_CARD_UD_RCODE_SIZE = 0xc00
                0x0000000000017400                SRAM_UHOST_UD_RCODE_ADDR = SRAM_CARD_UD_RCODE_ADDR
                0x0000000000000c00                SRAM_UHOST_UD_RCODE_SIZE = SRAM_CARD_UD_RCODE_SIZE
                0x0000000000018000                SRAM_FS_DATA_ADDR = 0x18000
                0x0000000000000300                SRAM_FS_DATA_SIZE = 0x300
                0x0000000000018300                SRAM_FS_BUF_ADDR = 0x18300
                0x0000000000000a00                SRAM_FS_BUF_SIZE = 0xa00
                0x0000000000018d00                SRAM_CARD_UD_CACHE_ADDR = 0x18d00
                0x0000000000000800                SRAM_CARD_UD_CACHE_SIZE = 0x800
                0x0000000000018d00                SRAM_UHOST_UD_CACHE_ADDR = SRAM_CARD_UD_CACHE_ADDR
                0x0000000000000800                SRAM_UHOST_UD_CACHE_SIZE = SRAM_CARD_UD_CACHE_SIZE
                0x0000000000019500                SRAM_CARD_DATA_ADDR = 0x19500
                0x0000000000000080                SRAM_CARD_DATA_SIZE = 0x80
                0x0000000000019500                SRAM_UHOST_DATA_ADDR = SRAM_CARD_DATA_ADDR
                0x0000000000000080                SRAM_UHOST_DATA_SIZE = SRAM_CARD_DATA_SIZE
                0x0000000000019580                SRAM_KERNEL_XSYS_ADDR = 0x19580
                0x0000000000000800                SRAM_KERNEL_XSYS_SIZE = 0x800
                0x0000000000019d80                SRAM_BANK_C_ADDR = 0x19d80
                0x0000000000000400                SRAM_BANK_C_SIZE = 0x400
                0x000000000001a180                SRAM_APPLIB_GLOBAL_DATA_ADDR = 0x1a180
                0x0000000000000100                SRAM_APPLIB_GLOBAL_DATA_SIZE = 0x100
                0x000000000001a280                SRAM_APPLIB_DATA_ADDR = 0x1a280
                0x0000000000000100                SRAM_APPLIB_DATA_SIZE = 0x100
                0x000000000001a380                SRAM_RAM1_RESEVER1_ADDR = 0x1a380
                0x0000000000000080                SRAM_RAM1_RESEVER1_SIZE = 0x80
                0x000000000001a400                SRAM_OS_DATA_ADDR = 0x1a400
                0x0000000000000880                SRAM_OS_DATA_SIZE = 0x880
                0x000000000001ac80                SRAM_OS_HEAP_ADDR = 0x1ac80
                0x0000000000000580                SRAM_OS_HEAP_SIZE = 0x580
                0x000000000001b200                SRAM_AP_BANK_FRONT_ENHANCED_1_ADDR = 0x1b200
                0x0000000000000800                SRAM_AP_BANK_FRONT_ENHANCED_1_SIZE = 0x800
                0x000000000001b200                SRAM_FM_DRV_RCODE_ADDR = SRAM_AP_BANK_FRONT_ENHANCED_1_ADDR
                0x0000000000000800                SRAM_FM_DRV_RCODE_SIZE = SRAM_AP_BANK_FRONT_ENHANCED_1_SIZE
                0x000000000001ba00                SRAM_OS_SD_SWAP_BUF_ADDR = 0x1ba00
                0x0000000000000200                SRAM_OS_SD_SWAP_BUF_SIZE = 0x200
                0x000000000001bc00                SRAM_OS_TASK_STACK_ADDR = 0x1bc00
                0x0000000000001a00                SRAM_OS_TASK_STACK_SIZE = 0x1a00
                0x000000000001d600                SRAM_OS_SYS_STACK_ADDR = 0x1d600
                0x0000000000000400                SRAM_OS_SYS_STACK_SIZE = 0x400
                0x000000000001da00                SRAM_RAM1_RESEVER2_ADDR = 0x1da00
                0x0000000000000600                SRAM_RAM1_RESEVER1_SIZE = 0x600
                0x0000000000027000                SRAM_AP_BACK_CODEC_RCODE_ADDR = 0x27000
                0x0000000000001000                SRAM_AP_BACK_CODEC_RCODE_SIZE = 0x1000
                0x0000000000028000                SRAM_AP_BANK_BACK_CODEC_ADDR = 0x28000
                0x0000000000001000                SRAM_AP_BANK_BACK_CODEC_SIZE = 0x1000
                0x0000000000028000                SRAM_AP_BANK_BACK_ENHANCED_2_ADDR = 0x28000
                0x0000000000000800                SRAM_AP_BANK_BACK_ENHANCED_2_SIZE = 0x800
                0x0000000000030000                SRAM_AP_USB_DEVICE_RCODE_ADDR = 0x30000
                0x0000000000004000                SRAM_AP_USB_DEVICE_RCODE_SIZE = 0x4000
                0x0000000000038000                SRAM_TWI_ADDR_MDY = 0x38000
                0x0000000000000700                SRAM_TWI_SIZE_MDY = SROM_TWI_SIZE_MDY
                0x0000000000040000                SRAM_INVALID_RCODE_ADDR = 0x40000
                0x0000000000000000                AP_INDEX = FRONT_AP
                0x0000000000016400                SRAM_TEXT_ADDR = SRAM_AP_FRONT_RCODE_ADDR
                0x0000000000015400                SRAM_DATA_ADDR = SRAM_AP_FRONT_DATA_ADDR
                0x00000000bfc16400                RCODE_TEXT_ADDR = (RCODE_ADDR_BASE + SRAM_TEXT_ADDR)
                0x000000009fc15400                RDATA_DATA_ADDR = (RDATA_ADDR_BASE + SRAM_DATA_ADDR)
                0x00000000bfc11d00                RCODE_TEXT_ADDR1 = (RCODE_ADDR_BASE + 0x11d00)
                0x0000000040014c00                BANK_CONTROL_1_ADDR_BASE = ((AP_BANK_FRONT_CONTROL_1 << 0x18) + SRAM_AP_BANK_FRONT_CONTROL_ADDR)
                0x0000000048014400                BANK_UI_1_ADDR_BASE = ((AP_BANK_FRONT_UI_1 << 0x18) + SRAM_AP_BANK_FRONT_UI_ADDR)
                0x000000007801b200                BANK_FRONT_ENHANCED_1_ADDR_BASE = ((AP_BANK_FRONT_ENHANCED_1 << 0x18) + SRAM_AP_BANK_FRONT_ENHANCED_1_ADDR)
                0x0000000071012500                BANK_FRONT_ENHANCED_2_ADDR_BASE = ((AP_BANK_FRONT_ENHANCED_2 << 0x18) + SRAM_AP_BANK_FRONT_ENHANCED_2_ADDR)
                0x0000000000000800                BANK_CONTROL_SIZE = SRAM_AP_BANK_FRONT_CONTROL_SIZE
                0x0000000000000800                BANK_UI_SIZE = SRAM_AP_BANK_FRONT_UI_SIZE
                0x0000000000000800                BANK_FRONT_ENHANCED1_SIZE = SRAM_AP_BANK_FRONT_ENHANCED_1_SIZE
                0x0000000000000800                BANK_FRONT_ENHANCED2_SIZE = SRAM_AP_BANK_FRONT_ENHANCED_2_SIZE
                0x0000000000040000                AP_BANK_SPACE = BANK_SPACE
                0x000000009fc1a180                . = 0x9fc1a180

APP_GLOBE_DATA  0x000000009fc1a180      0x100
 applib_globe_data.o(.bss)
 .bss           0x000000009fc1a180       0x6c ./../../lib/applib_globe_data.o
                0x000000009fc1a180                g_sys_counter
                0x000000009fc1a194                g_app_info_vector
                0x000000009fc1a1e8                g_sys_shutdown_time
                0x000000009fc1a1dc                g_keytone_infor
                0x000000009fc1a190                config_fp
                0x000000009fc1a1b8                g_app_info_state
                0x000000009fc1a1e5                g_sys_time_second
                0x000000009fc1a1d0                g_app_last_state
 applib_app_data.o(.bss)
 .bss           0x000000009fc1a1ec       0x18 ./../../lib/applib_app_data.o
                0x000000009fc1a1f8                g_this_app_msg_dispatch
                0x000000009fc1a1fc                g_app_timer_vector
                0x000000009fc1a1ec                g_app_timer_count
                0x000000009fc1a1f0                g_this_app_info
                0x000000009fc1a1f4                thread_mutex
                0x000000009fc1a200                g_this_app_timer_tag
                0x000000009fc1a280                . = 0x100
 *fill*         0x000000009fc1a204       0x7c 00

.text1          0x00000000bfc11d00      0x800
 eh_id3_function.o(.text .rodata .xdata)
 .text          0x00000000bfc11d00      0x490 ./../../../psp_rel/lib/lib_enhanced/eh_id3_function.o
                0x00000000bfc120b9                check_id3_buffer
 .rodata        0x00000000bfc12190       0x64 ./../../../psp_rel/lib/lib_enhanced/eh_id3_function.o
 .xdata         0x00000000bfc121f4       0x60 ./../../../psp_rel/lib/lib_enhanced/eh_id3_function.o
 plist_sort_al.o(.rodata .xdata)
 .xdata         0x00000000bfc12254      0x25c ./obj/plist_sort_al.o
                0x00000000bfc12500                . = 0x800
 *fill*         0x00000000bfc124b0       0x50 00

.text           0x00000000bfc16400      0x7b8
 api.a(.text .rodata)
 .text          0x00000000bfc16400        0x4 ./../../../psp_rel/lib/api.a(audio_device_op_entry.o)
                0x00000000bfc16401                audio_device_op_entry
 .text          0x00000000bfc16404        0x4 ./../../../psp_rel/lib/api.a(key_op_entry.o)
                0x00000000bfc16405                key_op_entry
 .text          0x00000000bfc16408        0x4 ./../../../psp_rel/lib/api.a(libc_op_entry.o)
                0x00000000bfc16409                libc_op_entry
 .text          0x00000000bfc1640c        0x4 ./../../../psp_rel/lib/api.a(sys_op_entry.o)
                0x00000000bfc1640d                sys_op_entry
 .text          0x00000000bfc16410        0x4 ./../../../psp_rel/lib/api.a(vfs_op_entry.o)
                0x00000000bfc16411                vfs_op_entry
 plist_rcode.o(.text .rodata .xdata)
 .text          0x00000000bfc16414      0x2b8 ./obj/plist_rcode.o
                0x00000000bfc165e9                plist_get_app_msg
                0x00000000bfc1653d                read_from_file
                0x00000000bfc16491                write_to_file
                0x00000000bfc16415                save_to_file
 .rodata        0x00000000bfc166cc        0x8 ./obj/plist_rcode.o
                0x00000000bfc166cc                m3u_ext_buf
 message_rcode.o(.text)
 .text          0x00000000bfc166d4       0xb4 ./../../lib/message_rcode.o
                0x00000000bfc166d5                get_gui_msg
                0x00000000bfc16741                get_app_msg
                0x00000000bfc1670d                get_sys_msg
 plist_fsel.o(.text .rodata .xdata)
 .text          0x00000000bfc16788      0x350 ./obj/plist_fsel.o
                0x00000000bfc16881                plist_fsel_get_nextfile
                0x00000000bfc167dd                plist_fsel_set_typebit
                0x00000000bfc16789                plist_fsel_init
 .rodata        0x00000000bfc16ad8        0xc ./obj/plist_fsel.o
 .xdata         0x00000000bfc16ae4        0xc ./obj/plist_fsel.o
 app_timer_rcode.o(.text)
 .text          0x00000000bfc16af0       0xbc ./../../lib/app_timer_rcode.o
                0x00000000bfc16af1                handle_timers
 .text          0x00000000bfc16bac        0x4 ./../../../psp_rel/lib/api.a(lcd_op_entry.o)
                0x00000000bfc16bad                lcd_op_entry
 .text          0x00000000bfc16bb0        0x4 ./../../../psp_rel/lib/api.a(ui_op_entry.o)
                0x00000000bfc16bb1                ui_op_entry
 .text          0x00000000bfc16bb4        0x4 ./../../../psp_rel/lib/api.a(base_op_entry.o)
                0x00000000bfc16bb5                base_op_entry

.data           0x000000009fc15400        0x8 load address 0x00000000bfc16bb8
 plist_rdata.o(.data)
 .data          0x000000009fc15400        0x8 ./obj/plist_rdata.o
                0x000000009fc15404                prio
                0x000000009fc15400                ptos
                0x000000009fc15406                ap_plist_sorting_level
 eh_rdata.o(.data)
 eh_id3_rdata.o(.data)

.bss            0x000000009fc15408      0x870
 plist_rdata.o(.bss)
 .bss           0x000000009fc15408      0x640 ./obj/plist_rdata.o
                0x000000009fc15894                file_buffer
                0x000000009fc15658                compare_obj
                0x000000009fc15a28                sort_cmp_len
                0x000000009fc155e4                ap_son_tree_offset
                0x000000009fc15a44                filepos_p
                0x000000009fc15620                genre_file_pt
                0x000000009fc15574                g_comval
                0x000000009fc15594                cmu_memclksel_bak
                0x000000009fc1559a                ap_plist_file_offset
                0x000000009fc1562c                fileinfo_data_pt
                0x000000009fc1568c                audible_f_p
                0x000000009fc1540c                sorting_map_level_4k
                0x000000009fc15a24                ui_precent_count
                0x000000009fc15614                title_file_pt
                0x000000009fc15624                track_file_pt
                0x000000009fc15654                index_parent_buf
                0x000000009fc15480                sorting_map_level_8k
                0x000000009fc15688                music_f_p
                0x000000009fc15a3c                m3u_ext_name
                0x000000009fc15a38                m3u_obj_name_buf
                0x000000009fc15a27                cpu_release_count
                0x000000009fc15a2b                fsel_scan_flag
                0x000000009fc15628                title_data_pt
                0x000000009fc1560c                sort_file_total
                0x000000009fc15568                language_id
                0x000000009fc15630                track_data_pt
                0x000000009fc155c0                ap_son_tree_num
                0x000000009fc15a34                m3u_get_name_buf
                0x000000009fc15694                temp_plist_buf
                0x000000009fc1559c                ap_file_index_offset
                0x000000009fc15a29                lib_num
                0x000000009fc15608                track_buf
                0x000000009fc15994                plist_lib_offset
                0x000000009fc15610                sort_depend_buf
                0x000000009fc15618                album_file_pt
                0x000000009fc154f4                sorting_map_level_16k
                0x000000009fc15638                tidy_buf_a
                0x000000009fc15650                count_buf_c
                0x000000009fc155b4                ap_index_parent_offset
                0x000000009fc155a8                ap_sort_index_offset
                0x000000009fc1556a                ap_pos_file_offset
                0x000000009fc15634                resort_data
                0x000000009fc15644                sort_index_buf
                0x000000009fc15590                cmu_memclken_bak
                0x000000009fc15a40                m3u_dat_file_pt
                0x000000009fc15a2a                drv_sn
                0x000000009fc15408                sorting_map_level_cur
                0x000000009fc159cc                track_string_buf
                0x000000009fc15a26                ui_cur_strID
                0x000000009fc15570                ap_vfs_mount
                0x000000009fc1564c                count_buf_b
                0x000000009fc15690                other_f_p
                0x000000009fc15a25                ui_icon_count
                0x000000009fc15640                file_index_buf
                0x000000009fc1565c                id3_file_info
                0x000000009fc1556c                ap_obj_handle
                0x000000009fc15a2e                m3u_curpos_offset
                0x000000009fc1561c                artist_file_pt
                0x000000009fc15a2c                m3u_cursec_num
                0x000000009fc15598                ap_plist_file_total
                0x000000009fc15648                count_buf_a
                0x000000009fc159d4                playlist_app_timer_vector
                0x000000009fc15a30                m3u_handle
                0x000000009fc1563c                tidy_buf_b
 common_ui_data.o(.bss)
 .bss           0x000000009fc15a48      0x18c ./../../lib/common_ui_data.o
                0x000000009fc15b99                g_icon_id
                0x000000009fc15afc                g_menu_items
                0x000000009fc15bc8                g_anm_callback
                0x000000009fc15bd1                g_anm_direction
                0x000000009fc15a4e                g_gui_direct
                0x000000009fc15ba0                this_headbar_style
                0x000000009fc15bbb                g_ss_last_time
                0x000000009fc15bd0                g_anm_index
                0x000000009fc15bbd                g_ss_delay_flag
                0x000000009fc15ab0                dir_menu_title
                0x000000009fc15bcc                g_anm_sty_infor
                0x000000009fc15b9c                g_headbar_update
                0x000000009fc15b88                g_back_to_parent_func
                0x000000009fc15a4d                sys_status_timer_id
                0x000000009fc15bb0                g_ss_mode_backup
                0x000000009fc15b90                usb_selecting_state
                0x000000009fc15b8c                g_back_to_parant_arg
                0x000000009fc15bc0                g_com_paint_cb
                0x000000009fc15a48                sys_comval
                0x000000009fc15bb9                g_ss_album_art_phase
                0x000000009fc15bb4                g_ss_clk_backup
                0x000000009fc15bba                g_ss_last_date
                0x000000009fc15bad                this_headbar_mode
                0x000000009fc15bb1                g_ss_icon_backup
                0x000000009fc15b94                volume_value_last
                0x000000009fc15bae                g_so_time
                0x000000009fc15abc                dir_control
                0x000000009fc15b92                g_usb_timer_id
                0x000000009fc15bb2                g_ss_timer_id
                0x000000009fc15b91                g_usb_auto_select
                0x000000009fc15a4c                sys_counter_timer_id
                0x000000009fc15b9b                g_battery_value
                0x000000009fc15a50                g_dir_browser
                0x000000009fc15ad4                last_dir_control
                0x000000009fc15b96                volume_enter_forbidden
                0x000000009fc15bb8                g_ss_mode
                0x000000009fc15bac                this_headbar_icon_id
                0x000000009fc15b9a                g_sys_minute
                0x000000009fc15aee                line_cnt
                0x000000009fc15a5c                g_file_list
                0x000000009fc15aec                speed_control
                0x000000009fc15b98                g_battery_display
                0x000000009fc15bbc                g_ss_vip_event
                0x000000009fc15baf                g_ss_tag_backup
                0x000000009fc15bbe                g_kl_time_is_up
                0x000000009fc15b97                g_vol_time_up_flag
                0x000000009fc15af0                g_menu_title
 common_func_data.o(.bss)
 .bss           0x000000009fc15bd4       0x18 ./../../lib/common_func_data.o
                0x000000009fc15bdd                menu_history_valid
                0x000000009fc15be0                dir_history_addr
                0x000000009fc15bd8                confmenu_offset
                0x000000009fc15be9                g_keytone_backup
                0x000000009fc15bd4                confmenu_fp
                0x000000009fc15be8                this_filter_key_value
                0x000000009fc15be4                menu_history_addr
                0x000000009fc15bdc                dir_history_valid
 eh_rdata.o(.bss)
 .bss           0x000000009fc15bec       0x88 ./../../../psp_rel/lib/lib_enhanced/eh_rdata.o
                0x000000009fc15c38                plist_list_layerno
                0x000000009fc15bf4                file_total
                0x000000009fc15c52                dir_total
                0x000000009fc15c32                plist_file_total
                0x000000009fc15c12                write_data_flag
                0x000000009fc15c1c                plist_item_info
                0x000000009fc15c00                obj_handle
                0x000000009fc15c46                plist_layer_offset
                0x000000009fc15bed                fsel_module_type
                0x000000009fc15c5a                dirlist_cur_file_folder_index
                0x000000009fc15c1a                uspl_file_offset
                0x000000009fc15bfc                root_dir
                0x000000009fc15c50                m3u_curlist_index
                0x000000009fc15c30                plist_type_selector
                0x000000009fc15c60                dirlist_index_tbl
                0x000000009fc15c18                uspl_last_offset
                0x000000009fc15c54                dirlist_first_offset
                0x000000009fc15c10                save_read_offset
                0x000000009fc15c5c                dirlist_layer_offset
                0x000000009fc15c42                plist_start_file_index
                0x000000009fc15c16                uspl_first_offset
                0x000000009fc15c08                fsel_init_val
                0x000000009fc15c04                vfs_mount
                0x000000009fc15bf8                cur_ext_name
                0x000000009fc15c44                plist_cur_file_index
                0x000000009fc15bf2                file_no
                0x000000009fc15c14                uspl_file_total
                0x000000009fc15bf0                shuffle_sw
                0x000000009fc15c58                dirlist_file_offset
                0x000000009fc15c40                plist_start_sort_index
                0x000000009fc15bec                loop_flag
                0x000000009fc15bef                dir_layer
                0x000000009fc15c34                plist_info_offset
                0x000000009fc15bfe                obj_open_mode
                0x000000009fc15bff                obj_open_type
                0x000000009fc15c48                lib_pfile_offset
                0x000000009fc15c56                dirlist_file_index_offset
                0x000000009fc15bee                fsel_error
                0x000000009fc15bf6                g_file_index
 eh_id3_rdata.o(.bss)
 .bss           0x000000009fc15c74        0x4 ./../../../psp_rel/lib/lib_enhanced/eh_id3_rdata.o
                0x000000009fc15c74                id3_handle
 *(.sbss)
 *(.common)
 *(common)
                0x0000000040014c00                . = BANK_CONTROL_1_ADDR_BASE
                0x0000000000014c00                OFFSET = (. & 0x3ffff)

BANK_CONTROL_1_0
                0x0000000040014c00      0x800
 ctor.o(.text .rodata)
 .text          0x0000000040014c00       0xcc ./../../../psp_rel/lib/ctor.o
                0x0000000040014c01                process_start
                0x0000000040014c31                __start
                0x0000000000000800                . = BANK_CONTROL_SIZE
 *fill*         0x0000000040014ccc      0x734 00
                0x0000000040054400                . = (((. + AP_BANK_SPACE) & ~ ((AP_BANK_SPACE - 0x1))) + OFFSET)

BANK_FORNT_CONTROL_1_1
                0x0000000040054c00      0x800
 plist_main.o(.text .rodata .xdata)
 .text          0x0000000040054c00      0x764 ./obj/plist_main.o
                0x0000000040055125                init_mem_by_songs_num
                0x00000000400551d5                init_mem_by_songs_16k
                0x0000000040054c55                main
                0x0000000040054c01                _read_var
                0x0000000040055069                init_sys_data
 .rodata        0x0000000040055364       0x38 ./obj/plist_main.o
 .xdata         0x000000004005539c        0x8 ./obj/plist_main.o
                0x0000000000000800                . = BANK_CONTROL_SIZE
 *fill*         0x00000000400553a4       0x5c 00
                0x0000000040094400                . = (((. + AP_BANK_SPACE) & ~ ((AP_BANK_SPACE - 0x1))) + OFFSET)

BANK_FORNT_CONTROL_1_2
                0x0000000040094c00      0x800
 plist_scan_music.o(.text .rodata .xdata)
 .text          0x0000000040094c00      0x7b4 ./obj/plist_scan_music.o
                0x0000000040094f3d                get_music_info
                0x0000000040094ffd                store_music_info
                0x000000004009529d                scan_music_file
 .rodata        0x00000000400953b4       0x24 ./obj/plist_scan_music.o
                0x0000000000000800                . = BANK_CONTROL_SIZE
 *fill*         0x00000000400953d8       0x28 00
                0x00000000400d4400                . = (((. + AP_BANK_SPACE) & ~ ((AP_BANK_SPACE - 0x1))) + OFFSET)

BANK_FORNT_CONTROL_1_3
                0x00000000400d4c00      0x800
 plist_sort_music.o(.text .rodata .xdata)
 .text          0x00000000400d4c00      0x7f8 ./obj/plist_sort_music.o
                0x00000000400d533d                sort_music_list
                0x0000000000000800                . = BANK_CONTROL_SIZE
 *fill*         0x00000000400d53f8        0x8 00
                0x0000000040114400                . = (((. + AP_BANK_SPACE) & ~ ((AP_BANK_SPACE - 0x1))) + OFFSET)

BANK_FORNT_CONTROL_1_4
                0x0000000040114c00      0x800
 plist_sort_music_sub.o(.text .rodata .xdata)
 .text          0x0000000040114c00      0x628 ./obj/plist_sort_music_sub.o
                0x0000000040114d9d                read_string
                0x0000000040114c01                _init_sorting_map_level_8k
                0x0000000040114ef1                list_resort
                0x0000000040114d29                _init_sorting_map_level_16k
                0x0000000000000800                . = BANK_CONTROL_SIZE
 *fill*         0x0000000040115228      0x1d8 00
                0x0000000040154400                . = (((. + AP_BANK_SPACE) & ~ ((AP_BANK_SPACE - 0x1))) + OFFSET)

BANK_FORNT_CONTROL_1_5
                0x0000000040154c00      0x800
 plist_other_list.o(.text .rodata .xdata)
 .text          0x0000000040154c00      0x528 ./obj/plist_other_list.o
                0x0000000040154fe5                sort_others_list
                0x0000000040154ecd                scan_others_info
 .rodata        0x0000000040155128        0x8 ./obj/plist_other_list.o
                0x0000000000000800                . = BANK_CONTROL_SIZE
 *fill*         0x0000000040155130      0x2d0 00
                0x0000000040194400                . = (((. + AP_BANK_SPACE) & ~ ((AP_BANK_SPACE - 0x1))) + OFFSET)

BANK_FORNT_CONTROL_1_6
                0x0000000040194c00      0x800
 plist_operate_list.o(.text .rodata .xdata)
 .text          0x0000000040194c00      0x66c ./obj/plist_operate_list.o
                0x0000000040194c65                delete_lib_file
                0x0000000040194c79                creat_plist_lib
                0x0000000040195025                close_plist_lib
 .rodata        0x000000004019526c       0xb0 ./obj/plist_operate_list.o
                0x0000000000000800                . = BANK_CONTROL_SIZE
 *fill*         0x000000004019531c       0xe4 00
                0x00000000401d4400                . = (((. + AP_BANK_SPACE) & ~ ((AP_BANK_SPACE - 0x1))) + OFFSET)

BANK_FORNT_CONTROL_1_7
                0x00000000401d4c00      0x800
 plist_ui_deal.o(.text .rodata .xdata)
 .text          0x00000000401d4c00      0x27c ./obj/plist_ui_deal.o
                0x00000000401d4c01                plist_reflash_string
                0x00000000401d4cb1                plist_reflash_progress
                0x00000000401d4c59                plist_timer_proc
                0x00000000401d4da1                _app_display_init
 .rodata        0x00000000401d4e7c       0x38 ./obj/plist_ui_deal.o
                0x0000000000000800                . = BANK_CONTROL_SIZE
 *fill*         0x00000000401d4eb4      0x54c 00
                0x0000000040214400                . = (((. + AP_BANK_SPACE) & ~ ((AP_BANK_SPACE - 0x1))) + OFFSET)

BANK_FORNT_CONTROL_1_8
                0x0000000040214c00      0x800
 plist_m3u_deal.o(.text .rodata .xdata)
 .text          0x0000000040214c00      0x4b4 ./obj/plist_m3u_deal.o
                0x0000000040214fe1                read_m3u_data
                0x0000000040215071                set_m3ufile_path
                0x0000000040214d39                parse_ext_name
                0x0000000040214dad                parse_obj_name
                0x0000000040214c01                check_ext_bitmap
                0x0000000040214f25                compare_name
                0x0000000040214c69                check_m3u_exist
 .rodata        0x00000000402150b4       0x94 ./obj/plist_m3u_deal.o
                0x0000000000000800                . = BANK_CONTROL_SIZE
 *fill*         0x0000000040215148      0x2b8 00
                0x0000000040254400                . = (((. + AP_BANK_SPACE) & ~ ((AP_BANK_SPACE - 0x1))) + OFFSET)

BANK_FORNT_CONTROL_1_9
                0x0000000040254c00      0x800
 plist_creat_albumart_file.o(.text .rodata .xdata)
 .text          0x0000000040254c00      0x1fc ./obj/plist_creat_albumart_file.o
                0x0000000040254c65                creat_album_pic
 .rodata        0x0000000040254dfc       0x18 ./obj/plist_creat_albumart_file.o
                0x0000000000000800                . = BANK_CONTROL_SIZE
 *fill*         0x0000000040254e14      0x5ec 00
                0x0000000040294400                . = (((. + AP_BANK_SPACE) & ~ ((AP_BANK_SPACE - 0x1))) + OFFSET)

BANK_FORNT_CONTROL_1_10
                0x0000000040294c00      0x800
 plist_sort_method.o(.text .rodata .xdata)
 .text          0x0000000040294c00      0x6a8 ./obj/plist_sort_method.o
                0x0000000040294ecd                tidy_son_table
                0x0000000040295101                creat_plist_tree
                0x0000000040294cb9                _init_sorting_map_level_4k
                0x0000000040294e19                tidy_same_table
                0x00000000402950a9                creat_index_map
                0x0000000040294de1                init_file_index
                0x0000000040294c01                set_sorting_level
                0x0000000040294f55                build_ex_index
                0x000000004029500d                tidy_son_unit
                0x0000000040294f95                son_sort_index
                0x0000000000000800                . = BANK_CONTROL_SIZE
 *fill*         0x00000000402952a8      0x158 00
                0x00000000402d4400                . = (((. + AP_BANK_SPACE) & ~ ((AP_BANK_SPACE - 0x1))) + OFFSET)

BANK_FORNT_CONTROL_1_11
                0x00000000402d4c00      0x800
 plist_scan_audible.o(.text .rodata .xdata)
 .text          0x00000000402d4c00      0x598 ./obj/plist_scan_audible.o
                0x00000000402d50ad                scan_audible_file
 .rodata        0x00000000402d5198        0xc ./obj/plist_scan_audible.o
                0x0000000000000800                . = BANK_CONTROL_SIZE
 *fill*         0x00000000402d51a4      0x25c 00
                0x0000000040314400                . = (((. + AP_BANK_SPACE) & ~ ((AP_BANK_SPACE - 0x1))) + OFFSET)

BANK_FORNT_CONTROL_1_12
                0x0000000040314c00      0x800
 plist_sort_audible.o(.text .rodata .xdata)
 .text          0x0000000040314c00      0x2b4 ./obj/plist_sort_audible.o
                0x0000000040314e51                sort_audible_list
                0x0000000000000800                . = BANK_CONTROL_SIZE
 *fill*         0x0000000040314eb4      0x54c 00
                0x0000000048014400                . = BANK_UI_1_ADDR_BASE
                0x0000000000014400                OFFSET = (. & 0x3ffff)

BANK_UI_1_0     0x0000000048014400      0x800
 plist_scan_func.o(.text .rodata .xdata)
 .text          0x0000000048014400      0x2d4 ./obj/plist_scan_func.o
                0x0000000048014535                unicode_to_char
                0x0000000048014401                check_id3_type
                0x00000000480145dd                alltype_to_char
                0x0000000048014695                copy_deal_string
                0x0000000048014589                utf8_to_char
                0x0000000048014561                char_to_unicode
                0x0000000000000800                . = BANK_UI_SIZE
 *fill*         0x00000000480146d4      0x52c 00
                0x0000000048054400                . = (((. + AP_BANK_SPACE) & ~ ((AP_BANK_SPACE - 0x1))) + OFFSET)

BANK_UI_1_1     0x0000000048054400      0x800
 plist_creat_userpl.o(.text .rodata .xdata)
 .text          0x0000000048054400      0x308 ./obj/plist_creat_userpl.o
                0x0000000048054465                creat_userpl_table
 .rodata        0x0000000048054708       0x48 ./obj/plist_creat_userpl.o
                0x0000000000000800                . = BANK_UI_SIZE
 *fill*         0x0000000048054750      0x4b0 00
                0x0000000048094400                . = (((. + AP_BANK_SPACE) & ~ ((AP_BANK_SPACE - 0x1))) + OFFSET)

BANK_UI_1_2     0x0000000048094400      0x800
 plist_sys_deal.o(.text .rodata .xdata)
 .text          0x0000000048094400      0x248 ./obj/plist_sys_deal.o
                0x0000000048094625                plist_sys_exit
                0x000000004809460d                plist_sys_init
                0x0000000048094549                _deal_playlist_result
 .rodata        0x0000000048094648       0x20 ./obj/plist_sys_deal.o
                0x0000000000000800                . = BANK_UI_SIZE
 *fill*         0x0000000048094668      0x598 00
                0x00000000480d4400                . = (((. + AP_BANK_SPACE) & ~ ((AP_BANK_SPACE - 0x1))) + OFFSET)

BANK_UI_1_3     0x00000000480d4400      0x800
 plist_m3u_deal_sub.o(.text .rodata .xdata)
 .text          0x00000000480d4400      0x758 ./obj/plist_m3u_deal_sub.o
                0x00000000480d4401                check_filepos_exist
                0x00000000480d45e9                parse_m3u_file
                0x0000000000000800                . = BANK_UI_SIZE
 *fill*         0x00000000480d4b58       0xa8 00
                0x0000000048114400                . = (((. + AP_BANK_SPACE) & ~ ((AP_BANK_SPACE - 0x1))) + OFFSET)

BANK_UI_1_4     0x0000000048114400      0x800
 plist_m3u_deal_sub1.o(.text .rodata .xdata)
 .text          0x0000000048114400      0x370 ./obj/plist_m3u_deal_sub1.o
                0x0000000048114401                wirte_m3u_dat
                0x0000000000000800                . = BANK_UI_SIZE
 *fill*         0x0000000048114770      0x490 00
                0x0000000048154400                . = (((. + AP_BANK_SPACE) & ~ ((AP_BANK_SPACE - 0x1))) + OFFSET)

BANK_UI_1_5     0x0000000048154400      0x800
 plist_creat_bmk.o(.text .rodata .xdata)
 .text          0x0000000048154400      0x22c ./obj/plist_creat_bmk.o
                0x0000000048154519                check_bookmark_exist
 .rodata        0x000000004815462c       0x1c ./obj/plist_creat_bmk.o
 .xdata         0x0000000048154648        0x4 ./obj/plist_creat_bmk.o
                0x0000000048154648                g_bookmark_fp
                0x0000000000000800                . = BANK_UI_SIZE
 *fill*         0x000000004815464c      0x5b4 00
                0x000000007881b200                . = (BANK_FRONT_ENHANCED_1_ADDR_BASE + (AP_BANK_SPACE * 0x20))
                0x000000000001b200                OFFSET = (. & 0x3ffff)

BANK_FORNT_ENHANCED_1_32
                0x000000007881b200      0x800
 plist_creat_userpl_sub.o(.text .rodata .xdata)
 .text          0x000000007881b200      0x434 ./obj/plist_creat_userpl_sub.o
                0x000000007881b519                reflash_userpl_table
                0x000000007881b485                init_userpl_table
                0x000000007881b331                fav_opt_delete_sub
 .xdata         0x000000007881b634       0x1c ./obj/plist_creat_userpl_sub.o
                0x000000007881b63c                fav_opt_user_pl_head
                0x000000007881b64c                fav_save_read_offset
                0x0000000000000800                . = BANK_FRONT_ENHANCED1_SIZE
 *fill*         0x000000007881b650      0x3b0 00
                0x0000000078854400                . = (((. + AP_BANK_SPACE) & ~ ((AP_BANK_SPACE - 0x1))) + OFFSET)
                0x0000000071812500                . = (BANK_FRONT_ENHANCED_2_ADDR_BASE + (AP_BANK_SPACE * 0x20))
                0x0000000000012500                OFFSET = (. & 0x3ffff)

BANK_FORNT_ENHANCED_2_32
                0x0000000071812500      0x800
 plist_sort_al.o(.text)
 .text          0x0000000071812500      0x5c4 ./obj/plist_sort_al.o
                0x0000000071812789                swap
                0x00000000718127cd                shortsort
                0x0000000071812549                compare_string
                0x0000000071812501                get_string_data
                0x00000000718126c1                compare_album_track
                0x0000000071812875                list_sort
                0x0000000071812651                compare_word
                0x0000000000000800                . = BANK_FRONT_ENHANCED2_SIZE
 *fill*         0x0000000071812ac4      0x23c 00
LOAD ./../../../psp_rel/usermodule/enhanced/case_link_xn/id3_link.xn
LOAD ./../../../psp_rel/include/link_base.xn
                0x0000000000000000                DRV_GROUP_STG_BASE = 0x0
                0x0000000000000001                DRV_GROUP_STG_CARD = 0x1
                0x0000000000000002                DRV_GROUP_STG_UHOST = 0x2
                0x0000000000000003                DRV_GROUP_FAT32 = 0x3
                0x0000000000000004                DRV_GROUP_EXFAT = 0x4
                0x0000000000000005                DRV_GROUP_UD = 0x5
                0x0000000000000006                DRV_GROUP_UI = 0x6
                0x0000000000000007                DRV_GROUP_LCD = 0x7
                0x0000000000000008                DRV_GROUP_FM = 0x8
                0x0000000000000009                DRV_GROUP_KEY = 0x9
                0x000000000000000a                DRV_GROUP_CCD = 0xa
                0x000000000000000b                DRV_GROUP_I2C = 0xb
                0x000000000000000c                DRV_GROUP_AUDIO_DEVICE = 0xc
                0x000000000000000d                DRV_GROUP_TTS = 0xd
                0x000000000000000e                DRV_GROUP_BT = 0xe
                0x000000000000000f                DRV_GROUP_SYS = 0xf
                0x000000000003ffff                SRAM_SIZE_MASK = 0x3ffff
                0x000000009fc00000                RDATA_ADDR_BASE = 0x9fc00000
                0x00000000bfc00000                RCODE_ADDR_BASE = 0xbfc00000
                0x0000000000000001                KERNEL_BANK_A = 0x1
                0x0000000000000002                KERNEL_BANK_B = 0x2
                0x0000000000000003                KERNEL_BANK_C = 0x3
                0x0000000000040000                BANK_SPACE = 0x40000
                0x0000000000000000                FRONT_AP = 0x0
                0x0000000000000001                BACK_AP = 0x1
                0x0000000000000002                PROCESS_MANAGER_AP = 0x2
                0x0000000000000000                FRONT_CODEC = 0x0
                0x0000000000000001                BACK_CODEC = 0x1
                0x0000000000000040                AP_BANK_FRONT_CONTROL_1 = 0x40
                0x0000000000000048                AP_BANK_FRONT_UI_1 = 0x48
                0x0000000000000050                AP_BANK_FRONT_BASAL = 0x50
                0x0000000000000058                AP_BANK_FRONT_CODEC = 0x58
                0x0000000000000060                AP_BANK_BACK_CONTROL_1 = 0x60
                0x0000000000000068                AP_BANK_BACK_BASAL = 0x68
                0x0000000000000070                AP_BANK_BACK_CODEC = 0x70
                0x0000000000000078                AP_BANK_FRONT_ENHANCED_1 = 0x78
                0x0000000000000071                AP_BANK_FRONT_ENHANCED_2 = 0x71
                0x000000000000007a                AP_BANK_BACK_ENHANCED_1 = 0x7a
                0x000000000000007b                AP_BANK_BACK_ENHANCED_2 = 0x7b
                0x0000000000000072                AP_BANK_BTENGINE_CONTROL_1 = 0x72
                0x0000000000000073                AP_BANK_BTENGINE_LIB_1 = 0x73
                0x0000000000000074                AP_BANK_BTENGINE_LIB_2 = 0x74
                0x0000000000000075                AP_BANK_BTENGINE_EXTEND_1 = 0x75
                0x0000000000000076                AP_BANK_BTENGINE_EXTEND_2 = 0x76
                0x0000000000000077                AP_BANK_BTENGINE_EXTEND_3 = 0x77
                0x000000000000007c                AP_BANK_BTENGINE_EXTEND_4 = 0x7c
                0x0000000000000079                AP_BANK_BTENGINE_EXTEND_5 = 0x79
                0x000000000000007f                AP_BANK_MANAGER = 0x7f
                0x0000000000000041                AP_BANK_AUTOTEST = 0x41
                0x0000000000000000                SROM_BROM_ADDR = 0x0
                0x0000000000002600                SROM_BROM_SIZE = 0x2600
                0x0000000000002600                SROM_SPINOR_ADDR = (SROM_BROM_ADDR + SROM_BROM_SIZE)
                0x0000000000000c00                SROM_SPINOR_SIZE = 0xc00
                0x0000000000003200                SROM_TWI_ADDR = (SROM_SPINOR_ADDR + SROM_SPINOR_SIZE)
                0x0000000000000700                SROM_TWI_SIZE = 0x700
                0x0000000000003900                SROM_STUB_ADDR = (SROM_TWI_ADDR + SROM_TWI_SIZE)
                0x0000000000000700                SROM_STUB_SIZE = 0x700
                0x0000000000000e00                SROM_SPINOR_SIZE_MDY = 0xe00
                0x0000000000003400                SROM_TWI_ADDR_MDY = (SROM_SPINOR_ADDR + SROM_SPINOR_SIZE_MDY)
                0x0000000000000700                SROM_TWI_SIZE_MDY = 0x700
                0x0000000000003b00                SROM_STUB_ADDR_MDY = (SROM_TWI_ADDR_MDY + SROM_TWI_SIZE_MDY)
                0x0000000000000500                SROM_STUB_SIZE_MDY = 0x500
                0x0000000000004000                SROM_KERNEL_ADDR = (SROM_STUB_ADDR + SROM_STUB_SIZE)
                0x0000000000004000                SROM_KERNEL_SIZE = 0x4000
                0x000000000000c000                SROM_FS_ADDR = 0xc000
                0x0000000000001c00                SROM_FS_SIZE = 0x1c00
                0x000000000000dc00                SROM_SPINOR1_ADDR = (SROM_FS_ADDR + SROM_FS_SIZE)
                0x0000000000000400                SROM_SPINOR1_SIZE = 0x400
                0x0000000000008000                SRAM_OS_RCODE_ADDR = 0x8000
                0x0000000000000c00                SRAM_OS_RCODE_SIZE = 0xc00
                0x0000000000008c00                SRAM_SPINOR_RCODE_ADDR = 0x8c00
                0x0000000000000400                SRAM_SPINOR_RCODE_SIZE = 0x400
                0x0000000000009000                SRAM_BANK_A_ADDR = 0x9000
                0x0000000000000400                SRAM_BANK_A_SIZE = 0x400
                0x0000000000009400                SRAM_BANK_B_ADDR = 0x9400
                0x0000000000000800                SRAM_BANK_B_SIZE = 0x800
                0x0000000000009c00                SRAM_UI_RCODE1_ADDR = 0x9c00
                0x0000000000000300                SRAM_UI_RCODE1_SIZE = 0x300
                0x0000000000009f00                SRAM_AUDIO_GLOBAL_DATA_ADDR = 0x9f00
                0x0000000000000060                SRAM_AUDIO_GLOBAL_DATA_SIZE = 0x60
                0x0000000000009f60                SRAM_UHOST_GLOBAL_DATA_ADDR = 0x9f60
                0x0000000000000010                SRAM_UHOST_GLOBAL_DATA_SIZE = 0x10
                0x0000000000009f70                SRAM_CARD_GLOBAL_DATA_ADDR = 0x9f70
                0x0000000000000010                SRAM_CARD_GLOBAL_DATA_SIZE = 0x10
                0x0000000000009f80                SRAM_SYS_SHARE_DATA_ADDR = 0x9f80
                0x0000000000000040                SRAM_SYS_SHARE_DATA_SIZE = 0x40
                0x0000000000009fc0                SRAM_RAM6_CCD_GLOBAL_DATA_ADDR = 0x9fc0
                0x0000000000000020                SRAM_RAM6_CCD_GLOBAL_DATA_SIZE = 0x20
                0x0000000000009fe0                SRAM_RAM6_RESEVER_ADDR = 0x9fe0
                0x0000000000000020                SRAM_RAM6_RESEVER_SIZE = 0x20
                0x000000000000a000                SRAM_LCD_RCODE_ADDR = 0xa000
                0x0000000000000800                SRAM_LCD_RCODE_SIZE = 0x800
                0x000000000000a800                SRAM_UI_RCODE2_ADDR = 0xa800
                0x0000000000001000                SRAM_UI_RCODE2_SIZE = 0x1000
                0x000000000000b800                SRAM_LCD_BUFFER_ADDR = 0xb800
                0x0000000000000400                SRAM_LCD_BUFFER_SIZE = 0x400
                0x000000000000bc00                SRAM_UI_DATA_ADDR = 0xbc00
                0x0000000000000400                SRAM_UI_DATA_SIZE = 0x400
                0x0000000000010000                SRAM_KEY_MESSAGE_RCODE_ADDR = 0x10000
                0x0000000000000a00                SRAM_KEY_MESSAGE_RCODE_SIZE = 0xa00
                0x0000000000010a00                SRAM_RAM0_RESEVER1_ADDR = 0x10a00
                0x0000000000000200                SRAM_RAM0_RESEVER1_SIZE = 0x200
                0x0000000000010c00                SRAM_AP_FRONT_BASAL_RCODE_ADDR = 0x10c00
                0x0000000000000100                SRAM_AP_FRONT_BASAL_RCODE_SIZE = 0x100
                0x0000000000010d00                SRAM_AP_BANK_BACK_CONTROL_ADDR = 0x10d00
                0x0000000000000800                SRAM_AP_BANK_BACK_CONTROL_SIZE = 0x800
                0x0000000000011500                SRAM_AP_BACK_RCODE_ADDR = 0x11500
                0x0000000000000800                SRAM_AP_BACK_RCODE_SIZE = 0x800
                0x0000000000000000                SRAM_AP_BANK_FRONT_CODEC_ADDR = 0x0
                0x0000000000000000                SRAM_AP_BANK_FRONT_CODEC_SIZE = 0x0
                0x0000000000011d00                SRAM_RAM0_RESEVER2_ADDR = 0x11d00
                0x0000000000000800                SRAM_RAM0_RESEVER2_SIZE = 0x800
                0x0000000000012500                SRAM_AP_BANK_FRONT_BASAL_ADDR = 0x12500
                0x0000000000000800                SRAM_AP_BANK_FRONT_BASAL_SIZE = 0x800
                0x0000000000012500                SRAM_AP_BANK_FRONT_ENHANCED_2_ADDR = SRAM_AP_BANK_FRONT_BASAL_ADDR
                0x0000000000000800                SRAM_AP_BANK_FRONT_ENHANCED_2_SIZE = SRAM_AP_BANK_FRONT_BASAL_SIZE
                0x0000000000012d00                SRAM_AP_BANK_BACK_BASAL_ADDR = 0x12d00
                0x0000000000000800                SRAM_AP_BANK_BACK_BASAL_SIZE = 0x800
                0x0000000000012d00                SRAM_AP_BANK_BACK_ENHANCED_1_ADDR = SRAM_AP_BANK_BACK_BASAL_ADDR
                0x0000000000000800                SRAM_AP_BANK_BACK_ENHANCED_1_SIZE = SRAM_AP_BANK_BACK_BASAL_SIZE
                0x0000000000013500                SRAM_AP_BACK_BASAL_RCODE_ADDR = 0x13500
                0x0000000000000800                SRAM_AP_BACK_BASAL_RCODE_SIZE = 0x800
                0x0000000000013d00                SRAM_KERNEL_BSS_ADDR = 0x13d00
                0x00000000000000e0                SRAM_KERNEL_BSS_SIZE = 0xe0
                0x0000000000013de0                SRAM_AP_MANAGER_ADDR = 0x13de0
                0x0000000000000200                SRAM_AP_MANAGER_SIZE = 0x200
                0x0000000000013fc0                SRAM_IRQ_DSP_PRINT_TEMP_ADDR = 0x13fc0
                0x0000000000000020                SRAM_IRQ_DSP_PRINT_TEMP_SIZE = 0x20
                0x0000000000013fe0                SRAM_IRQ_PRINT_BUFFER_ADDR = 0x13fe0
                0x0000000000000110                SRAM_IRQ_PRINT_BUFFER_SIZE = 0x110
                0x00000000000140f0                SRAM_DSP_PRINT_BUFFER_ADDR = 0x140f0
                0x0000000000000110                SRAM_DSP_PRINT_BUFFER_SIZE = 0x110
                0x0000000000014200                SRAM_LCD_DATA_ADDR = 0x14200
                0x0000000000000100                SRAM_LCD_DATA_SIZE = 0x100
                0x0000000000014300                SRAM_KEY_MESSAGE_DATA_ADDR = 0x14300
                0x0000000000000100                SRAM_KEY_MESSAGE_DATA_SIZE = 0x100
                0x0000000000014400                SRAM_AP_BANK_FRONT_UI_ADDR = 0x14400
                0x0000000000000800                SRAM_AP_BANK_FRONT_UI_SIZE = 0x800
                0x0000000000014c00                SRAM_AP_BANK_FRONT_CONTROL_ADDR = 0x14c00
                0x0000000000000800                SRAM_AP_BANK_FRONT_CONTROL_SIZE = 0x800
                0x0000000000015400                SRAM_AP_FRONT_DATA_ADDR = 0x15400
                0x0000000000000800                SRAM_AP_FRONT_DATA_SIZE = 0x800
                0x0000000000015c00                SRAM_AP_BACK_DATA_ADDR = 0x15c00
                0x0000000000000600                SRAM_AP_BACK_DATA_SIZE = 0x600
                0x0000000000016200                SRAM_AP_BANK_MANAGER_ADDR = 0x16200
                0x0000000000000200                SRAM_AP_BANK_MANAGER_SIZE = 0x200
                0x0000000000016400                SRAM_AP_FRONT_RCODE_ADDR = 0x16400
                0x0000000000000800                SRAM_AP_FRONT_RCODE_SIZE = 0x800
                0x0000000000016c00                SRAM_FS_RCODE_ADDR = 0x16c00
                0x0000000000000800                SRAM_FS_RCODE_SIZE = 0x800
                0x0000000000017400                SRAM_UI_RCODE3_ADDR = 0x17400
                0x0000000000000c00                SRAM_UI_RCODE3_SIZE = 0xc00
                0x0000000000017400                SRAM_CARD_UD_RCODE_ADDR = 0x17400
                0x0000000000000c00                SRAM_CARD_UD_RCODE_SIZE = 0xc00
                0x0000000000017400                SRAM_UHOST_UD_RCODE_ADDR = SRAM_CARD_UD_RCODE_ADDR
                0x0000000000000c00                SRAM_UHOST_UD_RCODE_SIZE = SRAM_CARD_UD_RCODE_SIZE
                0x0000000000018000                SRAM_FS_DATA_ADDR = 0x18000
                0x0000000000000300                SRAM_FS_DATA_SIZE = 0x300
                0x0000000000018300                SRAM_FS_BUF_ADDR = 0x18300
                0x0000000000000a00                SRAM_FS_BUF_SIZE = 0xa00
                0x0000000000018d00                SRAM_CARD_UD_CACHE_ADDR = 0x18d00
                0x0000000000000800                SRAM_CARD_UD_CACHE_SIZE = 0x800
                0x0000000000018d00                SRAM_UHOST_UD_CACHE_ADDR = SRAM_CARD_UD_CACHE_ADDR
                0x0000000000000800                SRAM_UHOST_UD_CACHE_SIZE = SRAM_CARD_UD_CACHE_SIZE
                0x0000000000019500                SRAM_CARD_DATA_ADDR = 0x19500
                0x0000000000000080                SRAM_CARD_DATA_SIZE = 0x80
                0x0000000000019500                SRAM_UHOST_DATA_ADDR = SRAM_CARD_DATA_ADDR
                0x0000000000000080                SRAM_UHOST_DATA_SIZE = SRAM_CARD_DATA_SIZE
                0x0000000000019580                SRAM_KERNEL_XSYS_ADDR = 0x19580
                0x0000000000000800                SRAM_KERNEL_XSYS_SIZE = 0x800
                0x0000000000019d80                SRAM_BANK_C_ADDR = 0x19d80
                0x0000000000000400                SRAM_BANK_C_SIZE = 0x400
                0x000000000001a180                SRAM_APPLIB_GLOBAL_DATA_ADDR = 0x1a180
                0x0000000000000100                SRAM_APPLIB_GLOBAL_DATA_SIZE = 0x100
                0x000000000001a280                SRAM_APPLIB_DATA_ADDR = 0x1a280
                0x0000000000000100                SRAM_APPLIB_DATA_SIZE = 0x100
                0x000000000001a380                SRAM_RAM1_RESEVER1_ADDR = 0x1a380
                0x0000000000000080                SRAM_RAM1_RESEVER1_SIZE = 0x80
                0x000000000001a400                SRAM_OS_DATA_ADDR = 0x1a400
                0x0000000000000880                SRAM_OS_DATA_SIZE = 0x880
                0x000000000001ac80                SRAM_OS_HEAP_ADDR = 0x1ac80
                0x0000000000000580                SRAM_OS_HEAP_SIZE = 0x580
                0x000000000001b200                SRAM_AP_BANK_FRONT_ENHANCED_1_ADDR = 0x1b200
                0x0000000000000800                SRAM_AP_BANK_FRONT_ENHANCED_1_SIZE = 0x800
                0x000000000001b200                SRAM_FM_DRV_RCODE_ADDR = SRAM_AP_BANK_FRONT_ENHANCED_1_ADDR
                0x0000000000000800                SRAM_FM_DRV_RCODE_SIZE = SRAM_AP_BANK_FRONT_ENHANCED_1_SIZE
                0x000000000001ba00                SRAM_OS_SD_SWAP_BUF_ADDR = 0x1ba00
                0x0000000000000200                SRAM_OS_SD_SWAP_BUF_SIZE = 0x200
                0x000000000001bc00                SRAM_OS_TASK_STACK_ADDR = 0x1bc00
                0x0000000000001a00                SRAM_OS_TASK_STACK_SIZE = 0x1a00
                0x000000000001d600                SRAM_OS_SYS_STACK_ADDR = 0x1d600
                0x0000000000000400                SRAM_OS_SYS_STACK_SIZE = 0x400
                0x000000000001da00                SRAM_RAM1_RESEVER2_ADDR = 0x1da00
                0x0000000000000600                SRAM_RAM1_RESEVER1_SIZE = 0x600
                0x0000000000027000                SRAM_AP_BACK_CODEC_RCODE_ADDR = 0x27000
                0x0000000000001000                SRAM_AP_BACK_CODEC_RCODE_SIZE = 0x1000
                0x0000000000028000                SRAM_AP_BANK_BACK_CODEC_ADDR = 0x28000
                0x0000000000001000                SRAM_AP_BANK_BACK_CODEC_SIZE = 0x1000
                0x0000000000028000                SRAM_AP_BANK_BACK_ENHANCED_2_ADDR = 0x28000
                0x0000000000000800                SRAM_AP_BANK_BACK_ENHANCED_2_SIZE = 0x800
                0x0000000000030000                SRAM_AP_USB_DEVICE_RCODE_ADDR = 0x30000
                0x0000000000004000                SRAM_AP_USB_DEVICE_RCODE_SIZE = 0x4000
                0x0000000000038000                SRAM_TWI_ADDR_MDY = 0x38000
                0x0000000000000700                SRAM_TWI_SIZE_MDY = SROM_TWI_SIZE_MDY
                0x0000000000040000                SRAM_INVALID_RCODE_ADDR = 0x40000
                0x0000000000000000                AP_INDEX = FRONT_AP
                0x0000000040014c00                BANK_CONTROL_1_ADDR_BASE = ((AP_BANK_FRONT_CONTROL_1 << 0x18) + SRAM_AP_BANK_FRONT_CONTROL_ADDR)
                0x0000000048014400                BANK_UI_1_ADDR_BASE = ((AP_BANK_FRONT_UI_1 << 0x18) + SRAM_AP_BANK_FRONT_UI_ADDR)
                0x000000007801b200                BANK_FRONT_ENHANCED_1_ADDR_BASE = ((AP_BANK_FRONT_ENHANCED_1 << 0x18) + SRAM_AP_BANK_FRONT_ENHANCED_1_ADDR)
                0x0000000071012500                BANK_FRONT_ENHANCED_2_ADDR_BASE = ((AP_BANK_FRONT_ENHANCED_2 << 0x18) + SRAM_AP_BANK_FRONT_ENHANCED_2_ADDR)
                0x000000007a012d00                BANK_BACK_ENHANCED_1_ADDR_BASE = ((AP_BANK_BACK_ENHANCED_1 << 0x18) + SRAM_AP_BANK_BACK_ENHANCED_1_ADDR)
                0x000000007b028000                BANK_BACK_ENHANCED_2_ADDR_BASE = ((AP_BANK_BACK_ENHANCED_2 << 0x18) + SRAM_AP_BANK_BACK_ENHANCED_2_ADDR)
                0x0000000000000800                BANK_CONTROL_SIZE = SRAM_AP_BANK_FRONT_CONTROL_SIZE
                0x0000000000000800                BANK_UI_SIZE = SRAM_AP_BANK_FRONT_UI_SIZE
                0x0000000000000800                BANK_FRONT_ENHANCED1_SIZE = SRAM_AP_BANK_FRONT_ENHANCED_1_SIZE
                0x0000000000000800                BANK_FRONT_ENHANCED2_SIZE = SRAM_AP_BANK_FRONT_ENHANCED_2_SIZE
                0x0000000000000800                BANK_BACK_ENHANCED1_SIZE = SRAM_AP_BANK_BACK_ENHANCED_1_SIZE
                0x0000000000000800                BANK_BACK_ENHANCED2_SIZE = SRAM_AP_BANK_BACK_ENHANCED_2_SIZE
                0x0000000000040000                AP_BANK_SPACE = BANK_SPACE
                0x000000007801b200                . = BANK_FRONT_ENHANCED_1_ADDR_BASE
                0x000000000001b200                OFFSET = (. & 0x3ffff)

BANK_FRONT_ENHANCED_COMM_1_0
                0x000000007801b200      0x800
 eh_module.o(.text .rodata .xdata)
 .text          0x000000007801b200      0x4f8 ./../../../psp_rel/lib/lib_enhanced/eh_module.o
                0x000000007801b299                set_fileindex
                0x000000007801b219                select_dir_or_dirlist
                0x000000007801b5d1                fsel_exit
                0x000000007801b281                get_fileindex
                0x000000007801b6e1                fsel_get_error
                0x000000007801b2f5                fsel_init
                0x000000007801b2b1                set_dirlist_file_index_tbl
                0x000000007801b2d5                get_dirlist_file_index_tbl
                0x000000007801b201                get_current_disk
 .rodata        0x000000007801b6f8       0x30 ./../../../psp_rel/lib/lib_enhanced/eh_module.o
 .xdata         0x000000007801b728      0x204 ./../../../psp_rel/lib/lib_enhanced/eh_module.o
                0x000000007801b72c                temp_module_buf
                0x0000000000000800                . = BANK_FRONT_ENHANCED1_SIZE
 *fill*         0x000000007801b92c       0xd4 00
LOAD ./../common/common_front_no_selector.xn
LOAD ./../../../psp_rel/include/link_base.xn
                0x0000000000000000                DRV_GROUP_STG_BASE = 0x0
                0x0000000000000001                DRV_GROUP_STG_CARD = 0x1
                0x0000000000000002                DRV_GROUP_STG_UHOST = 0x2
                0x0000000000000003                DRV_GROUP_FAT32 = 0x3
                0x0000000000000004                DRV_GROUP_EXFAT = 0x4
                0x0000000000000005                DRV_GROUP_UD = 0x5
                0x0000000000000006                DRV_GROUP_UI = 0x6
                0x0000000000000007                DRV_GROUP_LCD = 0x7
                0x0000000000000008                DRV_GROUP_FM = 0x8
                0x0000000000000009                DRV_GROUP_KEY = 0x9
                0x000000000000000a                DRV_GROUP_CCD = 0xa
                0x000000000000000b                DRV_GROUP_I2C = 0xb
                0x000000000000000c                DRV_GROUP_AUDIO_DEVICE = 0xc
                0x000000000000000d                DRV_GROUP_TTS = 0xd
                0x000000000000000e                DRV_GROUP_BT = 0xe
                0x000000000000000f                DRV_GROUP_SYS = 0xf
                0x000000000003ffff                SRAM_SIZE_MASK = 0x3ffff
                0x000000009fc00000                RDATA_ADDR_BASE = 0x9fc00000
                0x00000000bfc00000                RCODE_ADDR_BASE = 0xbfc00000
                0x0000000000000001                KERNEL_BANK_A = 0x1
                0x0000000000000002                KERNEL_BANK_B = 0x2
                0x0000000000000003                KERNEL_BANK_C = 0x3
                0x0000000000040000                BANK_SPACE = 0x40000
                0x0000000000000000                FRONT_AP = 0x0
                0x0000000000000001                BACK_AP = 0x1
                0x0000000000000002                PROCESS_MANAGER_AP = 0x2
                0x0000000000000000                FRONT_CODEC = 0x0
                0x0000000000000001                BACK_CODEC = 0x1
                0x0000000000000040                AP_BANK_FRONT_CONTROL_1 = 0x40
                0x0000000000000048                AP_BANK_FRONT_UI_1 = 0x48
                0x0000000000000050                AP_BANK_FRONT_BASAL = 0x50
                0x0000000000000058                AP_BANK_FRONT_CODEC = 0x58
                0x0000000000000060                AP_BANK_BACK_CONTROL_1 = 0x60
                0x0000000000000068                AP_BANK_BACK_BASAL = 0x68
                0x0000000000000070                AP_BANK_BACK_CODEC = 0x70
                0x0000000000000078                AP_BANK_FRONT_ENHANCED_1 = 0x78
                0x0000000000000071                AP_BANK_FRONT_ENHANCED_2 = 0x71
                0x000000000000007a                AP_BANK_BACK_ENHANCED_1 = 0x7a
                0x000000000000007b                AP_BANK_BACK_ENHANCED_2 = 0x7b
                0x0000000000000072                AP_BANK_BTENGINE_CONTROL_1 = 0x72
                0x0000000000000073                AP_BANK_BTENGINE_LIB_1 = 0x73
                0x0000000000000074                AP_BANK_BTENGINE_LIB_2 = 0x74
                0x0000000000000075                AP_BANK_BTENGINE_EXTEND_1 = 0x75
                0x0000000000000076                AP_BANK_BTENGINE_EXTEND_2 = 0x76
                0x0000000000000077                AP_BANK_BTENGINE_EXTEND_3 = 0x77
                0x000000000000007c                AP_BANK_BTENGINE_EXTEND_4 = 0x7c
                0x0000000000000079                AP_BANK_BTENGINE_EXTEND_5 = 0x79
                0x000000000000007f                AP_BANK_MANAGER = 0x7f
                0x0000000000000041                AP_BANK_AUTOTEST = 0x41
                0x0000000000000000                SROM_BROM_ADDR = 0x0
                0x0000000000002600                SROM_BROM_SIZE = 0x2600
                0x0000000000002600                SROM_SPINOR_ADDR = (SROM_BROM_ADDR + SROM_BROM_SIZE)
                0x0000000000000c00                SROM_SPINOR_SIZE = 0xc00
                0x0000000000003200                SROM_TWI_ADDR = (SROM_SPINOR_ADDR + SROM_SPINOR_SIZE)
                0x0000000000000700                SROM_TWI_SIZE = 0x700
                0x0000000000003900                SROM_STUB_ADDR = (SROM_TWI_ADDR + SROM_TWI_SIZE)
                0x0000000000000700                SROM_STUB_SIZE = 0x700
                0x0000000000000e00                SROM_SPINOR_SIZE_MDY = 0xe00
                0x0000000000003400                SROM_TWI_ADDR_MDY = (SROM_SPINOR_ADDR + SROM_SPINOR_SIZE_MDY)
                0x0000000000000700                SROM_TWI_SIZE_MDY = 0x700
                0x0000000000003b00                SROM_STUB_ADDR_MDY = (SROM_TWI_ADDR_MDY + SROM_TWI_SIZE_MDY)
                0x0000000000000500                SROM_STUB_SIZE_MDY = 0x500
                0x0000000000004000                SROM_KERNEL_ADDR = (SROM_STUB_ADDR + SROM_STUB_SIZE)
                0x0000000000004000                SROM_KERNEL_SIZE = 0x4000
                0x000000000000c000                SROM_FS_ADDR = 0xc000
                0x0000000000001c00                SROM_FS_SIZE = 0x1c00
                0x000000000000dc00                SROM_SPINOR1_ADDR = (SROM_FS_ADDR + SROM_FS_SIZE)
                0x0000000000000400                SROM_SPINOR1_SIZE = 0x400
                0x0000000000008000                SRAM_OS_RCODE_ADDR = 0x8000
                0x0000000000000c00                SRAM_OS_RCODE_SIZE = 0xc00
                0x0000000000008c00                SRAM_SPINOR_RCODE_ADDR = 0x8c00
                0x0000000000000400                SRAM_SPINOR_RCODE_SIZE = 0x400
                0x0000000000009000                SRAM_BANK_A_ADDR = 0x9000
                0x0000000000000400                SRAM_BANK_A_SIZE = 0x400
                0x0000000000009400                SRAM_BANK_B_ADDR = 0x9400
                0x0000000000000800                SRAM_BANK_B_SIZE = 0x800
                0x0000000000009c00                SRAM_UI_RCODE1_ADDR = 0x9c00
                0x0000000000000300                SRAM_UI_RCODE1_SIZE = 0x300
                0x0000000000009f00                SRAM_AUDIO_GLOBAL_DATA_ADDR = 0x9f00
                0x0000000000000060                SRAM_AUDIO_GLOBAL_DATA_SIZE = 0x60
                0x0000000000009f60                SRAM_UHOST_GLOBAL_DATA_ADDR = 0x9f60
                0x0000000000000010                SRAM_UHOST_GLOBAL_DATA_SIZE = 0x10
                0x0000000000009f70                SRAM_CARD_GLOBAL_DATA_ADDR = 0x9f70
                0x0000000000000010                SRAM_CARD_GLOBAL_DATA_SIZE = 0x10
                0x0000000000009f80                SRAM_SYS_SHARE_DATA_ADDR = 0x9f80
                0x0000000000000040                SRAM_SYS_SHARE_DATA_SIZE = 0x40
                0x0000000000009fc0                SRAM_RAM6_CCD_GLOBAL_DATA_ADDR = 0x9fc0
                0x0000000000000020                SRAM_RAM6_CCD_GLOBAL_DATA_SIZE = 0x20
                0x0000000000009fe0                SRAM_RAM6_RESEVER_ADDR = 0x9fe0
                0x0000000000000020                SRAM_RAM6_RESEVER_SIZE = 0x20
                0x000000000000a000                SRAM_LCD_RCODE_ADDR = 0xa000
                0x0000000000000800                SRAM_LCD_RCODE_SIZE = 0x800
                0x000000000000a800                SRAM_UI_RCODE2_ADDR = 0xa800
                0x0000000000001000                SRAM_UI_RCODE2_SIZE = 0x1000
                0x000000000000b800                SRAM_LCD_BUFFER_ADDR = 0xb800
                0x0000000000000400                SRAM_LCD_BUFFER_SIZE = 0x400
                0x000000000000bc00                SRAM_UI_DATA_ADDR = 0xbc00
                0x0000000000000400                SRAM_UI_DATA_SIZE = 0x400
                0x0000000000010000                SRAM_KEY_MESSAGE_RCODE_ADDR = 0x10000
                0x0000000000000a00                SRAM_KEY_MESSAGE_RCODE_SIZE = 0xa00
                0x0000000000010a00                SRAM_RAM0_RESEVER1_ADDR = 0x10a00
                0x0000000000000200                SRAM_RAM0_RESEVER1_SIZE = 0x200
                0x0000000000010c00                SRAM_AP_FRONT_BASAL_RCODE_ADDR = 0x10c00
                0x0000000000000100                SRAM_AP_FRONT_BASAL_RCODE_SIZE = 0x100
                0x0000000000010d00                SRAM_AP_BANK_BACK_CONTROL_ADDR = 0x10d00
                0x0000000000000800                SRAM_AP_BANK_BACK_CONTROL_SIZE = 0x800
                0x0000000000011500                SRAM_AP_BACK_RCODE_ADDR = 0x11500
                0x0000000000000800                SRAM_AP_BACK_RCODE_SIZE = 0x800
                0x0000000000000000                SRAM_AP_BANK_FRONT_CODEC_ADDR = 0x0
                0x0000000000000000                SRAM_AP_BANK_FRONT_CODEC_SIZE = 0x0
                0x0000000000011d00                SRAM_RAM0_RESEVER2_ADDR = 0x11d00
                0x0000000000000800                SRAM_RAM0_RESEVER2_SIZE = 0x800
                0x0000000000012500                SRAM_AP_BANK_FRONT_BASAL_ADDR = 0x12500
                0x0000000000000800                SRAM_AP_BANK_FRONT_BASAL_SIZE = 0x800
[...]
 .comment       0x0000000000000764       0x2b ./../../../psp_rel/lib/lib_enhanced/eh_id3_aax.o
 .comment       0x000000000000078f       0x2b ./../../../psp_rel/lib/lib_enhanced/eh_id3_function_sub.o
 .comment       0x00000000000007ba       0x2b ./../../../psp_rel/lib/lib_enhanced/eh_id3_utf8_deal.o
 .comment       0x00000000000007e5       0x2b ./../../lib/ui_menulist.o
 .comment       0x0000000000000810       0x2b ./../../lib/ui_menulist2.o
 .comment       0x000000000000083b       0x2b ./../../lib/ui_menulist_simple.o
 .comment       0x0000000000000866       0x2b ./../../lib/ui_parameter.o
 .comment       0x0000000000000891       0x2b ./../../lib/ui_textread.o
 .comment       0x00000000000008bc       0x2b ./../../lib/setting_comval.o
 .comment       0x00000000000008e7       0x2b ./../../lib/app_manager_bank.o
 .comment       0x0000000000000912       0x2b ./../../lib/app_timer_bank.o
 .comment       0x000000000000093d       0x2b ./../../lib/message_bank_init.o
 .comment       0x0000000000000968       0x2b ./../../lib/message_bank_send.o
 .comment       0x0000000000000993       0x2b ./../../lib/message_bank_broadcast.o
 .comment       0x00000000000009be       0x2b ./../../lib/common_config.o
 .comment       0x00000000000009e9       0x2b ./../../lib/common_msgmap_data.o
 .comment       0x0000000000000a14       0x2b ./../../lib/common_msgmap.o
 .comment       0x0000000000000a3f       0x2b ./../../lib/common_confmenu.o
 .comment       0x0000000000000a6a       0x2b ./../../lib/common_history.o
 .comment       0x0000000000000a95       0x2b ./../../lib/common_string.o
 .comment       0x0000000000000ac0       0x2b ./../../lib/common_string2.o
 .comment       0x0000000000000aeb       0x2b ./../../lib/common_key.o
 .comment       0x0000000000000b16       0x2b ./../../lib/common_msg.o
 .comment       0x0000000000000b41       0x2b ./../../lib/common_sound.o
 .comment       0x0000000000000b6c       0x2b ./../../lib/common_phy_volume_deal.o
 .comment       0x0000000000000b97       0x2b ./../../lib/common_phy_volume_table.o
 .comment       0x0000000000000bc2       0x2b ./../../lib/ui_menulist_sub.o
 .comment       0x0000000000000bed       0x2b ./../../lib/ui_menulist_sub2.o
 .comment       0x0000000000000c18       0x2b ./../../lib/ui_textread_dec.o
 .comment       0x0000000000000c43       0x2b ./../../lib/ui_textread_sub.o
 .comment       0x0000000000000c6e       0x2b ./../../lib/ui_headbar.o
 .comment       0x0000000000000c99       0x2b ./../../lib/ui_keylock.o
 .comment       0x0000000000000cc4       0x2b ./../../lib/ui_shutoff.o
 .comment       0x0000000000000cef       0x2b ./../../lib/ui_screensave.o
 .comment       0x0000000000000d1a       0x2b ./../../lib/ui_screensave_sub.o
 .comment       0x0000000000000d45       0x2b ./../../lib/ui_animation.o
 .comment       0x0000000000000d70       0x2b ./../../lib/ui_volumebar.o
 .comment       0x0000000000000d9b       0x2b ./../../lib/ui_volumebar_sub.o
 .comment       0x0000000000000dc6       0x2b ./../../lib/ui_dialog.o
 .comment       0x0000000000000df1       0x2b ./../../lib/ui_usbconnect.o
 .comment       0x0000000000000e1c       0x2b ./../../lib/miscellaneous.o
 .comment       0x0000000000000e47       0x2b ./../../lib/app_sleep.o
 .comment       0x0000000000000e72       0x2b ./../../lib/sys_timer.o
 .comment       0x0000000000000e9d       0x2b ./../../lib/sys_counter.o
 .comment       0x0000000000000ec8       0x2b ./../../lib/common_charge.o
 .comment       0x0000000000000ef3       0x2b ./../../lib/ui_headbar_handle.o
 .comment       0x0000000000000f1e       0x2b ./../../lib/message_box.o
 .comment       0x0000000000000f49       0x2b ./../../lib/alarm_msg_dispatch.o
 .comment       0x0000000000000f74       0x2b ./../../lib/alarm_msg_dispatch2.o
 .comment       0x0000000000000f9f       0x2b ./../../lib/antenna_detect.o
 .comment       0x0000000000000fca       0x2b ./../../lib/common_setdae_init.o
 .comment       0x0000000000000ff5       0x2b ./../../lib/common_keytone_play.o

.debug_frame    0x0000000000000000     0x3b94
 .debug_frame   0x0000000000000000       0xe0 ./../../../psp_rel/lib/lib_enhanced/eh_id3_function.o
 .debug_frame   0x00000000000000e0       0xf4 ./obj/plist_sort_al.o
 .debug_frame   0x00000000000001d4       0xbc ./obj/plist_rcode.o
 .debug_frame   0x0000000000000290       0x74 ./../../lib/message_rcode.o
 .debug_frame   0x0000000000000304       0xc8 ./obj/plist_fsel.o
 .debug_frame   0x00000000000003cc       0x34 ./../../lib/app_timer_rcode.o
 .debug_frame   0x0000000000000400       0x58 ./../../../psp_rel/lib/ctor.o
 .debug_frame   0x0000000000000458      0x158 ./obj/plist_main.o
 .debug_frame   0x00000000000005b0      0x120 ./obj/plist_scan_music.o
 .debug_frame   0x00000000000006d0       0xd0 ./obj/plist_sort_music.o
 .debug_frame   0x00000000000007a0       0x90 ./obj/plist_sort_music_sub.o
 .debug_frame   0x0000000000000830       0xfc ./obj/plist_other_list.o
 .debug_frame   0x000000000000092c       0xbc ./obj/plist_operate_list.o
 .debug_frame   0x00000000000009e8       0xa0 ./obj/plist_ui_deal.o
 .debug_frame   0x0000000000000a88      0x108 ./obj/plist_m3u_deal.o
 .debug_frame   0x0000000000000b90       0x50 ./obj/plist_creat_albumart_file.o
 .debug_frame   0x0000000000000be0      0x158 ./obj/plist_sort_method.o
 .debug_frame   0x0000000000000d38       0xe0 ./obj/plist_scan_audible.o
 .debug_frame   0x0000000000000e18       0x80 ./obj/plist_sort_audible.o
 .debug_frame   0x0000000000000e98       0xe0 ./obj/plist_scan_func.o
 .debug_frame   0x0000000000000f78       0x6c ./obj/plist_creat_userpl.o
 .debug_frame   0x0000000000000fe4      0x134 ./obj/plist_sys_deal.o
 .debug_frame   0x0000000000001118       0x58 ./obj/plist_m3u_deal_sub.o
 .debug_frame   0x0000000000001170       0x38 ./obj/plist_m3u_deal_sub1.o
 .debug_frame   0x00000000000011a8       0x78 ./obj/plist_creat_bmk.o
 .debug_frame   0x0000000000001220       0xe8 ./obj/plist_creat_userpl_sub.o
 .debug_frame   0x0000000000001308      0x14c ./../../../psp_rel/lib/lib_enhanced/eh_module.o
 .debug_frame   0x0000000000001454       0xe4 ./../../../psp_rel/lib/lib_enhanced/eh_id3_entry.o
 .debug_frame   0x0000000000001538       0x34 ./../../../psp_rel/lib/lib_enhanced/eh_id3_aac.o
 .debug_frame   0x000000000000156c       0xbc ./../../../psp_rel/lib/lib_enhanced/eh_module_sub.o
 .debug_frame   0x0000000000001628       0x58 ./../../../psp_rel/lib/lib_enhanced/eh_id3_mp3_v1.o
 .debug_frame   0x0000000000001680       0xe0 ./../../../psp_rel/lib/lib_enhanced/eh_id3_mp3_v2.o
 .debug_frame   0x0000000000001760       0xd8 ./../../../psp_rel/lib/lib_enhanced/eh_id3_wma.o
 .debug_frame   0x0000000000001838       0xa0 ./../../../psp_rel/lib/lib_enhanced/eh_id3_ape.o
 .debug_frame   0x00000000000018d8       0xe0 ./../../../psp_rel/lib/lib_enhanced/eh_id3_flac.o
 .debug_frame   0x00000000000019b8       0xbc ./../../../psp_rel/lib/lib_enhanced/eh_id3_ogg.o
 .debug_frame   0x0000000000001a74       0xb4 ./../../../psp_rel/lib/lib_enhanced/eh_id3_aa.o
 .debug_frame   0x0000000000001b28       0xb4 ./../../../psp_rel/lib/lib_enhanced/eh_id3_aax.o
 .debug_frame   0x0000000000001bdc       0x2c ./../../../psp_rel/lib/lib_enhanced/eh_id3_function_sub.o
 .debug_frame   0x0000000000001c08       0x50 ./../../../psp_rel/lib/lib_enhanced/eh_id3_utf8_deal.o
 .debug_frame   0x0000000000001c58       0xf4 ./../../lib/ui_menulist.o
 .debug_frame   0x0000000000001d4c      0x198 ./../../lib/ui_menulist2.o
 .debug_frame   0x0000000000001ee4      0x13c ./../../lib/ui_menulist_simple.o
 .debug_frame   0x0000000000002020       0xd8 ./../../lib/ui_parameter.o
 .debug_frame   0x00000000000020f8       0x90 ./../../lib/ui_textread.o
 .debug_frame   0x0000000000002188       0x60 ./../../lib/setting_comval.o
 .debug_frame   0x00000000000021e8       0x58 ./../../lib/app_manager_bank.o
 .debug_frame   0x0000000000002240       0xa8 ./../../lib/app_timer_bank.o
 .debug_frame   0x00000000000022e8       0x34 ./../../lib/message_bank_init.o
 .debug_frame   0x000000000000231c       0x80 ./../../lib/message_bank_send.o
 .debug_frame   0x000000000000239c       0x58 ./../../lib/message_bank_broadcast.o
 .debug_frame   0x00000000000023f4       0x78 ./../../lib/common_config.o
 .debug_frame   0x000000000000246c       0x2c ./../../lib/common_msgmap.o
 .debug_frame   0x0000000000002498       0xec ./../../lib/common_confmenu.o
 .debug_frame   0x0000000000002584       0xe8 ./../../lib/common_history.o
 .debug_frame   0x000000000000266c       0x50 ./../../lib/common_string.o
 .debug_frame   0x00000000000026bc       0xbc ./../../lib/common_string2.o
 .debug_frame   0x0000000000002778      0x158 ./../../lib/common_key.o
 .debug_frame   0x00000000000028d0      0x130 ./../../lib/common_msg.o
 .debug_frame   0x0000000000002a00      0x148 ./../../lib/common_sound.o
 .debug_frame   0x0000000000002b48       0x28 ./../../lib/common_phy_volume_deal.o
 .debug_frame   0x0000000000002b70       0x6c ./../../lib/ui_menulist_sub.o
 .debug_frame   0x0000000000002bdc       0x74 ./../../lib/ui_menulist_sub2.o
 .debug_frame   0x0000000000002c50       0x74 ./../../lib/ui_textread_dec.o
 .debug_frame   0x0000000000002cc4       0x7c ./../../lib/ui_textread_sub.o
 .debug_frame   0x0000000000002d40       0xd4 ./../../lib/ui_headbar.o
 .debug_frame   0x0000000000002e14       0xe4 ./../../lib/ui_keylock.o
 .debug_frame   0x0000000000002ef8       0xb4 ./../../lib/ui_shutoff.o
 .debug_frame   0x0000000000002fac      0x178 ./../../lib/ui_screensave.o
 .debug_frame   0x0000000000003124       0xb4 ./../../lib/ui_screensave_sub.o
 .debug_frame   0x00000000000031d8       0xb4 ./../../lib/ui_animation.o
 .debug_frame   0x000000000000328c       0xd0 ./../../lib/ui_volumebar.o
 .debug_frame   0x000000000000335c       0x58 ./../../lib/ui_volumebar_sub.o
 .debug_frame   0x00000000000033b4       0xb4 ./../../lib/ui_dialog.o
 .debug_frame   0x0000000000003468       0xfc ./../../lib/ui_usbconnect.o
 .debug_frame   0x0000000000003564       0x90 ./../../lib/miscellaneous.o
 .debug_frame   0x00000000000035f4       0x34 ./../../lib/app_sleep.o
 .debug_frame   0x0000000000003628       0x90 ./../../lib/sys_timer.o
 .debug_frame   0x00000000000036b8       0x64 ./../../lib/sys_counter.o
 .debug_frame   0x000000000000371c       0x50 ./../../lib/common_charge.o
 .debug_frame   0x000000000000376c       0x30 ./../../lib/ui_headbar_handle.o
 .debug_frame   0x000000000000379c       0x88 ./../../lib/message_box.o
 .debug_frame   0x0000000000003824       0xc4 ./../../lib/alarm_msg_dispatch.o
 .debug_frame   0x00000000000038e8       0x48 ./../../lib/alarm_msg_dispatch2.o
 .debug_frame   0x0000000000003930       0x74 ./../../lib/antenna_detect.o
 .debug_frame   0x00000000000039a4       0xa8 ./../../lib/common_setdae_init.o
 .debug_frame   0x0000000000003a4c      0x148 ./../../lib/common_keytone_play.o

.debug_aranges  0x0000000000000000      0xbe0
 .debug_aranges
                0x0000000000000000       0x20 ./../../../psp_rel/lib/lib_enhanced/eh_id3_function.o
 .debug_aranges
                0x0000000000000020       0x20 ./obj/plist_sort_al.o
 .debug_aranges
                0x0000000000000040       0x20 ./../../../psp_rel/lib/api.a(audio_device_op_entry.o)
 .debug_aranges
                0x0000000000000060       0x20 ./../../../psp_rel/lib/api.a(key_op_entry.o)
 .debug_aranges
                0x0000000000000080       0x20 ./../../../psp_rel/lib/api.a(libc_op_entry.o)
 .debug_aranges
                0x00000000000000a0       0x20 ./../../../psp_rel/lib/api.a(sys_op_entry.o)
 .debug_aranges
                0x00000000000000c0       0x20 ./../../../psp_rel/lib/api.a(vfs_op_entry.o)
 .debug_aranges
                0x00000000000000e0       0x20 ./obj/plist_rcode.o
 .debug_aranges
                0x0000000000000100       0x20 ./../../lib/message_rcode.o
 .debug_aranges
                0x0000000000000120       0x20 ./obj/plist_fsel.o
 .debug_aranges
                0x0000000000000140       0x20 ./../../lib/app_timer_rcode.o
 .debug_aranges
                0x0000000000000160       0x20 ./../../../psp_rel/lib/ctor.o
 .debug_aranges
                0x0000000000000180       0x20 ./obj/plist_main.o
 .debug_aranges
                0x00000000000001a0       0x20 ./obj/plist_scan_music.o
 .debug_aranges
                0x00000000000001c0       0x20 ./obj/plist_sort_music.o
 .debug_aranges
                0x00000000000001e0       0x20 ./obj/plist_sort_music_sub.o
 .debug_aranges
                0x0000000000000200       0x20 ./obj/plist_other_list.o
 .debug_aranges
                0x0000000000000220       0x20 ./obj/plist_operate_list.o
 .debug_aranges
                0x0000000000000240       0x20 ./obj/plist_ui_deal.o
 .debug_aranges
                0x0000000000000260       0x20 ./obj/plist_m3u_deal.o
 .debug_aranges
                0x0000000000000280       0x20 ./obj/plist_creat_albumart_file.o
 .debug_aranges
                0x00000000000002a0       0x20 ./obj/plist_sort_method.o
 .debug_aranges
                0x00000000000002c0       0x20 ./obj/plist_scan_audible.o
 .debug_aranges
                0x00000000000002e0       0x20 ./obj/plist_sort_audible.o
 .debug_aranges
                0x0000000000000300       0x20 ./obj/plist_scan_func.o
 .debug_aranges
                0x0000000000000320       0x20 ./obj/plist_creat_userpl.o
 .debug_aranges
                0x0000000000000340       0x20 ./obj/plist_sys_deal.o
 .debug_aranges
                0x0000000000000360       0x20 ./obj/plist_m3u_deal_sub.o
 .debug_aranges
                0x0000000000000380       0x20 ./obj/plist_m3u_deal_sub1.o
 .debug_aranges
                0x00000000000003a0       0x20 ./obj/plist_creat_bmk.o
 .debug_aranges
                0x00000000000003c0       0x20 ./obj/plist_creat_userpl_sub.o
 .debug_aranges
                0x00000000000003e0       0x20 ./../../../psp_rel/lib/lib_enhanced/eh_module.o
 .debug_aranges
                0x0000000000000400       0x20 ./../../../psp_rel/lib/api.a(lcd_op_entry.o)
 .debug_aranges
                0x0000000000000420       0x20 ./../../../psp_rel/lib/api.a(ui_op_entry.o)
 .debug_aranges
                0x0000000000000440       0x20 ./../../../psp_rel/lib/api.a(base_op_entry.o)
 .debug_aranges
                0x0000000000000460       0x20 ./../../../psp_rel/lib/lib_enhanced/eh_id3_entry.o
 .debug_aranges
                0x0000000000000480       0x20 ./../../../psp_rel/lib/lib_enhanced/eh_id3_aac.o
 .debug_aranges
                0x00000000000004a0       0x20 ./../../../psp_rel/lib/lib_enhanced/eh_module_sub.o
 .debug_aranges
                0x00000000000004c0       0x20 ./../../../psp_rel/lib/lib_enhanced/eh_id3_mp3_v1.o
 .debug_aranges
                0x00000000000004e0       0x20 ./../../../psp_rel/lib/lib_enhanced/eh_id3_mp3_v2.o
 .debug_aranges
                0x0000000000000500       0x20 ./../../../psp_rel/lib/lib_enhanced/eh_id3_wma.o
 .debug_aranges
                0x0000000000000520       0x20 ./../../../psp_rel/lib/lib_enhanced/eh_id3_ape.o
 .debug_aranges
                0x0000000000000540       0x20 ./../../../psp_rel/lib/lib_enhanced/eh_id3_flac.o
 .debug_aranges
                0x0000000000000560       0x20 ./../../../psp_rel/lib/lib_enhanced/eh_id3_ogg.o
 .debug_aranges
                0x0000000000000580       0x20 ./../../../psp_rel/lib/lib_enhanced/eh_id3_aa.o
 .debug_aranges
                0x00000000000005a0       0x20 ./../../../psp_rel/lib/lib_enhanced/eh_id3_aax.o
 .debug_aranges
                0x00000000000005c0       0x20 ./../../../psp_rel/lib/lib_enhanced/eh_id3_function_sub.o
 .debug_aranges
                0x00000000000005e0       0x20 ./../../../psp_rel/lib/lib_enhanced/eh_id3_utf8_deal.o
 .debug_aranges
                0x0000000000000600       0x20 ./../../lib/ui_menulist.o
 .debug_aranges
                0x0000000000000620       0x20 ./../../lib/ui_menulist2.o
 .debug_aranges
                0x0000000000000640       0x20 ./../../lib/ui_menulist_simple.o
 .debug_aranges
                0x0000000000000660       0x20 ./../../lib/ui_parameter.o
 .debug_aranges
                0x0000000000000680       0x20 ./../../lib/ui_textread.o
 .debug_aranges
                0x00000000000006a0       0x20 ./../../lib/setting_comval.o
 .debug_aranges
                0x00000000000006c0       0x20 ./../../lib/app_manager_bank.o
 .debug_aranges
                0x00000000000006e0       0x20 ./../../lib/app_timer_bank.o
 .debug_aranges
                0x0000000000000700       0x20 ./../../lib/message_bank_init.o
 .debug_aranges
                0x0000000000000720       0x20 ./../../lib/message_bank_send.o
 .debug_aranges
                0x0000000000000740       0x20 ./../../lib/message_bank_broadcast.o
 .debug_aranges
                0x0000000000000760       0x20 ./../../lib/common_config.o
 .debug_aranges
                0x0000000000000780       0x20 ./../../lib/common_msgmap.o
 .debug_aranges
                0x00000000000007a0       0x20 ./../../lib/common_confmenu.o
 .debug_aranges
                0x00000000000007c0       0x20 ./../../lib/common_history.o
 .debug_aranges
                0x00000000000007e0       0x20 ./../../lib/common_string.o
 .debug_aranges
                0x0000000000000800       0x20 ./../../lib/common_string2.o
 .debug_aranges
                0x0000000000000820       0x20 ./../../lib/common_key.o
 .debug_aranges
                0x0000000000000840       0x20 ./../../lib/common_msg.o
 .debug_aranges
                0x0000000000000860       0x20 ./../../lib/common_sound.o
 .debug_aranges
                0x0000000000000880       0x20 ./../../lib/common_phy_volume_deal.o
 .debug_aranges
                0x00000000000008a0       0x20 ./../../lib/ui_menulist_sub.o
 .debug_aranges
                0x00000000000008c0       0x20 ./../../lib/ui_menulist_sub2.o
 .debug_aranges
                0x00000000000008e0       0x20 ./../../lib/ui_textread_dec.o
 .debug_aranges
                0x0000000000000900       0x20 ./../../lib/ui_textread_sub.o
 .debug_aranges
                0x0000000000000920       0x20 ./../../lib/ui_headbar.o
 .debug_aranges
                0x0000000000000940       0x20 ./../../lib/ui_keylock.o
 .debug_aranges
                0x0000000000000960       0x20 ./../../lib/ui_shutoff.o
 .debug_aranges
                0x0000000000000980       0x20 ./../../lib/ui_screensave.o
 .debug_aranges
                0x00000000000009a0       0x20 ./../../lib/ui_screensave_sub.o
 .debug_aranges
                0x00000000000009c0       0x20 ./../../lib/ui_animation.o
 .debug_aranges
                0x00000000000009e0       0x20 ./../../lib/ui_volumebar.o
 .debug_aranges
                0x0000000000000a00       0x20 ./../../lib/ui_volumebar_sub.o
 .debug_aranges
                0x0000000000000a20       0x20 ./../../lib/ui_dialog.o
 .debug_aranges
                0x0000000000000a40       0x20 ./../../lib/ui_usbconnect.o
 .debug_aranges
                0x0000000000000a60       0x20 ./../../lib/miscellaneous.o
 .debug_aranges
                0x0000000000000a80       0x20 ./../../lib/app_sleep.o
 .debug_aranges
                0x0000000000000aa0       0x20 ./../../lib/sys_timer.o
 .debug_aranges
                0x0000000000000ac0       0x20 ./../../lib/sys_counter.o
 .debug_aranges
                0x0000000000000ae0       0x20 ./../../lib/common_charge.o
 .debug_aranges
                0x0000000000000b00       0x20 ./../../lib/ui_headbar_handle.o
 .debug_aranges
                0x0000000000000b20       0x20 ./../../lib/message_box.o
 .debug_aranges
                0x0000000000000b40       0x20 ./../../lib/alarm_msg_dispatch.o
 .debug_aranges
                0x0000000000000b60       0x20 ./../../lib/alarm_msg_dispatch2.o
 .debug_aranges
                0x0000000000000b80       0x20 ./../../lib/antenna_detect.o
 .debug_aranges
                0x0000000000000ba0       0x20 ./../../lib/common_setdae_init.o
 .debug_aranges
                0x0000000000000bc0       0x20 ./../../lib/common_keytone_play.o

.debug_ranges   0x0000000000000000       0x20
 .debug_ranges  0x0000000000000000       0x20 ./../../lib/app_timer_bank.o
