Archive member included because of file (symbol)

./../../../psp_rel/lib/api.a(audio_device_op_entry.o)
                              (audio_device_op_entry)
./../../../psp_rel/lib/api.a(key_op_entry.o)
                              (key_op_entry)
./../../../psp_rel/lib/api.a(lcd_op_entry.o)
                              (lcd_op_entry)
./../../../psp_rel/lib/api.a(libc_op_entry.o)
                              ./../../../psp_rel/lib/ctor.o (libc_op_entry)
./../../../psp_rel/lib/api.a(sys_op_entry.o)
                              ./../../lib/app_timer_rcode.o (sys_op_entry)
./../../../psp_rel/lib/api.a(ui_op_entry.o)
                              ./obj/mainmenu_main.o (ui_op_entry)
./../../../psp_rel/lib/api.a(vfs_op_entry.o)
                              (vfs_op_entry)
./../../../psp_rel/lib/api.a(base_op_entry.o)
                              (base_op_entry)

Memory Configuration

Name             Origin             Length             Attributes
*default*        0x0000000000000000 0xffffffffffffffff

Linker script and memory map

LOAD ./../../../psp_rel/include/link_base.xn
                0x0000000000000000                DRV_GROUP_STG_BASE = 0x0
                0x0000000000000001                DRV_GROUP_STG_CARD = 0x1
                0x0000000000000002                DRV_GROUP_STG_UHOST = 0x2
                0x0000000000000003                DRV_GROUP_FAT32 = 0x3
                0x0000000000000004                DRV_GROUP_EXFAT = 0x4
                0x0000000000000005                DRV_GROUP_UD = 0x5
                0x0000000000000006                DRV_GROUP_UI = 0x6
                0x0000000000000007                DRV_GROUP_LCD = 0x7
                0x0000000000000008                DRV_GROUP_FM = 0x8
                0x0000000000000009                DRV_GROUP_KEY = 0x9
                0x000000000000000a                DRV_GROUP_CCD = 0xa
                0x000000000000000b                DRV_GROUP_I2C = 0xb
                0x000000000000000c                DRV_GROUP_AUDIO_DEVICE = 0xc
                0x000000000000000d                DRV_GROUP_TTS = 0xd
                0x000000000000000e                DRV_GROUP_BT = 0xe
                0x000000000000000f                DRV_GROUP_SYS = 0xf
                0x000000000003ffff                SRAM_SIZE_MASK = 0x3ffff
                0x000000009fc00000                RDATA_ADDR_BASE = 0x9fc00000
                0x00000000bfc00000                RCODE_ADDR_BASE = 0xbfc00000
                0x0000000000000001                KERNEL_BANK_A = 0x1
                0x0000000000000002                KERNEL_BANK_B = 0x2
                0x0000000000000003                KERNEL_BANK_C = 0x3
                0x0000000000040000                BANK_SPACE = 0x40000
                0x0000000000000000                FRONT_AP = 0x0
                0x0000000000000001                BACK_AP = 0x1
                0x0000000000000002                PROCESS_MANAGER_AP = 0x2
                0x0000000000000000                FRONT_CODEC = 0x0
                0x0000000000000001                BACK_CODEC = 0x1
                0x0000000000000040                AP_BANK_FRONT_CONTROL_1 = 0x40
                0x0000000000000048                AP_BANK_FRONT_UI_1 = 0x48
                0x0000000000000050                AP_BANK_FRONT_BASAL = 0x50
                0x0000000000000058                AP_BANK_FRONT_CODEC = 0x58
                0x0000000000000060                AP_BANK_BACK_CONTROL_1 = 0x60
                0x0000000000000068                AP_BANK_BACK_BASAL = 0x68
                0x0000000000000070                AP_BANK_BACK_CODEC = 0x70
                0x0000000000000078                AP_BANK_FRONT_ENHANCED_1 = 0x78
                0x0000000000000071                AP_BANK_FRONT_ENHANCED_2 = 0x71
                0x000000000000007a                AP_BANK_BACK_ENHANCED_1 = 0x7a
                0x000000000000007b                AP_BANK_BACK_ENHANCED_2 = 0x7b
                0x0000000000000072                AP_BANK_BTENGINE_CONTROL_1 = 0x72
                0x0000000000000073                AP_BANK_BTENGINE_LIB_1 = 0x73
                0x0000000000000074                AP_BANK_BTENGINE_LIB_2 = 0x74
                0x0000000000000075                AP_BANK_BTENGINE_EXTEND_1 = 0x75
                0x0000000000000076                AP_BANK_BTENGINE_EXTEND_2 = 0x76
                0x0000000000000077                AP_BANK_BTENGINE_EXTEND_3 = 0x77
                0x000000000000007c                AP_BANK_BTENGINE_EXTEND_4 = 0x7c
                0x0000000000000079                AP_BANK_BTENGINE_EXTEND_5 = 0x79
                0x000000000000007f                AP_BANK_MANAGER = 0x7f
                0x0000000000000041                AP_BANK_AUTOTEST = 0x41
                0x0000000000000000                SROM_BROM_ADDR = 0x0
                0x0000000000002600                SROM_BROM_SIZE = 0x2600
                0x0000000000002600                SROM_SPINOR_ADDR = (SROM_BROM_ADDR + SROM_BROM_SIZE)
                0x0000000000000c00                SROM_SPINOR_SIZE = 0xc00
                0x0000000000003200                SROM_TWI_ADDR = (SROM_SPINOR_ADDR + SROM_SPINOR_SIZE)
                0x0000000000000700                SROM_TWI_SIZE = 0x700
                0x0000000000003900                SROM_STUB_ADDR = (SROM_TWI_ADDR + SROM_TWI_SIZE)
                0x0000000000000700                SROM_STUB_SIZE = 0x700
                0x0000000000000e00                SROM_SPINOR_SIZE_MDY = 0xe00
                0x0000000000003400                SROM_TWI_ADDR_MDY = (SROM_SPINOR_ADDR + SROM_SPINOR_SIZE_MDY)
                0x0000000000000700                SROM_TWI_SIZE_MDY = 0x700
                0x0000000000003b00                SROM_STUB_ADDR_MDY = (SROM_TWI_ADDR_MDY + SROM_TWI_SIZE_MDY)
                0x0000000000000500                SROM_STUB_SIZE_MDY = 0x500
                0x0000000000004000                SROM_KERNEL_ADDR = (SROM_STUB_ADDR + SROM_STUB_SIZE)
                0x0000000000004000                SROM_KERNEL_SIZE = 0x4000
                0x000000000000c000                SROM_FS_ADDR = 0xc000
                0x0000000000001c00                SROM_FS_SIZE = 0x1c00
                0x000000000000dc00                SROM_SPINOR1_ADDR = (SROM_FS_ADDR + SROM_FS_SIZE)
                0x0000000000000400                SROM_SPINOR1_SIZE = 0x400
                0x0000000000008000                SRAM_OS_RCODE_ADDR = 0x8000
                0x0000000000000c00                SRAM_OS_RCODE_SIZE = 0xc00
                0x0000000000008c00                SRAM_SPINOR_RCODE_ADDR = 0x8c00
                0x0000000000000400                SRAM_SPINOR_RCODE_SIZE = 0x400
                0x0000000000009000                SRAM_BANK_A_ADDR = 0x9000
                0x0000000000000400                SRAM_BANK_A_SIZE = 0x400
                0x0000000000009400                SRAM_BANK_B_ADDR = 0x9400
                0x0000000000000800                SRAM_BANK_B_SIZE = 0x800
                0x0000000000009c00                SRAM_UI_RCODE1_ADDR = 0x9c00
                0x0000000000000300                SRAM_UI_RCODE1_SIZE = 0x300
                0x0000000000009f00                SRAM_AUDIO_GLOBAL_DATA_ADDR = 0x9f00
                0x0000000000000060                SRAM_AUDIO_GLOBAL_DATA_SIZE = 0x60
                0x0000000000009f60                SRAM_UHOST_GLOBAL_DATA_ADDR = 0x9f60
                0x0000000000000010                SRAM_UHOST_GLOBAL_DATA_SIZE = 0x10
                0x0000000000009f70                SRAM_CARD_GLOBAL_DATA_ADDR = 0x9f70
                0x0000000000000010                SRAM_CARD_GLOBAL_DATA_SIZE = 0x10
                0x0000000000009f80                SRAM_SYS_SHARE_DATA_ADDR = 0x9f80
                0x0000000000000040                SRAM_SYS_SHARE_DATA_SIZE = 0x40
                0x0000000000009fc0                SRAM_RAM6_CCD_GLOBAL_DATA_ADDR = 0x9fc0
                0x0000000000000020                SRAM_RAM6_CCD_GLOBAL_DATA_SIZE = 0x20
                0x0000000000009fe0                SRAM_RAM6_RESEVER_ADDR = 0x9fe0
                0x0000000000000020                SRAM_RAM6_RESEVER_SIZE = 0x20
                0x000000000000a000                SRAM_LCD_RCODE_ADDR = 0xa000
                0x0000000000000800                SRAM_LCD_RCODE_SIZE = 0x800
                0x000000000000a800                SRAM_UI_RCODE2_ADDR = 0xa800
                0x0000000000001000                SRAM_UI_RCODE2_SIZE = 0x1000
                0x000000000000b800                SRAM_LCD_BUFFER_ADDR = 0xb800
                0x0000000000000400                SRAM_LCD_BUFFER_SIZE = 0x400
                0x000000000000bc00                SRAM_UI_DATA_ADDR = 0xbc00
                0x0000000000000400                SRAM_UI_DATA_SIZE = 0x400
                0x0000000000010000                SRAM_KEY_MESSAGE_RCODE_ADDR = 0x10000
                0x0000000000000a00                SRAM_KEY_MESSAGE_RCODE_SIZE = 0xa00
                0x0000000000010a00                SRAM_RAM0_RESEVER1_ADDR = 0x10a00
                0x0000000000000200                SRAM_RAM0_RESEVER1_SIZE = 0x200
                0x0000000000010c00                SRAM_AP_FRONT_BASAL_RCODE_ADDR = 0x10c00
                0x0000000000000100                SRAM_AP_FRONT_BASAL_RCODE_SIZE = 0x100
                0x0000000000010d00                SRAM_AP_BANK_BACK_CONTROL_ADDR = 0x10d00
                0x0000000000000800                SRAM_AP_BANK_BACK_CONTROL_SIZE = 0x800
                0x0000000000011500                SRAM_AP_BACK_RCODE_ADDR = 0x11500
                0x0000000000000800                SRAM_AP_BACK_RCODE_SIZE = 0x800
                0x0000000000000000                SRAM_AP_BANK_FRONT_CODEC_ADDR = 0x0
                0x0000000000000000                SRAM_AP_BANK_FRONT_CODEC_SIZE = 0x0
                0x0000000000011d00                SRAM_RAM0_RESEVER2_ADDR = 0x11d00
                0x0000000000000800                SRAM_RAM0_RESEVER2_SIZE = 0x800
                0x0000000000012500                SRAM_AP_BANK_FRONT_BASAL_ADDR = 0x12500
                0x0000000000000800                SRAM_AP_BANK_FRONT_BASAL_SIZE = 0x800
                0x0000000000012500                SRAM_AP_BANK_FRONT_ENHANCED_2_ADDR = SRAM_AP_BANK_FRONT_BASAL_ADDR
                0x0000000000000800                SRAM_AP_BANK_FRONT_ENHANCED_2_SIZE = SRAM_AP_BANK_FRONT_BASAL_SIZE
                0x0000000000012d00                SRAM_AP_BANK_BACK_BASAL_ADDR = 0x12d00
                0x0000000000000800                SRAM_AP_BANK_BACK_BASAL_SIZE = 0x800
                0x0000000000012d00                SRAM_AP_BANK_BACK_ENHANCED_1_ADDR = SRAM_AP_BANK_BACK_BASAL_ADDR
                0x0000000000000800                SRAM_AP_BANK_BACK_ENHANCED_1_SIZE = SRAM_AP_BANK_BACK_BASAL_SIZE
                0x0000000000013500                SRAM_AP_BACK_BASAL_RCODE_ADDR = 0x13500
                0x0000000000000800                SRAM_AP_BACK_BASAL_RCODE_SIZE = 0x800
                0x0000000000013d00                SRAM_KERNEL_BSS_ADDR = 0x13d00
                0x00000000000000e0                SRAM_KERNEL_BSS_SIZE = 0xe0
                0x0000000000013de0                SRAM_AP_MANAGER_ADDR = 0x13de0
                0x0000000000000200                SRAM_AP_MANAGER_SIZE = 0x200
                0x0000000000013fc0                SRAM_IRQ_DSP_PRINT_TEMP_ADDR = 0x13fc0
                0x0000000000000020                SRAM_IRQ_DSP_PRINT_TEMP_SIZE = 0x20
                0x0000000000013fe0                SRAM_IRQ_PRINT_BUFFER_ADDR = 0x13fe0
                0x0000000000000110                SRAM_IRQ_PRINT_BUFFER_SIZE = 0x110
                0x00000000000140f0                SRAM_DSP_PRINT_BUFFER_ADDR = 0x140f0
                0x0000000000000110                SRAM_DSP_PRINT_BUFFER_SIZE = 0x110
                0x0000000000014200                SRAM_LCD_DATA_ADDR = 0x14200
                0x0000000000000100                SRAM_LCD_DATA_SIZE = 0x100
                0x0000000000014300                SRAM_KEY_MESSAGE_DATA_ADDR = 0x14300
                0x0000000000000100                SRAM_KEY_MESSAGE_DATA_SIZE = 0x100
                0x0000000000014400                SRAM_AP_BANK_FRONT_UI_ADDR = 0x14400
                0x0000000000000800                SRAM_AP_BANK_FRONT_UI_SIZE = 0x800
                0x0000000000014c00                SRAM_AP_BANK_FRONT_CONTROL_ADDR = 0x14c00
                0x0000000000000800                SRAM_AP_BANK_FRONT_CONTROL_SIZE = 0x800
                0x0000000000015400                SRAM_AP_FRONT_DATA_ADDR = 0x15400
                0x0000000000000800                SRAM_AP_FRONT_DATA_SIZE = 0x800
                0x0000000000015c00                SRAM_AP_BACK_DATA_ADDR = 0x15c00
                0x0000000000000600                SRAM_AP_BACK_DATA_SIZE = 0x600
                0x0000000000016200                SRAM_AP_BANK_MANAGER_ADDR = 0x16200
                0x0000000000000200                SRAM_AP_BANK_MANAGER_SIZE = 0x200
                0x0000000000016400                SRAM_AP_FRONT_RCODE_ADDR = 0x16400
                0x0000000000000800                SRAM_AP_FRONT_RCODE_SIZE = 0x800
                0x0000000000016c00                SRAM_FS_RCODE_ADDR = 0x16c00
                0x0000000000000800                SRAM_FS_RCODE_SIZE = 0x800
                0x0000000000017400                SRAM_UI_RCODE3_ADDR = 0x17400
                0x0000000000000c00                SRAM_UI_RCODE3_SIZE = 0xc00
                0x0000000000017400                SRAM_CARD_UD_RCODE_ADDR = 0x17400
                0x0000000000000c00                SRAM_CARD_UD_RCODE_SIZE = 0xc00
                0x0000000000017400                SRAM_UHOST_UD_RCODE_ADDR = SRAM_CARD_UD_RCODE_ADDR
                0x0000000000000c00                SRAM_UHOST_UD_RCODE_SIZE = SRAM_CARD_UD_RCODE_SIZE
                0x0000000000018000                SRAM_FS_DATA_ADDR = 0x18000
                0x0000000000000300                SRAM_FS_DATA_SIZE = 0x300
                0x0000000000018300                SRAM_FS_BUF_ADDR = 0x18300
                0x0000000000000a00                SRAM_FS_BUF_SIZE = 0xa00
                0x0000000000018d00                SRAM_CARD_UD_CACHE_ADDR = 0x18d00
                0x0000000000000800                SRAM_CARD_UD_CACHE_SIZE = 0x800
                0x0000000000018d00                SRAM_UHOST_UD_CACHE_ADDR = SRAM_CARD_UD_CACHE_ADDR
                0x0000000000000800                SRAM_UHOST_UD_CACHE_SIZE = SRAM_CARD_UD_CACHE_SIZE
                0x0000000000019500                SRAM_CARD_DATA_ADDR = 0x19500
                0x0000000000000080                SRAM_CARD_DATA_SIZE = 0x80
                0x0000000000019500                SRAM_UHOST_DATA_ADDR = SRAM_CARD_DATA_ADDR
                0x0000000000000080                SRAM_UHOST_DATA_SIZE = SRAM_CARD_DATA_SIZE
                0x0000000000019580                SRAM_KERNEL_XSYS_ADDR = 0x19580
                0x0000000000000800                SRAM_KERNEL_XSYS_SIZE = 0x800
                0x0000000000019d80                SRAM_BANK_C_ADDR = 0x19d80
                0x0000000000000400                SRAM_BANK_C_SIZE = 0x400
                0x000000000001a180                SRAM_APPLIB_GLOBAL_DATA_ADDR = 0x1a180
                0x0000000000000100                SRAM_APPLIB_GLOBAL_DATA_SIZE = 0x100
                0x000000000001a280                SRAM_APPLIB_DATA_ADDR = 0x1a280
                0x0000000000000100                SRAM_APPLIB_DATA_SIZE = 0x100
                0x000000000001a380                SRAM_RAM1_RESEVER1_ADDR = 0x1a380
                0x0000000000000080                SRAM_RAM1_RESEVER1_SIZE = 0x80
                0x000000000001a400                SRAM_OS_DATA_ADDR = 0x1a400
                0x0000000000000880                SRAM_OS_DATA_SIZE = 0x880
                0x000000000001ac80                SRAM_OS_HEAP_ADDR = 0x1ac80
                0x0000000000000580                SRAM_OS_HEAP_SIZE = 0x580
                0x000000000001b200                SRAM_AP_BANK_FRONT_ENHANCED_1_ADDR = 0x1b200
                0x0000000000000800                SRAM_AP_BANK_FRONT_ENHANCED_1_SIZE = 0x800
                0x000000000001b200                SRAM_FM_DRV_RCODE_ADDR = SRAM_AP_BANK_FRONT_ENHANCED_1_ADDR
                0x0000000000000800                SRAM_FM_DRV_RCODE_SIZE = SRAM_AP_BANK_FRONT_ENHANCED_1_SIZE
                0x000000000001ba00                SRAM_OS_SD_SWAP_BUF_ADDR = 0x1ba00
                0x0000000000000200                SRAM_OS_SD_SWAP_BUF_SIZE = 0x200
                0x000000000001bc00                SRAM_OS_TASK_STACK_ADDR = 0x1bc00
                0x0000000000001a00                SRAM_OS_TASK_STACK_SIZE = 0x1a00
                0x000000000001d600                SRAM_OS_SYS_STACK_ADDR = 0x1d600
                0x0000000000000400                SRAM_OS_SYS_STACK_SIZE = 0x400
                0x000000000001da00                SRAM_RAM1_RESEVER2_ADDR = 0x1da00
                0x0000000000000600                SRAM_RAM1_RESEVER1_SIZE = 0x600
                0x0000000000027000                SRAM_AP_BACK_CODEC_RCODE_ADDR = 0x27000
                0x0000000000001000                SRAM_AP_BACK_CODEC_RCODE_SIZE = 0x1000
                0x0000000000028000                SRAM_AP_BANK_BACK_CODEC_ADDR = 0x28000
                0x0000000000001000                SRAM_AP_BANK_BACK_CODEC_SIZE = 0x1000
                0x0000000000028000                SRAM_AP_BANK_BACK_ENHANCED_2_ADDR = 0x28000
                0x0000000000000800                SRAM_AP_BANK_BACK_ENHANCED_2_SIZE = 0x800
                0x0000000000030000                SRAM_AP_USB_DEVICE_RCODE_ADDR = 0x30000
                0x0000000000004000                SRAM_AP_USB_DEVICE_RCODE_SIZE = 0x4000
                0x0000000000038000                SRAM_TWI_ADDR_MDY = 0x38000
                0x0000000000000700                SRAM_TWI_SIZE_MDY = SROM_TWI_SIZE_MDY
                0x0000000000040000                SRAM_INVALID_RCODE_ADDR = 0x40000
                0x0000000000000000                AP_INDEX = FRONT_AP
                0x0000000000016400                SRAM_TEXT_ADDR = SRAM_AP_FRONT_RCODE_ADDR
                0x0000000000015400                SRAM_DATA_ADDR = SRAM_AP_FRONT_DATA_ADDR
                0x00000000bfc16400                RCODE_TEXT_ADDR = (RCODE_ADDR_BASE + SRAM_TEXT_ADDR)
                0x000000009fc15400                RDATA_DATA_ADDR = (RDATA_ADDR_BASE + SRAM_DATA_ADDR)
                0x0000000040014c00                BANK_CONTROL_1_ADDR_BASE = ((AP_BANK_FRONT_CONTROL_1 << 0x18) + SRAM_AP_BANK_FRONT_CONTROL_ADDR)
                0x0000000048014400                BANK_UI_1_ADDR_BASE = ((AP_BANK_FRONT_UI_1 << 0x18) + SRAM_AP_BANK_FRONT_UI_ADDR)
                0x000000007801b200                BANK_ENHANCED_1_ADDR_BASE = ((AP_BANK_FRONT_ENHANCED_1 << 0x18) + SRAM_AP_BANK_FRONT_ENHANCED_1_ADDR)
                0x000000007101b200                BANK_ENHANCED_2_ADDR_BASE = ((AP_BANK_FRONT_ENHANCED_2 << 0x18) + SRAM_AP_BANK_FRONT_ENHANCED_1_ADDR)
                0x0000000000000800                BANK_CONTROL_SIZE = SRAM_AP_BANK_FRONT_CONTROL_SIZE
                0x0000000000000800                BANK_UI_SIZE = SRAM_AP_BANK_FRONT_UI_SIZE
                0x0000000000000600                BANK_UI_RESERVE_SIZE = (SRAM_AP_BANK_FRONT_UI_SIZE - 0x200)
                0x0000000000000800                BANK_ENHANCED1_SIZE = SRAM_AP_BANK_FRONT_ENHANCED_1_SIZE
                0x0000000000000800                BANK_ENHANCED2_SIZE = SRAM_AP_BANK_FRONT_ENHANCED_2_SIZE
                0x0000000000040000                AP_BANK_SPACE = BANK_SPACE
                0x000000009fc1a180                . = 0x9fc1a180

APP_GLOBE_DATA  0x000000009fc1a180      0x100
 applib_globe_data.o(.bss)
 .bss           0x000000009fc1a180       0x6c ./../../lib/applib_globe_data.o
                0x000000009fc1a180                g_sys_counter
                0x000000009fc1a194                g_app_info_vector
                0x000000009fc1a1e8                g_sys_shutdown_time
                0x000000009fc1a1dc                g_keytone_infor
                0x000000009fc1a190                config_fp
                0x000000009fc1a1b8                g_app_info_state
                0x000000009fc1a1e5                g_sys_time_second
                0x000000009fc1a1d0                g_app_last_state
                0x000000009fc1a280                . = 0x100
 *fill*         0x000000009fc1a1ec       0x94 00

.text           0x00000000bfc16400      0x46c
 api.a(.text)
 app_timer_rcode.o(.text)
 .text          0x00000000bfc16400       0xbc ./../../lib/app_timer_rcode.o
                0x00000000bfc16401                handle_timers
 message_rcode.o(.text)
 .text          0x00000000bfc164bc       0xb4 ./../../lib/message_rcode.o
                0x00000000bfc164bd                get_gui_msg
                0x00000000bfc16529                get_app_msg
                0x00000000bfc164f5                get_sys_msg
 mainmenu_msg_handle.o(.text .rodata)
 .text          0x00000000bfc16570      0x2dc ./obj/mainmenu_msg_handle.o
                0x00000000bfc165a5                music_get_filepath
                0x00000000bfc1676d                mainmenu_app_msg_callback
                0x00000000bfc165e1                mainmenu_gui_msg_handle
                0x00000000bfc16571                music_close_engine
 .text          0x00000000bfc1684c        0x4 ./../../../psp_rel/lib/api.a(audio_device_op_entry.o)
                0x00000000bfc1684d                audio_device_op_entry
 .text          0x00000000bfc16850        0x4 ./../../../psp_rel/lib/api.a(key_op_entry.o)
                0x00000000bfc16851                key_op_entry
 .text          0x00000000bfc16854        0x4 ./../../../psp_rel/lib/api.a(lcd_op_entry.o)
                0x00000000bfc16855                lcd_op_entry
 .text          0x00000000bfc16858        0x4 ./../../../psp_rel/lib/api.a(libc_op_entry.o)
                0x00000000bfc16859                libc_op_entry
 .text          0x00000000bfc1685c        0x4 ./../../../psp_rel/lib/api.a(sys_op_entry.o)
                0x00000000bfc1685d                sys_op_entry
 .text          0x00000000bfc16860        0x4 ./../../../psp_rel/lib/api.a(ui_op_entry.o)
                0x00000000bfc16861                ui_op_entry
 .text          0x00000000bfc16864        0x4 ./../../../psp_rel/lib/api.a(vfs_op_entry.o)
                0x00000000bfc16865                vfs_op_entry
 .text          0x00000000bfc16868        0x4 ./../../../psp_rel/lib/api.a(base_op_entry.o)
                0x00000000bfc16869                base_op_entry

.data           0x000000009fc15400        0xc load address 0x00000000bfc1686c
 mainmenu_main.o(.data)
 .data          0x000000009fc15400        0xc ./obj/mainmenu_main.o
                0x000000009fc15408                prio
                0x000000009fc15404                ptos
                0x000000009fc15400                need_fsel_init
                0x000000009fc15402                status_timer
                0x000000009fc15401                scroll_timer

.bss            0x000000009fc1540c      0x540
 applib_app_data.o(.bss)
 .bss           0x000000009fc1540c       0x18 ./../../lib/applib_app_data.o
                0x000000009fc15418                g_this_app_msg_dispatch
                0x000000009fc1541c                g_app_timer_vector
                0x000000009fc1540c                g_app_timer_count
                0x000000009fc15410                g_this_app_info
                0x000000009fc15414                thread_mutex
                0x000000009fc15420                g_this_app_timer_tag
 common_ui_data.o(.bss)
 .bss           0x000000009fc15424      0x18c ./../../lib/common_ui_data.o
                0x000000009fc15575                g_icon_id
                0x000000009fc154d8                g_menu_items
                0x000000009fc155a4                g_anm_callback
                0x000000009fc155ad                g_anm_direction
                0x000000009fc1542a                g_gui_direct
                0x000000009fc1557c                this_headbar_style
                0x000000009fc15597                g_ss_last_time
                0x000000009fc155ac                g_anm_index
                0x000000009fc15599                g_ss_delay_flag
                0x000000009fc1548c                dir_menu_title
                0x000000009fc155a8                g_anm_sty_infor
                0x000000009fc15578                g_headbar_update
                0x000000009fc15564                g_back_to_parent_func
                0x000000009fc15429                sys_status_timer_id
                0x000000009fc1558c                g_ss_mode_backup
                0x000000009fc1556c                usb_selecting_state
                0x000000009fc15568                g_back_to_parant_arg
                0x000000009fc1559c                g_com_paint_cb
                0x000000009fc15424                sys_comval
                0x000000009fc15595                g_ss_album_art_phase
                0x000000009fc15590                g_ss_clk_backup
                0x000000009fc15596                g_ss_last_date
                0x000000009fc15589                this_headbar_mode
                0x000000009fc1558d                g_ss_icon_backup
                0x000000009fc15570                volume_value_last
                0x000000009fc1558a                g_so_time
                0x000000009fc15498                dir_control
                0x000000009fc1556e                g_usb_timer_id
                0x000000009fc1558e                g_ss_timer_id
                0x000000009fc1556d                g_usb_auto_select
                0x000000009fc15428                sys_counter_timer_id
                0x000000009fc15577                g_battery_value
                0x000000009fc1542c                g_dir_browser
                0x000000009fc154b0                last_dir_control
                0x000000009fc15572                volume_enter_forbidden
                0x000000009fc15594                g_ss_mode
                0x000000009fc15588                this_headbar_icon_id
                0x000000009fc15576                g_sys_minute
                0x000000009fc154ca                line_cnt
                0x000000009fc15438                g_file_list
                0x000000009fc154c8                speed_control
                0x000000009fc15574                g_battery_display
                0x000000009fc15598                g_ss_vip_event
                0x000000009fc1558b                g_ss_tag_backup
                0x000000009fc1559a                g_kl_time_is_up
                0x000000009fc15573                g_vol_time_up_flag
                0x000000009fc154cc                g_menu_title
 common_func_data.o(.bss)
 .bss           0x000000009fc155b0       0x18 ./../../lib/common_func_data.o
                0x000000009fc155b9                menu_history_valid
                0x000000009fc155bc                dir_history_addr
                0x000000009fc155b4                confmenu_offset
                0x000000009fc155c5                g_keytone_backup
                0x000000009fc155b0                confmenu_fp
                0x000000009fc155c4                this_filter_key_value
                0x000000009fc155c0                menu_history_addr
                0x000000009fc155b8                dir_history_valid
 mainmenu_main.o(.bss)
 .bss           0x000000009fc155c8      0x264 ./obj/mainmenu_main.o
                0x000000009fc156dc                g_music_mount_id
                0x000000009fc15612                g_item_amount
                0x000000009fc15624                ap_text_box
                0x000000009fc15784                g_id3_info
                0x000000009fc15644                ap_string_box
                0x000000009fc156a8                g_title_buf
                0x000000009fc155f0                g_setting_comval
                0x000000009fc155cb                g_frame_num
                0x000000009fc15614                ap_pic_box
                0x000000009fc157cb                g_check_mengine_status
                0x000000009fc156e0                g_file_path_info
                0x000000009fc157b0                g_music_status
                0x000000009fc157cc                g_mainmenu_timer_vector
                0x000000009fc157b8                g_fm_feq
                0x000000009fc15664                ap_file_amount
                0x000000009fc155c8                g_active_index
                0x000000009fc155cc                g_mainmenu_var
                0x000000009fc15674                ap_string_infor
                0x000000009fc157b5                g_direction
                0x000000009fc15654                ap_string_info_box
                0x000000009fc157bc                g_ap_file_num
                0x000000009fc155ca                need_check_status
                0x000000009fc15634                ap_info_box
                0x000000009fc157ca                headbar_update
 eh_rdata.o(.bss)
 .bss           0x000000009fc1582c       0x88 ./../../../psp_rel/lib/lib_enhanced/eh_rdata.o
                0x000000009fc15878                plist_list_layerno
                0x000000009fc15834                file_total
                0x000000009fc15892                dir_total
                0x000000009fc15872                plist_file_total
                0x000000009fc15852                write_data_flag
                0x000000009fc1585c                plist_item_info
                0x000000009fc15840                obj_handle
                0x000000009fc15886                plist_layer_offset
                0x000000009fc1582d                fsel_module_type
                0x000000009fc1589a                dirlist_cur_file_folder_index
                0x000000009fc1585a                uspl_file_offset
                0x000000009fc1583c                root_dir
                0x000000009fc15890                m3u_curlist_index
                0x000000009fc15870                plist_type_selector
                0x000000009fc158a0                dirlist_index_tbl
                0x000000009fc15858                uspl_last_offset
                0x000000009fc15894                dirlist_first_offset
                0x000000009fc15850                save_read_offset
                0x000000009fc1589c                dirlist_layer_offset
                0x000000009fc15882                plist_start_file_index
                0x000000009fc15856                uspl_first_offset
                0x000000009fc15848                fsel_init_val
                0x000000009fc15844                vfs_mount
                0x000000009fc15838                cur_ext_name
                0x000000009fc15884                plist_cur_file_index
                0x000000009fc15832                file_no
                0x000000009fc15854                uspl_file_total
                0x000000009fc15830                shuffle_sw
                0x000000009fc15898                dirlist_file_offset
                0x000000009fc15880                plist_start_sort_index
                0x000000009fc1582c                loop_flag
                0x000000009fc1582f                dir_layer
                0x000000009fc15874                plist_info_offset
                0x000000009fc1583e                obj_open_mode
                0x000000009fc1583f                obj_open_type
                0x000000009fc15888                lib_pfile_offset
                0x000000009fc15896                dirlist_file_index_offset
                0x000000009fc1582e                fsel_error
                0x000000009fc15836                g_file_index
 eh_fsel_rdata.o(.bss)
 .bss           0x000000009fc158b4       0x60 ./../../../psp_rel/lib/lib_enhanced/eh_fsel_rdata.o
                0x000000009fc15911                cur_save_next_count
                0x000000009fc158c0                member_map
                0x000000009fc158e8                filtrate_shuffle_no
                0x000000009fc158e5                cur_group
                0x000000009fc1590c                cur_save_pt
                0x000000009fc158e3                member_max
                0x000000009fc158e4                use_member_flag
                0x000000009fc158b8                group_map
                0x000000009fc15910                cur_save_prev_count
                0x000000009fc158e6                cur_member
                0x000000009fc158e2                group_max
                0x000000009fc158e0                member_avg
                0x000000009fc1590e                dir_no
                0x000000009fc158e1                member_avg_group
                0x000000009fc15912                cur_overturn_flag
                0x000000009fc158b4                shuffle_total
                0x000000009fc158ec                play_num_list
 eh_bs_rdata.o(.bss)
 .bss           0x000000009fc15914       0x34 ./../../../psp_rel/lib/lib_enhanced/eh_bs_rdata.o
                0x000000009fc1591a                bs_file_total
                0x000000009fc15920                list_layer_no
                0x000000009fc1591c                bs_uspl_cur
                0x000000009fc15938                g_bs_dir_loc
                0x000000009fc15918                bs_dir_total
                0x000000009fc15916                bs_select_fileno
                0x000000009fc15928                plist_cur_tree
                0x000000009fc15914                bs_select_listno
 eh_id3_rdata.o(.bss)
 .bss           0x000000009fc15948        0x4 ./../../../psp_rel/lib/lib_enhanced/eh_id3_rdata.o
                0x000000009fc15948                id3_handle
 *(.sbss)
 *(.common)
 *(common)
                0x0000000040014c00                . = BANK_CONTROL_1_ADDR_BASE
                0x0000000000014c00                OFFSET = (. & 0x3ffff)

BANK_CONTROL_1_0
                0x0000000040014c00      0x800
 ctor.o(.text .rodata)
 .text          0x0000000040014c00       0xcc ./../../../psp_rel/lib/ctor.o
                0x0000000040014c01                process_start
                0x0000000040014c31                __start
 mainmenu_main.o(.text .rodata)
 .text          0x0000000040014ccc      0x3d4 ./obj/mainmenu_main.o
                0x0000000040014d09                music_file_init
                0x0000000040015015                main
                0x0000000040014ccd                _radio_get_freq
 .rodata        0x00000000400150a0       0x88 ./obj/mainmenu_main.o
                0x00000000400150a0                themes_com
                0x00000000400150e4                themes_ap
                0x0000000000000800                . = BANK_CONTROL_SIZE
 *fill*         0x0000000040015128      0x2d8 00
                0x0000000040054400                . = (((. + AP_BANK_SPACE) & ~ ((AP_BANK_SPACE - 0x1))) + OFFSET)

BANK_CONTROL_1_1
                0x0000000040054c00      0x800
 mainmenu_msg_loop.o(.text .rodata)
 .text          0x0000000040054c00      0x3c4 ./obj/mainmenu_msg_loop.o
                0x0000000040054cd5                music_get_playinfo
                0x0000000040054d39                mainmenu_desktop
                0x0000000040054c85                _check_mengine_status
                0x0000000040054d11                _playing_check_status
                0x0000000040054c99                music_get_status
                0x0000000040054c69                item_scroll_handle
 .rodata        0x0000000040054fc4       0x18 ./obj/mainmenu_msg_loop.o
                0x0000000040054fc4                desktop_key_map_list
 mainmenu_display_init.o(.text .rodata)
 .text          0x0000000040054fdc      0x224 ./obj/mainmenu_display_init.o
                0x0000000040054fdd                _init_ap_display_infor
 .rodata        0x0000000040055200       0x5c ./obj/mainmenu_display_init.o
                0x000000004005523c                STR_ID_BOX
                0x0000000040055200                PIC_BOX
                0x0000000040055220                TEXT_NOWPLAY_BOX
                0x000000004005524c                STR_INFO_BOX
                0x0000000040055238                TEXT_NOWPLAY_INFO
                0x0000000040055224                TEXT_LASTPLAY_BOX
                0x0000000040055210                TEXT_BOX
                0x0000000040055228                INFO_BOX
                0x0000000000000800                . = BANK_CONTROL_SIZE
 *fill*         0x000000004005525c      0x1a4 00
                0x0000000040094400                . = (((. + AP_BANK_SPACE) & ~ ((AP_BANK_SPACE - 0x1))) + OFFSET)

BANK_CONTROL_1_2
                0x0000000040094c00      0x800
 mainmenu_option_menu.o(.text .rodata)
 .text          0x0000000040094c00      0x134 ./obj/mainmenu_option_menu.o
                0x0000000040094c01                option_menulist
                0x0000000040094d25                menu_func_return
                0x0000000040094c7d                menu_func_playing
                0x0000000040094cdd                menu_func_last_play
 .rodata        0x0000000040094d34       0x44 ./obj/mainmenu_option_menu.o
                0x0000000040094d34                themes_ap2
                0x0000000000000800                . = BANK_CONTROL_SIZE
 *fill*         0x0000000040094d78      0x688 00
                0x00000000400d4400                . = (((. + AP_BANK_SPACE) & ~ ((AP_BANK_SPACE - 0x1))) + OFFSET)

BANK_CONTROL_1_3
                0x00000000400d4c00      0x800
 mainmenu_get_info.o(.text .rodata)
 .text          0x00000000400d4c00      0x1c4 ./obj/mainmenu_get_info.o
                0x00000000400d4d4d                play_scene_getid3
                0x00000000400d4c6d                play_scene_checktype
                0x00000000400d4da1                _get_music_info
                0x00000000400d4c01                play_scene_initid3buf
 .rodata        0x00000000400d4dc4       0x38 ./obj/mainmenu_get_info.o
                0x00000000400d4dc4                support_ext
                0x00000000400d4df0                support_id3_type
                0x0000000000000800                . = BANK_CONTROL_SIZE
 *fill*         0x00000000400d4dfc      0x604 00
                0x0000000040114400                . = (((. + AP_BANK_SPACE) & ~ ((AP_BANK_SPACE - 0x1))) + OFFSET)

BANK_CONTROL_1_4
                0x0000000040114c00      0x800
 ap_cfg_mainmenu.o(.text .rodata)
 .rodata        0x0000000040114c00       0x5c ./obj/ap_cfg_mainmenu.o
                0x0000000040114c10                menu_entry
                0x0000000040114c00                entrymenu
                0x0000000040114c34                mainmenu_item
                0x0000000040114c24                item_head
                0x0000000000000800                . = BANK_CONTROL_SIZE
 *fill*         0x0000000040114c5c      0x7a4 00
                0x0000000048014400                . = BANK_UI_1_ADDR_BASE
                0x0000000000014400                OFFSET = (. & 0x3ffff)
                0x0000000048054400                . = (((. + AP_BANK_SPACE) & ~ ((AP_BANK_SPACE - 0x1))) + OFFSET)

BANK_UI_1_0     0x0000000048054400      0x800
 mainmenu_paint.o(.text .rodata .xdata)
 .text          0x0000000048054400      0x6d8 ./obj/mainmenu_paint.o
                0x0000000048054a25                _paint_desktop
                0x0000000048054691                _format_ap_info
                0x00000000480545a9                _get_fm_info
                0x00000000480547e5                _show_ap_info
                0x00000000480549f9                mainmenu_show_others
                0x0000000048054401                _format_date
                0x0000000048054525                _format_num
                0x0000000000000800                . = BANK_UI_SIZE
 *fill*         0x0000000048054ad8      0x128 00
LOAD ./../../../psp_rel/usermodule/enhanced/case_link_xn/mainmenu_link.xn
LOAD ./../../../psp_rel/include/link_base.xn
                0x0000000000000000                DRV_GROUP_STG_BASE = 0x0
                0x0000000000000001                DRV_GROUP_STG_CARD = 0x1
                0x0000000000000002                DRV_GROUP_STG_UHOST = 0x2
                0x0000000000000003                DRV_GROUP_FAT32 = 0x3
                0x0000000000000004                DRV_GROUP_EXFAT = 0x4
                0x0000000000000005                DRV_GROUP_UD = 0x5
                0x0000000000000006                DRV_GROUP_UI = 0x6
                0x0000000000000007                DRV_GROUP_LCD = 0x7
                0x0000000000000008                DRV_GROUP_FM = 0x8
                0x0000000000000009                DRV_GROUP_KEY = 0x9
                0x000000000000000a                DRV_GROUP_CCD = 0xa
                0x000000000000000b                DRV_GROUP_I2C = 0xb
                0x000000000000000c                DRV_GROUP_AUDIO_DEVICE = 0xc
                0x000000000000000d                DRV_GROUP_TTS = 0xd
                0x000000000000000e                DRV_GROUP_BT = 0xe
                0x000000000000000f                DRV_GROUP_SYS = 0xf
                0x000000000003ffff                SRAM_SIZE_MASK = 0x3ffff
                0x000000009fc00000                RDATA_ADDR_BASE = 0x9fc00000
                0x00000000bfc00000                RCODE_ADDR_BASE = 0xbfc00000
                0x0000000000000001                KERNEL_BANK_A = 0x1
                0x0000000000000002                KERNEL_BANK_B = 0x2
                0x0000000000000003                KERNEL_BANK_C = 0x3
                0x0000000000040000                BANK_SPACE = 0x40000
                0x0000000000000000                FRONT_AP = 0x0
                0x0000000000000001                BACK_AP = 0x1
                0x0000000000000002                PROCESS_MANAGER_AP = 0x2
                0x0000000000000000                FRONT_CODEC = 0x0
                0x0000000000000001                BACK_CODEC = 0x1
                0x0000000000000040                AP_BANK_FRONT_CONTROL_1 = 0x40
                0x0000000000000048                AP_BANK_FRONT_UI_1 = 0x48
                0x0000000000000050                AP_BANK_FRONT_BASAL = 0x50
                0x0000000000000058                AP_BANK_FRONT_CODEC = 0x58
                0x0000000000000060                AP_BANK_BACK_CONTROL_1 = 0x60
                0x0000000000000068                AP_BANK_BACK_BASAL = 0x68
                0x0000000000000070                AP_BANK_BACK_CODEC = 0x70
                0x0000000000000078                AP_BANK_FRONT_ENHANCED_1 = 0x78
                0x0000000000000071                AP_BANK_FRONT_ENHANCED_2 = 0x71
                0x000000000000007a                AP_BANK_BACK_ENHANCED_1 = 0x7a
                0x000000000000007b                AP_BANK_BACK_ENHANCED_2 = 0x7b
                0x0000000000000072                AP_BANK_BTENGINE_CONTROL_1 = 0x72
                0x0000000000000073                AP_BANK_BTENGINE_LIB_1 = 0x73
                0x0000000000000074                AP_BANK_BTENGINE_LIB_2 = 0x74
                0x0000000000000075                AP_BANK_BTENGINE_EXTEND_1 = 0x75
                0x0000000000000076                AP_BANK_BTENGINE_EXTEND_2 = 0x76
                0x0000000000000077                AP_BANK_BTENGINE_EXTEND_3 = 0x77
                0x000000000000007c                AP_BANK_BTENGINE_EXTEND_4 = 0x7c
                0x0000000000000079                AP_BANK_BTENGINE_EXTEND_5 = 0x79
                0x000000000000007f                AP_BANK_MANAGER = 0x7f
                0x0000000000000041                AP_BANK_AUTOTEST = 0x41
                0x0000000000000000                SROM_BROM_ADDR = 0x0
                0x0000000000002600                SROM_BROM_SIZE = 0x2600
                0x0000000000002600                SROM_SPINOR_ADDR = (SROM_BROM_ADDR + SROM_BROM_SIZE)
                0x0000000000000c00                SROM_SPINOR_SIZE = 0xc00
                0x0000000000003200                SROM_TWI_ADDR = (SROM_SPINOR_ADDR + SROM_SPINOR_SIZE)
                0x0000000000000700                SROM_TWI_SIZE = 0x700
                0x0000000000003900                SROM_STUB_ADDR = (SROM_TWI_ADDR + SROM_TWI_SIZE)
                0x0000000000000700                SROM_STUB_SIZE = 0x700
                0x0000000000000e00                SROM_SPINOR_SIZE_MDY = 0xe00
                0x0000000000003400                SROM_TWI_ADDR_MDY = (SROM_SPINOR_ADDR + SROM_SPINOR_SIZE_MDY)
                0x0000000000000700                SROM_TWI_SIZE_MDY = 0x700
                0x0000000000003b00                SROM_STUB_ADDR_MDY = (SROM_TWI_ADDR_MDY + SROM_TWI_SIZE_MDY)
                0x0000000000000500                SROM_STUB_SIZE_MDY = 0x500
                0x0000000000004000                SROM_KERNEL_ADDR = (SROM_STUB_ADDR + SROM_STUB_SIZE)
                0x0000000000004000                SROM_KERNEL_SIZE = 0x4000
                0x000000000000c000                SROM_FS_ADDR = 0xc000
                0x0000000000001c00                SROM_FS_SIZE = 0x1c00
                0x000000000000dc00                SROM_SPINOR1_ADDR = (SROM_FS_ADDR + SROM_FS_SIZE)
                0x0000000000000400                SROM_SPINOR1_SIZE = 0x400
                0x0000000000008000                SRAM_OS_RCODE_ADDR = 0x8000
                0x0000000000000c00                SRAM_OS_RCODE_SIZE = 0xc00
                0x0000000000008c00                SRAM_SPINOR_RCODE_ADDR = 0x8c00
                0x0000000000000400                SRAM_SPINOR_RCODE_SIZE = 0x400
                0x0000000000009000                SRAM_BANK_A_ADDR = 0x9000
                0x0000000000000400                SRAM_BANK_A_SIZE = 0x400
                0x0000000000009400                SRAM_BANK_B_ADDR = 0x9400
                0x0000000000000800                SRAM_BANK_B_SIZE = 0x800
                0x0000000000009c00                SRAM_UI_RCODE1_ADDR = 0x9c00
                0x0000000000000300                SRAM_UI_RCODE1_SIZE = 0x300
                0x0000000000009f00                SRAM_AUDIO_GLOBAL_DATA_ADDR = 0x9f00
                0x0000000000000060                SRAM_AUDIO_GLOBAL_DATA_SIZE = 0x60
                0x0000000000009f60                SRAM_UHOST_GLOBAL_DATA_ADDR = 0x9f60
                0x0000000000000010                SRAM_UHOST_GLOBAL_DATA_SIZE = 0x10
                0x0000000000009f70                SRAM_CARD_GLOBAL_DATA_ADDR = 0x9f70
                0x0000000000000010                SRAM_CARD_GLOBAL_DATA_SIZE = 0x10
                0x0000000000009f80                SRAM_SYS_SHARE_DATA_ADDR = 0x9f80
                0x0000000000000040                SRAM_SYS_SHARE_DATA_SIZE = 0x40
                0x0000000000009fc0                SRAM_RAM6_CCD_GLOBAL_DATA_ADDR = 0x9fc0
                0x0000000000000020                SRAM_RAM6_CCD_GLOBAL_DATA_SIZE = 0x20
                0x0000000000009fe0                SRAM_RAM6_RESEVER_ADDR = 0x9fe0
                0x0000000000000020                SRAM_RAM6_RESEVER_SIZE = 0x20
                0x000000000000a000                SRAM_LCD_RCODE_ADDR = 0xa000
                0x0000000000000800                SRAM_LCD_RCODE_SIZE = 0x800
                0x000000000000a800                SRAM_UI_RCODE2_ADDR = 0xa800
                0x0000000000001000                SRAM_UI_RCODE2_SIZE = 0x1000
                0x000000000000b800                SRAM_LCD_BUFFER_ADDR = 0xb800
                0x0000000000000400                SRAM_LCD_BUFFER_SIZE = 0x400
                0x000000000000bc00                SRAM_UI_DATA_ADDR = 0xbc00
                0x0000000000000400                SRAM_UI_DATA_SIZE = 0x400
                0x0000000000010000                SRAM_KEY_MESSAGE_RCODE_ADDR = 0x10000
                0x0000000000000a00                SRAM_KEY_MESSAGE_RCODE_SIZE = 0xa00
                0x0000000000010a00                SRAM_RAM0_RESEVER1_ADDR = 0x10a00
                0x0000000000000200                SRAM_RAM0_RESEVER1_SIZE = 0x200
                0x0000000000010c00                SRAM_AP_FRONT_BASAL_RCODE_ADDR = 0x10c00
                0x0000000000000100                SRAM_AP_FRONT_BASAL_RCODE_SIZE = 0x100
                0x0000000000010d00                SRAM_AP_BANK_BACK_CONTROL_ADDR = 0x10d00
                0x0000000000000800                SRAM_AP_BANK_BACK_CONTROL_SIZE = 0x800
                0x0000000000011500                SRAM_AP_BACK_RCODE_ADDR = 0x11500
                0x0000000000000800                SRAM_AP_BACK_RCODE_SIZE = 0x800
                0x0000000000000000                SRAM_AP_BANK_FRONT_CODEC_ADDR = 0x0
                0x0000000000000000                SRAM_AP_BANK_FRONT_CODEC_SIZE = 0x0
                0x0000000000011d00                SRAM_RAM0_RESEVER2_ADDR = 0x11d00
                0x0000000000000800                SRAM_RAM0_RESEVER2_SIZE = 0x800
                0x0000000000012500                SRAM_AP_BANK_FRONT_BASAL_ADDR = 0x12500
                0x0000000000000800                SRAM_AP_BANK_FRONT_BASAL_SIZE = 0x800
                0x0000000000012500                SRAM_AP_BANK_FRONT_ENHANCED_2_ADDR = SRAM_AP_BANK_FRONT_BASAL_ADDR
                0x0000000000000800                SRAM_AP_BANK_FRONT_ENHANCED_2_SIZE = SRAM_AP_BANK_FRONT_BASAL_SIZE
                0x0000000000012d00                SRAM_AP_BANK_BACK_BASAL_ADDR = 0x12d00
                0x0000000000000800                SRAM_AP_BANK_BACK_BASAL_SIZE = 0x800
                0x0000000000012d00                SRAM_AP_BANK_BACK_ENHANCED_1_ADDR = SRAM_AP_BANK_BACK_BASAL_ADDR
                0x0000000000000800                SRAM_AP_BANK_BACK_ENHANCED_1_SIZE = SRAM_AP_BANK_BACK_BASAL_SIZE
                0x0000000000013500                SRAM_AP_BACK_BASAL_RCODE_ADDR = 0x13500
                0x0000000000000800                SRAM_AP_BACK_BASAL_RCODE_SIZE = 0x800
                0x0000000000013d00                SRAM_KERNEL_BSS_ADDR = 0x13d00
                0x00000000000000e0                SRAM_KERNEL_BSS_SIZE = 0xe0
                0x0000000000013de0                SRAM_AP_MANAGER_ADDR = 0x13de0
                0x0000000000000200                SRAM_AP_MANAGER_SIZE = 0x200
                0x0000000000013fc0                SRAM_IRQ_DSP_PRINT_TEMP_ADDR = 0x13fc0
                0x0000000000000020                SRAM_IRQ_DSP_PRINT_TEMP_SIZE = 0x20
                0x0000000000013fe0                SRAM_IRQ_PRINT_BUFFER_ADDR = 0x13fe0
                0x0000000000000110                SRAM_IRQ_PRINT_BUFFER_SIZE = 0x110
                0x00000000000140f0                SRAM_DSP_PRINT_BUFFER_ADDR = 0x140f0
                0x0000000000000110                SRAM_DSP_PRINT_BUFFER_SIZE = 0x110
                0x0000000000014200                SRAM_LCD_DATA_ADDR = 0x14200
                0x0000000000000100                SRAM_LCD_DATA_SIZE = 0x100
                0x0000000000014300                SRAM_KEY_MESSAGE_DATA_ADDR = 0x14300
                0x0000000000000100                SRAM_KEY_MESSAGE_DATA_SIZE = 0x100
                0x0000000000014400                SRAM_AP_BANK_FRONT_UI_ADDR = 0x14400
                0x0000000000000800                SRAM_AP_BANK_FRONT_UI_SIZE = 0x800
                0x0000000000014c00                SRAM_AP_BANK_FRONT_CONTROL_ADDR = 0x14c00
                0x0000000000000800                SRAM_AP_BANK_FRONT_CONTROL_SIZE = 0x800
                0x0000000000015400                SRAM_AP_FRONT_DATA_ADDR = 0x15400
                0x0000000000000800                SRAM_AP_FRONT_DATA_SIZE = 0x800
                0x0000000000015c00                SRAM_AP_BACK_DATA_ADDR = 0x15c00
                0x0000000000000600                SRAM_AP_BACK_DATA_SIZE = 0x600
                0x0000000000016200                SRAM_AP_BANK_MANAGER_ADDR = 0x16200
                0x0000000000000200                SRAM_AP_BANK_MANAGER_SIZE = 0x200
                0x0000000000016400                SRAM_AP_FRONT_RCODE_ADDR = 0x16400
                0x0000000000000800                SRAM_AP_FRONT_RCODE_SIZE = 0x800
                0x0000000000016c00                SRAM_FS_RCODE_ADDR = 0x16c00
                0x0000000000000800                SRAM_FS_RCODE_SIZE = 0x800
                0x0000000000017400                SRAM_UI_RCODE3_ADDR = 0x17400
                0x0000000000000c00                SRAM_UI_RCODE3_SIZE = 0xc00
                0x0000000000017400                SRAM_CARD_UD_RCODE_ADDR = 0x17400
                0x0000000000000c00                SRAM_CARD_UD_RCODE_SIZE = 0xc00
                0x0000000000017400                SRAM_UHOST_UD_RCODE_ADDR = SRAM_CARD_UD_RCODE_ADDR
                0x0000000000000c00                SRAM_UHOST_UD_RCODE_SIZE = SRAM_CARD_UD_RCODE_SIZE
                0x0000000000018000                SRAM_FS_DATA_ADDR = 0x18000
                0x0000000000000300                SRAM_FS_DATA_SIZE = 0x300
                0x0000000000018300                SRAM_FS_BUF_ADDR = 0x18300
                0x0000000000000a00                SRAM_FS_BUF_SIZE = 0xa00
                0x0000000000018d00                SRAM_CARD_UD_CACHE_ADDR = 0x18d00
                0x0000000000000800                SRAM_CARD_UD_CACHE_SIZE = 0x800
                0x0000000000018d00                SRAM_UHOST_UD_CACHE_ADDR = SRAM_CARD_UD_CACHE_ADDR
                0x0000000000000800                SRAM_UHOST_UD_CACHE_SIZE = SRAM_CARD_UD_CACHE_SIZE
                0x0000000000019500                SRAM_CARD_DATA_ADDR = 0x19500
                0x0000000000000080                SRAM_CARD_DATA_SIZE = 0x80
                0x0000000000019500                SRAM_UHOST_DATA_ADDR = SRAM_CARD_DATA_ADDR
                0x0000000000000080                SRAM_UHOST_DATA_SIZE = SRAM_CARD_DATA_SIZE
                0x0000000000019580                SRAM_KERNEL_XSYS_ADDR = 0x19580
                0x0000000000000800                SRAM_KERNEL_XSYS_SIZE = 0x800
                0x0000000000019d80                SRAM_BANK_C_ADDR = 0x19d80
                0x0000000000000400                SRAM_BANK_C_SIZE = 0x400
                0x000000000001a180                SRAM_APPLIB_GLOBAL_DATA_ADDR = 0x1a180
                0x0000000000000100                SRAM_APPLIB_GLOBAL_DATA_SIZE = 0x100
                0x000000000001a280                SRAM_APPLIB_DATA_ADDR = 0x1a280
                0x0000000000000100                SRAM_APPLIB_DATA_SIZE = 0x100
                0x000000000001a380                SRAM_RAM1_RESEVER1_ADDR = 0x1a380
                0x0000000000000080                SRAM_RAM1_RESEVER1_SIZE = 0x80
                0x000000000001a400                SRAM_OS_DATA_ADDR = 0x1a400
                0x0000000000000880                SRAM_OS_DATA_SIZE = 0x880
                0x000000000001ac80                SRAM_OS_HEAP_ADDR = 0x1ac80
                0x0000000000000580                SRAM_OS_HEAP_SIZE = 0x580
                0x000000000001b200                SRAM_AP_BANK_FRONT_ENHANCED_1_ADDR = 0x1b200
                0x0000000000000800                SRAM_AP_BANK_FRONT_ENHANCED_1_SIZE = 0x800
                0x000000000001b200                SRAM_FM_DRV_RCODE_ADDR = SRAM_AP_BANK_FRONT_ENHANCED_1_ADDR
                0x0000000000000800                SRAM_FM_DRV_RCODE_SIZE = SRAM_AP_BANK_FRONT_ENHANCED_1_SIZE
                0x000000000001ba00                SRAM_OS_SD_SWAP_BUF_ADDR = 0x1ba00
                0x0000000000000200                SRAM_OS_SD_SWAP_BUF_SIZE = 0x200
                0x000000000001bc00                SRAM_OS_TASK_STACK_ADDR = 0x1bc00
                0x0000000000001a00                SRAM_OS_TASK_STACK_SIZE = 0x1a00
                0x000000000001d600                SRAM_OS_SYS_STACK_ADDR = 0x1d600
                0x0000000000000400                SRAM_OS_SYS_STACK_SIZE = 0x400
                0x000000000001da00                SRAM_RAM1_RESEVER2_ADDR = 0x1da00
                0x0000000000000600                SRAM_RAM1_RESEVER1_SIZE = 0x600
                0x0000000000027000                SRAM_AP_BACK_CODEC_RCODE_ADDR = 0x27000
                0x0000000000001000                SRAM_AP_BACK_CODEC_RCODE_SIZE = 0x1000
                0x0000000000028000                SRAM_AP_BANK_BACK_CODEC_ADDR = 0x28000
                0x0000000000001000                SRAM_AP_BANK_BACK_CODEC_SIZE = 0x1000
                0x0000000000028000                SRAM_AP_BANK_BACK_ENHANCED_2_ADDR = 0x28000
                0x0000000000000800                SRAM_AP_BANK_BACK_ENHANCED_2_SIZE = 0x800
                0x0000000000030000                SRAM_AP_USB_DEVICE_RCODE_ADDR = 0x30000
                0x0000000000004000                SRAM_AP_USB_DEVICE_RCODE_SIZE = 0x4000
                0x0000000000038000                SRAM_TWI_ADDR_MDY = 0x38000
                0x0000000000000700                SRAM_TWI_SIZE_MDY = SROM_TWI_SIZE_MDY
                0x0000000000040000                SRAM_INVALID_RCODE_ADDR = 0x40000
                0x0000000000000000                AP_INDEX = FRONT_AP
                0x0000000040014c00                BANK_CONTROL_1_ADDR_BASE = ((AP_BANK_FRONT_CONTROL_1 << 0x18) + SRAM_AP_BANK_FRONT_CONTROL_ADDR)
                0x0000000048014400                BANK_UI_1_ADDR_BASE = ((AP_BANK_FRONT_UI_1 << 0x18) + SRAM_AP_BANK_FRONT_UI_ADDR)
                0x000000007801b200                BANK_FRONT_ENHANCED_1_ADDR_BASE = ((AP_BANK_FRONT_ENHANCED_1 << 0x18) + SRAM_AP_BANK_FRONT_ENHANCED_1_ADDR)
                0x0000000071012500                BANK_FRONT_ENHANCED_2_ADDR_BASE = ((AP_BANK_FRONT_ENHANCED_2 << 0x18) + SRAM_AP_BANK_FRONT_ENHANCED_2_ADDR)
                0x000000007a012d00                BANK_BACK_ENHANCED_1_ADDR_BASE = ((AP_BANK_BACK_ENHANCED_1 << 0x18) + SRAM_AP_BANK_BACK_ENHANCED_1_ADDR)
                0x000000007b028000                BANK_BACK_ENHANCED_2_ADDR_BASE = ((AP_BANK_BACK_ENHANCED_2 << 0x18) + SRAM_AP_BANK_BACK_ENHANCED_2_ADDR)
                0x0000000000000800                BANK_CONTROL_SIZE = SRAM_AP_BANK_FRONT_CONTROL_SIZE
                0x0000000000000800                BANK_UI_SIZE = SRAM_AP_BANK_FRONT_UI_SIZE
                0x0000000000000800                BANK_FRONT_ENHANCED1_SIZE = SRAM_AP_BANK_FRONT_ENHANCED_1_SIZE
                0x0000000000000800                BANK_FRONT_ENHANCED2_SIZE = SRAM_AP_BANK_FRONT_ENHANCED_2_SIZE
                0x0000000000000800                BANK_BACK_ENHANCED1_SIZE = SRAM_AP_BANK_BACK_ENHANCED_1_SIZE
                0x0000000000000800                BANK_BACK_ENHANCED2_SIZE = SRAM_AP_BANK_BACK_ENHANCED_2_SIZE
                0x0000000000040000                AP_BANK_SPACE = BANK_SPACE
                0x000000007801b200                . = BANK_FRONT_ENHANCED_1_ADDR_BASE
                0x000000000001b200                OFFSET = (. & 0x3ffff)

BANK_FRONT_ENHANCED_COMM_1_0
                0x000000007801b200      0x72c
 eh_module.o(.text .rodata .xdata)
 .text          0x000000007801b200      0x4f8 ./../../../psp_rel/lib/lib_enhanced/eh_module.o
                0x000000007801b299                set_fileindex
                0x000000007801b219                select_dir_or_dirlist
                0x000000007801b5d1                fsel_exit
                0x000000007801b281                get_fileindex
                0x000000007801b6e1                fsel_get_error
                0x000000007801b2f5                fsel_init
                0x000000007801b2b1                set_dirlist_file_index_tbl
                0x000000007801b2d5                get_dirlist_file_index_tbl
                0x000000007801b201                get_current_disk
 .rodata        0x000000007801b6f8       0x30 ./../../../psp_rel/lib/lib_enhanced/eh_module.o
 .xdata         0x000000007801b728      0x204 ./../../../psp_rel/lib/lib_enhanced/eh_module.o
                0x000000007801b72c                temp_module_buf
LOAD ./../common/common_front_no_selector.xn
LOAD ./../../../psp_rel/include/link_base.xn
                0x0000000000000000                DRV_GROUP_STG_BASE = 0x0
                0x0000000000000001                DRV_GROUP_STG_CARD = 0x1
                0x0000000000000002                DRV_GROUP_STG_UHOST = 0x2
                0x0000000000000003                DRV_GROUP_FAT32 = 0x3
                0x0000000000000004                DRV_GROUP_EXFAT = 0x4
                0x0000000000000005                DRV_GROUP_UD = 0x5
                0x0000000000000006                DRV_GROUP_UI = 0x6
                0x0000000000000007                DRV_GROUP_LCD = 0x7
                0x0000000000000008                DRV_GROUP_FM = 0x8
                0x0000000000000009                DRV_GROUP_KEY = 0x9
                0x000000000000000a                DRV_GROUP_CCD = 0xa
                0x000000000000000b                DRV_GROUP_I2C = 0xb
                0x000000000000000c                DRV_GROUP_AUDIO_DEVICE = 0xc
                0x000000000000000d                DRV_GROUP_TTS = 0xd
                0x000000000000000e                DRV_GROUP_BT = 0xe
                0x000000000000000f                DRV_GROUP_SYS = 0xf
                0x000000000003ffff                SRAM_SIZE_MASK = 0x3ffff
                0x000000009fc00000                RDATA_ADDR_BASE = 0x9fc00000
                0x00000000bfc00000                RCODE_ADDR_BASE = 0xbfc00000
                0x0000000000000001                KERNEL_BANK_A = 0x1
                0x0000000000000002                KERNEL_BANK_B = 0x2
                0x0000000000000003                KERNEL_BANK_C = 0x3
                0x0000000000040000                BANK_SPACE = 0x40000
                0x0000000000000000                FRONT_AP = 0x0
                0x0000000000000001                BACK_AP = 0x1
                0x0000000000000002                PROCESS_MANAGER_AP = 0x2
                0x0000000000000000                FRONT_CODEC = 0x0
                0x0000000000000001                BACK_CODEC = 0x1
                0x0000000000000040                AP_BANK_FRONT_CONTROL_1 = 0x40
                0x0000000000000048                AP_BANK_FRONT_UI_1 = 0x48
                0x0000000000000050                AP_BANK_FRONT_BASAL = 0x50
                0x0000000000000058                AP_BANK_FRONT_CODEC = 0x58
                0x0000000000000060                AP_BANK_BACK_CONTROL_1 = 0x60
                0x0000000000000068                AP_BANK_BACK_BASAL = 0x68
                0x0000000000000070                AP_BANK_BACK_CODEC = 0x70
                0x0000000000000078                AP_BANK_FRONT_ENHANCED_1 = 0x78
                0x0000000000000071                AP_BANK_FRONT_ENHANCED_2 = 0x71
                0x000000000000007a                AP_BANK_BACK_ENHANCED_1 = 0x7a
                0x000000000000007b                AP_BANK_BACK_ENHANCED_2 = 0x7b
                0x0000000000000072                AP_BANK_BTENGINE_CONTROL_1 = 0x72
                0x0000000000000073                AP_BANK_BTENGINE_LIB_1 = 0x73
                0x0000000000000074                AP_BANK_BTENGINE_LIB_2 = 0x74
                0x0000000000000075                AP_BANK_BTENGINE_EXTEND_1 = 0x75
                0x0000000000000076                AP_BANK_BTENGINE_EXTEND_2 = 0x76
                0x0000000000000077                AP_BANK_BTENGINE_EXTEND_3 = 0x77
                0x000000000000007c                AP_BANK_BTENGINE_EXTEND_4 = 0x7c
                0x0000000000000079                AP_BANK_BTENGINE_EXTEND_5 = 0x79
                0x000000000000007f                AP_BANK_MANAGER = 0x7f
                0x0000000000000041                AP_BANK_AUTOTEST = 0x41
                0x0000000000000000                SROM_BROM_ADDR = 0x0
                0x0000000000002600                SROM_BROM_SIZE = 0x2600
                0x0000000000002600                SROM_SPINOR_ADDR = (SROM_BROM_ADDR + SROM_BROM_SIZE)
                0x0000000000000c00                SROM_SPINOR_SIZE = 0xc00
                0x0000000000003200                SROM_TWI_ADDR = (SROM_SPINOR_ADDR + SROM_SPINOR_SIZE)
                0x0000000000000700                SROM_TWI_SIZE = 0x700
                0x0000000000003900                SROM_STUB_ADDR = (SROM_TWI_ADDR + SROM_TWI_SIZE)
                0x0000000000000700                SROM_STUB_SIZE = 0x700
                0x0000000000000e00                SROM_SPINOR_SIZE_MDY = 0xe00
                0x0000000000003400                SROM_TWI_ADDR_MDY = (SROM_SPINOR_ADDR + SROM_SPINOR_SIZE_MDY)
                0x0000000000000700                SROM_TWI_SIZE_MDY = 0x700
                0x0000000000003b00                SROM_STUB_ADDR_MDY = (SROM_TWI_ADDR_MDY + SROM_TWI_SIZE_MDY)
                0x0000000000000500                SROM_STUB_SIZE_MDY = 0x500
                0x0000000000004000                SROM_KERNEL_ADDR = (SROM_STUB_ADDR + SROM_STUB_SIZE)
                0x0000000000004000                SROM_KERNEL_SIZE = 0x4000
                0x000000000000c000                SROM_FS_ADDR = 0xc000
                0x0000000000001c00                SROM_FS_SIZE = 0x1c00
                0x000000000000dc00                SROM_SPINOR1_ADDR = (SROM_FS_ADDR + SROM_FS_SIZE)
                0x0000000000000400                SROM_SPINOR1_SIZE = 0x400
                0x0000000000008000                SRAM_OS_RCODE_ADDR = 0x8000
                0x0000000000000c00                SRAM_OS_RCODE_SIZE = 0xc00
                0x0000000000008c00                SRAM_SPINOR_RCODE_ADDR = 0x8c00
                0x0000000000000400                SRAM_SPINOR_RCODE_SIZE = 0x400
                0x0000000000009000                SRAM_BANK_A_ADDR = 0x9000
                0x0000000000000400                SRAM_BANK_A_SIZE = 0x400
                0x0000000000009400                SRAM_BANK_B_ADDR = 0x9400
                0x0000000000000800                SRAM_BANK_B_SIZE = 0x800
                0x0000000000009c00                SRAM_UI_RCODE1_ADDR = 0x9c00
                0x0000000000000300                SRAM_UI_RCODE1_SIZE = 0x300
                0x0000000000009f00                SRAM_AUDIO_GLOBAL_DATA_ADDR = 0x9f00
                0x0000000000000060                SRAM_AUDIO_GLOBAL_DATA_SIZE = 0x60
                0x0000000000009f60                SRAM_UHOST_GLOBAL_DATA_ADDR = 0x9f60
                0x0000000000000010                SRAM_UHOST_GLOBAL_DATA_SIZE = 0x10
                0x0000000000009f70                SRAM_CARD_GLOBAL_DATA_ADDR = 0x9f70
                0x0000000000000010                SRAM_CARD_GLOBAL_DATA_SIZE = 0x10
                0x0000000000009f80                SRAM_SYS_SHARE_DATA_ADDR = 0x9f80
                0x0000000000000040                SRAM_SYS_SHARE_DATA_SIZE = 0x40
                0x0000000000009fc0                SRAM_RAM6_CCD_GLOBAL_DATA_ADDR = 0x9fc0
                0x0000000000000020                SRAM_RAM6_CCD_GLOBAL_DATA_SIZE = 0x20
                0x0000000000009fe0                SRAM_RAM6_RESEVER_ADDR = 0x9fe0
                0x0000000000000020                SRAM_RAM6_RESEVER_SIZE = 0x20
                0x000000000000a000                SRAM_LCD_RCODE_ADDR = 0xa000
                0x0000000000000800                SRAM_LCD_RCODE_SIZE = 0x800
                0x000000000000a800                SRAM_UI_RCODE2_ADDR = 0xa800
                0x0000000000001000                SRAM_UI_RCODE2_SIZE = 0x1000
                0x000000000000b800                SRAM_LCD_BUFFER_ADDR = 0xb800
                0x0000000000000400                SRAM_LCD_BUFFER_SIZE = 0x400
                0x000000000000bc00                SRAM_UI_DATA_ADDR = 0xbc00
                0x0000000000000400                SRAM_UI_DATA_SIZE = 0x400
                0x0000000000010000                SRAM_KEY_MESSAGE_RCODE_ADDR = 0x10000
                0x0000000000000a00                SRAM_KEY_MESSAGE_RCODE_SIZE = 0xa00
                0x0000000000010a00                SRAM_RAM0_RESEVER1_ADDR = 0x10a00
                0x0000000000000200                SRAM_RAM0_RESEVER1_SIZE = 0x200
                0x0000000000010c00                SRAM_AP_FRONT_BASAL_RCODE_ADDR = 0x10c00
                0x0000000000000100                SRAM_AP_FRONT_BASAL_RCODE_SIZE = 0x100
                0x0000000000010d00                SRAM_AP_BANK_BACK_CONTROL_ADDR = 0x10d00
                0x0000000000000800                SRAM_AP_BANK_BACK_CONTROL_SIZE = 0x800
                0x0000000000011500                SRAM_AP_BACK_RCODE_ADDR = 0x11500
                0x0000000000000800                SRAM_AP_BACK_RCODE_SIZE = 0x800
                0x0000000000000000                SRAM_AP_BANK_FRONT_CODEC_ADDR = 0x0
                0x0000000000000000                SRAM_AP_BANK_FRONT_CODEC_SIZE = 0x0
                0x0000000000011d00                SRAM_RAM0_RESEVER2_ADDR = 0x11d00
                0x0000000000000800                SRAM_RAM0_RESEVER2_SIZE = 0x800
                0x0000000000012500                SRAM_AP_BANK_FRONT_BASAL_ADDR = 0x12500
                0x0000000000000800                SRAM_AP_BANK_FRONT_BASAL_SIZE = 0x800
                0x0000000000012500                SRAM_AP_BANK_FRONT_ENHANCED_2_ADDR = SRAM_AP_BANK_FRONT_BASAL_ADDR
                0x0000000000000800                SRAM_AP_BANK_FRONT_ENHANCED_2_SIZE = SRAM_AP_BANK_FRONT_BASAL_SIZE
                0x0000000000012d00                SRAM_AP_BANK_BACK_BASAL_ADDR = 0x12d00
                0x0000000000000800                SRAM_AP_BANK_BACK_BASAL_SIZE = 0x800
                0x0000000000012d00                SRAM_AP_BANK_BACK_ENHANCED_1_ADDR = SRAM_AP_BANK_BACK_BASAL_ADDR
                0x0000000000000800                SRAM_AP_BANK_BACK_ENHANCED_1_SIZE = SRAM_AP_BANK_BACK_BASAL_SIZE
                0x0000000000013500                SRAM_AP_BACK_BASAL_RCODE_ADDR = 0x13500
                0x0000000000000800                SRAM_AP_BACK_BASAL_RCODE_SIZE = 0x800
                0x0000000000013d00                SRAM_KERNEL_BSS_ADDR = 0x13d00
                0x00000000000000e0                SRAM_KERNEL_BSS_SIZE = 0xe0
                0x0000000000013de0                SRAM_AP_MANAGER_ADDR = 0x13de0
                0x0000000000000200                SRAM_AP_MANAGER_SIZE = 0x200
                0x0000000000013fc0                SRAM_IRQ_DSP_PRINT_TEMP_ADDR = 0x13fc0
                0x0000000000000020                SRAM_IRQ_DSP_PRINT_TEMP_SIZE = 0x20
                0x0000000000013fe0                SRAM_IRQ_PRINT_BUFFER_ADDR = 0x13fe0
                0x0000000000000110                SRAM_IRQ_PRINT_BUFFER_SIZE = 0x110
                0x00000000000140f0                SRAM_DSP_PRINT_BUFFER_ADDR = 0x140f0
                0x0000000000000110                SRAM_DSP_PRINT_BUFFER_SIZE = 0x110
                0x0000000000014200                SRAM_LCD_DATA_ADDR = 0x14200
                0x0000000000000100                SRAM_LCD_DATA_SIZE = 0x100
                0x0000000000014300                SRAM_KEY_MESSAGE_DATA_ADDR = 0x14300
                0x0000000000000100                SRAM_KEY_MESSAGE_DATA_SIZE = 0x100
                0x0000000000014400                SRAM_AP_BANK_FRONT_UI_ADDR = 0x14400
                0x0000000000000800                SRAM_AP_BANK_FRONT_UI_SIZE = 0x800
                0x0000000000014c00                SRAM_AP_BANK_FRONT_CONTROL_ADDR = 0x14c00
                0x0000000000000800                SRAM_AP_BANK_FRONT_CONTROL_SIZE = 0x800
                0x0000000000015400                SRAM_AP_FRONT_DATA_ADDR = 0x15400
                0x0000000000000800                SRAM_AP_FRONT_DATA_SIZE = 0x800
                0x0000000000015c00                SRAM_AP_BACK_DATA_ADDR = 0x15c00
                0x0000000000000600                SRAM_AP_BACK_DATA_SIZE = 0x600
                0x0000000000016200                SRAM_AP_BANK_MANAGER_ADDR = 0x16200
                0x0000000000000200                SRAM_AP_BANK_MANAGER_SIZE = 0x200
                0x0000000000016400                SRAM_AP_FRONT_RCODE_ADDR = 0x16400
                0x0000000000000800                SRAM_AP_FRONT_RCODE_SIZE = 0x800
                0x0000000000016c00                SRAM_FS_RCODE_ADDR = 0x16c00
                0x0000000000000800                SRAM_FS_RCODE_SIZE = 0x800
                0x0000000000017400                SRAM_UI_RCODE3_ADDR = 0x17400
                0x0000000000000c00                SRAM_UI_RCODE3_SIZE = 0xc00
                0x0000000000017400                SRAM_CARD_UD_RCODE_ADDR = 0x17400
                0x0000000000000c00                SRAM_CARD_UD_RCODE_SIZE = 0xc00
                0x0000000000017400                SRAM_UHOST_UD_RCODE_ADDR = SRAM_CARD_UD_RCODE_ADDR
                0x0000000000000c00                SRAM_UHOST_UD_RCODE_SIZE = SRAM_CARD_UD_RCODE_SIZE
                0x0000000000018000                SRAM_FS_DATA_ADDR = 0x18000
                0x0000000000000300                SRAM_FS_DATA_SIZE = 0x300
                0x0000000000018300                SRAM_FS_BUF_ADDR = 0x18300
                0x0000000000000a00                SRAM_FS_BUF_SIZE = 0xa00
                0x0000000000018d00                SRAM_CARD_UD_CACHE_ADDR = 0x18d00
                0x0000000000000800                SRAM_CARD_UD_CACHE_SIZE = 0x800
                0x0000000000018d00                SRAM_UHOST_UD_CACHE_ADDR = SRAM_CARD_UD_CACHE_ADDR
                0x0000000000000800                SRAM_UHOST_UD_CACHE_SIZE = SRAM_CARD_UD_CACHE_SIZE
                0x0000000000019500                SRAM_CARD_DATA_ADDR = 0x19500
                0x0000000000000080                SRAM_CARD_DATA_SIZE = 0x80
                0x0000000000019500                SRAM_UHOST_DATA_ADDR = SRAM_CARD_DATA_ADDR
                0x0000000000000080                SRAM_UHOST_DATA_SIZE = SRAM_CARD_DATA_SIZE
                0x0000000000019580                SRAM_KERNEL_XSYS_ADDR = 0x19580
                0x0000000000000800                SRAM_KERNEL_XSYS_SIZE = 0x800
                0x0000000000019d80                SRAM_BANK_C_ADDR = 0x19d80
                0x0000000000000400                SRAM_BANK_C_SIZE = 0x400
                0x000000000001a180                SRAM_APPLIB_GLOBAL_DATA_ADDR = 0x1a180
                0x0000000000000100                SRAM_APPLIB_GLOBAL_DATA_SIZE = 0x100
                0x000000000001a280                SRAM_APPLIB_DATA_ADDR = 0x1a280
                0x0000000000000100                SRAM_APPLIB_DATA_SIZE = 0x100
                0x000000000001a380                SRAM_RAM1_RESEVER1_ADDR = 0x1a380
                0x0000000000000080                SRAM_RAM1_RESEVER1_SIZE = 0x80
                0x000000000001a400                SRAM_OS_DATA_ADDR = 0x1a400
                0x0000000000000880                SRAM_OS_DATA_SIZE = 0x880
                0x000000000001ac80                SRAM_OS_HEAP_ADDR = 0x1ac80
                0x0000000000000580                SRAM_OS_HEAP_SIZE = 0x580
                0x000000000001b200                SRAM_AP_BANK_FRONT_ENHANCED_1_ADDR = 0x1b200
                0x0000000000000800                SRAM_AP_BANK_FRONT_ENHANCED_1_SIZE = 0x800
                0x000000000001b200                SRAM_FM_DRV_RCODE_ADDR = SRAM_AP_BANK_FRONT_ENHANCED_1_ADDR
                0x0000000000000800                SRAM_FM_DRV_RCODE_SIZE = SRAM_AP_BANK_FRONT_ENHANCED_1_SIZE
                0x000000000001ba00                SRAM_OS_SD_SWAP_BUF_ADDR = 0x1ba00
                0x0000000000000200                SRAM_OS_SD_SWAP_BUF_SIZE = 0x200
                0x000000000001bc00                SRAM_OS_TASK_STACK_ADDR = 0x1bc00
                0x0000000000001a00                SRAM_OS_TASK_STACK_SIZE = 0x1a00
                0x000000000001d600                SRAM_OS_SYS_STACK_ADDR = 0x1d600
                0x0000000000000400                SRAM_OS_SYS_STACK_SIZE = 0x400
                0x000000000001da00                SRAM_RAM1_RESEVER2_ADDR = 0x1da00
                0x0000000000000600                SRAM_RAM1_RESEVER1_SIZE = 0x600
                0x0000000000027000                SRAM_AP_BACK_CODEC_RCODE_ADDR = 0x27000
                0x0000000000001000                SRAM_AP_BACK_CODEC_RCODE_SIZE = 0x1000
                0x0000000000028000                SRAM_AP_BANK_BACK_CODEC_ADDR = 0x28000
                0x0000000000001000                SRAM_AP_BANK_BACK_CODEC_SIZE = 0x1000
                0x0000000000028000                SRAM_AP_BANK_BACK_ENHANCED_2_ADDR = 0x28000
                0x0000000000000800                SRAM_AP_BANK_BACK_ENHANCED_2_SIZE = 0x800
                0x0000000000030000                SRAM_AP_USB_DEVICE_RCODE_ADDR = 0x30000
                0x0000000000004000                SRAM_AP_USB_DEVICE_RCODE_SIZE = 0x4000
                0x0000000000038000                SRAM_TWI_ADDR_MDY = 0x38000
                0x0000000000000700                SRAM_TWI_SIZE_MDY = SROM_TWI_SIZE_MDY
                0x0000000000040000                SRAM_INVALID_RCODE_ADDR = 0x40000
                0x0000000000016400                SRAM_TEXT_ADDR = SRAM_AP_FRONT_RCODE_ADDR
                0x0000000000015400                SRAM_DATA_ADDR = SRAM_AP_FRONT_DATA_ADDR
                0x00000000bfc16400                RCODE_TEXT_ADDR = (RCODE_ADDR_BASE + SRAM_TEXT_ADDR)
                0x000000009fc15400                RDATA_DATA_ADDR = (RDATA_ADDR_BASE + SRAM_DATA_ADDR)
                0x0000000040014c00                BANK_CONTROL_1_ADDR_BASE = ((AP_BANK_FRONT_CONTROL_1 << 0x18) + SRAM_AP_BANK_FRONT_CONTROL_ADDR)
                0x0000000048014400                BANK_UI_1_ADDR_BASE = ((AP_BANK_FRONT_UI_1 << 0x18) + SRAM_AP_BANK_FRONT_UI_ADDR)
                0x0000000000000800                BANK_CONTROL_SIZE = SRAM_AP_BANK_FRONT_CONTROL_SIZE
                0x0000000000000800                BANK_UI_SIZE = SRAM_AP_BANK_FRONT_UI_SIZE
                0x0000000000000600                BANK_UI_RESERVE_SIZE = (SRAM_AP_BANK_FRONT_UI_SIZE - 0x200)
                0x0000000000040000                AP_BANK_SPACE = BANK_SPACE
LOAD ./../../../psp_rel/lib/api.a
OUTPUT(mainmenu.exe elf32-tradlittlemips)
                0x0000000078054400                . = (((. + AP_BANK_SPACE) & ~ ((AP_BANK_SPACE - 0x1))) + OFFSET)

BANK_FRONT_ENHANCED_FUNC_1_0
                0x000000007805b200      0x4d0
 eh_change_location.o(.text .rodata .xdata)
 .text          0x000000007805b200      0x298 ./../../../psp_rel/lib/lib_enhanced/eh_change_location.o
                0x000000007805b2dd                chg_get_object_index
                0x000000007805b371                fsel_change_filepath
                0x000000007805b265                chg_read_tree_data
 .rodata        0x000000007805b498       0x30 ./../../../psp_rel/lib/lib_enhanced/eh_change_location.o
 .xdata         0x000000007805b4c8      0x208 ./../../../psp_rel/lib/lib_enhanced/eh_change_location.o
                0x000000007805b4d0                change_temp_buffer
                0x000000007805b4cc                change_file_total
                0x000000007805b4c8                change_object_handle
                0x0000000078094400                . = (((. + AP_BANK_SPACE) & ~ ((AP_BANK_SPACE - 0x1))) + OFFSET)

BANK_FRONT_ENHANCED_FUNC_1_1
                0x000000007809b200      0x794
 eh_fav_operation.o(.text .rodata .xdata)
 .text          0x000000007809b200      0x578 ./../../../psp_rel/lib/lib_enhanced/eh_fav_operation.o
                0x000000007809b721                fsel_favorite_get_total
                0x000000007809b239                fav_opt_read_data
                0x000000007809b201                fav_opt_close_userpl
                0x000000007809b505                fsel_favorite_clear
                0x000000007809b329                fsel_favorite_add
[...]
 .debug_frame   0x00000000000010ec       0xbc ./../../../psp_rel/lib/lib_enhanced/eh_module_sub.o
 .debug_frame   0x00000000000011a8       0xa0 ./../../../psp_rel/lib/lib_enhanced/eh_fav_operation_sub.o
 .debug_frame   0x0000000000001248       0xa8 ./../../../psp_rel/lib/lib_enhanced/eh_change_location_sub.o
 .debug_frame   0x00000000000012f0       0x90 ./../../../psp_rel/lib/lib_enhanced/eh_fav_operation_sub2.o
 .debug_frame   0x0000000000001380      0x110 ./../../../psp_rel/lib/lib_enhanced/eh_fsel_directory_next.o
 .debug_frame   0x0000000000001490       0xa4 ./../../../psp_rel/lib/lib_enhanced/eh_fsel_directory_prev.o
 .debug_frame   0x0000000000001534       0xd0 ./../../../psp_rel/lib/lib_enhanced/eh_fsel_directory_func.o
 .debug_frame   0x0000000000001604      0x178 ./../../../psp_rel/lib/lib_enhanced/eh_fsel_favorite_sel.o
 .debug_frame   0x000000000000177c       0x2c ./../../../psp_rel/lib/lib_enhanced/eh_fsel_favorite_func.o
 .debug_frame   0x00000000000017a8      0x180 ./../../../psp_rel/lib/lib_enhanced/eh_fsel_shuffle.o
 .debug_frame   0x0000000000001928      0x154 ./../../../psp_rel/lib/lib_enhanced/eh_fsel_playlist_sel.o
 .debug_frame   0x0000000000001a7c      0x130 ./../../../psp_rel/lib/lib_enhanced/eh_fsel_playlist_func.o
 .debug_frame   0x0000000000001bac       0x2c ./../../../psp_rel/lib/lib_enhanced/eh_fsel_playlist_del.o
 .debug_frame   0x0000000000001bd8       0x2c ./../../../psp_rel/lib/lib_enhanced/eh_fsel_shuffle2.o
 .debug_frame   0x0000000000001c04       0x2c ./../../../psp_rel/lib/lib_enhanced/eh_fsel_function_sub.o
 .debug_frame   0x0000000000001c30      0x1d4 ./../../../psp_rel/lib/lib_enhanced/eh_fsel_browser_function.o
 .debug_frame   0x0000000000001e04       0xe8 ./../../../psp_rel/lib/lib_enhanced/eh_fsel_browser_next.o
 .debug_frame   0x0000000000001eec       0xc8 ./../../../psp_rel/lib/lib_enhanced/eh_fsel_browser_prev.o
 .debug_frame   0x0000000000001fb4      0x10c ./../../../psp_rel/lib/lib_enhanced/eh_bs_directory.o
 .debug_frame   0x00000000000020c0      0x104 ./../../../psp_rel/lib/lib_enhanced/eh_bs_directory_func.o
 .debug_frame   0x00000000000021c4       0xe8 ./../../../psp_rel/lib/lib_enhanced/eh_bs_favorite.o
 .debug_frame   0x00000000000022ac       0xe8 ./../../../psp_rel/lib/lib_enhanced/eh_bs_favorite_func.o
 .debug_frame   0x0000000000002394      0x124 ./../../../psp_rel/lib/lib_enhanced/eh_bs_playlist.o
 .debug_frame   0x00000000000024b8       0xc8 ./../../../psp_rel/lib/lib_enhanced/eh_bs_playlist_func.o
 .debug_frame   0x0000000000002580      0x178 ./../../../psp_rel/lib/lib_enhanced/eh_bs_playlist_del.o
 .debug_frame   0x00000000000026f8       0x58 ./../../../psp_rel/lib/lib_enhanced/eh_bs_other_deal.o
 .debug_frame   0x0000000000002750      0x130 ./../../../psp_rel/lib/lib_enhanced/eh_bs_playlist2.o
 .debug_frame   0x0000000000002880       0x2c ./../../../psp_rel/lib/lib_enhanced/eh_bs_function_sub.o
 .debug_frame   0x00000000000028ac      0x154 ./../../../psp_rel/lib/lib_enhanced/eh_bs_browser.o
 .debug_frame   0x0000000000002a00      0x154 ./../../../psp_rel/lib/lib_enhanced/eh_bs_browser_func.o
 .debug_frame   0x0000000000002b54       0x58 ./../../../psp_rel/lib/lib_enhanced/eh_id3_mp3_v1.o
 .debug_frame   0x0000000000002bac       0xe0 ./../../../psp_rel/lib/lib_enhanced/eh_id3_mp3_v2.o
 .debug_frame   0x0000000000002c8c       0xd8 ./../../../psp_rel/lib/lib_enhanced/eh_id3_wma.o
 .debug_frame   0x0000000000002d64       0xa0 ./../../../psp_rel/lib/lib_enhanced/eh_id3_ape.o
 .debug_frame   0x0000000000002e04       0xe0 ./../../../psp_rel/lib/lib_enhanced/eh_id3_flac.o
 .debug_frame   0x0000000000002ee4       0xbc ./../../../psp_rel/lib/lib_enhanced/eh_id3_ogg.o
 .debug_frame   0x0000000000002fa0       0xb4 ./../../../psp_rel/lib/lib_enhanced/eh_id3_aa.o
 .debug_frame   0x0000000000003054       0xb4 ./../../../psp_rel/lib/lib_enhanced/eh_id3_aax.o
 .debug_frame   0x0000000000003108       0x2c ./../../../psp_rel/lib/lib_enhanced/eh_id3_function_sub.o
 .debug_frame   0x0000000000003134       0x50 ./../../../psp_rel/lib/lib_enhanced/eh_id3_utf8_deal.o
 .debug_frame   0x0000000000003184       0xf4 ./../../lib/ui_menulist.o
 .debug_frame   0x0000000000003278      0x198 ./../../lib/ui_menulist2.o
 .debug_frame   0x0000000000003410      0x13c ./../../lib/ui_menulist_simple.o
 .debug_frame   0x000000000000354c       0xd8 ./../../lib/ui_parameter.o
 .debug_frame   0x0000000000003624       0x90 ./../../lib/ui_textread.o
 .debug_frame   0x00000000000036b4       0x60 ./../../lib/setting_comval.o
 .debug_frame   0x0000000000003714       0x58 ./../../lib/app_manager_bank.o
 .debug_frame   0x000000000000376c       0xa8 ./../../lib/app_timer_bank.o
 .debug_frame   0x0000000000003814       0x34 ./../../lib/message_bank_init.o
 .debug_frame   0x0000000000003848       0x80 ./../../lib/message_bank_send.o
 .debug_frame   0x00000000000038c8       0x58 ./../../lib/message_bank_broadcast.o
 .debug_frame   0x0000000000003920       0x78 ./../../lib/common_config.o
 .debug_frame   0x0000000000003998       0x2c ./../../lib/common_msgmap.o
 .debug_frame   0x00000000000039c4       0xec ./../../lib/common_confmenu.o
 .debug_frame   0x0000000000003ab0       0xe8 ./../../lib/common_history.o
 .debug_frame   0x0000000000003b98       0x50 ./../../lib/common_string.o
 .debug_frame   0x0000000000003be8       0xbc ./../../lib/common_string2.o
 .debug_frame   0x0000000000003ca4      0x158 ./../../lib/common_key.o
 .debug_frame   0x0000000000003dfc      0x130 ./../../lib/common_msg.o
 .debug_frame   0x0000000000003f2c      0x148 ./../../lib/common_sound.o
 .debug_frame   0x0000000000004074       0x28 ./../../lib/common_phy_volume_deal.o
 .debug_frame   0x000000000000409c       0x6c ./../../lib/ui_menulist_sub.o
 .debug_frame   0x0000000000004108       0x74 ./../../lib/ui_menulist_sub2.o
 .debug_frame   0x000000000000417c       0x74 ./../../lib/ui_textread_dec.o
 .debug_frame   0x00000000000041f0       0x7c ./../../lib/ui_textread_sub.o
 .debug_frame   0x000000000000426c       0xd4 ./../../lib/ui_headbar.o
 .debug_frame   0x0000000000004340       0xe4 ./../../lib/ui_keylock.o
 .debug_frame   0x0000000000004424       0xb4 ./../../lib/ui_shutoff.o
 .debug_frame   0x00000000000044d8      0x178 ./../../lib/ui_screensave.o
 .debug_frame   0x0000000000004650       0xb4 ./../../lib/ui_screensave_sub.o
 .debug_frame   0x0000000000004704       0xb4 ./../../lib/ui_animation.o
 .debug_frame   0x00000000000047b8       0xd0 ./../../lib/ui_volumebar.o
 .debug_frame   0x0000000000004888       0x58 ./../../lib/ui_volumebar_sub.o
 .debug_frame   0x00000000000048e0       0xb4 ./../../lib/ui_dialog.o
 .debug_frame   0x0000000000004994       0xfc ./../../lib/ui_usbconnect.o
 .debug_frame   0x0000000000004a90       0x90 ./../../lib/miscellaneous.o
 .debug_frame   0x0000000000004b20       0x34 ./../../lib/app_sleep.o
 .debug_frame   0x0000000000004b54       0x90 ./../../lib/sys_timer.o
 .debug_frame   0x0000000000004be4       0x64 ./../../lib/sys_counter.o
 .debug_frame   0x0000000000004c48       0x50 ./../../lib/common_charge.o
 .debug_frame   0x0000000000004c98       0x30 ./../../lib/ui_headbar_handle.o
 .debug_frame   0x0000000000004cc8       0x88 ./../../lib/message_box.o
 .debug_frame   0x0000000000004d50       0xc4 ./../../lib/alarm_msg_dispatch.o
 .debug_frame   0x0000000000004e14       0x48 ./../../lib/alarm_msg_dispatch2.o
 .debug_frame   0x0000000000004e5c       0x74 ./../../lib/antenna_detect.o
 .debug_frame   0x0000000000004ed0       0xa8 ./../../lib/common_setdae_init.o
 .debug_frame   0x0000000000004f78      0x148 ./../../lib/common_keytone_play.o

.debug_aranges  0x0000000000000000      0xe80
 .debug_aranges
                0x0000000000000000       0x20 ./../../lib/app_timer_rcode.o
 .debug_aranges
                0x0000000000000020       0x20 ./../../lib/message_rcode.o
 .debug_aranges
                0x0000000000000040       0x20 ./obj/mainmenu_msg_handle.o
 .debug_aranges
                0x0000000000000060       0x20 ./obj/mainmenu_main.o
 .debug_aranges
                0x0000000000000080       0x20 ./../../../psp_rel/lib/ctor.o
 .debug_aranges
                0x00000000000000a0       0x20 ./obj/mainmenu_msg_loop.o
 .debug_aranges
                0x00000000000000c0       0x20 ./obj/mainmenu_display_init.o
 .debug_aranges
                0x00000000000000e0       0x20 ./obj/mainmenu_option_menu.o
 .debug_aranges
                0x0000000000000100       0x20 ./obj/mainmenu_get_info.o
 .debug_aranges
                0x0000000000000120       0x20 ./obj/mainmenu_paint.o
 .debug_aranges
                0x0000000000000140       0x20 ./../../../psp_rel/lib/lib_enhanced/eh_module.o
 .debug_aranges
                0x0000000000000160       0x20 ./../../../psp_rel/lib/api.a(audio_device_op_entry.o)
 .debug_aranges
                0x0000000000000180       0x20 ./../../../psp_rel/lib/api.a(key_op_entry.o)
 .debug_aranges
                0x00000000000001a0       0x20 ./../../../psp_rel/lib/api.a(lcd_op_entry.o)
 .debug_aranges
                0x00000000000001c0       0x20 ./../../../psp_rel/lib/api.a(libc_op_entry.o)
 .debug_aranges
                0x00000000000001e0       0x20 ./../../../psp_rel/lib/api.a(sys_op_entry.o)
 .debug_aranges
                0x0000000000000200       0x20 ./../../../psp_rel/lib/api.a(ui_op_entry.o)
 .debug_aranges
                0x0000000000000220       0x20 ./../../../psp_rel/lib/api.a(vfs_op_entry.o)
 .debug_aranges
                0x0000000000000240       0x20 ./../../../psp_rel/lib/api.a(base_op_entry.o)
 .debug_aranges
                0x0000000000000260       0x20 ./../../../psp_rel/lib/lib_enhanced/eh_change_location.o
 .debug_aranges
                0x0000000000000280       0x20 ./../../../psp_rel/lib/lib_enhanced/eh_fav_operation.o
 .debug_aranges
                0x00000000000002a0       0x20 ./../../../psp_rel/lib/lib_enhanced/eh_change_fav_location.o
 .debug_aranges
                0x00000000000002c0       0x20 ./../../../psp_rel/lib/lib_enhanced/eh_fsel_entry.o
 .debug_aranges
                0x00000000000002e0       0x20 ./../../../psp_rel/lib/lib_enhanced/eh_fsel_function.o
 .debug_aranges
                0x0000000000000300       0x20 ./../../../psp_rel/lib/lib_enhanced/eh_bs_entry.o
 .debug_aranges
                0x0000000000000320       0x20 ./../../../psp_rel/lib/lib_enhanced/eh_bs_function.o
 .debug_aranges
                0x0000000000000340       0x20 ./../../../psp_rel/lib/lib_enhanced/eh_id3_entry.o
 .debug_aranges
                0x0000000000000360       0x20 ./../../../psp_rel/lib/lib_enhanced/eh_id3_aac.o
 .debug_aranges
                0x0000000000000380       0x20 ./../../../psp_rel/lib/lib_enhanced/eh_id3_function.o
 .debug_aranges
                0x00000000000003a0       0x20 ./../../../psp_rel/lib/lib_enhanced/eh_module_sub.o
 .debug_aranges
                0x00000000000003c0       0x20 ./../../../psp_rel/lib/lib_enhanced/eh_fav_operation_sub.o
 .debug_aranges
                0x00000000000003e0       0x20 ./../../../psp_rel/lib/lib_enhanced/eh_change_location_sub.o
 .debug_aranges
                0x0000000000000400       0x20 ./../../../psp_rel/lib/lib_enhanced/eh_fav_operation_sub2.o
 .debug_aranges
                0x0000000000000420       0x20 ./../../../psp_rel/lib/lib_enhanced/eh_fsel_directory_next.o
 .debug_aranges
                0x0000000000000440       0x20 ./../../../psp_rel/lib/lib_enhanced/eh_fsel_directory_prev.o
 .debug_aranges
                0x0000000000000460       0x20 ./../../../psp_rel/lib/lib_enhanced/eh_fsel_directory_func.o
 .debug_aranges
                0x0000000000000480       0x20 ./../../../psp_rel/lib/lib_enhanced/eh_fsel_favorite_sel.o
 .debug_aranges
                0x00000000000004a0       0x20 ./../../../psp_rel/lib/lib_enhanced/eh_fsel_favorite_func.o
 .debug_aranges
                0x00000000000004c0       0x20 ./../../../psp_rel/lib/lib_enhanced/eh_fsel_shuffle.o
 .debug_aranges
                0x00000000000004e0       0x20 ./../../../psp_rel/lib/lib_enhanced/eh_fsel_playlist_sel.o
 .debug_aranges
                0x0000000000000500       0x20 ./../../../psp_rel/lib/lib_enhanced/eh_fsel_playlist_func.o
 .debug_aranges
                0x0000000000000520       0x20 ./../../../psp_rel/lib/lib_enhanced/eh_fsel_playlist_del.o
 .debug_aranges
                0x0000000000000540       0x20 ./../../../psp_rel/lib/lib_enhanced/eh_fsel_shuffle2.o
 .debug_aranges
                0x0000000000000560       0x20 ./../../../psp_rel/lib/lib_enhanced/eh_fsel_function_sub.o
 .debug_aranges
                0x0000000000000580       0x20 ./../../../psp_rel/lib/lib_enhanced/eh_fsel_browser_function.o
 .debug_aranges
                0x00000000000005a0       0x20 ./../../../psp_rel/lib/lib_enhanced/eh_fsel_browser_next.o
 .debug_aranges
                0x00000000000005c0       0x20 ./../../../psp_rel/lib/lib_enhanced/eh_fsel_browser_prev.o
 .debug_aranges
                0x00000000000005e0       0x20 ./../../../psp_rel/lib/lib_enhanced/eh_bs_directory.o
 .debug_aranges
                0x0000000000000600       0x20 ./../../../psp_rel/lib/lib_enhanced/eh_bs_directory_func.o
 .debug_aranges
                0x0000000000000620       0x20 ./../../../psp_rel/lib/lib_enhanced/eh_bs_favorite.o
 .debug_aranges
                0x0000000000000640       0x20 ./../../../psp_rel/lib/lib_enhanced/eh_bs_favorite_func.o
 .debug_aranges
                0x0000000000000660       0x20 ./../../../psp_rel/lib/lib_enhanced/eh_bs_playlist.o
 .debug_aranges
                0x0000000000000680       0x20 ./../../../psp_rel/lib/lib_enhanced/eh_bs_playlist_func.o
 .debug_aranges
                0x00000000000006a0       0x20 ./../../../psp_rel/lib/lib_enhanced/eh_bs_playlist_del.o
 .debug_aranges
                0x00000000000006c0       0x20 ./../../../psp_rel/lib/lib_enhanced/eh_bs_other_deal.o
 .debug_aranges
                0x00000000000006e0       0x20 ./../../../psp_rel/lib/lib_enhanced/eh_bs_playlist2.o
 .debug_aranges
                0x0000000000000700       0x20 ./../../../psp_rel/lib/lib_enhanced/eh_bs_function_sub.o
 .debug_aranges
                0x0000000000000720       0x20 ./../../../psp_rel/lib/lib_enhanced/eh_bs_browser.o
 .debug_aranges
                0x0000000000000740       0x20 ./../../../psp_rel/lib/lib_enhanced/eh_bs_browser_func.o
 .debug_aranges
                0x0000000000000760       0x20 ./../../../psp_rel/lib/lib_enhanced/eh_id3_mp3_v1.o
 .debug_aranges
                0x0000000000000780       0x20 ./../../../psp_rel/lib/lib_enhanced/eh_id3_mp3_v2.o
 .debug_aranges
                0x00000000000007a0       0x20 ./../../../psp_rel/lib/lib_enhanced/eh_id3_wma.o
 .debug_aranges
                0x00000000000007c0       0x20 ./../../../psp_rel/lib/lib_enhanced/eh_id3_ape.o
 .debug_aranges
                0x00000000000007e0       0x20 ./../../../psp_rel/lib/lib_enhanced/eh_id3_flac.o
 .debug_aranges
                0x0000000000000800       0x20 ./../../../psp_rel/lib/lib_enhanced/eh_id3_ogg.o
 .debug_aranges
                0x0000000000000820       0x20 ./../../../psp_rel/lib/lib_enhanced/eh_id3_aa.o
 .debug_aranges
                0x0000000000000840       0x20 ./../../../psp_rel/lib/lib_enhanced/eh_id3_aax.o
 .debug_aranges
                0x0000000000000860       0x20 ./../../../psp_rel/lib/lib_enhanced/eh_id3_function_sub.o
 .debug_aranges
                0x0000000000000880       0x20 ./../../../psp_rel/lib/lib_enhanced/eh_id3_utf8_deal.o
 .debug_aranges
                0x00000000000008a0       0x20 ./../../lib/ui_menulist.o
 .debug_aranges
                0x00000000000008c0       0x20 ./../../lib/ui_menulist2.o
 .debug_aranges
                0x00000000000008e0       0x20 ./../../lib/ui_menulist_simple.o
 .debug_aranges
                0x0000000000000900       0x20 ./../../lib/ui_parameter.o
 .debug_aranges
                0x0000000000000920       0x20 ./../../lib/ui_textread.o
 .debug_aranges
                0x0000000000000940       0x20 ./../../lib/setting_comval.o
 .debug_aranges
                0x0000000000000960       0x20 ./../../lib/app_manager_bank.o
 .debug_aranges
                0x0000000000000980       0x20 ./../../lib/app_timer_bank.o
 .debug_aranges
                0x00000000000009a0       0x20 ./../../lib/message_bank_init.o
 .debug_aranges
                0x00000000000009c0       0x20 ./../../lib/message_bank_send.o
 .debug_aranges
                0x00000000000009e0       0x20 ./../../lib/message_bank_broadcast.o
 .debug_aranges
                0x0000000000000a00       0x20 ./../../lib/common_config.o
 .debug_aranges
                0x0000000000000a20       0x20 ./../../lib/common_msgmap.o
 .debug_aranges
                0x0000000000000a40       0x20 ./../../lib/common_confmenu.o
 .debug_aranges
                0x0000000000000a60       0x20 ./../../lib/common_history.o
 .debug_aranges
                0x0000000000000a80       0x20 ./../../lib/common_string.o
 .debug_aranges
                0x0000000000000aa0       0x20 ./../../lib/common_string2.o
 .debug_aranges
                0x0000000000000ac0       0x20 ./../../lib/common_key.o
 .debug_aranges
                0x0000000000000ae0       0x20 ./../../lib/common_msg.o
 .debug_aranges
                0x0000000000000b00       0x20 ./../../lib/common_sound.o
 .debug_aranges
                0x0000000000000b20       0x20 ./../../lib/common_phy_volume_deal.o
 .debug_aranges
                0x0000000000000b40       0x20 ./../../lib/ui_menulist_sub.o
 .debug_aranges
                0x0000000000000b60       0x20 ./../../lib/ui_menulist_sub2.o
 .debug_aranges
                0x0000000000000b80       0x20 ./../../lib/ui_textread_dec.o
 .debug_aranges
                0x0000000000000ba0       0x20 ./../../lib/ui_textread_sub.o
 .debug_aranges
                0x0000000000000bc0       0x20 ./../../lib/ui_headbar.o
 .debug_aranges
                0x0000000000000be0       0x20 ./../../lib/ui_keylock.o
 .debug_aranges
                0x0000000000000c00       0x20 ./../../lib/ui_shutoff.o
 .debug_aranges
                0x0000000000000c20       0x20 ./../../lib/ui_screensave.o
 .debug_aranges
                0x0000000000000c40       0x20 ./../../lib/ui_screensave_sub.o
 .debug_aranges
                0x0000000000000c60       0x20 ./../../lib/ui_animation.o
 .debug_aranges
                0x0000000000000c80       0x20 ./../../lib/ui_volumebar.o
 .debug_aranges
                0x0000000000000ca0       0x20 ./../../lib/ui_volumebar_sub.o
 .debug_aranges
                0x0000000000000cc0       0x20 ./../../lib/ui_dialog.o
 .debug_aranges
                0x0000000000000ce0       0x20 ./../../lib/ui_usbconnect.o
 .debug_aranges
                0x0000000000000d00       0x20 ./../../lib/miscellaneous.o
 .debug_aranges
                0x0000000000000d20       0x20 ./../../lib/app_sleep.o
 .debug_aranges
                0x0000000000000d40       0x20 ./../../lib/sys_timer.o
 .debug_aranges
                0x0000000000000d60       0x20 ./../../lib/sys_counter.o
 .debug_aranges
                0x0000000000000d80       0x20 ./../../lib/common_charge.o
 .debug_aranges
                0x0000000000000da0       0x20 ./../../lib/ui_headbar_handle.o
 .debug_aranges
                0x0000000000000dc0       0x20 ./../../lib/message_box.o
 .debug_aranges
                0x0000000000000de0       0x20 ./../../lib/alarm_msg_dispatch.o
 .debug_aranges
                0x0000000000000e00       0x20 ./../../lib/alarm_msg_dispatch2.o
 .debug_aranges
                0x0000000000000e20       0x20 ./../../lib/antenna_detect.o
 .debug_aranges
                0x0000000000000e40       0x20 ./../../lib/common_setdae_init.o
 .debug_aranges
                0x0000000000000e60       0x20 ./../../lib/common_keytone_play.o

.debug_ranges   0x0000000000000000       0xd0
 .debug_ranges  0x0000000000000000       0x58 ./../../../psp_rel/lib/lib_enhanced/eh_bs_function.o
 .debug_ranges  0x0000000000000058       0x58 ./../../../psp_rel/lib/lib_enhanced/eh_bs_playlist_func.o
 .debug_ranges  0x00000000000000b0       0x20 ./../../lib/app_timer_bank.o
