Archive member included because of file (symbol)

./../../../psp_rel/lib/api.a(libc_op_entry.o)
                              ./obj/music_playing_show_lyric.o (libc_op_entry)
./../../../psp_rel/lib/api.a(ui_op_entry.o)
                              ./obj/music_playing_show_lyric.o (ui_op_entry)
./../../../psp_rel/lib/api.a(audio_device_op_entry.o)
                              (audio_device_op_entry)
./../../../psp_rel/lib/api.a(key_op_entry.o)
                              ./obj/music_listmenu_albumlist.o (key_op_entry)
./../../../psp_rel/lib/api.a(lcd_op_entry.o)
                              ./obj/music_listmenu_albumlist.o (lcd_op_entry)
./../../../psp_rel/lib/api.a(mmm_id_cmd.o)
                              ./obj/music_listmenu_albumlist.o (mmm_id_cmd)
./../../../psp_rel/lib/api.a(sys_op_entry.o)
                              ./obj/music_control.o (sys_op_entry)
./../../../psp_rel/lib/api.a(vfs_op_entry.o)
                              ./obj/music_playing_paint.o (vfs_op_entry)
./../../../psp_rel/lib/api.a(base_op_entry.o)
                              (base_op_entry)

Memory Configuration

Name             Origin             Length             Attributes
*default*        0x0000000000000000 0xffffffffffffffff

Linker script and memory map

LOAD ./../../../psp_rel/include/link_base.xn
                0x0000000000000000                DRV_GROUP_STG_BASE = 0x0
                0x0000000000000001                DRV_GROUP_STG_CARD = 0x1
                0x0000000000000002                DRV_GROUP_STG_UHOST = 0x2
                0x0000000000000003                DRV_GROUP_FAT32 = 0x3
                0x0000000000000004                DRV_GROUP_EXFAT = 0x4
                0x0000000000000005                DRV_GROUP_UD = 0x5
                0x0000000000000006                DRV_GROUP_UI = 0x6
                0x0000000000000007                DRV_GROUP_LCD = 0x7
                0x0000000000000008                DRV_GROUP_FM = 0x8
                0x0000000000000009                DRV_GROUP_KEY = 0x9
                0x000000000000000a                DRV_GROUP_CCD = 0xa
                0x000000000000000b                DRV_GROUP_I2C = 0xb
                0x000000000000000c                DRV_GROUP_AUDIO_DEVICE = 0xc
                0x000000000000000d                DRV_GROUP_TTS = 0xd
                0x000000000000000e                DRV_GROUP_BT = 0xe
                0x000000000000000f                DRV_GROUP_SYS = 0xf
                0x000000000003ffff                SRAM_SIZE_MASK = 0x3ffff
                0x000000009fc00000                RDATA_ADDR_BASE = 0x9fc00000
                0x00000000bfc00000                RCODE_ADDR_BASE = 0xbfc00000
                0x0000000000000001                KERNEL_BANK_A = 0x1
                0x0000000000000002                KERNEL_BANK_B = 0x2
                0x0000000000000003                KERNEL_BANK_C = 0x3
                0x0000000000040000                BANK_SPACE = 0x40000
                0x0000000000000000                FRONT_AP = 0x0
                0x0000000000000001                BACK_AP = 0x1
                0x0000000000000002                PROCESS_MANAGER_AP = 0x2
                0x0000000000000000                FRONT_CODEC = 0x0
                0x0000000000000001                BACK_CODEC = 0x1
                0x0000000000000040                AP_BANK_FRONT_CONTROL_1 = 0x40
                0x0000000000000048                AP_BANK_FRONT_UI_1 = 0x48
                0x0000000000000050                AP_BANK_FRONT_BASAL = 0x50
                0x0000000000000058                AP_BANK_FRONT_CODEC = 0x58
                0x0000000000000060                AP_BANK_BACK_CONTROL_1 = 0x60
                0x0000000000000068                AP_BANK_BACK_BASAL = 0x68
                0x0000000000000070                AP_BANK_BACK_CODEC = 0x70
                0x0000000000000078                AP_BANK_FRONT_ENHANCED_1 = 0x78
                0x0000000000000071                AP_BANK_FRONT_ENHANCED_2 = 0x71
                0x000000000000007a                AP_BANK_BACK_ENHANCED_1 = 0x7a
                0x000000000000007b                AP_BANK_BACK_ENHANCED_2 = 0x7b
                0x0000000000000072                AP_BANK_BTENGINE_CONTROL_1 = 0x72
                0x0000000000000073                AP_BANK_BTENGINE_LIB_1 = 0x73
                0x0000000000000074                AP_BANK_BTENGINE_LIB_2 = 0x74
                0x0000000000000075                AP_BANK_BTENGINE_EXTEND_1 = 0x75
                0x0000000000000076                AP_BANK_BTENGINE_EXTEND_2 = 0x76
                0x0000000000000077                AP_BANK_BTENGINE_EXTEND_3 = 0x77
                0x000000000000007c                AP_BANK_BTENGINE_EXTEND_4 = 0x7c
                0x0000000000000079                AP_BANK_BTENGINE_EXTEND_5 = 0x79
                0x000000000000007f                AP_BANK_MANAGER = 0x7f
                0x0000000000000041                AP_BANK_AUTOTEST = 0x41
                0x0000000000000000                SROM_BROM_ADDR = 0x0
                0x0000000000002600                SROM_BROM_SIZE = 0x2600
                0x0000000000002600                SROM_SPINOR_ADDR = (SROM_BROM_ADDR + SROM_BROM_SIZE)
                0x0000000000000c00                SROM_SPINOR_SIZE = 0xc00
                0x0000000000003200                SROM_TWI_ADDR = (SROM_SPINOR_ADDR + SROM_SPINOR_SIZE)
                0x0000000000000700                SROM_TWI_SIZE = 0x700
                0x0000000000003900                SROM_STUB_ADDR = (SROM_TWI_ADDR + SROM_TWI_SIZE)
                0x0000000000000700                SROM_STUB_SIZE = 0x700
                0x0000000000000e00                SROM_SPINOR_SIZE_MDY = 0xe00
                0x0000000000003400                SROM_TWI_ADDR_MDY = (SROM_SPINOR_ADDR + SROM_SPINOR_SIZE_MDY)
                0x0000000000000700                SROM_TWI_SIZE_MDY = 0x700
                0x0000000000003b00                SROM_STUB_ADDR_MDY = (SROM_TWI_ADDR_MDY + SROM_TWI_SIZE_MDY)
                0x0000000000000500                SROM_STUB_SIZE_MDY = 0x500
                0x0000000000004000                SROM_KERNEL_ADDR = (SROM_STUB_ADDR + SROM_STUB_SIZE)
                0x0000000000004000                SROM_KERNEL_SIZE = 0x4000
                0x000000000000c000                SROM_FS_ADDR = 0xc000
                0x0000000000001c00                SROM_FS_SIZE = 0x1c00
                0x000000000000dc00                SROM_SPINOR1_ADDR = (SROM_FS_ADDR + SROM_FS_SIZE)
                0x0000000000000400                SROM_SPINOR1_SIZE = 0x400
                0x0000000000008000                SRAM_OS_RCODE_ADDR = 0x8000
                0x0000000000000c00                SRAM_OS_RCODE_SIZE = 0xc00
                0x0000000000008c00                SRAM_SPINOR_RCODE_ADDR = 0x8c00
                0x0000000000000400                SRAM_SPINOR_RCODE_SIZE = 0x400
                0x0000000000009000                SRAM_BANK_A_ADDR = 0x9000
                0x0000000000000400                SRAM_BANK_A_SIZE = 0x400
                0x0000000000009400                SRAM_BANK_B_ADDR = 0x9400
                0x0000000000000800                SRAM_BANK_B_SIZE = 0x800
                0x0000000000009c00                SRAM_UI_RCODE1_ADDR = 0x9c00
                0x0000000000000300                SRAM_UI_RCODE1_SIZE = 0x300
                0x0000000000009f00                SRAM_AUDIO_GLOBAL_DATA_ADDR = 0x9f00
                0x0000000000000060                SRAM_AUDIO_GLOBAL_DATA_SIZE = 0x60
                0x0000000000009f60                SRAM_UHOST_GLOBAL_DATA_ADDR = 0x9f60
                0x0000000000000010                SRAM_UHOST_GLOBAL_DATA_SIZE = 0x10
                0x0000000000009f70                SRAM_CARD_GLOBAL_DATA_ADDR = 0x9f70
                0x0000000000000010                SRAM_CARD_GLOBAL_DATA_SIZE = 0x10
                0x0000000000009f80                SRAM_SYS_SHARE_DATA_ADDR = 0x9f80
                0x0000000000000040                SRAM_SYS_SHARE_DATA_SIZE = 0x40
                0x0000000000009fc0                SRAM_RAM6_CCD_GLOBAL_DATA_ADDR = 0x9fc0
                0x0000000000000020                SRAM_RAM6_CCD_GLOBAL_DATA_SIZE = 0x20
                0x0000000000009fe0                SRAM_RAM6_RESEVER_ADDR = 0x9fe0
                0x0000000000000020                SRAM_RAM6_RESEVER_SIZE = 0x20
                0x000000000000a000                SRAM_LCD_RCODE_ADDR = 0xa000
                0x0000000000000800                SRAM_LCD_RCODE_SIZE = 0x800
                0x000000000000a800                SRAM_UI_RCODE2_ADDR = 0xa800
                0x0000000000001000                SRAM_UI_RCODE2_SIZE = 0x1000
                0x000000000000b800                SRAM_LCD_BUFFER_ADDR = 0xb800
                0x0000000000000400                SRAM_LCD_BUFFER_SIZE = 0x400
                0x000000000000bc00                SRAM_UI_DATA_ADDR = 0xbc00
                0x0000000000000400                SRAM_UI_DATA_SIZE = 0x400
                0x0000000000010000                SRAM_KEY_MESSAGE_RCODE_ADDR = 0x10000
                0x0000000000000a00                SRAM_KEY_MESSAGE_RCODE_SIZE = 0xa00
                0x0000000000010a00                SRAM_RAM0_RESEVER1_ADDR = 0x10a00
                0x0000000000000200                SRAM_RAM0_RESEVER1_SIZE = 0x200
                0x0000000000010c00                SRAM_AP_FRONT_BASAL_RCODE_ADDR = 0x10c00
                0x0000000000000100                SRAM_AP_FRONT_BASAL_RCODE_SIZE = 0x100
                0x0000000000010d00                SRAM_AP_BANK_BACK_CONTROL_ADDR = 0x10d00
                0x0000000000000800                SRAM_AP_BANK_BACK_CONTROL_SIZE = 0x800
                0x0000000000011500                SRAM_AP_BACK_RCODE_ADDR = 0x11500
                0x0000000000000800                SRAM_AP_BACK_RCODE_SIZE = 0x800
                0x0000000000000000                SRAM_AP_BANK_FRONT_CODEC_ADDR = 0x0
                0x0000000000000000                SRAM_AP_BANK_FRONT_CODEC_SIZE = 0x0
                0x0000000000011d00                SRAM_RAM0_RESEVER2_ADDR = 0x11d00
                0x0000000000000800                SRAM_RAM0_RESEVER2_SIZE = 0x800
                0x0000000000012500                SRAM_AP_BANK_FRONT_BASAL_ADDR = 0x12500
                0x0000000000000800                SRAM_AP_BANK_FRONT_BASAL_SIZE = 0x800
                0x0000000000012500                SRAM_AP_BANK_FRONT_ENHANCED_2_ADDR = SRAM_AP_BANK_FRONT_BASAL_ADDR
                0x0000000000000800                SRAM_AP_BANK_FRONT_ENHANCED_2_SIZE = SRAM_AP_BANK_FRONT_BASAL_SIZE
                0x0000000000012d00                SRAM_AP_BANK_BACK_BASAL_ADDR = 0x12d00
                0x0000000000000800                SRAM_AP_BANK_BACK_BASAL_SIZE = 0x800
                0x0000000000012d00                SRAM_AP_BANK_BACK_ENHANCED_1_ADDR = SRAM_AP_BANK_BACK_BASAL_ADDR
                0x0000000000000800                SRAM_AP_BANK_BACK_ENHANCED_1_SIZE = SRAM_AP_BANK_BACK_BASAL_SIZE
                0x0000000000013500                SRAM_AP_BACK_BASAL_RCODE_ADDR = 0x13500
                0x0000000000000800                SRAM_AP_BACK_BASAL_RCODE_SIZE = 0x800
                0x0000000000013d00                SRAM_KERNEL_BSS_ADDR = 0x13d00
                0x00000000000000e0                SRAM_KERNEL_BSS_SIZE = 0xe0
                0x0000000000013de0                SRAM_AP_MANAGER_ADDR = 0x13de0
                0x0000000000000200                SRAM_AP_MANAGER_SIZE = 0x200
                0x0000000000013fc0                SRAM_IRQ_DSP_PRINT_TEMP_ADDR = 0x13fc0
                0x0000000000000020                SRAM_IRQ_DSP_PRINT_TEMP_SIZE = 0x20
                0x0000000000013fe0                SRAM_IRQ_PRINT_BUFFER_ADDR = 0x13fe0
                0x0000000000000110                SRAM_IRQ_PRINT_BUFFER_SIZE = 0x110
                0x00000000000140f0                SRAM_DSP_PRINT_BUFFER_ADDR = 0x140f0
                0x0000000000000110                SRAM_DSP_PRINT_BUFFER_SIZE = 0x110
                0x0000000000014200                SRAM_LCD_DATA_ADDR = 0x14200
                0x0000000000000100                SRAM_LCD_DATA_SIZE = 0x100
                0x0000000000014300                SRAM_KEY_MESSAGE_DATA_ADDR = 0x14300
                0x0000000000000100                SRAM_KEY_MESSAGE_DATA_SIZE = 0x100
                0x0000000000014400                SRAM_AP_BANK_FRONT_UI_ADDR = 0x14400
                0x0000000000000800                SRAM_AP_BANK_FRONT_UI_SIZE = 0x800
                0x0000000000014c00                SRAM_AP_BANK_FRONT_CONTROL_ADDR = 0x14c00
                0x0000000000000800                SRAM_AP_BANK_FRONT_CONTROL_SIZE = 0x800
                0x0000000000015400                SRAM_AP_FRONT_DATA_ADDR = 0x15400
                0x0000000000000800                SRAM_AP_FRONT_DATA_SIZE = 0x800
                0x0000000000015c00                SRAM_AP_BACK_DATA_ADDR = 0x15c00
                0x0000000000000600                SRAM_AP_BACK_DATA_SIZE = 0x600
                0x0000000000016200                SRAM_AP_BANK_MANAGER_ADDR = 0x16200
                0x0000000000000200                SRAM_AP_BANK_MANAGER_SIZE = 0x200
                0x0000000000016400                SRAM_AP_FRONT_RCODE_ADDR = 0x16400
                0x0000000000000800                SRAM_AP_FRONT_RCODE_SIZE = 0x800
                0x0000000000016c00                SRAM_FS_RCODE_ADDR = 0x16c00
                0x0000000000000800                SRAM_FS_RCODE_SIZE = 0x800
                0x0000000000017400                SRAM_UI_RCODE3_ADDR = 0x17400
                0x0000000000000c00                SRAM_UI_RCODE3_SIZE = 0xc00
                0x0000000000017400                SRAM_CARD_UD_RCODE_ADDR = 0x17400
                0x0000000000000c00                SRAM_CARD_UD_RCODE_SIZE = 0xc00
                0x0000000000017400                SRAM_UHOST_UD_RCODE_ADDR = SRAM_CARD_UD_RCODE_ADDR
                0x0000000000000c00                SRAM_UHOST_UD_RCODE_SIZE = SRAM_CARD_UD_RCODE_SIZE
                0x0000000000018000                SRAM_FS_DATA_ADDR = 0x18000
                0x0000000000000300                SRAM_FS_DATA_SIZE = 0x300
                0x0000000000018300                SRAM_FS_BUF_ADDR = 0x18300
                0x0000000000000a00                SRAM_FS_BUF_SIZE = 0xa00
                0x0000000000018d00                SRAM_CARD_UD_CACHE_ADDR = 0x18d00
                0x0000000000000800                SRAM_CARD_UD_CACHE_SIZE = 0x800
                0x0000000000018d00                SRAM_UHOST_UD_CACHE_ADDR = SRAM_CARD_UD_CACHE_ADDR
                0x0000000000000800                SRAM_UHOST_UD_CACHE_SIZE = SRAM_CARD_UD_CACHE_SIZE
                0x0000000000019500                SRAM_CARD_DATA_ADDR = 0x19500
                0x0000000000000080                SRAM_CARD_DATA_SIZE = 0x80
                0x0000000000019500                SRAM_UHOST_DATA_ADDR = SRAM_CARD_DATA_ADDR
                0x0000000000000080                SRAM_UHOST_DATA_SIZE = SRAM_CARD_DATA_SIZE
                0x0000000000019580                SRAM_KERNEL_XSYS_ADDR = 0x19580
                0x0000000000000800                SRAM_KERNEL_XSYS_SIZE = 0x800
                0x0000000000019d80                SRAM_BANK_C_ADDR = 0x19d80
                0x0000000000000400                SRAM_BANK_C_SIZE = 0x400
                0x000000000001a180                SRAM_APPLIB_GLOBAL_DATA_ADDR = 0x1a180
                0x0000000000000100                SRAM_APPLIB_GLOBAL_DATA_SIZE = 0x100
                0x000000000001a280                SRAM_APPLIB_DATA_ADDR = 0x1a280
                0x0000000000000100                SRAM_APPLIB_DATA_SIZE = 0x100
                0x000000000001a380                SRAM_RAM1_RESEVER1_ADDR = 0x1a380
                0x0000000000000080                SRAM_RAM1_RESEVER1_SIZE = 0x80
                0x000000000001a400                SRAM_OS_DATA_ADDR = 0x1a400
                0x0000000000000880                SRAM_OS_DATA_SIZE = 0x880
                0x000000000001ac80                SRAM_OS_HEAP_ADDR = 0x1ac80
                0x0000000000000580                SRAM_OS_HEAP_SIZE = 0x580
                0x000000000001b200                SRAM_AP_BANK_FRONT_ENHANCED_1_ADDR = 0x1b200
                0x0000000000000800                SRAM_AP_BANK_FRONT_ENHANCED_1_SIZE = 0x800
                0x000000000001b200                SRAM_FM_DRV_RCODE_ADDR = SRAM_AP_BANK_FRONT_ENHANCED_1_ADDR
                0x0000000000000800                SRAM_FM_DRV_RCODE_SIZE = SRAM_AP_BANK_FRONT_ENHANCED_1_SIZE
                0x000000000001ba00                SRAM_OS_SD_SWAP_BUF_ADDR = 0x1ba00
                0x0000000000000200                SRAM_OS_SD_SWAP_BUF_SIZE = 0x200
                0x000000000001bc00                SRAM_OS_TASK_STACK_ADDR = 0x1bc00
                0x0000000000001a00                SRAM_OS_TASK_STACK_SIZE = 0x1a00
                0x000000000001d600                SRAM_OS_SYS_STACK_ADDR = 0x1d600
                0x0000000000000400                SRAM_OS_SYS_STACK_SIZE = 0x400
                0x000000000001da00                SRAM_RAM1_RESEVER2_ADDR = 0x1da00
                0x0000000000000600                SRAM_RAM1_RESEVER1_SIZE = 0x600
                0x0000000000027000                SRAM_AP_BACK_CODEC_RCODE_ADDR = 0x27000
                0x0000000000001000                SRAM_AP_BACK_CODEC_RCODE_SIZE = 0x1000
                0x0000000000028000                SRAM_AP_BANK_BACK_CODEC_ADDR = 0x28000
                0x0000000000001000                SRAM_AP_BANK_BACK_CODEC_SIZE = 0x1000
                0x0000000000028000                SRAM_AP_BANK_BACK_ENHANCED_2_ADDR = 0x28000
                0x0000000000000800                SRAM_AP_BANK_BACK_ENHANCED_2_SIZE = 0x800
                0x0000000000030000                SRAM_AP_USB_DEVICE_RCODE_ADDR = 0x30000
                0x0000000000004000                SRAM_AP_USB_DEVICE_RCODE_SIZE = 0x4000
                0x0000000000038000                SRAM_TWI_ADDR_MDY = 0x38000
                0x0000000000000700                SRAM_TWI_SIZE_MDY = SROM_TWI_SIZE_MDY
                0x0000000000040000                SRAM_INVALID_RCODE_ADDR = 0x40000
                0x0000000000000000                AP_INDEX = FRONT_AP
                0x0000000000016400                SRAM_TEXT_ADDR = SRAM_AP_FRONT_RCODE_ADDR
                0x00000000bfc16400                RCODE_TEXT_ADDR = (RCODE_ADDR_BASE + SRAM_TEXT_ADDR)
                0x0000000000000800                RCODE_SIZE = SRAM_AP_FRONT_RCODE_SIZE
                0x0000000000015400                SRAM_DATA_ADDR = SRAM_AP_FRONT_DATA_ADDR
                0x000000009fc15400                RDATA_DATA_ADDR = (RDATA_ADDR_BASE + SRAM_DATA_ADDR)
                0x000000009fc1a280                APPLIB_DATA_ADDR = (RDATA_ADDR_BASE + SRAM_APPLIB_DATA_ADDR)
                0x000000009fc1a180                APPLIB_GLOBAL_DATA_ADDR = (RDATA_ADDR_BASE + SRAM_APPLIB_GLOBAL_DATA_ADDR)
                0x0000000040014c00                BANK_CONTROL_1_ADDR_BASE = ((AP_BANK_FRONT_CONTROL_1 << 0x18) + SRAM_AP_BANK_FRONT_CONTROL_ADDR)
                0x0000000048014400                BANK_UI_1_ADDR_BASE = ((AP_BANK_FRONT_UI_1 << 0x18) + SRAM_AP_BANK_FRONT_UI_ADDR)
                0x000000007801b200                BANK_ENHANCED_1_ADDR_BASE = ((AP_BANK_FRONT_ENHANCED_1 << 0x18) + SRAM_AP_BANK_FRONT_ENHANCED_1_ADDR)
                0x000000007101b200                BANK_ENHANCED_2_ADDR_BASE = ((AP_BANK_FRONT_ENHANCED_2 << 0x18) + SRAM_AP_BANK_FRONT_ENHANCED_1_ADDR)
                0x0000000000000800                BANK_CONTROL_SIZE = SRAM_AP_BANK_FRONT_CONTROL_SIZE
                0x0000000000000800                BANK_UI_SIZE = SRAM_AP_BANK_FRONT_UI_SIZE
                0x0000000000000800                BANK_ENHANCED1_SIZE = SRAM_AP_BANK_FRONT_ENHANCED_1_SIZE
                0x0000000000000800                BANK_ENHANCED2_SIZE = SRAM_AP_BANK_FRONT_ENHANCED_2_SIZE
                0x0000000000040000                AP_BANK_SPACE = BANK_SPACE
                0x000000009fc1a180                . = APPLIB_GLOBAL_DATA_ADDR

APP_GLOBE_DATA  0x000000009fc1a180      0x100
 applib_globe_data.o(.bss)
 .bss           0x000000009fc1a180       0x6c ./../../lib/applib_globe_data.o
                0x000000009fc1a180                g_sys_counter
                0x000000009fc1a194                g_app_info_vector
                0x000000009fc1a1e8                g_sys_shutdown_time
                0x000000009fc1a1dc                g_keytone_infor
                0x000000009fc1a190                config_fp
                0x000000009fc1a1b8                g_app_info_state
                0x000000009fc1a1e5                g_sys_time_second
                0x000000009fc1a1d0                g_app_last_state
                0x000000009fc1a280                . = 0x100
 *fill*         0x000000009fc1a1ec       0x94 00
                0x000000009fc1a280                . = APPLIB_DATA_ADDR

APPLIB_DATA     0x000000009fc1a280       0x18
 applib_app_data.o(.bss)
 .bss           0x000000009fc1a280       0x18 ./../../lib/applib_app_data.o
                0x000000009fc1a28c                g_this_app_msg_dispatch
                0x000000009fc1a290                g_app_timer_vector
                0x000000009fc1a280                g_app_timer_count
                0x000000009fc1a284                g_this_app_info
                0x000000009fc1a288                thread_mutex
                0x000000009fc1a294                g_this_app_timer_tag
                0x000000000000b800                . = SRAM_LCD_BUFFER_ADDR

LCD_BUFFER_DATA
                0x000000000000b800      0x400
 music_playing_show_lyric.o(.lcdbuffer)
 .lcdbuffer     0x000000000000b800      0x28c ./obj/music_playing_show_lyric.o
                0x000000000000b994                g_lyric_decode
                0x000000000000b800                lrc_buf
                0x000000000000b8cc                display_buf
                0x000000000000b9c0                lrc_buf_temp
                0x000000000000bc00                . = 0x400
 *fill*         0x000000000000ba8c      0x174 00

.text           0x00000000bfc16400      0x6f0
 api.a(.text)
 .text          0x00000000bfc16400        0x4 ./../../../psp_rel/lib/api.a(libc_op_entry.o)
                0x00000000bfc16401                libc_op_entry
 .text          0x00000000bfc16404        0x4 ./../../../psp_rel/lib/api.a(ui_op_entry.o)
                0x00000000bfc16405                ui_op_entry
 music_control.o(.text .rodata)
 .text          0x00000000bfc16408      0x55c ./obj/music_control.o
                0x00000000bfc164dd                music_get_playinfo
                0x00000000bfc16869                id3_scroll_deal
                0x00000000bfc16535                music_get_playmode
                0x00000000bfc16459                music_get_filepath
                0x00000000bfc164b1                music_get_status
                0x00000000bfc16589                music_play
                0x00000000bfc165b1                music_set_filepath
                0x00000000bfc16485                music_get_fileinfo
                0x00000000bfc16561                music_switch
                0x00000000bfc1674d                play_flag_update
                0x00000000bfc1692d                _scene_play_sysmsg
                0x00000000bfc16615                music_play_next
                0x00000000bfc1684d                play_scroll_update
                0x00000000bfc166b1                music_play_prev
                0x00000000bfc16509                music_get_bkinfo
                0x00000000bfc16409                music_send_msg
                0x00000000bfc167ed                play_scroll_deal
 app_timer_rcode.o(.text)
 .text          0x00000000bfc16964       0xbc ./../../lib/app_timer_rcode.o
                0x00000000bfc16965                handle_timers
 message_rcode.o(.text)
 .text          0x00000000bfc16a20       0xb4 ./../../lib/message_rcode.o
                0x00000000bfc16a21                get_gui_msg
                0x00000000bfc16a8d                get_app_msg
                0x00000000bfc16a59                get_sys_msg
 .text          0x00000000bfc16ad4        0x4 ./../../../psp_rel/lib/api.a(audio_device_op_entry.o)
                0x00000000bfc16ad5                audio_device_op_entry
 .text          0x00000000bfc16ad8        0x4 ./../../../psp_rel/lib/api.a(key_op_entry.o)
                0x00000000bfc16ad9                key_op_entry
 .text          0x00000000bfc16adc        0x4 ./../../../psp_rel/lib/api.a(lcd_op_entry.o)
                0x00000000bfc16add                lcd_op_entry
 .text          0x00000000bfc16ae0        0x4 ./../../../psp_rel/lib/api.a(mmm_id_cmd.o)
                0x00000000bfc16ae1                mmm_id_cmd
 .text          0x00000000bfc16ae4        0x4 ./../../../psp_rel/lib/api.a(sys_op_entry.o)
                0x00000000bfc16ae5                sys_op_entry
 .text          0x00000000bfc16ae8        0x4 ./../../../psp_rel/lib/api.a(vfs_op_entry.o)
                0x00000000bfc16ae9                vfs_op_entry
 .text          0x00000000bfc16aec        0x4 ./../../../psp_rel/lib/api.a(base_op_entry.o)
                0x00000000bfc16aed                base_op_entry

.data           0x000000009fc15400       0x14 load address 0x00000000bfc16af0
 music_main.o(.data)
 .data          0x000000009fc15400       0x14 ./obj/music_main.o
                0x000000009fc15404                g_music_mount_id
                0x000000009fc15410                prio
                0x000000009fc1540c                ptos
                0x000000009fc15401                scroll_frush_id
                0x000000009fc15400                time_frush_id
                0x000000009fc15408                g_temp_buffer_p
 eh_rdata.o(.data)
 eh_fsel_rdata.o(.data)
 eh_bs_rdata.o(.data)
 eh_id3_rdata.o(.data)
 eh_lrc_get_rdata.o(.data)

.bss            0x000000009fc15414      0x6b4
 music_main.o(.bss)
 .bss           0x000000009fc15414      0x3bc ./obj/music_main.o
                0x000000009fc15438                g_id3_info
                0x000000009fc1542c                g_music_scene
                0x000000009fc15770                music_app_timer_vector
                0x000000009fc15760                g_bookmark_fp
                0x000000009fc15528                g_song_filename
                0x000000009fc15414                g_speed_counter
                0x000000009fc15424                g_cur_time
                0x000000009fc15434                g_file
                0x000000009fc1571c                g_audible_bkinfo
                0x000000009fc15428                g_prev_time
                0x000000009fc15580                g_scroll_content
                0x000000009fc1541c                g_status_deal_flag
                0x000000009fc15464                g_title_buf
                0x000000009fc1573c                g_setting_comval
                0x000000009fc15430                g_lyric_charcode
                0x000000009fc155a0                g_scroll_vars
                0x000000009fc1570c                g_play_info
                0x000000009fc15416                g_audible_now
                0x000000009fc155bc                g_file_path_info
                0x000000009fc15660                g_browser_filepath
                0x000000009fc155a4                album_art_info
                0x000000009fc15704                g_music_status
                0x000000009fc15768                g_dc_status
                0x000000009fc1542f                g_timer_counter
                0x000000009fc15415                g_lyric_flag
                0x000000009fc15764                g_fsel_module
                0x000000009fc15568                g_music_info_buf
                0x000000009fc15418                g_error_num
                0x000000009fc155b8                g_display_bitmap
                0x000000009fc15420                g_total_time
                0x000000009fc15431                g_eq_restore
                0x000000009fc154f4                g_album_buf
                0x000000009fc1542d                g_enter_mode
                0x000000009fc154c0                g_artist_buf
                0x000000009fc1542e                g_play_set
                0x000000009fc15728                g_music_config
 music_setmenu_soundset_param.o(.bss)
 music_playing_show_lyric.o(.bss)
 common_ui_data.o(.bss)
 .bss           0x000000009fc157d0      0x18c ./../../lib/common_ui_data.o
                0x000000009fc15921                g_icon_id
                0x000000009fc15884                g_menu_items
                0x000000009fc15950                g_anm_callback
                0x000000009fc15959                g_anm_direction
                0x000000009fc157d6                g_gui_direct
                0x000000009fc15928                this_headbar_style
                0x000000009fc15943                g_ss_last_time
                0x000000009fc15958                g_anm_index
                0x000000009fc15945                g_ss_delay_flag
                0x000000009fc15838                dir_menu_title
                0x000000009fc15954                g_anm_sty_infor
                0x000000009fc15924                g_headbar_update
                0x000000009fc15910                g_back_to_parent_func
                0x000000009fc157d5                sys_status_timer_id
                0x000000009fc15938                g_ss_mode_backup
                0x000000009fc15918                usb_selecting_state
                0x000000009fc15914                g_back_to_parant_arg
                0x000000009fc15948                g_com_paint_cb
                0x000000009fc157d0                sys_comval
                0x000000009fc15941                g_ss_album_art_phase
                0x000000009fc1593c                g_ss_clk_backup
                0x000000009fc15942                g_ss_last_date
                0x000000009fc15935                this_headbar_mode
                0x000000009fc15939                g_ss_icon_backup
                0x000000009fc1591c                volume_value_last
                0x000000009fc15936                g_so_time
                0x000000009fc15844                dir_control
                0x000000009fc1591a                g_usb_timer_id
                0x000000009fc1593a                g_ss_timer_id
                0x000000009fc15919                g_usb_auto_select
                0x000000009fc157d4                sys_counter_timer_id
                0x000000009fc15923                g_battery_value
                0x000000009fc157d8                g_dir_browser
                0x000000009fc1585c                last_dir_control
                0x000000009fc1591e                volume_enter_forbidden
                0x000000009fc15940                g_ss_mode
                0x000000009fc15934                this_headbar_icon_id
                0x000000009fc15922                g_sys_minute
                0x000000009fc15876                line_cnt
                0x000000009fc157e4                g_file_list
                0x000000009fc15874                speed_control
                0x000000009fc15920                g_battery_display
                0x000000009fc15944                g_ss_vip_event
                0x000000009fc15937                g_ss_tag_backup
                0x000000009fc15946                g_kl_time_is_up
                0x000000009fc1591f                g_vol_time_up_flag
                0x000000009fc15878                g_menu_title
 common_func_data.o(.bss)
 .bss           0x000000009fc1595c       0x18 ./../../lib/common_func_data.o
                0x000000009fc15965                menu_history_valid
                0x000000009fc15968                dir_history_addr
                0x000000009fc15960                confmenu_offset
                0x000000009fc15971                g_keytone_backup
                0x000000009fc1595c                confmenu_fp
                0x000000009fc15970                this_filter_key_value
                0x000000009fc1596c                menu_history_addr
                0x000000009fc15964                dir_history_valid
 eh_rdata.o(.bss)
 .bss           0x000000009fc15974       0x88 ./../../../psp_rel/lib/lib_enhanced/eh_rdata.o
                0x000000009fc159c0                plist_list_layerno
                0x000000009fc1597c                file_total
                0x000000009fc159da                dir_total
                0x000000009fc159ba                plist_file_total
                0x000000009fc1599a                write_data_flag
                0x000000009fc159a4                plist_item_info
                0x000000009fc15988                obj_handle
                0x000000009fc159ce                plist_layer_offset
                0x000000009fc15975                fsel_module_type
                0x000000009fc159e2                dirlist_cur_file_folder_index
                0x000000009fc159a2                uspl_file_offset
                0x000000009fc15984                root_dir
                0x000000009fc159d8                m3u_curlist_index
                0x000000009fc159b8                plist_type_selector
                0x000000009fc159e8                dirlist_index_tbl
                0x000000009fc159a0                uspl_last_offset
                0x000000009fc159dc                dirlist_first_offset
                0x000000009fc15998                save_read_offset
                0x000000009fc159e4                dirlist_layer_offset
                0x000000009fc159ca                plist_start_file_index
                0x000000009fc1599e                uspl_first_offset
                0x000000009fc15990                fsel_init_val
                0x000000009fc1598c                vfs_mount
                0x000000009fc15980                cur_ext_name
                0x000000009fc159cc                plist_cur_file_index
                0x000000009fc1597a                file_no
                0x000000009fc1599c                uspl_file_total
                0x000000009fc15978                shuffle_sw
                0x000000009fc159e0                dirlist_file_offset
                0x000000009fc159c8                plist_start_sort_index
                0x000000009fc15974                loop_flag
                0x000000009fc15977                dir_layer
                0x000000009fc159bc                plist_info_offset
                0x000000009fc15986                obj_open_mode
                0x000000009fc15987                obj_open_type
                0x000000009fc159d0                lib_pfile_offset
                0x000000009fc159de                dirlist_file_index_offset
                0x000000009fc15976                fsel_error
                0x000000009fc1597e                g_file_index
 eh_fsel_rdata.o(.bss)
 .bss           0x000000009fc159fc       0x60 ./../../../psp_rel/lib/lib_enhanced/eh_fsel_rdata.o
                0x000000009fc15a59                cur_save_next_count
                0x000000009fc15a08                member_map
                0x000000009fc15a30                filtrate_shuffle_no
                0x000000009fc15a2d                cur_group
                0x000000009fc15a54                cur_save_pt
                0x000000009fc15a2b                member_max
                0x000000009fc15a2c                use_member_flag
                0x000000009fc15a00                group_map
                0x000000009fc15a58                cur_save_prev_count
                0x000000009fc15a2e                cur_member
                0x000000009fc15a2a                group_max
                0x000000009fc15a28                member_avg
                0x000000009fc15a56                dir_no
                0x000000009fc15a29                member_avg_group
                0x000000009fc15a5a                cur_overturn_flag
                0x000000009fc159fc                shuffle_total
                0x000000009fc15a34                play_num_list
 eh_bs_rdata.o(.bss)
 .bss           0x000000009fc15a5c       0x34 ./../../../psp_rel/lib/lib_enhanced/eh_bs_rdata.o
                0x000000009fc15a62                bs_file_total
                0x000000009fc15a68                list_layer_no
                0x000000009fc15a64                bs_uspl_cur
                0x000000009fc15a80                g_bs_dir_loc
                0x000000009fc15a60                bs_dir_total
                0x000000009fc15a5e                bs_select_fileno
                0x000000009fc15a70                plist_cur_tree
                0x000000009fc15a5c                bs_select_listno
 eh_id3_rdata.o(.bss)
 .bss           0x000000009fc15a90        0x4 ./../../../psp_rel/lib/lib_enhanced/eh_id3_rdata.o
                0x000000009fc15a90                id3_handle
 eh_lrc_get_rdata.o(.data)
 *(.sbss)
 *(.common)
 *(common)
 .bss           0x000000009fc15a94       0x14 ./../../../psp_rel/lib/lib_enhanced/eh_lrc_get_rdata.o
                0x000000009fc15a9c                lrc_cur_time
                0x000000009fc15aa4                lrc_lab_count
                0x000000009fc15a98                lrc_prev_time
                0x000000009fc15a94                lrc_cur_num
                0x000000009fc15aa0                lrc_next_time
 .bss           0x000000009fc15aa8       0x10 ./obj/music_scene_setmenu.o
 .bss           0x000000009fc15ab8       0x10 ./obj/music_setmenu_show_bookmark.o
                0x000000009fc15abc                bm_head
                0x000000009fc15ab8                bmk_cache_sector
                0x0000000040014c00                . = BANK_CONTROL_1_ADDR_BASE
                0x0000000000014c00                OFFSET = (. & 0x3ffff)

BANK_CONTROL_1_0
                0x0000000040014c00       0xcc
 ctor.o(.text .rodata)
 .text          0x0000000040014c00       0xcc ./../../../psp_rel/lib/ctor.o
                0x0000000040014c01                process_start
                0x0000000040014c31                __start
                0x0000000040054400                . = (((. + AP_BANK_SPACE) & ~ ((AP_BANK_SPACE - 0x1))) + OFFSET)

BANK_CONTROL_1_1
                0x0000000040054c00      0x800
 music_main.o(.text .rodata)
 .text          0x0000000040054c00      0x794 ./obj/music_main.o
                0x0000000040054d19                _check_bkinfo
                0x0000000040054c01                _load_cfg
                0x000000004005502d                _scene_dispatch
                0x0000000040055341                main
                0x0000000040054fb9                _app_deinit
                0x0000000040054ce1                _save_cfg
                0x0000000040054d81                _app_init
                0x0000000000000800                . = BANK_CONTROL_SIZE
 *fill*         0x0000000040055394       0x6c 00
                0x0000000040094400                . = (((. + AP_BANK_SPACE) & ~ ((AP_BANK_SPACE - 0x1))) + OFFSET)

BANK_CONTROL_1_2
                0x0000000040094c00      0x800
 music_scene_playing.o(.text .rodata)
 .text          0x0000000040094c00      0x5c0 ./obj/music_scene_playing.o
                0x0000000040094c55                music_open_engine
                0x00000000400950e1                _scene_play_exit
                0x0000000040095125                music_scene_playing
                0x0000000040094d0d                _scene_play_seteq
                0x0000000040094d8d                _scene_play_init
                0x0000000040094ce1                music_set_volume
 music_scene_playing_sub.o(.text .rodata .xdata)
 .text          0x00000000400951c0      0x188 ./obj/music_scene_playing_sub.o
                0x00000000400951c1                music_playlist_update_history
                0x0000000000000800                . = BANK_CONTROL_SIZE
 *fill*         0x0000000040095348       0xb8 00
                0x00000000400d4400                . = (((. + AP_BANK_SPACE) & ~ ((AP_BANK_SPACE - 0x1))) + OFFSET)

BANK_CONTROL_1_3
                0x00000000400d4c00      0x800
 music_playing_playdeal_sub.o(.text .rodata)
 .text          0x00000000400d4c00      0x448 ./obj/music_playing_playdeal_sub.o
                0x00000000400d4c31                play_eror_deal
                0x00000000400d4c01                music_clear_error
                0x00000000400d4e41                playing_check_status
                0x0000000000000800                . = BANK_CONTROL_SIZE
 *fill*         0x00000000400d5048      0x3b8 00
                0x0000000040114400                . = (((. + AP_BANK_SPACE) & ~ ((AP_BANK_SPACE - 0x1))) + OFFSET)

BANK_CONTROL_1_4
                0x0000000040114c00      0x800
 music_playing_playdeal.o(.text .rodata)
 .text          0x0000000040114c00      0x554 ./obj/music_playing_playdeal.o
                0x0000000040114d99                display_lrc_str
                0x0000000040114c65                _show_time_progress
                0x0000000040114f05                playing_loop_deal
                0x0000000040114c01                _mktime
                0x0000000040114e09                show_lyric
                0x0000000000000800                . = BANK_CONTROL_SIZE
 *fill*         0x0000000040115154      0x2ac 00
                0x0000000040154400                . = (((. + AP_BANK_SPACE) & ~ ((AP_BANK_SPACE - 0x1))) + OFFSET)

BANK_CONTROL_1_5
                0x0000000040154c00      0x800
 music_playing_paint.o(.xdata .text .rodata)
 .text          0x0000000040154c00      0x788 ./obj/music_playing_paint.o
                0x0000000040154e79                play_scene_paint
                0x0000000040154d25                play_scroll_init
                0x0000000040154c9d                play_paint_albumart
 .xdata         0x0000000040155388       0x10 ./obj/music_playing_paint.o
                0x0000000040155388                wregion1
                0x0000000040155390                wregion2
                0x0000000000000800                . = BANK_CONTROL_SIZE
 *fill*         0x0000000040155398       0x68 00
                0x0000000040194400                . = (((. + AP_BANK_SPACE) & ~ ((AP_BANK_SPACE - 0x1))) + OFFSET)

BANK_CONTROL_1_6
                0x0000000040194c00      0x800
 music_playing_keymsg.o(.text .rodata)
 .text          0x0000000040194c00      0x5dc ./obj/music_playing_keymsg.o
                0x0000000040194e99                play_key_play
                0x0000000040194cb5                music_fastplay_step
                0x0000000040194da1                play_key_prev
                0x0000000040194ef9                play_key_return
                0x0000000040194c49                music_resume
                0x0000000040194e29                play_key_next
                0x0000000040194f91                _scene_play_guimsg
                0x0000000040194c6d                music_fast_forward
                0x0000000040194d69                _scene_play_fast_keyup
                0x0000000040194d31                music_cancel_ffb
                0x0000000040194c01                music_stop
                0x0000000040194c25                music_pause
                0x0000000040194c91                music_fast_backward
 .rodata        0x00000000401951dc       0x58 ./obj/music_playing_keymsg.o
                0x000000004019520c                low_speed_level
                0x00000000401951dc                playing_key_map_list
                0x0000000040195220                high_speed_level
                0x0000000000000800                . = BANK_CONTROL_SIZE
 *fill*         0x0000000040195234      0x1cc 00
                0x00000000401d4400                . = (((. + AP_BANK_SPACE) & ~ ((AP_BANK_SPACE - 0x1))) + OFFSET)

BANK_CONTROL_1_7
                0x00000000401d4c00      0x800
 music_playing_getid3.o(.xdata .text .rodata)
 .text          0x00000000401d4c00      0x6c0 ./obj/music_playing_getid3.o
                0x00000000401d4d55                deal_id3_sub
                0x00000000401d519d                play_scene_getid3
                0x00000000401d4c01                play_scene_checktype
                0x00000000401d4e31                play_scene_deal_id3
                0x00000000401d4cb1                play_scene_initid3buf
 .rodata        0x00000000401d52c0       0x38 ./obj/music_playing_getid3.o
                0x00000000401d52c0                support_ext
                0x00000000401d52ec                support_id3_type
 .xdata         0x00000000401d52f8       0xb8 ./obj/music_playing_getid3.o
                0x00000000401d52f8                convert_buf
                0x0000000000000800                . = BANK_CONTROL_SIZE
 *fill*         0x00000000401d53b0       0x50 00
                0x0000000040214400                . = (((. + AP_BANK_SPACE) & ~ ((AP_BANK_SPACE - 0x1))) + OFFSET)

BANK_CONTROL_1_8
                0x0000000040214c00      0x800
 music_playing_show_lyric.o(.xdata .text .rodata)
 .text          0x0000000040214c00      0x600 ./obj/music_playing_show_lyric.o
                0x000000004021516d                lyric_deal_string
                0x0000000040214d75                parse_lyric
                0x0000000040215121                len_string
                0x00000000402150b5                lyric_param_init
                0x0000000040215061                lyric_strlen
                0x0000000000000800                . = BANK_CONTROL_SIZE
 *fill*         0x0000000040215200      0x200 00
                0x0000000040254400                . = (((. + AP_BANK_SPACE) & ~ ((AP_BANK_SPACE - 0x1))) + OFFSET)

BANK_CONTROL_1_9
                0x0000000040254c00      0x800
 music_scene_listmenu.o(.xdata .text .rodata)
 .text          0x0000000040254c00      0x61c ./obj/music_scene_listmenu.o
                0x0000000040254d6d                music_scene_listmenu_menu
                0x00000000402550ed                music_scene_listmenu
                0x0000000040254f31                music_scene_listmenu_list
 music_listmenu_listmenu.o(.text .rodata)
 .text          0x000000004025521c      0x118 ./obj/music_listmenu_listmenu.o
                0x00000000402552c1                list_scene_allsongplay_sure
                0x000000004025521d                list_scene_shuffleplay_sure
                0x000000004025530d                list_scene_apecue_sure
                0x0000000000000800                . = BANK_CONTROL_SIZE
 *fill*         0x0000000040255334       0xcc 00
                0x0000000040294400                . = (((. + AP_BANK_SPACE) & ~ ((AP_BANK_SPACE - 0x1))) + OFFSET)

BANK_CONTROL_1_10
                0x0000000040294c00      0x800
 music_listmenu_menusure.o(.xdata .text .rodata)
 .text          0x0000000040294c00      0x6f8 ./obj/music_listmenu_menusure.o
                0x00000000402950d1                list_scene_create_sure
                0x0000000040294c11                list_scene_artist_sure
                0x0000000040294d09                list_scene_favor1_sure
                0x00000000402950b1                list_scene_books_sure
                0x00000000402950e1                list_scene_check_change
                0x0000000040294dfd                load_breakinfo
                0x00000000402950c1                list_scene_authors_sure
                0x0000000040294c31                list_scene_genre_sure
                0x0000000040294cf9                list_scene_favor_sure
                0x0000000040294c41                list_scene_albumlist_sure
                0x0000000040295025                list_scene_audresume_sure
                0x0000000040294ead                list_scene_audible_sure
                0x0000000040294db1                get_audible_id3_title
                0x0000000040294c01                list_scene_allsong_sure
                0x0000000040294d79                list_scene_favor3_sure
                0x0000000040294c51                list_scene_favor_total
                0x0000000040294d41                list_scene_favor2_sure
                0x00000000402951b5                list_scene_maindisk_sure
                0x0000000040294c21                list_scene_album_sure
                0x0000000040295235                list_scene_carddisk_sure
 .xdata         0x00000000402952f8       0xb4 ./obj/music_listmenu_menusure.o
                0x00000000402952f8                audible_resume_data
                0x0000000000000800                . = BANK_CONTROL_SIZE
 *fill*         0x00000000402953ac       0x54 00
                0x00000000402d4400                . = (((. + AP_BANK_SPACE) & ~ ((AP_BANK_SPACE - 0x1))) + OFFSET)

BANK_CONTROL_1_11
                0x00000000402d4c00      0x800
 music_listmenu_menuoption.o(.text .rodata)
 .text          0x00000000402d4c00      0x1ec ./obj/music_listmenu_menuoption.o
                0x00000000402d4ce9                list_scene_favor_option
                0x00000000402d4da5                list_scene_favor2_option
                0x00000000402d4d81                list_scene_favor1_option
                0x00000000402d4c01                list_scene_menu_option
                0x00000000402d4dc9                list_scene_favor3_option
 .rodata        0x00000000402d4dec       0x18 ./obj/music_listmenu_menuoption.o
                0x00000000402d4dec                entry_favor_id1
                0x00000000402d4df4                entry_favor_id2
                0x00000000402d4dfc                entry_favor_id3
 music_listmenu_optionitem.o(.text .rodata)
 .text          0x00000000402d4e04      0x1cc ./obj/music_listmenu_optionitem.o
                0x00000000402d4e15                list_scene_musicplay_sure
                0x00000000402d4e55                list_scene_favorsel
                0x00000000402d4f29                list_scene_favor1play_sure
                0x00000000402d4e25                list_scene_musicpause_sure
                0x00000000402d4e45                list_scene_radiomute_sure
                0x00000000402d4f99                list_scene_favor3play_sure
                0x00000000402d4e05                list_scene_option_option
                0x00000000402d4f61                list_scene_favor2play_sure
                0x00000000402d4e35                list_scene_radioplay_sure
                0x0000000000000800                . = BANK_CONTROL_SIZE
 *fill*         0x00000000402d4fd0      0x430 00
                0x0000000040314400                . = (((. + AP_BANK_SPACE) & ~ ((AP_BANK_SPACE - 0x1))) + OFFSET)

BANK_CONTROL_1_12
                0x0000000040314c00      0x800
 music_listmenu_listoption.o(.text .rodata)
 .text          0x0000000040314c00      0x6ac ./obj/music_listmenu_listoption.o
                0x0000000040315239                list_scene_addfavor_sure
                0x0000000040314da5                favorlist_option_result_proc
                0x0000000040314cf1                playlist_option_result_proc
                0x000000004031526d                list_scene_addfavor2_sure
                0x000000004031527d                list_scene_addfavor3_sure
                0x0000000040314f05                list_scene_favorlist_check
                0x0000000040315125                list_scene_list_option_callback
                0x0000000040314fc1                list_scene_favorlist2_option
                0x000000004031528d                list_scene_delfavor_sure
                0x0000000040314e49                list_scene_list_option
                0x0000000040315229                list_scene_listplay_sure
                0x000000004031525d                list_scene_addfavor1_sure
                0x0000000040314f9d                list_scene_favorlist1_option
                0x0000000040314fe5                list_scene_favorlist3_option
                0x000000004031529d                list_scene_clrfavor_sure
                0x0000000040315095                m3ulist_option_result_proc
                0x0000000040315009                list_scene_m3ulist_option
 .rodata        0x00000000403152ac       0x18 ./obj/music_listmenu_listoption.o
                0x00000000403152ac                entry_id1
                0x00000000403152b4                entry_id2
                0x00000000403152bc                entry_id3
                0x0000000000000800                . = BANK_CONTROL_SIZE
 *fill*         0x00000000403152c4      0x13c 00
                0x0000000040354400                . = (((. + AP_BANK_SPACE) & ~ ((AP_BANK_SPACE - 0x1))) + OFFSET)

BANK_CONTROL_1_13
                0x0000000040354c00      0x800
 music_scene_setmenu.o(.text .rodata .xdata)
 .text          0x0000000040354c00      0x1c4 ./obj/music_scene_setmenu.o
                0x0000000040354cf9                music_scene_setmenu
                0x0000000040354c21                set_scene_record_file
                0x0000000040354c11                set_scene_levelother_option
                0x0000000040354c01                set_scene_leveltop_option
 .rodata        0x0000000040354dc4       0x10 ./obj/music_scene_setmenu.o
 .xdata         0x0000000040354dd4       0x4c ./obj/music_scene_setmenu.o
                0x0000000000000800                . = BANK_CONTROL_SIZE
 *fill*         0x0000000040354e20      0x5e0 00
                0x0000000040394400                . = (((. + AP_BANK_SPACE) & ~ ((AP_BANK_SPACE - 0x1))) + OFFSET)

BANK_CONTROL_1_14
                0x0000000040394c00      0x800
 music_setmenu_playmode.o(.text .rodata)
 .text          0x0000000040394c00      0x404 ./obj/music_setmenu_playmode.o
                0x0000000040394ebd                set_scene_repeatoff_sure
                0x0000000040394df1                set_scene_repeat_sure
                0x0000000040394da9                set_scene_fromartist_sure
                0x0000000040394f05                set_scene_repeatintro_sure
                0x0000000040394e79                set_scene_switchmode
                0x0000000040394f81                set_scene_shuffleoff_sure
                0x0000000040394ed5                set_scene_repeatone_sure
                0x0000000040394eed                set_scene_repeatall_sure
                0x0000000040394dc1                set_scene_fromalbum_sure
                0x0000000040394d91                set_scene_fromallsong_sure
                0x0000000040394ead                set_scene_cuemode
                0x0000000040394c69                music_change_filepath
                0x0000000040394ca1                set_scene_switchpath
                0x0000000040394fbd                set_scene_shuffleon_sure
                0x0000000040394f1d                set_scene_shuffle_sure
                0x0000000040394dd9                set_scene_fromgenre_sure
                0x0000000040394c01                check_plist_exit
 .rodata        0x0000000040395004       0x18 ./obj/music_setmenu_playmode.o
                0x0000000040395004                mplist_name
                0x0000000000000800                . = BANK_CONTROL_SIZE
 *fill*         0x000000004039501c      0x3e4 00
                0x00000000403d4400                . = (((. + AP_BANK_SPACE) & ~ ((AP_BANK_SPACE - 0x1))) + OFFSET)

BANK_CONTROL_1_15
                0x00000000403d4c00      0x800
 music_setmenu_soundset.o(.text .rodata)
 .text          0x00000000403d4c00      0x2d0 ./obj/music_setmenu_soundset.o
                0x00000000403d4d45                set_scene_eqfunk_sure
                0x00000000403d4ea9                set_scene_eqclassic_callback
                0x00000000403d4e45                set_scene_eqnormal_callback
                0x00000000403d4ced                set_scene_eqnormal_sure
                0x00000000403d4dc9                set_scene_eqclassical_sure
                0x00000000403d4d19                set_scene_eqrock_sure
                0x00000000403d4e81                set_scene_eqhiphop_callback
                0x00000000403d4ebd                set_scene_eqtechno_callback
                0x00000000403d4d9d                set_scene_eqjazz_sure
                0x00000000403d4df5                set_scene_eqtechno_sure
                0x00000000403d4d71                set_scene_eqhiphop_sure
                0x00000000403d4e95                set_scene_eqjazz_callback
                0x00000000403d4e59                set_scene_eqrock_callback
                0x00000000403d4c1d                set_scene_eq_sure
                0x00000000403d4e6d                set_scene_eqfunk_callback
                0x0000000000000800                . = BANK_CONTROL_SIZE
 *fill*         0x00000000403d4ed0      0x530 00
                0x0000000040414400                . = (((. + AP_BANK_SPACE) & ~ ((AP_BANK_SPACE - 0x1))) + OFFSET)

BANK_CONTROL_1_16
                0x0000000040414c00      0x800
 music_setmenu_soundset_param.o(.xdata .text .rodata)
 .text          0x0000000040414c00      0x21c ./obj/music_setmenu_soundset_param.o
                0x0000000040414c71                set_scene_spfaster_callback
                0x0000000040414c85                set_scene_spnormal_sure
                0x0000000040414ca9                set_scene_spslower_sure
                0x0000000040414ccd                set_scene_spfaster_sure
                0x0000000040414c49                set_scene_spnormal_callback
                0x0000000040414da9                set_scene_vollimit_sure
                0x0000000040414cf1                set_scene_speed_sure
                0x0000000040414c5d                set_scene_spslower_callback
                0x0000000040414c01                set_scene_speed_callback
                0x0000000000000800                . = BANK_CONTROL_SIZE
 *fill*         0x0000000040414e1c      0x5e4 00
                0x0000000040454400                . = (((. + AP_BANK_SPACE) & ~ ((AP_BANK_SPACE - 0x1))) + OFFSET)

BANK_CONTROL_1_17
                0x0000000040454c00      0x800
 music_setmenu_otheritem.o(.xdata .text .rodata)
 .text          0x0000000040454c00      0x338 ./obj/music_setmenu_otheritem.o
                0x0000000040454c01                set_scene_sleeptimer_sure
                0x0000000040454ced                adjust_min_time
                0x0000000040454d11                set_scene_setsleep_sure
                0x0000000040454df5                set_scene_delete_sure
                0x0000000040454f29                set_scene_getlicense_sure
                0x0000000040454cd1                set_scene_closesleep_sure
 music_setmenu_audible.o(.text .rodata .xdata)
 .text          0x0000000040454f38      0x30c ./obj/music_setmenu_audible.o
                0x00000000404551cd                set_scene_setsection_sure
                0x0000000040454f39                _delete_audible_posfile
                0x00000000404551f9                set_scene_settitle_sure
                0x0000000040455145                music_set_section_mode
                0x000000004045517d                set_scene_switchmode_sure
                0x0000000040455015                set_scene_delaudible_sure
 .rodata        0x0000000040455244       0x10 ./obj/music_setmenu_audible.o
                0x0000000040455244                pos_ext
                0x0000000040455250                pos_ext_name
 music_setmenu_favordeal.o(.text .rodata)
 .text          0x0000000040455254       0xe4 ./obj/music_setmenu_favordeal.o
                0x00000000404552b9                set_scene_addfavor3_sure
                0x0000000040455255                set_scene_addfavor_sure
                0x0000000040455319                set_scene_delfavor3_sure
                0x0000000040455279                set_scene_addfavor1_sure
                0x00000000404552f9                set_scene_delfavor2_sure
                0x00000000404552d9                set_scene_delfavor1_sure
                0x0000000040455299                set_scene_addfavor2_sure
                0x0000000000000800                . = BANK_CONTROL_SIZE
 *fill*         0x0000000040455338       0xc8 00
                0x0000000000000600                BOOKMARK_BANK_SIZE = (BANK_CONTROL_SIZE - 0x200)
                0x0000000040494c00                XDATA_BASE = (BANK_CONTROL_1_ADDR_BASE + (AP_BANK_SPACE * 0x12))

XDATA_BANK_18   0x0000000040494c00      0x200
 music_setmenu_show_cue.o(.xdata)
 .xdata         0x0000000040494c00      0x200 ./obj/music_setmenu_show_cue.o
                0x0000000040494c00                bm_buf
                0x0000000040494e00                . = 0x200
                0x00000000404d4600                . = ((((. + AP_BANK_SPACE) & ~ ((AP_BANK_SPACE - 0x1))) + OFFSET) + 0x200)

BANK_CONTROL_1_18
                0x00000000404d4e00      0x600
 music_ape_cue.o(.text .rodata)
 .text          0x00000000404d4e00       0x20 ./obj/music_ape_cue.o
                0x00000000404d4e01                music_load_cuefile
                0x00000000404d4e0d                set_playmode_apecue
 music_setmenu_show_cue.o(.text .rodata)
 .text          0x00000000404d4e20       0x38 ./obj/music_setmenu_show_cue.o
                0x00000000404d4e21                ui_show_cue_title
                0x00000000404d4e45                handle_cue
                0x00000000404d4e2d                ui_show_cue
                0x0000000000000600                . = BOOKMARK_BANK_SIZE
 *fill*         0x00000000404d4e58      0x5a8 00
                0x0000000040514400                . = (((. + AP_BANK_SPACE) & ~ ((AP_BANK_SPACE - 0x1))) + OFFSET)

BANK_CONTROL_1_19
                0x0000000040514c00      0x800
 music_add_favorite.o(.text .rodata)
 .text          0x0000000040514c00      0x748 ./obj/music_add_favorite.o
                0x0000000040514d41                add_favorite_nowplaying
                0x0000000040514fdd                add_favorite_dialog
                0x0000000040515105                add_favorite_listmenu
                0x0000000040514c8d                get_music_id3_title
                0x0000000040514f09                add_favorite_list
                0x0000000040514c01                music_add_favorite_deal
                0x0000000040515265                add_favorite_setmenu
                0x0000000040514cdd                check_add_favorite_result
 .rodata        0x0000000040515348        0xc ./obj/music_add_favorite.o
                0x0000000040515348                allsong_str
                0x0000000000000800                . = BANK_CONTROL_SIZE
 *fill*         0x0000000040515354       0xac 00
                0x0000000040554400                . = (((. + AP_BANK_SPACE) & ~ ((AP_BANK_SPACE - 0x1))) + OFFSET)

BANK_CONTROL_1_20
                0x0000000040554c00      0x800
 music_add_favorite_sub.o(.text .rodata)
 .text          0x0000000040554c00      0x380 ./obj/music_add_favorite_sub.o
                0x0000000040554c8d                add_favorlist_all
 .rodata        0x0000000040554f80       0x18 ./obj/music_add_favorite_sub.o
                0x0000000040554f80                add_favor_key_map_list
                0x0000000000000800                . = BANK_CONTROL_SIZE
 *fill*         0x0000000040554f98      0x468 00
                0x0000000040594400                . = (((. + AP_BANK_SPACE) & ~ ((AP_BANK_SPACE - 0x1))) + OFFSET)

BANK_CONTROL_1_21
                0x0000000040594c00      0x800
 music_del_favorite.o(.text .rodata)
 .text          0x0000000040594c00      0x634 ./obj/music_del_favorite.o
                0x0000000040595039                del_favorite_list
                0x0000000040594f65                del_favorite_setmenu
                0x0000000040594c01                music_del_favorite_deal
                0x0000000040594c3d                check_del_favorite_result
                0x0000000040595165                del_favorite_listmenu
                0x0000000040594e35                del_favorite_nowplaying
                0x0000000040594c71                del_favorite_dialog
                0x0000000000000800                . = BANK_CONTROL_SIZE
 *fill*         0x0000000040595234      0x1cc 00
                0x00000000405d4400                . = (((. + AP_BANK_SPACE) & ~ ((AP_BANK_SPACE - 0x1))) + OFFSET)

BANK_CONTROL_1_22
                0x00000000405d4c00      0x800
 music_control_bank.o(.text .rodata)
 .text          0x00000000405d4c00      0x564 ./obj/music_control_bank.o
                0x00000000405d4ed9                music_play_cuemusic
                0x00000000405d4f29                music_set_eq
                0x00000000405d4dc9                music_file_init
                0x00000000405d4fc9                _scene_result_deal
                0x00000000405d4f01                music_play_bookmark
                0x00000000405d4c01                music_deal_sd_out
                0x00000000405d4f7d                music_get_section_info
                0x00000000405d4fa5                music_standby_play
                0x00000000405d4ea5                music_close_engine
                0x00000000405d4f51                music_set_playmode
                0x00000000405d4cd9                music_message_deal
                0x0000000000000800                . = BANK_CONTROL_SIZE
 *fill*         0x00000000405d5164      0x29c 00
                0x0000000040614600                . = ((((. + AP_BANK_SPACE) & ~ ((AP_BANK_SPACE - 0x1))) + OFFSET) + 0x200)

BANK_CONTROL_1_23
                0x0000000040614e00      0x600
 music_creat_albumart_file.o(.text .rodata .xdata)
 .text          0x0000000040614e00      0x218 ./obj/music_creat_albumart_file.o
                0x0000000040614ee1                check_albumart_file_exist
 .rodata        0x0000000040615018       0x18 ./obj/music_creat_albumart_file.o
                0x0000000000000600                . = BOOKMARK_BANK_SIZE
 *fill*         0x0000000040615030      0x3d0 00
                0x0000000040654400                . = (((. + AP_BANK_SPACE) & ~ ((AP_BANK_SPACE - 0x1))) + OFFSET)

BANK_CONTROL_1_24
                0x0000000040654c00      0x7e0
 music_menu_config.o(.text .rodata)
 .rodata        0x0000000040654c00      0x7e0 ./obj/music_menu_config.o
                0x0000000040654d78                leafitems
                0x0000000040654d68                item_head
                0x0000000040654c00                music_entrymenu
                0x0000000040654c10                entryitems
                0x0000000040694400                . = (((. + AP_BANK_SPACE) & ~ ((AP_BANK_SPACE - 0x1))) + OFFSET)

BANK_CONTROL_1_25
                0x0000000040694c00      0x800
 music_audible_sys.o(.text .rodata .xdata)
 .text          0x0000000040694c00      0x23c ./obj/music_audible_sys.o
                0x0000000040694c51                music_load_sysfile
 .rodata        0x0000000040694e3c       0x4c ./obj/music_audible_sys.o
                0x0000000040694e3c                sys_file_name
                0x0000000040694e6c                sys_ascfile_dir2
                0x0000000040694e74                sys_unifile_dir2
 .xdata         0x0000000040694e88      0x24c ./obj/music_audible_sys.o
                0x0000000000000800                . = BANK_CONTROL_SIZE
 *fill*         0x00000000406950d4      0x32c 00
                0x00000000406d4600                . = ((((. + AP_BANK_SPACE) & ~ ((AP_BANK_SPACE - 0x1))) + OFFSET) + 0x200)

BANK_CONTROL_1_26
                0x00000000406d4e00      0x600
 music_setmenu_bookmark_deal_sub.o(.text .rodata)
 .text          0x00000000406d4e00      0x2b0 ./obj/music_setmenu_bookmark_deal_sub.o
                0x00000000406d5041                get_bookmark_time
                0x00000000406d4e01                handle_bookmark
                0x0000000000000600                . = BOOKMARK_BANK_SIZE
 *fill*         0x00000000406d50b0      0x350 00
                0x0000000040714600                . = ((((. + AP_BANK_SPACE) & ~ ((AP_BANK_SPACE - 0x1))) + OFFSET) + 0x200)

BANK_CONTROL_1_27
                0x0000000040714e00      0x600
 music_setmenu_bookmark_deal_sub.o(.text .rodata)
                0x0000000000000600                . = BOOKMARK_BANK_SIZE
 *fill*         0x0000000040714e00      0x600 00
                0x0000000040754600                . = ((((. + AP_BANK_SPACE) & ~ ((AP_BANK_SPACE - 0x1))) + OFFSET) + 0x200)

BANK_CONTROL_1_28
                0x0000000040754e00      0x600
 music_setmenu_bookmark_deal.o(.text .rodata)
 .text          0x0000000040754e00      0x3e4 ./obj/music_setmenu_bookmark_deal.o
                0x0000000040754e01                find_index
                0x00000000407550ad                get_bookmark_index
                0x0000000000000600                . = BOOKMARK_BANK_SIZE
 *fill*         0x00000000407551e4      0x21c 00
                0x0000000040794600                . = ((((. + AP_BANK_SPACE) & ~ ((AP_BANK_SPACE - 0x1))) + OFFSET) + 0x200)

BANK_CONTROL_1_29
                0x0000000040794e00      0x600
 music_del_bookmark.o(.text .rodata)
 .text          0x0000000040794e00      0x1cc ./obj/music_del_bookmark.o
                0x0000000040794f05                music_del_bookmark
                0x0000000040794e01                del_bookmark_by_index
                0x0000000000000600                . = BOOKMARK_BANK_SIZE
 *fill*         0x0000000040794fcc      0x434 00
                0x00000000407d4600                . = ((((. + AP_BANK_SPACE) & ~ ((AP_BANK_SPACE - 0x1))) + OFFSET) + 0x200)

BANK_CONTROL_1_30
                0x00000000407d4e00      0x600
 music_create_bookmark.o(.text .rodata)
 .text          0x00000000407d4e00      0x1bc ./obj/music_create_bookmark.o
                0x00000000407d4ea5                check_bookmark_exist
 .rodata        0x00000000407d4fbc       0x28 ./obj/music_create_bookmark.o
                0x0000000000000600                . = BOOKMARK_BANK_SIZE
 *fill*         0x00000000407d4fe4      0x41c 00
                0x0000000040814400                . = (((. + AP_BANK_SPACE) & ~ ((AP_BANK_SPACE - 0x1))) + OFFSET)

BANK_CONTROL_1_31
                0x0000000040814c00      0x800
 music_setmenu_show_bookmark.o(.xdata .text .rodata)
 .text          0x0000000040814c00      0x5a0 ./obj/music_setmenu_show_bookmark.o
                0x0000000040814d9d                get_one_screen_time
                0x0000000040814c01                get_bookmark_item
                0x0000000040814e5d                ui_get_bookmark_index
                0x0000000040814f2d                ui_show_bookmark
                0x0000000040814cc9                ui_show_bookmark_item
                0x0000000040815139                del_bookmark_file
 .rodata        0x00000000408151a0       0x30 ./obj/music_setmenu_show_bookmark.o
                0x00000000408151ac                bookmark_key_map_list
                0x00000000408151a0                empty_items_str
 .xdata         0x00000000408151d0       0xe8 ./obj/music_setmenu_show_bookmark.o
                0x00000000408151d0                disp_buf
                0x0000000040815248                mbk_show_data
 music_setmenu_bookmark.o(.text .rodata)
 .text          0x00000000408152b8       0x78 ./obj/music_setmenu_bookmark.o
                0x0000000040815309                set_scene_bookmark_del_sure
                0x00000000408152e1                set_scene_bookmark_sel_sure
                0x00000000408152b9                set_scene_bookmark_add_sure
                0x0000000000000800                . = BANK_CONTROL_SIZE
 *fill*         0x0000000040815330       0xd0 00
                0x0000000040854400                . = (((. + AP_BANK_SPACE) & ~ ((AP_BANK_SPACE - 0x1))) + OFFSET)

BANK_CONTROL_1_32
                0x0000000040854c00      0x800
 music_clear_favorite.o(.text .rodata)
 .text          0x0000000040854c00      0x214 ./obj/music_clear_favorite.o
                0x0000000040854c01                clr_favorite_list
                0x0000000040854d45                clr_favorite_menu
                0x0000000000000800                . = BANK_CONTROL_SIZE
 *fill*         0x0000000040854e14      0x5ec 00
                0x0000000048054400                . = (BANK_UI_1_ADDR_BASE + (AP_BANK_SPACE * 0x1))
                0x0000000000014400                OFFSET = (. & 0x3ffff)

BANK_UI_1_1     0x0000000048054400      0x800
 music_listmenu_albumlist.o(.text .rodata .xdata)
 .text          0x0000000048054400      0x5f4 ./obj/music_listmenu_albumlist.o
                0x0000000048054465                store_albumart_pic
                0x00000000480546d1                music_paint_albumart
                0x000000004805447d                show_albumart_pic
 .rodata        0x00000000480549f4        0xc ./obj/music_listmenu_albumlist.o
 .xdata         0x0000000048054a00       0x44 ./obj/music_listmenu_albumlist.o
                0x0000000000000800                . = BANK_CONTROL_SIZE
 *fill*         0x0000000048054a44      0x1bc 00
                0x0000000048094400                . = (((. + AP_BANK_SPACE) & ~ ((AP_BANK_SPACE - 0x1))) + OFFSET)

BANK_UI_1_2     0x0000000048094400      0x800
 music_setmenu_bookmark_rw.o(.text .rodata)
 .text          0x0000000048094400      0x1e4 ./obj/music_setmenu_bookmark_rw.o
                0x0000000048094521                write_bmk_index
                0x00000000480945a5                open_bookmark
                0x0000000048094401                write_sector
                0x00000000480944b1                read_bmk_index
                0x0000000048094559                read_bmk_item
                0x000000004809444d                read_sector
 .rodata        0x00000000480945e4       0x28 ./obj/music_setmenu_bookmark_rw.o
                0x0000000000000800                . = BANK_CONTROL_SIZE
 *fill*         0x000000004809460c      0x5f4 00
LOAD ./../../../psp_rel/usermodule/enhanced/case_link_xn/music_link.xn
LOAD ./../../../psp_rel/include/link_base.xn
                0x0000000000000000                DRV_GROUP_STG_BASE = 0x0
                0x0000000000000001                DRV_GROUP_STG_CARD = 0x1
                0x0000000000000002                DRV_GROUP_STG_UHOST = 0x2
                0x0000000000000003                DRV_GROUP_FAT32 = 0x3
                0x0000000000000004                DRV_GROUP_EXFAT = 0x4
                0x0000000000000005                DRV_GROUP_UD = 0x5
                0x0000000000000006                DRV_GROUP_UI = 0x6
                0x0000000000000007                DRV_GROUP_LCD = 0x7
                0x0000000000000008                DRV_GROUP_FM = 0x8
                0x0000000000000009                DRV_GROUP_KEY = 0x9
                0x000000000000000a                DRV_GROUP_CCD = 0xa
                0x000000000000000b                DRV_GROUP_I2C = 0xb
                0x000000000000000c                DRV_GROUP_AUDIO_DEVICE = 0xc
                0x000000000000000d                DRV_GROUP_TTS = 0xd
                0x000000000000000e                DRV_GROUP_BT = 0xe
                0x000000000000000f                DRV_GROUP_SYS = 0xf
                0x000000000003ffff                SRAM_SIZE_MASK = 0x3ffff
                0x000000009fc00000                RDATA_ADDR_BASE = 0x9fc00000
                0x00000000bfc00000                RCODE_ADDR_BASE = 0xbfc00000
                0x0000000000000001                KERNEL_BANK_A = 0x1
                0x0000000000000002                KERNEL_BANK_B = 0x2
                0x0000000000000003                KERNEL_BANK_C = 0x3
                0x0000000000040000                BANK_SPACE = 0x40000
                0x0000000000000000                FRONT_AP = 0x0
                0x0000000000000001                BACK_AP = 0x1
                0x0000000000000002                PROCESS_MANAGER_AP = 0x2
                0x0000000000000000                FRONT_CODEC = 0x0
                0x0000000000000001                BACK_CODEC = 0x1
                0x0000000000000040                AP_BANK_FRONT_CONTROL_1 = 0x40
                0x0000000000000048                AP_BANK_FRONT_UI_1 = 0x48
                0x0000000000000050                AP_BANK_FRONT_BASAL = 0x50
                0x0000000000000058                AP_BANK_FRONT_CODEC = 0x58
                0x0000000000000060                AP_BANK_BACK_CONTROL_1 = 0x60
                0x0000000000000068                AP_BANK_BACK_BASAL = 0x68
                0x0000000000000070                AP_BANK_BACK_CODEC = 0x70
                0x0000000000000078                AP_BANK_FRONT_ENHANCED_1 = 0x78
                0x0000000000000071                AP_BANK_FRONT_ENHANCED_2 = 0x71
                0x000000000000007a                AP_BANK_BACK_ENHANCED_1 = 0x7a
                0x000000000000007b                AP_BANK_BACK_ENHANCED_2 = 0x7b
                0x0000000000000072                AP_BANK_BTENGINE_CONTROL_1 = 0x72
                0x0000000000000073                AP_BANK_BTENGINE_LIB_1 = 0x73
                0x0000000000000074                AP_BANK_BTENGINE_LIB_2 = 0x74
                0x0000000000000075                AP_BANK_BTENGINE_EXTEND_1 = 0x75
                0x0000000000000076                AP_BANK_BTENGINE_EXTEND_2 = 0x76
                0x0000000000000077                AP_BANK_BTENGINE_EXTEND_3 = 0x77
                0x000000000000007c                AP_BANK_BTENGINE_EXTEND_4 = 0x7c
                0x0000000000000079                AP_BANK_BTENGINE_EXTEND_5 = 0x79
                0x000000000000007f                AP_BANK_MANAGER = 0x7f
                0x0000000000000041                AP_BANK_AUTOTEST = 0x41
                0x0000000000000000                SROM_BROM_ADDR = 0x0
                0x0000000000002600                SROM_BROM_SIZE = 0x2600
                0x0000000000002600                SROM_SPINOR_ADDR = (SROM_BROM_ADDR + SROM_BROM_SIZE)
                0x0000000000000c00                SROM_SPINOR_SIZE = 0xc00
                0x0000000000003200                SROM_TWI_ADDR = (SROM_SPINOR_ADDR + SROM_SPINOR_SIZE)
                0x0000000000000700                SROM_TWI_SIZE = 0x700
                0x0000000000003900                SROM_STUB_ADDR = (SROM_TWI_ADDR + SROM_TWI_SIZE)
                0x0000000000000700                SROM_STUB_SIZE = 0x700
                0x0000000000000e00                SROM_SPINOR_SIZE_MDY = 0xe00
                0x0000000000003400                SROM_TWI_ADDR_MDY = (SROM_SPINOR_ADDR + SROM_SPINOR_SIZE_MDY)
                0x0000000000000700                SROM_TWI_SIZE_MDY = 0x700
                0x0000000000003b00                SROM_STUB_ADDR_MDY = (SROM_TWI_ADDR_MDY + SROM_TWI_SIZE_MDY)
                0x0000000000000500                SROM_STUB_SIZE_MDY = 0x500
                0x0000000000004000                SROM_KERNEL_ADDR = (SROM_STUB_ADDR + SROM_STUB_SIZE)
                0x0000000000004000                SROM_KERNEL_SIZE = 0x4000
                0x000000000000c000                SROM_FS_ADDR = 0xc000
                0x0000000000001c00                SROM_FS_SIZE = 0x1c00
                0x000000000000dc00                SROM_SPINOR1_ADDR = (SROM_FS_ADDR + SROM_FS_SIZE)
                0x0000000000000400                SROM_SPINOR1_SIZE = 0x400
                0x0000000000008000                SRAM_OS_RCODE_ADDR = 0x8000
                0x0000000000000c00                SRAM_OS_RCODE_SIZE = 0xc00
                0x0000000000008c00                SRAM_SPINOR_RCODE_ADDR = 0x8c00
                0x0000000000000400                SRAM_SPINOR_RCODE_SIZE = 0x400
                0x0000000000009000                SRAM_BANK_A_ADDR = 0x9000
                0x0000000000000400                SRAM_BANK_A_SIZE = 0x400
                0x0000000000009400                SRAM_BANK_B_ADDR = 0x9400
[...]
 .debug_frame   0x0000000000006234       0xd4 ./../../lib/ui_headbar.o
 .debug_frame   0x0000000000006308       0x34 ./../../lib/message_bank_init.o
 .debug_frame   0x000000000000633c       0x80 ./../../lib/message_bank_send.o
 .debug_frame   0x00000000000063bc       0x58 ./../../lib/message_bank_broadcast.o
 .debug_frame   0x0000000000006414       0x78 ./../../lib/common_config.o
 .debug_frame   0x000000000000648c       0x2c ./../../lib/common_msgmap.o
 .debug_frame   0x00000000000064b8       0xec ./../../lib/common_confmenu.o
 .debug_frame   0x00000000000065a4       0xe8 ./../../lib/common_history.o
 .debug_frame   0x000000000000668c       0x50 ./../../lib/common_string.o
 .debug_frame   0x00000000000066dc       0xbc ./../../lib/common_string2.o
 .debug_frame   0x0000000000006798      0x158 ./../../lib/common_key.o
 .debug_frame   0x00000000000068f0      0x130 ./../../lib/common_msg.o
 .debug_frame   0x0000000000006a20      0x148 ./../../lib/common_sound.o
 .debug_frame   0x0000000000006b68       0xb4 ./../../lib/ui_directory_sub.o
 .debug_frame   0x0000000000006c1c       0x98 ./../../lib/ui_directory_sub2.o
 .debug_frame   0x0000000000006cb4       0x6c ./../../lib/ui_menulist_sub.o
 .debug_frame   0x0000000000006d20       0x74 ./../../lib/ui_menulist_sub2.o
 .debug_frame   0x0000000000006d94       0x74 ./../../lib/ui_textread_dec.o
 .debug_frame   0x0000000000006e08       0x7c ./../../lib/ui_textread_sub.o
 .debug_frame   0x0000000000006e84       0xbc ./../../lib/ui_delete.o
 .debug_frame   0x0000000000006f40       0x58 ./../../lib/ui_delete_sub.o
 .debug_frame   0x0000000000006f98       0xe4 ./../../lib/ui_keylock.o
 .debug_frame   0x000000000000707c       0xb4 ./../../lib/ui_shutoff.o
 .debug_frame   0x0000000000007130      0x178 ./../../lib/ui_screensave.o
 .debug_frame   0x00000000000072a8       0xb4 ./../../lib/ui_screensave_sub.o
 .debug_frame   0x000000000000735c       0xb4 ./../../lib/ui_animation.o
 .debug_frame   0x0000000000007410       0xd0 ./../../lib/ui_volumebar.o
 .debug_frame   0x00000000000074e0       0x58 ./../../lib/ui_volumebar_sub.o
 .debug_frame   0x0000000000007538       0xb4 ./../../lib/ui_dialog.o
 .debug_frame   0x00000000000075ec       0xfc ./../../lib/ui_usbconnect.o
 .debug_frame   0x00000000000076e8       0x90 ./../../lib/miscellaneous.o
 .debug_frame   0x0000000000007778       0x34 ./../../lib/app_sleep.o
 .debug_frame   0x00000000000077ac       0x90 ./../../lib/sys_timer.o
 .debug_frame   0x000000000000783c       0x64 ./../../lib/sys_counter.o
 .debug_frame   0x00000000000078a0       0x50 ./../../lib/common_charge.o
 .debug_frame   0x00000000000078f0       0x30 ./../../lib/ui_headbar_handle.o
 .debug_frame   0x0000000000007920       0x88 ./../../lib/message_box.o
 .debug_frame   0x00000000000079a8       0xc4 ./../../lib/alarm_msg_dispatch.o
 .debug_frame   0x0000000000007a6c       0x48 ./../../lib/alarm_msg_dispatch2.o
 .debug_frame   0x0000000000007ab4       0x74 ./../../lib/antenna_detect.o
 .debug_frame   0x0000000000007b28       0x28 ./../../lib/common_phy_volume_deal.o
 .debug_frame   0x0000000000007b50      0x148 ./../../lib/common_keytone_play.o

.debug_aranges  0x0000000000000000     0x1440
 .debug_aranges
                0x0000000000000000       0x20 ./obj/music_playing_show_lyric.o
 .debug_aranges
                0x0000000000000020       0x20 ./../../../psp_rel/lib/api.a(libc_op_entry.o)
 .debug_aranges
                0x0000000000000040       0x20 ./../../../psp_rel/lib/api.a(ui_op_entry.o)
 .debug_aranges
                0x0000000000000060       0x20 ./obj/music_control.o
 .debug_aranges
                0x0000000000000080       0x20 ./../../lib/app_timer_rcode.o
 .debug_aranges
                0x00000000000000a0       0x20 ./../../lib/message_rcode.o
 .debug_aranges
                0x00000000000000c0       0x20 ./obj/music_main.o
 .debug_aranges
                0x00000000000000e0       0x20 ./obj/music_setmenu_soundset_param.o
 .debug_aranges
                0x0000000000000100       0x20 ./../../../psp_rel/lib/ctor.o
 .debug_aranges
                0x0000000000000120       0x20 ./obj/music_scene_playing.o
 .debug_aranges
                0x0000000000000140       0x20 ./obj/music_scene_playing_sub.o
 .debug_aranges
                0x0000000000000160       0x20 ./obj/music_playing_playdeal_sub.o
 .debug_aranges
                0x0000000000000180       0x20 ./obj/music_playing_playdeal.o
 .debug_aranges
                0x00000000000001a0       0x20 ./obj/music_playing_paint.o
 .debug_aranges
                0x00000000000001c0       0x20 ./obj/music_playing_keymsg.o
 .debug_aranges
                0x00000000000001e0       0x20 ./obj/music_playing_getid3.o
 .debug_aranges
                0x0000000000000200       0x20 ./obj/music_scene_listmenu.o
 .debug_aranges
                0x0000000000000220       0x20 ./obj/music_listmenu_listmenu.o
 .debug_aranges
                0x0000000000000240       0x20 ./obj/music_listmenu_menusure.o
 .debug_aranges
                0x0000000000000260       0x20 ./obj/music_listmenu_menuoption.o
 .debug_aranges
                0x0000000000000280       0x20 ./obj/music_listmenu_optionitem.o
 .debug_aranges
                0x00000000000002a0       0x20 ./obj/music_listmenu_listoption.o
 .debug_aranges
                0x00000000000002c0       0x20 ./obj/music_scene_setmenu.o
 .debug_aranges
                0x00000000000002e0       0x20 ./obj/music_setmenu_playmode.o
 .debug_aranges
                0x0000000000000300       0x20 ./obj/music_setmenu_soundset.o
 .debug_aranges
                0x0000000000000320       0x20 ./obj/music_setmenu_otheritem.o
 .debug_aranges
                0x0000000000000340       0x20 ./obj/music_setmenu_audible.o
 .debug_aranges
                0x0000000000000360       0x20 ./obj/music_setmenu_favordeal.o
 .debug_aranges
                0x0000000000000380       0x20 ./obj/music_setmenu_show_cue.o
 .debug_aranges
                0x00000000000003a0       0x20 ./obj/music_ape_cue.o
 .debug_aranges
                0x00000000000003c0       0x20 ./obj/music_add_favorite.o
 .debug_aranges
                0x00000000000003e0       0x20 ./obj/music_add_favorite_sub.o
 .debug_aranges
                0x0000000000000400       0x20 ./obj/music_del_favorite.o
 .debug_aranges
                0x0000000000000420       0x20 ./obj/music_control_bank.o
 .debug_aranges
                0x0000000000000440       0x20 ./obj/music_creat_albumart_file.o
 .debug_aranges
                0x0000000000000460       0x20 ./obj/music_audible_sys.o
 .debug_aranges
                0x0000000000000480       0x20 ./obj/music_setmenu_bookmark_deal_sub.o
 .debug_aranges
                0x00000000000004a0       0x20 ./obj/music_setmenu_bookmark_deal.o
 .debug_aranges
                0x00000000000004c0       0x20 ./obj/music_del_bookmark.o
 .debug_aranges
                0x00000000000004e0       0x20 ./obj/music_create_bookmark.o
 .debug_aranges
                0x0000000000000500       0x20 ./obj/music_setmenu_show_bookmark.o
 .debug_aranges
                0x0000000000000520       0x20 ./obj/music_setmenu_bookmark.o
 .debug_aranges
                0x0000000000000540       0x20 ./obj/music_clear_favorite.o
 .debug_aranges
                0x0000000000000560       0x20 ./obj/music_listmenu_albumlist.o
 .debug_aranges
                0x0000000000000580       0x20 ./obj/music_setmenu_bookmark_rw.o
 .debug_aranges
                0x00000000000005a0       0x20 ./../../../psp_rel/lib/lib_enhanced/eh_module.o
 .debug_aranges
                0x00000000000005c0       0x20 ./../../../psp_rel/lib/api.a(audio_device_op_entry.o)
 .debug_aranges
                0x00000000000005e0       0x20 ./../../../psp_rel/lib/api.a(key_op_entry.o)
 .debug_aranges
                0x0000000000000600       0x20 ./../../../psp_rel/lib/api.a(lcd_op_entry.o)
 .debug_aranges
                0x0000000000000620       0x20 ./../../../psp_rel/lib/api.a(mmm_id_cmd.o)
 .debug_aranges
                0x0000000000000640       0x20 ./../../../psp_rel/lib/api.a(sys_op_entry.o)
 .debug_aranges
                0x0000000000000660       0x20 ./../../../psp_rel/lib/api.a(vfs_op_entry.o)
 .debug_aranges
                0x0000000000000680       0x20 ./../../../psp_rel/lib/api.a(base_op_entry.o)
 .debug_aranges
                0x00000000000006a0       0x20 ./../../../psp_rel/lib/lib_enhanced/eh_change_location.o
 .debug_aranges
                0x00000000000006c0       0x20 ./../../../psp_rel/lib/lib_enhanced/eh_fav_operation.o
 .debug_aranges
                0x00000000000006e0       0x20 ./../../../psp_rel/lib/lib_enhanced/eh_change_fav_location.o
 .debug_aranges
                0x0000000000000700       0x20 ./../../../psp_rel/lib/lib_enhanced/eh_make_listlayer.o
 .debug_aranges
                0x0000000000000720       0x20 ./../../../psp_rel/lib/lib_enhanced/eh_bs_entry.o
 .debug_aranges
                0x0000000000000740       0x20 ./../../../psp_rel/lib/lib_enhanced/eh_bs_function.o
 .debug_aranges
                0x0000000000000760       0x20 ./../../../psp_rel/lib/lib_enhanced/eh_id3_entry.o
 .debug_aranges
                0x0000000000000780       0x20 ./../../../psp_rel/lib/lib_enhanced/eh_id3_aac.o
 .debug_aranges
                0x00000000000007a0       0x20 ./../../../psp_rel/lib/lib_enhanced/eh_id3_function.o
 .debug_aranges
                0x00000000000007c0       0x20 ./../../../psp_rel/lib/lib_enhanced/eh_lyric_get.o
 .debug_aranges
                0x00000000000007e0       0x20 ./../../../psp_rel/lib/lib_enhanced/eh_fsel_entry.o
 .debug_aranges
                0x0000000000000800       0x20 ./../../../psp_rel/lib/lib_enhanced/eh_fsel_function.o
 .debug_aranges
                0x0000000000000820       0x20 ./../../../psp_rel/lib/lib_enhanced/eh_cue_load.o
 .debug_aranges
                0x0000000000000840       0x20 ./../../../psp_rel/lib/lib_enhanced/eh_module_sub.o
 .debug_aranges
                0x0000000000000860       0x20 ./../../../psp_rel/lib/lib_enhanced/eh_fav_operation_sub.o
 .debug_aranges
                0x0000000000000880       0x20 ./../../../psp_rel/lib/lib_enhanced/eh_change_location_sub.o
 .debug_aranges
                0x00000000000008a0       0x20 ./../../../psp_rel/lib/lib_enhanced/eh_fav_operation_sub2.o
 .debug_aranges
                0x00000000000008c0       0x20 ./../../../psp_rel/lib/lib_enhanced/eh_make_listlayer_sub.o
 .debug_aranges
                0x00000000000008e0       0x20 ./../../../psp_rel/lib/lib_enhanced/eh_bs_directory.o
 .debug_aranges
                0x0000000000000900       0x20 ./../../../psp_rel/lib/lib_enhanced/eh_bs_directory_func.o
 .debug_aranges
                0x0000000000000920       0x20 ./../../../psp_rel/lib/lib_enhanced/eh_bs_favorite.o
 .debug_aranges
                0x0000000000000940       0x20 ./../../../psp_rel/lib/lib_enhanced/eh_bs_favorite_func.o
 .debug_aranges
                0x0000000000000960       0x20 ./../../../psp_rel/lib/lib_enhanced/eh_bs_playlist.o
 .debug_aranges
                0x0000000000000980       0x20 ./../../../psp_rel/lib/lib_enhanced/eh_bs_playlist_func.o
 .debug_aranges
                0x00000000000009a0       0x20 ./../../../psp_rel/lib/lib_enhanced/eh_bs_playlist_del.o
 .debug_aranges
                0x00000000000009c0       0x20 ./../../../psp_rel/lib/lib_enhanced/eh_bs_other_deal.o
 .debug_aranges
                0x00000000000009e0       0x20 ./../../../psp_rel/lib/lib_enhanced/eh_bs_playlist2.o
 .debug_aranges
                0x0000000000000a00       0x20 ./../../../psp_rel/lib/lib_enhanced/eh_bs_function_sub.o
 .debug_aranges
                0x0000000000000a20       0x20 ./../../../psp_rel/lib/lib_enhanced/eh_bs_browser.o
 .debug_aranges
                0x0000000000000a40       0x20 ./../../../psp_rel/lib/lib_enhanced/eh_bs_browser_func.o
 .debug_aranges
                0x0000000000000a60       0x20 ./../../../psp_rel/lib/lib_enhanced/eh_id3_mp3_v1.o
 .debug_aranges
                0x0000000000000a80       0x20 ./../../../psp_rel/lib/lib_enhanced/eh_id3_mp3_v2.o
 .debug_aranges
                0x0000000000000aa0       0x20 ./../../../psp_rel/lib/lib_enhanced/eh_id3_wma.o
 .debug_aranges
                0x0000000000000ac0       0x20 ./../../../psp_rel/lib/lib_enhanced/eh_id3_ape.o
 .debug_aranges
                0x0000000000000ae0       0x20 ./../../../psp_rel/lib/lib_enhanced/eh_id3_flac.o
 .debug_aranges
                0x0000000000000b00       0x20 ./../../../psp_rel/lib/lib_enhanced/eh_id3_ogg.o
 .debug_aranges
                0x0000000000000b20       0x20 ./../../../psp_rel/lib/lib_enhanced/eh_id3_aa.o
 .debug_aranges
                0x0000000000000b40       0x20 ./../../../psp_rel/lib/lib_enhanced/eh_id3_aax.o
 .debug_aranges
                0x0000000000000b60       0x20 ./../../../psp_rel/lib/lib_enhanced/eh_id3_function_sub.o
 .debug_aranges
                0x0000000000000b80       0x20 ./../../../psp_rel/lib/lib_enhanced/eh_id3_utf8_deal.o
 .debug_aranges
                0x0000000000000ba0       0x20 ./../../../psp_rel/lib/lib_enhanced/eh_fsel_directory_next.o
 .debug_aranges
                0x0000000000000bc0       0x20 ./../../../psp_rel/lib/lib_enhanced/eh_fsel_directory_prev.o
 .debug_aranges
                0x0000000000000be0       0x20 ./../../../psp_rel/lib/lib_enhanced/eh_fsel_directory_func.o
 .debug_aranges
                0x0000000000000c00       0x20 ./../../../psp_rel/lib/lib_enhanced/eh_fsel_favorite_sel.o
 .debug_aranges
                0x0000000000000c20       0x20 ./../../../psp_rel/lib/lib_enhanced/eh_fsel_favorite_func.o
 .debug_aranges
                0x0000000000000c40       0x20 ./../../../psp_rel/lib/lib_enhanced/eh_fsel_shuffle.o
 .debug_aranges
                0x0000000000000c60       0x20 ./../../../psp_rel/lib/lib_enhanced/eh_fsel_playlist_sel.o
 .debug_aranges
                0x0000000000000c80       0x20 ./../../../psp_rel/lib/lib_enhanced/eh_fsel_playlist_func.o
 .debug_aranges
                0x0000000000000ca0       0x20 ./../../../psp_rel/lib/lib_enhanced/eh_fsel_playlist_del.o
 .debug_aranges
                0x0000000000000cc0       0x20 ./../../../psp_rel/lib/lib_enhanced/eh_fsel_shuffle2.o
 .debug_aranges
                0x0000000000000ce0       0x20 ./../../../psp_rel/lib/lib_enhanced/eh_fsel_function_sub.o
 .debug_aranges
                0x0000000000000d00       0x20 ./../../../psp_rel/lib/lib_enhanced/eh_fsel_browser_prev.o
 .debug_aranges
                0x0000000000000d20       0x20 ./../../../psp_rel/lib/lib_enhanced/eh_fsel_browser_next.o
 .debug_aranges
                0x0000000000000d40       0x20 ./../../../psp_rel/lib/lib_enhanced/eh_fsel_browser_function.o
 .debug_aranges
                0x0000000000000d60       0x20 ./../../../psp_rel/lib/lib_enhanced/eh_cue_load_sub1.o
 .debug_aranges
                0x0000000000000d80       0x20 ./../../../psp_rel/lib/lib_enhanced/eh_cue_load_sub2.o
 .debug_aranges
                0x0000000000000da0       0x20 ./../../lib/ui_directory.o
 .debug_aranges
                0x0000000000000dc0       0x20 ./../../lib/ui_menulist.o
 .debug_aranges
                0x0000000000000de0       0x20 ./../../lib/ui_menulist2.o
 .debug_aranges
                0x0000000000000e00       0x20 ./../../lib/ui_menulist_simple.o
 .debug_aranges
                0x0000000000000e20       0x20 ./../../lib/ui_directory2.o
 .debug_aranges
                0x0000000000000e40       0x20 ./../../lib/ui_parameter.o
 .debug_aranges
                0x0000000000000e60       0x20 ./../../lib/ui_textread.o
 .debug_aranges
                0x0000000000000e80       0x20 ./../../lib/setting_comval.o
 .debug_aranges
                0x0000000000000ea0       0x20 ./../../lib/common_setdae_init.o
 .debug_aranges
                0x0000000000000ec0       0x20 ./../../lib/app_manager_bank.o
 .debug_aranges
                0x0000000000000ee0       0x20 ./../../lib/app_timer_bank.o
 .debug_aranges
                0x0000000000000f00       0x20 ./../../lib/ui_headbar.o
 .debug_aranges
                0x0000000000000f20       0x20 ./../../lib/message_bank_init.o
 .debug_aranges
                0x0000000000000f40       0x20 ./../../lib/message_bank_send.o
 .debug_aranges
                0x0000000000000f60       0x20 ./../../lib/message_bank_broadcast.o
 .debug_aranges
                0x0000000000000f80       0x20 ./../../lib/common_config.o
 .debug_aranges
                0x0000000000000fa0       0x20 ./../../lib/common_msgmap.o
 .debug_aranges
                0x0000000000000fc0       0x20 ./../../lib/common_confmenu.o
 .debug_aranges
                0x0000000000000fe0       0x20 ./../../lib/common_history.o
 .debug_aranges
                0x0000000000001000       0x20 ./../../lib/common_string.o
 .debug_aranges
                0x0000000000001020       0x20 ./../../lib/common_string2.o
 .debug_aranges
                0x0000000000001040       0x20 ./../../lib/common_key.o
 .debug_aranges
                0x0000000000001060       0x20 ./../../lib/common_msg.o
 .debug_aranges
                0x0000000000001080       0x20 ./../../lib/common_sound.o
 .debug_aranges
                0x00000000000010a0       0x20 ./../../lib/ui_directory_sub.o
 .debug_aranges
                0x00000000000010c0       0x20 ./../../lib/ui_directory_sub2.o
 .debug_aranges
                0x00000000000010e0       0x20 ./../../lib/ui_menulist_sub.o
 .debug_aranges
                0x0000000000001100       0x20 ./../../lib/ui_menulist_sub2.o
 .debug_aranges
                0x0000000000001120       0x20 ./../../lib/ui_textread_dec.o
 .debug_aranges
                0x0000000000001140       0x20 ./../../lib/ui_textread_sub.o
 .debug_aranges
                0x0000000000001160       0x20 ./../../lib/ui_delete.o
 .debug_aranges
                0x0000000000001180       0x20 ./../../lib/ui_delete_sub.o
 .debug_aranges
                0x00000000000011a0       0x20 ./../../lib/ui_keylock.o
 .debug_aranges
                0x00000000000011c0       0x20 ./../../lib/ui_shutoff.o
 .debug_aranges
                0x00000000000011e0       0x20 ./../../lib/ui_screensave.o
 .debug_aranges
                0x0000000000001200       0x20 ./../../lib/ui_screensave_sub.o
 .debug_aranges
                0x0000000000001220       0x20 ./../../lib/ui_animation.o
 .debug_aranges
                0x0000000000001240       0x20 ./../../lib/ui_volumebar.o
 .debug_aranges
                0x0000000000001260       0x20 ./../../lib/ui_volumebar_sub.o
 .debug_aranges
                0x0000000000001280       0x20 ./../../lib/ui_dialog.o
 .debug_aranges
                0x00000000000012a0       0x20 ./../../lib/ui_usbconnect.o
 .debug_aranges
                0x00000000000012c0       0x20 ./../../lib/miscellaneous.o
 .debug_aranges
                0x00000000000012e0       0x20 ./../../lib/app_sleep.o
 .debug_aranges
                0x0000000000001300       0x20 ./../../lib/sys_timer.o
 .debug_aranges
                0x0000000000001320       0x20 ./../../lib/sys_counter.o
 .debug_aranges
                0x0000000000001340       0x20 ./../../lib/common_charge.o
 .debug_aranges
                0x0000000000001360       0x20 ./../../lib/ui_headbar_handle.o
 .debug_aranges
                0x0000000000001380       0x20 ./../../lib/message_box.o
 .debug_aranges
                0x00000000000013a0       0x20 ./../../lib/alarm_msg_dispatch.o
 .debug_aranges
                0x00000000000013c0       0x20 ./../../lib/alarm_msg_dispatch2.o
 .debug_aranges
                0x00000000000013e0       0x20 ./../../lib/antenna_detect.o
 .debug_aranges
                0x0000000000001400       0x20 ./../../lib/common_phy_volume_deal.o
 .debug_aranges
                0x0000000000001420       0x20 ./../../lib/common_keytone_play.o

.debug_ranges   0x0000000000000000       0xd0
 .debug_ranges  0x0000000000000000       0x58 ./../../../psp_rel/lib/lib_enhanced/eh_bs_function.o
 .debug_ranges  0x0000000000000058       0x58 ./../../../psp_rel/lib/lib_enhanced/eh_bs_playlist_func.o
 .debug_ranges  0x00000000000000b0       0x20 ./../../lib/app_timer_bank.o
