Archive member included because of file (symbol)

./../../../psp_rel/lib/api.a(sys_op_entry.o)
                              rcode_lcd_functions.o (sys_op_entry)

Memory Configuration

Name             Origin             Length             Attributes
*default*        0x0000000000000000 0xffffffffffffffff

Linker script and memory map

LOAD ./../../../psp_rel/include/link_base.xn
                0x0000000000000000                DRV_GROUP_STG_BASE = 0x0
                0x0000000000000001                DRV_GROUP_STG_CARD = 0x1
                0x0000000000000002                DRV_GROUP_STG_UHOST = 0x2
                0x0000000000000003                DRV_GROUP_FAT32 = 0x3
                0x0000000000000004                DRV_GROUP_EXFAT = 0x4
                0x0000000000000005                DRV_GROUP_UD = 0x5
                0x0000000000000006                DRV_GROUP_UI = 0x6
                0x0000000000000007                DRV_GROUP_LCD = 0x7
                0x0000000000000008                DRV_GROUP_FM = 0x8
                0x0000000000000009                DRV_GROUP_KEY = 0x9
                0x000000000000000a                DRV_GROUP_CCD = 0xa
                0x000000000000000b                DRV_GROUP_I2C = 0xb
                0x000000000000000c                DRV_GROUP_AUDIO_DEVICE = 0xc
                0x000000000000000d                DRV_GROUP_TTS = 0xd
                0x000000000000000e                DRV_GROUP_BT = 0xe
                0x000000000000000f                DRV_GROUP_SYS = 0xf
                0x000000000003ffff                SRAM_SIZE_MASK = 0x3ffff
                0x000000009fc00000                RDATA_ADDR_BASE = 0x9fc00000
                0x00000000bfc00000                RCODE_ADDR_BASE = 0xbfc00000
                0x0000000000000001                KERNEL_BANK_A = 0x1
                0x0000000000000002                KERNEL_BANK_B = 0x2
                0x0000000000000003                KERNEL_BANK_C = 0x3
                0x0000000000040000                BANK_SPACE = 0x40000
                0x0000000000000000                FRONT_AP = 0x0
                0x0000000000000001                BACK_AP = 0x1
                0x0000000000000002                PROCESS_MANAGER_AP = 0x2
                0x0000000000000000                FRONT_CODEC = 0x0
                0x0000000000000001                BACK_CODEC = 0x1
                0x0000000000000040                AP_BANK_FRONT_CONTROL_1 = 0x40
                0x0000000000000048                AP_BANK_FRONT_UI_1 = 0x48
                0x0000000000000050                AP_BANK_FRONT_BASAL = 0x50
                0x0000000000000058                AP_BANK_FRONT_CODEC = 0x58
                0x0000000000000060                AP_BANK_BACK_CONTROL_1 = 0x60
                0x0000000000000068                AP_BANK_BACK_BASAL = 0x68
                0x0000000000000070                AP_BANK_BACK_CODEC = 0x70
                0x0000000000000078                AP_BANK_FRONT_ENHANCED_1 = 0x78
                0x0000000000000071                AP_BANK_FRONT_ENHANCED_2 = 0x71
                0x000000000000007a                AP_BANK_BACK_ENHANCED_1 = 0x7a
                0x000000000000007b                AP_BANK_BACK_ENHANCED_2 = 0x7b
                0x0000000000000072                AP_BANK_BTENGINE_CONTROL_1 = 0x72
                0x0000000000000073                AP_BANK_BTENGINE_LIB_1 = 0x73
                0x0000000000000074                AP_BANK_BTENGINE_LIB_2 = 0x74
                0x0000000000000075                AP_BANK_BTENGINE_EXTEND_1 = 0x75
                0x0000000000000076                AP_BANK_BTENGINE_EXTEND_2 = 0x76
                0x0000000000000077                AP_BANK_BTENGINE_EXTEND_3 = 0x77
                0x000000000000007c                AP_BANK_BTENGINE_EXTEND_4 = 0x7c
                0x0000000000000079                AP_BANK_BTENGINE_EXTEND_5 = 0x79
                0x000000000000007f                AP_BANK_MANAGER = 0x7f
                0x0000000000000041                AP_BANK_AUTOTEST = 0x41
                0x0000000000000000                SROM_BROM_ADDR = 0x0
                0x0000000000002600                SROM_BROM_SIZE = 0x2600
                0x0000000000002600                SROM_SPINOR_ADDR = (SROM_BROM_ADDR + SROM_BROM_SIZE)
                0x0000000000000c00                SROM_SPINOR_SIZE = 0xc00
                0x0000000000003200                SROM_TWI_ADDR = (SROM_SPINOR_ADDR + SROM_SPINOR_SIZE)
                0x0000000000000700                SROM_TWI_SIZE = 0x700
                0x0000000000003900                SROM_STUB_ADDR = (SROM_TWI_ADDR + SROM_TWI_SIZE)
                0x0000000000000700                SROM_STUB_SIZE = 0x700
                0x0000000000000e00                SROM_SPINOR_SIZE_MDY = 0xe00
                0x0000000000003400                SROM_TWI_ADDR_MDY = (SROM_SPINOR_ADDR + SROM_SPINOR_SIZE_MDY)
                0x0000000000000700                SROM_TWI_SIZE_MDY = 0x700
                0x0000000000003b00                SROM_STUB_ADDR_MDY = (SROM_TWI_ADDR_MDY + SROM_TWI_SIZE_MDY)
                0x0000000000000500                SROM_STUB_SIZE_MDY = 0x500
                0x0000000000004000                SROM_KERNEL_ADDR = (SROM_STUB_ADDR + SROM_STUB_SIZE)
                0x0000000000004000                SROM_KERNEL_SIZE = 0x4000
                0x000000000000c000                SROM_FS_ADDR = 0xc000
                0x0000000000001c00                SROM_FS_SIZE = 0x1c00
                0x000000000000dc00                SROM_SPINOR1_ADDR = (SROM_FS_ADDR + SROM_FS_SIZE)
                0x0000000000000400                SROM_SPINOR1_SIZE = 0x400
                0x0000000000008000                SRAM_OS_RCODE_ADDR = 0x8000
                0x0000000000000c00                SRAM_OS_RCODE_SIZE = 0xc00
                0x0000000000008c00                SRAM_SPINOR_RCODE_ADDR = 0x8c00
                0x0000000000000400                SRAM_SPINOR_RCODE_SIZE = 0x400
                0x0000000000009000                SRAM_BANK_A_ADDR = 0x9000
                0x0000000000000400                SRAM_BANK_A_SIZE = 0x400
                0x0000000000009400                SRAM_BANK_B_ADDR = 0x9400
                0x0000000000000800                SRAM_BANK_B_SIZE = 0x800
                0x0000000000009c00                SRAM_UI_RCODE1_ADDR = 0x9c00
                0x0000000000000300                SRAM_UI_RCODE1_SIZE = 0x300
                0x0000000000009f00                SRAM_AUDIO_GLOBAL_DATA_ADDR = 0x9f00
                0x0000000000000060                SRAM_AUDIO_GLOBAL_DATA_SIZE = 0x60
                0x0000000000009f60                SRAM_UHOST_GLOBAL_DATA_ADDR = 0x9f60
                0x0000000000000010                SRAM_UHOST_GLOBAL_DATA_SIZE = 0x10
                0x0000000000009f70                SRAM_CARD_GLOBAL_DATA_ADDR = 0x9f70
                0x0000000000000010                SRAM_CARD_GLOBAL_DATA_SIZE = 0x10
                0x0000000000009f80                SRAM_SYS_SHARE_DATA_ADDR = 0x9f80
                0x0000000000000040                SRAM_SYS_SHARE_DATA_SIZE = 0x40
                0x0000000000009fc0                SRAM_RAM6_CCD_GLOBAL_DATA_ADDR = 0x9fc0
                0x0000000000000020                SRAM_RAM6_CCD_GLOBAL_DATA_SIZE = 0x20
                0x0000000000009fe0                SRAM_RAM6_RESEVER_ADDR = 0x9fe0
                0x0000000000000020                SRAM_RAM6_RESEVER_SIZE = 0x20
                0x000000000000a000                SRAM_LCD_RCODE_ADDR = 0xa000
                0x0000000000000800                SRAM_LCD_RCODE_SIZE = 0x800
                0x000000000000a800                SRAM_UI_RCODE2_ADDR = 0xa800
                0x0000000000001000                SRAM_UI_RCODE2_SIZE = 0x1000
                0x000000000000b800                SRAM_LCD_BUFFER_ADDR = 0xb800
                0x0000000000000400                SRAM_LCD_BUFFER_SIZE = 0x400
                0x000000000000bc00                SRAM_UI_DATA_ADDR = 0xbc00
                0x0000000000000400                SRAM_UI_DATA_SIZE = 0x400
                0x0000000000010000                SRAM_KEY_MESSAGE_RCODE_ADDR = 0x10000
                0x0000000000000a00                SRAM_KEY_MESSAGE_RCODE_SIZE = 0xa00
                0x0000000000010a00                SRAM_RAM0_RESEVER1_ADDR = 0x10a00
                0x0000000000000200                SRAM_RAM0_RESEVER1_SIZE = 0x200
                0x0000000000010c00                SRAM_AP_FRONT_BASAL_RCODE_ADDR = 0x10c00
                0x0000000000000100                SRAM_AP_FRONT_BASAL_RCODE_SIZE = 0x100
                0x0000000000010d00                SRAM_AP_BANK_BACK_CONTROL_ADDR = 0x10d00
                0x0000000000000800                SRAM_AP_BANK_BACK_CONTROL_SIZE = 0x800
                0x0000000000011500                SRAM_AP_BACK_RCODE_ADDR = 0x11500
                0x0000000000000800                SRAM_AP_BACK_RCODE_SIZE = 0x800
                0x0000000000000000                SRAM_AP_BANK_FRONT_CODEC_ADDR = 0x0
                0x0000000000000000                SRAM_AP_BANK_FRONT_CODEC_SIZE = 0x0
                0x0000000000011d00                SRAM_RAM0_RESEVER2_ADDR = 0x11d00
                0x0000000000000800                SRAM_RAM0_RESEVER2_SIZE = 0x800
                0x0000000000012500                SRAM_AP_BANK_FRONT_BASAL_ADDR = 0x12500
                0x0000000000000800                SRAM_AP_BANK_FRONT_BASAL_SIZE = 0x800
                0x0000000000012500                SRAM_AP_BANK_FRONT_ENHANCED_2_ADDR = SRAM_AP_BANK_FRONT_BASAL_ADDR
                0x0000000000000800                SRAM_AP_BANK_FRONT_ENHANCED_2_SIZE = SRAM_AP_BANK_FRONT_BASAL_SIZE
                0x0000000000012d00                SRAM_AP_BANK_BACK_BASAL_ADDR = 0x12d00
                0x0000000000000800                SRAM_AP_BANK_BACK_BASAL_SIZE = 0x800
                0x0000000000012d00                SRAM_AP_BANK_BACK_ENHANCED_1_ADDR = SRAM_AP_BANK_BACK_BASAL_ADDR
                0x0000000000000800                SRAM_AP_BANK_BACK_ENHANCED_1_SIZE = SRAM_AP_BANK_BACK_BASAL_SIZE
                0x0000000000013500                SRAM_AP_BACK_BASAL_RCODE_ADDR = 0x13500
                0x0000000000000800                SRAM_AP_BACK_BASAL_RCODE_SIZE = 0x800
                0x0000000000013d00                SRAM_KERNEL_BSS_ADDR = 0x13d00
                0x00000000000000e0                SRAM_KERNEL_BSS_SIZE = 0xe0
                0x0000000000013de0                SRAM_AP_MANAGER_ADDR = 0x13de0
                0x0000000000000200                SRAM_AP_MANAGER_SIZE = 0x200
                0x0000000000013fc0                SRAM_IRQ_DSP_PRINT_TEMP_ADDR = 0x13fc0
                0x0000000000000020                SRAM_IRQ_DSP_PRINT_TEMP_SIZE = 0x20
                0x0000000000013fe0                SRAM_IRQ_PRINT_BUFFER_ADDR = 0x13fe0
                0x0000000000000110                SRAM_IRQ_PRINT_BUFFER_SIZE = 0x110
                0x00000000000140f0                SRAM_DSP_PRINT_BUFFER_ADDR = 0x140f0
                0x0000000000000110                SRAM_DSP_PRINT_BUFFER_SIZE = 0x110
                0x0000000000014200                SRAM_LCD_DATA_ADDR = 0x14200
                0x0000000000000100                SRAM_LCD_DATA_SIZE = 0x100
                0x0000000000014300                SRAM_KEY_MESSAGE_DATA_ADDR = 0x14300
                0x0000000000000100                SRAM_KEY_MESSAGE_DATA_SIZE = 0x100
                0x0000000000014400                SRAM_AP_BANK_FRONT_UI_ADDR = 0x14400
                0x0000000000000800                SRAM_AP_BANK_FRONT_UI_SIZE = 0x800
                0x0000000000014c00                SRAM_AP_BANK_FRONT_CONTROL_ADDR = 0x14c00
                0x0000000000000800                SRAM_AP_BANK_FRONT_CONTROL_SIZE = 0x800
                0x0000000000015400                SRAM_AP_FRONT_DATA_ADDR = 0x15400
                0x0000000000000800                SRAM_AP_FRONT_DATA_SIZE = 0x800
                0x0000000000015c00                SRAM_AP_BACK_DATA_ADDR = 0x15c00
                0x0000000000000600                SRAM_AP_BACK_DATA_SIZE = 0x600
                0x0000000000016200                SRAM_AP_BANK_MANAGER_ADDR = 0x16200
                0x0000000000000200                SRAM_AP_BANK_MANAGER_SIZE = 0x200
                0x0000000000016400                SRAM_AP_FRONT_RCODE_ADDR = 0x16400
                0x0000000000000800                SRAM_AP_FRONT_RCODE_SIZE = 0x800
                0x0000000000016c00                SRAM_FS_RCODE_ADDR = 0x16c00
                0x0000000000000800                SRAM_FS_RCODE_SIZE = 0x800
                0x0000000000017400                SRAM_UI_RCODE3_ADDR = 0x17400
                0x0000000000000c00                SRAM_UI_RCODE3_SIZE = 0xc00
                0x0000000000017400                SRAM_CARD_UD_RCODE_ADDR = 0x17400
                0x0000000000000c00                SRAM_CARD_UD_RCODE_SIZE = 0xc00
                0x0000000000017400                SRAM_UHOST_UD_RCODE_ADDR = SRAM_CARD_UD_RCODE_ADDR
                0x0000000000000c00                SRAM_UHOST_UD_RCODE_SIZE = SRAM_CARD_UD_RCODE_SIZE
                0x0000000000018000                SRAM_FS_DATA_ADDR = 0x18000
                0x0000000000000300                SRAM_FS_DATA_SIZE = 0x300
                0x0000000000018300                SRAM_FS_BUF_ADDR = 0x18300
                0x0000000000000a00                SRAM_FS_BUF_SIZE = 0xa00
                0x0000000000018d00                SRAM_CARD_UD_CACHE_ADDR = 0x18d00
                0x0000000000000800                SRAM_CARD_UD_CACHE_SIZE = 0x800
                0x0000000000018d00                SRAM_UHOST_UD_CACHE_ADDR = SRAM_CARD_UD_CACHE_ADDR
                0x0000000000000800                SRAM_UHOST_UD_CACHE_SIZE = SRAM_CARD_UD_CACHE_SIZE
                0x0000000000019500                SRAM_CARD_DATA_ADDR = 0x19500
                0x0000000000000080                SRAM_CARD_DATA_SIZE = 0x80
                0x0000000000019500                SRAM_UHOST_DATA_ADDR = SRAM_CARD_DATA_ADDR
                0x0000000000000080                SRAM_UHOST_DATA_SIZE = SRAM_CARD_DATA_SIZE
                0x0000000000019580                SRAM_KERNEL_XSYS_ADDR = 0x19580
                0x0000000000000800                SRAM_KERNEL_XSYS_SIZE = 0x800
                0x0000000000019d80                SRAM_BANK_C_ADDR = 0x19d80
                0x0000000000000400                SRAM_BANK_C_SIZE = 0x400
                0x000000000001a180                SRAM_APPLIB_GLOBAL_DATA_ADDR = 0x1a180
                0x0000000000000100                SRAM_APPLIB_GLOBAL_DATA_SIZE = 0x100
                0x000000000001a280                SRAM_APPLIB_DATA_ADDR = 0x1a280
                0x0000000000000100                SRAM_APPLIB_DATA_SIZE = 0x100
                0x000000000001a380                SRAM_RAM1_RESEVER1_ADDR = 0x1a380
                0x0000000000000080                SRAM_RAM1_RESEVER1_SIZE = 0x80
                0x000000000001a400                SRAM_OS_DATA_ADDR = 0x1a400
                0x0000000000000880                SRAM_OS_DATA_SIZE = 0x880
                0x000000000001ac80                SRAM_OS_HEAP_ADDR = 0x1ac80
                0x0000000000000580                SRAM_OS_HEAP_SIZE = 0x580
                0x000000000001b200                SRAM_AP_BANK_FRONT_ENHANCED_1_ADDR = 0x1b200
                0x0000000000000800                SRAM_AP_BANK_FRONT_ENHANCED_1_SIZE = 0x800
                0x000000000001b200                SRAM_FM_DRV_RCODE_ADDR = SRAM_AP_BANK_FRONT_ENHANCED_1_ADDR
                0x0000000000000800                SRAM_FM_DRV_RCODE_SIZE = SRAM_AP_BANK_FRONT_ENHANCED_1_SIZE
                0x000000000001ba00                SRAM_OS_SD_SWAP_BUF_ADDR = 0x1ba00
                0x0000000000000200                SRAM_OS_SD_SWAP_BUF_SIZE = 0x200
                0x000000000001bc00                SRAM_OS_TASK_STACK_ADDR = 0x1bc00
                0x0000000000001a00                SRAM_OS_TASK_STACK_SIZE = 0x1a00
                0x000000000001d600                SRAM_OS_SYS_STACK_ADDR = 0x1d600
                0x0000000000000400                SRAM_OS_SYS_STACK_SIZE = 0x400
                0x000000000001da00                SRAM_RAM1_RESEVER2_ADDR = 0x1da00
                0x0000000000000600                SRAM_RAM1_RESEVER1_SIZE = 0x600
                0x0000000000027000                SRAM_AP_BACK_CODEC_RCODE_ADDR = 0x27000
                0x0000000000001000                SRAM_AP_BACK_CODEC_RCODE_SIZE = 0x1000
                0x0000000000028000                SRAM_AP_BANK_BACK_CODEC_ADDR = 0x28000
                0x0000000000001000                SRAM_AP_BANK_BACK_CODEC_SIZE = 0x1000
                0x0000000000028000                SRAM_AP_BANK_BACK_ENHANCED_2_ADDR = 0x28000
                0x0000000000000800                SRAM_AP_BANK_BACK_ENHANCED_2_SIZE = 0x800
                0x0000000000030000                SRAM_AP_USB_DEVICE_RCODE_ADDR = 0x30000
                0x0000000000004000                SRAM_AP_USB_DEVICE_RCODE_SIZE = 0x4000
                0x0000000000038000                SRAM_TWI_ADDR_MDY = 0x38000
                0x0000000000000700                SRAM_TWI_SIZE_MDY = SROM_TWI_SIZE_MDY
                0x0000000000040000                SRAM_INVALID_RCODE_ADDR = 0x40000
                0x00000000bfc32000                WELCOME_START_ADDR = 0xbfc32000
                0x00000000bfc03400                ROM_TEXT_ADDR = (RCODE_ADDR_BASE + SROM_TWI_ADDR_MDY)
                0x0000000000000700                ROM_TEXT_SIZE = SROM_TWI_SIZE_MDY

.text           0x00000000bfc32000      0xcc0
 welcome.o(.FIRST)
 .FIRST         0x00000000bfc32000       0x6c welcome.o
                0x00000000bfc32001                disp_starting
 welcome.o(.text)
 .text          0x00000000bfc3206c      0x2b4 welcome.o
                0x00000000bfc32095                mcu_enter_sleep_S4
                0x00000000bfc321b5                disp_starting_adfu_check
                0x00000000bfc32201                disp_starting_low_power
                0x00000000bfc3210d                disp_starting_board_config
                0x00000000bfc32249                disp_starting_show_welcome
                0x00000000bfc320c9                is_usb_cable_in
                0x00000000bfc3206d                flush_rtc
 *.o(.text .rodata)
 .text          0x00000000bfc32320      0x23c bank_a_lcd_functions.o
                0x00000000bfc32321                set_contrast
                0x00000000bfc32509                update_screen
                0x00000000bfc32519                invert_buff_data_trans
                0x00000000bfc32359                standby_screen
                0x00000000bfc32415                backlight_on_off
 .text          0x00000000bfc3255c      0x1c4 lcd_hardware_init.o
                0x00000000bfc32671                lcd_clock_init
                0x00000000bfc32705                lcd_hardware_init
                0x00000000bfc3255d                lcd_reset
                0x00000000bfc325c1                lcd_buf_init
 .rodata        0x00000000bfc32720       0x6c lcd_hardware_init.o
                0x00000000bfc32720                lcd_init_buf
 .text          0x00000000bfc3278c      0x1c4 rcode_lcd_functions.o
                0x00000000bfc3278d                write_command
                0x00000000bfc3286d                buff_data_trans
                0x00000000bfc32841                welcome_delay_us
                0x00000000bfc328a5                get_buff_data
                0x00000000bfc327b9                write_data
                0x00000000bfc327fd                welcome_delay_ms
 .text          0x00000000bfc32950      0x194 rcode_lcd_functions_1.o
                0x00000000bfc32a89                controller_init
                0x00000000bfc32951                set_mfp_to_emif
                0x00000000bfc329c5                set_mfp_to_lcd
                0x00000000bfc32a39                store_ce_gio
                0x00000000bfc32a61                restore_ce_gio
 .text          0x00000000bfc32ae4      0x1cc rcode_lcd_functions_3.o
                0x00000000bfc32b45                set_window
                0x00000000bfc32b15                restore_ce
                0x00000000bfc32ae5                store_ce
                0x00000000bfc32c05                set_draw_mode
 .text          0x00000000bfc32cb0        0x4 ./../../../psp_rel/lib/api.a(sys_op_entry.o)
                0x00000000bfc32cb1                sys_op_entry
 *.o(.data)
 *(.bss)
 .bss           0x00000000bfc32cb4        0xc rcode_lcd_op_entry.o
                0x00000000bfc32cb4                reent_flag
                0x00000000bfc32cbd                dma_chan
                0x00000000bfc32cb5                lcd_draw_mode
                0x00000000bfc32cbe                pic_mode
                0x00000000bfc32cb8                irq_status
                0x00000000bfc32cbc                contrast_grade
 *(.sbss)
 *(.common)
 *(common)

.rel.dyn
LOAD welcome.o
LOAD bank_a_lcd_functions.o
LOAD bank_a_lcd_init.o
LOAD lcd_hardware_init.o
LOAD rcode_lcd_functions.o
LOAD rcode_lcd_functions_1.o
LOAD rcode_lcd_functions_2.o
LOAD rcode_lcd_op_entry.o
LOAD rcode_lcd_functions_3.o
LOAD ./../../../psp_rel/lib/api.a
OUTPUT(welcome.exe elf32-tradlittlemips)

.reginfo        0x0000000000000000       0x18
 .reginfo       0x0000000000000000       0x18 welcome.o

.pdr            0x0000000000000000      0x420
 .pdr           0x0000000000000000      0x100 welcome.o
 .pdr           0x0000000000000100       0xa0 bank_a_lcd_functions.o
 .pdr           0x00000000000001a0       0x80 lcd_hardware_init.o
 .pdr           0x0000000000000220       0xc0 rcode_lcd_functions.o
 .pdr           0x00000000000002e0       0xa0 rcode_lcd_functions_1.o
 .pdr           0x0000000000000380       0x80 rcode_lcd_functions_3.o
 .pdr           0x0000000000000400       0x20 ./../../../psp_rel/lib/api.a(sys_op_entry.o)

.mdebug.abi32   0x0000000000000000        0x0

.debug_abbrev   0x0000000000000000      0x67b
 .debug_abbrev  0x0000000000000000      0x125 welcome.o
 .debug_abbrev  0x0000000000000125       0xb8 bank_a_lcd_functions.o
 .debug_abbrev  0x00000000000001dd       0x77 bank_a_lcd_init.o
 .debug_abbrev  0x0000000000000254       0x9c lcd_hardware_init.o
 .debug_abbrev  0x00000000000002f0       0xa0 rcode_lcd_functions.o
 .debug_abbrev  0x0000000000000390       0xc2 rcode_lcd_functions_1.o
 .debug_abbrev  0x0000000000000452       0x92 rcode_lcd_functions_2.o
 .debug_abbrev  0x00000000000004e4       0x97 rcode_lcd_op_entry.o
 .debug_abbrev  0x000000000000057b       0xec rcode_lcd_functions_3.o
 .debug_abbrev  0x0000000000000667       0x14 ./../../../psp_rel/lib/api.a(sys_op_entry.o)

.debug_info     0x0000000000000000     0x1c81
 .debug_info    0x0000000000000000      0x4d8 welcome.o
 .debug_info    0x00000000000004d8      0x40b bank_a_lcd_functions.o
 .debug_info    0x00000000000008e3      0x249 bank_a_lcd_init.o
 .debug_info    0x0000000000000b2c      0x22a lcd_hardware_init.o
 .debug_info    0x0000000000000d56      0x33c rcode_lcd_functions.o
 .debug_info    0x0000000000001092      0x2ce rcode_lcd_functions_1.o
 .debug_info    0x0000000000001360      0x2a5 rcode_lcd_functions_2.o
 .debug_info    0x0000000000001605      0x3e2 rcode_lcd_op_entry.o
 .debug_info    0x00000000000019e7      0x23c rcode_lcd_functions_3.o
 .debug_info    0x0000000000001c23       0x5e ./../../../psp_rel/lib/api.a(sys_op_entry.o)

.debug_line     0x0000000000000000      0x7cb
 .debug_line    0x0000000000000000      0x118 welcome.o
 .debug_line    0x0000000000000118      0x114 bank_a_lcd_functions.o
 .debug_line    0x000000000000022c       0xa3 bank_a_lcd_init.o
 .debug_line    0x00000000000002cf       0xb5 lcd_hardware_init.o
 .debug_line    0x0000000000000384       0xb7 rcode_lcd_functions.o
 .debug_line    0x000000000000043b       0xa8 rcode_lcd_functions_1.o
 .debug_line    0x00000000000004e3       0xca rcode_lcd_functions_2.o
 .debug_line    0x00000000000005ad       0x72 rcode_lcd_op_entry.o
 .debug_line    0x000000000000061f      0x170 rcode_lcd_functions_3.o
 .debug_line    0x000000000000078f       0x3c ./../../../psp_rel/lib/api.a(sys_op_entry.o)

.debug_frame    0x0000000000000000      0x50c
 .debug_frame   0x0000000000000000      0x11c welcome.o
 .debug_frame   0x000000000000011c       0xac bank_a_lcd_functions.o
 .debug_frame   0x00000000000001c8       0x48 bank_a_lcd_init.o
 .debug_frame   0x0000000000000210       0xa0 lcd_hardware_init.o
 .debug_frame   0x00000000000002b0       0xc8 rcode_lcd_functions.o
 .debug_frame   0x0000000000000378       0x9c rcode_lcd_functions_1.o
 .debug_frame   0x0000000000000414       0x6c rcode_lcd_functions_2.o
 .debug_frame   0x0000000000000480       0x8c rcode_lcd_functions_3.o

.debug_pubnames
                0x0000000000000000      0x3f6
 .debug_pubnames
                0x0000000000000000       0xd4 welcome.o
 .debug_pubnames
                0x00000000000000d4       0x78 bank_a_lcd_functions.o
 .debug_pubnames
                0x000000000000014c       0x2c bank_a_lcd_init.o
 .debug_pubnames
                0x0000000000000178       0x6b lcd_hardware_init.o
 .debug_pubnames
                0x00000000000001e3       0x83 rcode_lcd_functions.o
 .debug_pubnames
                0x0000000000000266       0x71 rcode_lcd_functions_1.o
 .debug_pubnames
                0x00000000000002d7       0x4f rcode_lcd_functions_2.o
 .debug_pubnames
                0x0000000000000326       0x81 rcode_lcd_op_entry.o
 .debug_pubnames
                0x00000000000003a7       0x4f rcode_lcd_functions_3.o

.debug_aranges  0x0000000000000000      0x128
 .debug_aranges
                0x0000000000000000       0x28 welcome.o
 .debug_aranges
                0x0000000000000028       0x20 bank_a_lcd_functions.o
 .debug_aranges
                0x0000000000000048       0x20 bank_a_lcd_init.o
 .debug_aranges
                0x0000000000000068       0x20 lcd_hardware_init.o
 .debug_aranges
                0x0000000000000088       0x20 rcode_lcd_functions.o
 .debug_aranges
                0x00000000000000a8       0x20 rcode_lcd_functions_1.o
 .debug_aranges
                0x00000000000000c8       0x20 rcode_lcd_functions_2.o
 .debug_aranges
                0x00000000000000e8       0x20 rcode_lcd_functions_3.o
 .debug_aranges
                0x0000000000000108       0x20 ./../../../psp_rel/lib/api.a(sys_op_entry.o)

.debug_str      0x0000000000000000      0x29a
 .debug_str     0x0000000000000000       0x2a welcome.o
 .debug_str     0x000000000000002a       0x1e bank_a_lcd_functions.o
 .debug_str     0x0000000000000048       0x12 bank_a_lcd_init.o
 .debug_str     0x000000000000005a       0x12 lcd_hardware_init.o
 .debug_str     0x000000000000006c       0x1a rcode_lcd_functions.o
 .debug_str     0x0000000000000086       0x2e rcode_lcd_functions_1.o
 .debug_str     0x00000000000000b4       0x12 rcode_lcd_functions_2.o
 .debug_str     0x00000000000000c6       0x1b rcode_lcd_op_entry.o
 .debug_str     0x00000000000000e1      0x1b9 rcode_lcd_functions_3.o
                                        0x205 (size before relaxing)

.comment        0x0000000000000000      0x183
 .comment       0x0000000000000000       0x2b welcome.o
 .comment       0x000000000000002b       0x2b bank_a_lcd_functions.o
 .comment       0x0000000000000056       0x2b bank_a_lcd_init.o
 .comment       0x0000000000000081       0x2b lcd_hardware_init.o
 .comment       0x00000000000000ac       0x2b rcode_lcd_functions.o
 .comment       0x00000000000000d7       0x2b rcode_lcd_functions_1.o
 .comment       0x0000000000000102       0x2b rcode_lcd_functions_2.o
 .comment       0x000000000000012d       0x2b rcode_lcd_op_entry.o
 .comment       0x0000000000000158       0x2b rcode_lcd_functions_3.o
