
Allocating common symbols
Common symbol       size              file

tempx_043           0x100             ./../../ap/ap_upgrade/fw_decrypt/ABC_13.o
lambda2_051         0x100             ./../../ap/ap_upgrade/fw_decrypt/ABC_13.o
lambda_052          0x100             ./../../ap/ap_upgrade/fw_decrypt/ABC_13.o
PCFWDecrypt_BufferHeader
                    0x200             ./../../ap/ap_upgrade/fw_decrypt/ABC_39.o
temp_043            0x100             ./../../ap/ap_upgrade/fw_decrypt/ABC_13.o
tempy_047           0x100             ./../../ap/ap_upgrade/fw_decrypt/ABC_13.o
temp1_051           0x100             ./../../ap/ap_upgrade/fw_decrypt/ABC_13.o
temp2_051           0x100             ./../../ap/ap_upgrade/fw_decrypt/ABC_13.o
lambda2_052         0x100             ./../../ap/ap_upgrade/fw_decrypt/ABC_13.o
temp1_053           0x80              ./../../ap/ap_upgrade/fw_decrypt/ABC_13.o
tempv_043           0x100             ./../../ap/ap_upgrade/fw_decrypt/ABC_13.o
temp2_052           0x100             ./../../ap/ap_upgrade/fw_decrypt/ABC_13.o
temp2_053           0x80              ./../../ap/ap_upgrade/fw_decrypt/ABC_13.o
temp1_052           0x100             ./../../ap/ap_upgrade/fw_decrypt/ABC_13.o
PCFWDecrypt_seed    0x20              ./../../ap/ap_upgrade/fw_decrypt/ABC_39.o
temp_046            0x100             ./../../ap/ap_upgrade/fw_decrypt/ABC_13.o
lambda_051          0x100             ./../../ap/ap_upgrade/fw_decrypt/ABC_13.o
temp3_051           0x100             ./../../ap/ap_upgrade/fw_decrypt/ABC_13.o
temp1_061           0x80              ./../../ap/ap_upgrade/fw_decrypt/ABC_13.o
temp3_052           0x100             ./../../ap/ap_upgrade/fw_decrypt/ABC_13.o
tempc_043           0x100             ./../../ap/ap_upgrade/fw_decrypt/ABC_13.o
temp2_061           0x80              ./../../ap/ap_upgrade/fw_decrypt/ABC_13.o
tempx_047           0x100             ./../../ap/ap_upgrade/fw_decrypt/ABC_13.o

Memory Configuration

Name             Origin             Length             Attributes
*default*        0x0000000000000000 0xffffffffffffffff

Linker script and memory map

LOAD ./../../../psp_rel/include/link_base.xn
                0x0000000000000000                DRV_GROUP_STG_BASE = 0x0
                0x0000000000000001                DRV_GROUP_STG_CARD = 0x1
                0x0000000000000002                DRV_GROUP_STG_UHOST = 0x2
                0x0000000000000003                DRV_GROUP_FAT32 = 0x3
                0x0000000000000004                DRV_GROUP_EXFAT = 0x4
                0x0000000000000005                DRV_GROUP_UD = 0x5
                0x0000000000000006                DRV_GROUP_UI = 0x6
                0x0000000000000007                DRV_GROUP_LCD = 0x7
                0x0000000000000008                DRV_GROUP_FM = 0x8
                0x0000000000000009                DRV_GROUP_KEY = 0x9
                0x000000000000000a                DRV_GROUP_CCD = 0xa
                0x000000000000000b                DRV_GROUP_I2C = 0xb
                0x000000000000000c                DRV_GROUP_AUDIO_DEVICE = 0xc
                0x000000000000000d                DRV_GROUP_TTS = 0xd
                0x000000000000000e                DRV_GROUP_BT = 0xe
                0x000000000000000f                DRV_GROUP_SYS = 0xf
                0x000000000003ffff                SRAM_SIZE_MASK = 0x3ffff
                0x000000009fc00000                RDATA_ADDR_BASE = 0x9fc00000
                0x00000000bfc00000                RCODE_ADDR_BASE = 0xbfc00000
                0x0000000000000001                KERNEL_BANK_A = 0x1
                0x0000000000000002                KERNEL_BANK_B = 0x2
                0x0000000000000003                KERNEL_BANK_C = 0x3
                0x0000000000040000                BANK_SPACE = 0x40000
                0x0000000000000000                FRONT_AP = 0x0
                0x0000000000000001                BACK_AP = 0x1
                0x0000000000000002                PROCESS_MANAGER_AP = 0x2
                0x0000000000000000                FRONT_CODEC = 0x0
                0x0000000000000001                BACK_CODEC = 0x1
                0x0000000000000040                AP_BANK_FRONT_CONTROL_1 = 0x40
                0x0000000000000048                AP_BANK_FRONT_UI_1 = 0x48
                0x0000000000000050                AP_BANK_FRONT_BASAL = 0x50
                0x0000000000000058                AP_BANK_FRONT_CODEC = 0x58
                0x0000000000000060                AP_BANK_BACK_CONTROL_1 = 0x60
                0x0000000000000068                AP_BANK_BACK_BASAL = 0x68
                0x0000000000000070                AP_BANK_BACK_CODEC = 0x70
                0x0000000000000078                AP_BANK_FRONT_ENHANCED_1 = 0x78
                0x0000000000000071                AP_BANK_FRONT_ENHANCED_2 = 0x71
                0x000000000000007a                AP_BANK_BACK_ENHANCED_1 = 0x7a
                0x000000000000007b                AP_BANK_BACK_ENHANCED_2 = 0x7b
                0x0000000000000072                AP_BANK_BTENGINE_CONTROL_1 = 0x72
                0x0000000000000073                AP_BANK_BTENGINE_LIB_1 = 0x73
                0x0000000000000074                AP_BANK_BTENGINE_LIB_2 = 0x74
                0x0000000000000075                AP_BANK_BTENGINE_EXTEND_1 = 0x75
                0x0000000000000076                AP_BANK_BTENGINE_EXTEND_2 = 0x76
                0x0000000000000077                AP_BANK_BTENGINE_EXTEND_3 = 0x77
                0x000000000000007c                AP_BANK_BTENGINE_EXTEND_4 = 0x7c
                0x0000000000000079                AP_BANK_BTENGINE_EXTEND_5 = 0x79
                0x000000000000007f                AP_BANK_MANAGER = 0x7f
                0x0000000000000041                AP_BANK_AUTOTEST = 0x41
                0x0000000000000000                SROM_BROM_ADDR = 0x0
                0x0000000000002600                SROM_BROM_SIZE = 0x2600
                0x0000000000002600                SROM_SPINOR_ADDR = (SROM_BROM_ADDR + SROM_BROM_SIZE)
                0x0000000000000c00                SROM_SPINOR_SIZE = 0xc00
                0x0000000000003200                SROM_TWI_ADDR = (SROM_SPINOR_ADDR + SROM_SPINOR_SIZE)
                0x0000000000000700                SROM_TWI_SIZE = 0x700
                0x0000000000003900                SROM_STUB_ADDR = (SROM_TWI_ADDR + SROM_TWI_SIZE)
                0x0000000000000700                SROM_STUB_SIZE = 0x700
                0x0000000000000e00                SROM_SPINOR_SIZE_MDY = 0xe00
                0x0000000000003400                SROM_TWI_ADDR_MDY = (SROM_SPINOR_ADDR + SROM_SPINOR_SIZE_MDY)
                0x0000000000000700                SROM_TWI_SIZE_MDY = 0x700
                0x0000000000003b00                SROM_STUB_ADDR_MDY = (SROM_TWI_ADDR_MDY + SROM_TWI_SIZE_MDY)
                0x0000000000000500                SROM_STUB_SIZE_MDY = 0x500
                0x0000000000004000                SROM_KERNEL_ADDR = (SROM_STUB_ADDR + SROM_STUB_SIZE)
                0x0000000000004000                SROM_KERNEL_SIZE = 0x4000
                0x000000000000c000                SROM_FS_ADDR = 0xc000
                0x0000000000001c00                SROM_FS_SIZE = 0x1c00
                0x000000000000dc00                SROM_SPINOR1_ADDR = (SROM_FS_ADDR + SROM_FS_SIZE)
                0x0000000000000400                SROM_SPINOR1_SIZE = 0x400
                0x0000000000008000                SRAM_OS_RCODE_ADDR = 0x8000
                0x0000000000000c00                SRAM_OS_RCODE_SIZE = 0xc00
                0x0000000000008c00                SRAM_SPINOR_RCODE_ADDR = 0x8c00
                0x0000000000000400                SRAM_SPINOR_RCODE_SIZE = 0x400
                0x0000000000009000                SRAM_BANK_A_ADDR = 0x9000
                0x0000000000000400                SRAM_BANK_A_SIZE = 0x400
                0x0000000000009400                SRAM_BANK_B_ADDR = 0x9400
                0x0000000000000800                SRAM_BANK_B_SIZE = 0x800
                0x0000000000009c00                SRAM_UI_RCODE1_ADDR = 0x9c00
                0x0000000000000300                SRAM_UI_RCODE1_SIZE = 0x300
                0x0000000000009f00                SRAM_AUDIO_GLOBAL_DATA_ADDR = 0x9f00
                0x0000000000000060                SRAM_AUDIO_GLOBAL_DATA_SIZE = 0x60
                0x0000000000009f60                SRAM_UHOST_GLOBAL_DATA_ADDR = 0x9f60
                0x0000000000000010                SRAM_UHOST_GLOBAL_DATA_SIZE = 0x10
                0x0000000000009f70                SRAM_CARD_GLOBAL_DATA_ADDR = 0x9f70
                0x0000000000000010                SRAM_CARD_GLOBAL_DATA_SIZE = 0x10
                0x0000000000009f80                SRAM_SYS_SHARE_DATA_ADDR = 0x9f80
                0x0000000000000040                SRAM_SYS_SHARE_DATA_SIZE = 0x40
                0x0000000000009fc0                SRAM_RAM6_CCD_GLOBAL_DATA_ADDR = 0x9fc0
                0x0000000000000020                SRAM_RAM6_CCD_GLOBAL_DATA_SIZE = 0x20
                0x0000000000009fe0                SRAM_RAM6_RESEVER_ADDR = 0x9fe0
                0x0000000000000020                SRAM_RAM6_RESEVER_SIZE = 0x20
                0x000000000000a000                SRAM_LCD_RCODE_ADDR = 0xa000
                0x0000000000000800                SRAM_LCD_RCODE_SIZE = 0x800
                0x000000000000a800                SRAM_UI_RCODE2_ADDR = 0xa800
                0x0000000000001000                SRAM_UI_RCODE2_SIZE = 0x1000
                0x000000000000b800                SRAM_LCD_BUFFER_ADDR = 0xb800
                0x0000000000000400                SRAM_LCD_BUFFER_SIZE = 0x400
                0x000000000000bc00                SRAM_UI_DATA_ADDR = 0xbc00
                0x0000000000000400                SRAM_UI_DATA_SIZE = 0x400
                0x0000000000010000                SRAM_KEY_MESSAGE_RCODE_ADDR = 0x10000
                0x0000000000000a00                SRAM_KEY_MESSAGE_RCODE_SIZE = 0xa00
                0x0000000000010a00                SRAM_RAM0_RESEVER1_ADDR = 0x10a00
                0x0000000000000200                SRAM_RAM0_RESEVER1_SIZE = 0x200
                0x0000000000010c00                SRAM_AP_FRONT_BASAL_RCODE_ADDR = 0x10c00
                0x0000000000000100                SRAM_AP_FRONT_BASAL_RCODE_SIZE = 0x100
                0x0000000000010d00                SRAM_AP_BANK_BACK_CONTROL_ADDR = 0x10d00
                0x0000000000000800                SRAM_AP_BANK_BACK_CONTROL_SIZE = 0x800
                0x0000000000011500                SRAM_AP_BACK_RCODE_ADDR = 0x11500
                0x0000000000000800                SRAM_AP_BACK_RCODE_SIZE = 0x800
                0x0000000000000000                SRAM_AP_BANK_FRONT_CODEC_ADDR = 0x0
                0x0000000000000000                SRAM_AP_BANK_FRONT_CODEC_SIZE = 0x0
                0x0000000000011d00                SRAM_RAM0_RESEVER2_ADDR = 0x11d00
                0x0000000000000800                SRAM_RAM0_RESEVER2_SIZE = 0x800
                0x0000000000012500                SRAM_AP_BANK_FRONT_BASAL_ADDR = 0x12500
                0x0000000000000800                SRAM_AP_BANK_FRONT_BASAL_SIZE = 0x800
                0x0000000000012500                SRAM_AP_BANK_FRONT_ENHANCED_2_ADDR = SRAM_AP_BANK_FRONT_BASAL_ADDR
                0x0000000000000800                SRAM_AP_BANK_FRONT_ENHANCED_2_SIZE = SRAM_AP_BANK_FRONT_BASAL_SIZE
                0x0000000000012d00                SRAM_AP_BANK_BACK_BASAL_ADDR = 0x12d00
                0x0000000000000800                SRAM_AP_BANK_BACK_BASAL_SIZE = 0x800
                0x0000000000012d00                SRAM_AP_BANK_BACK_ENHANCED_1_ADDR = SRAM_AP_BANK_BACK_BASAL_ADDR
                0x0000000000000800                SRAM_AP_BANK_BACK_ENHANCED_1_SIZE = SRAM_AP_BANK_BACK_BASAL_SIZE
                0x0000000000013500                SRAM_AP_BACK_BASAL_RCODE_ADDR = 0x13500
                0x0000000000000800                SRAM_AP_BACK_BASAL_RCODE_SIZE = 0x800
                0x0000000000013d00                SRAM_KERNEL_BSS_ADDR = 0x13d00
                0x00000000000000e0                SRAM_KERNEL_BSS_SIZE = 0xe0
                0x0000000000013de0                SRAM_AP_MANAGER_ADDR = 0x13de0
                0x0000000000000200                SRAM_AP_MANAGER_SIZE = 0x200
                0x0000000000013fc0                SRAM_IRQ_DSP_PRINT_TEMP_ADDR = 0x13fc0
                0x0000000000000020                SRAM_IRQ_DSP_PRINT_TEMP_SIZE = 0x20
                0x0000000000013fe0                SRAM_IRQ_PRINT_BUFFER_ADDR = 0x13fe0
                0x0000000000000110                SRAM_IRQ_PRINT_BUFFER_SIZE = 0x110
                0x00000000000140f0                SRAM_DSP_PRINT_BUFFER_ADDR = 0x140f0
                0x0000000000000110                SRAM_DSP_PRINT_BUFFER_SIZE = 0x110
                0x0000000000014200                SRAM_LCD_DATA_ADDR = 0x14200
                0x0000000000000100                SRAM_LCD_DATA_SIZE = 0x100
                0x0000000000014300                SRAM_KEY_MESSAGE_DATA_ADDR = 0x14300
                0x0000000000000100                SRAM_KEY_MESSAGE_DATA_SIZE = 0x100
                0x0000000000014400                SRAM_AP_BANK_FRONT_UI_ADDR = 0x14400
                0x0000000000000800                SRAM_AP_BANK_FRONT_UI_SIZE = 0x800
                0x0000000000014c00                SRAM_AP_BANK_FRONT_CONTROL_ADDR = 0x14c00
                0x0000000000000800                SRAM_AP_BANK_FRONT_CONTROL_SIZE = 0x800
                0x0000000000015400                SRAM_AP_FRONT_DATA_ADDR = 0x15400
                0x0000000000000800                SRAM_AP_FRONT_DATA_SIZE = 0x800
                0x0000000000015c00                SRAM_AP_BACK_DATA_ADDR = 0x15c00
                0x0000000000000600                SRAM_AP_BACK_DATA_SIZE = 0x600
                0x0000000000016200                SRAM_AP_BANK_MANAGER_ADDR = 0x16200
                0x0000000000000200                SRAM_AP_BANK_MANAGER_SIZE = 0x200
                0x0000000000016400                SRAM_AP_FRONT_RCODE_ADDR = 0x16400
                0x0000000000000800                SRAM_AP_FRONT_RCODE_SIZE = 0x800
                0x0000000000016c00                SRAM_FS_RCODE_ADDR = 0x16c00
                0x0000000000000800                SRAM_FS_RCODE_SIZE = 0x800
                0x0000000000017400                SRAM_UI_RCODE3_ADDR = 0x17400
                0x0000000000000c00                SRAM_UI_RCODE3_SIZE = 0xc00
                0x0000000000017400                SRAM_CARD_UD_RCODE_ADDR = 0x17400
                0x0000000000000c00                SRAM_CARD_UD_RCODE_SIZE = 0xc00
                0x0000000000017400                SRAM_UHOST_UD_RCODE_ADDR = SRAM_CARD_UD_RCODE_ADDR
                0x0000000000000c00                SRAM_UHOST_UD_RCODE_SIZE = SRAM_CARD_UD_RCODE_SIZE
                0x0000000000018000                SRAM_FS_DATA_ADDR = 0x18000
                0x0000000000000300                SRAM_FS_DATA_SIZE = 0x300
                0x0000000000018300                SRAM_FS_BUF_ADDR = 0x18300
                0x0000000000000a00                SRAM_FS_BUF_SIZE = 0xa00
                0x0000000000018d00                SRAM_CARD_UD_CACHE_ADDR = 0x18d00
                0x0000000000000800                SRAM_CARD_UD_CACHE_SIZE = 0x800
                0x0000000000018d00                SRAM_UHOST_UD_CACHE_ADDR = SRAM_CARD_UD_CACHE_ADDR
                0x0000000000000800                SRAM_UHOST_UD_CACHE_SIZE = SRAM_CARD_UD_CACHE_SIZE
                0x0000000000019500                SRAM_CARD_DATA_ADDR = 0x19500
                0x0000000000000080                SRAM_CARD_DATA_SIZE = 0x80
                0x0000000000019500                SRAM_UHOST_DATA_ADDR = SRAM_CARD_DATA_ADDR
                0x0000000000000080                SRAM_UHOST_DATA_SIZE = SRAM_CARD_DATA_SIZE
                0x0000000000019580                SRAM_KERNEL_XSYS_ADDR = 0x19580
                0x0000000000000800                SRAM_KERNEL_XSYS_SIZE = 0x800
                0x0000000000019d80                SRAM_BANK_C_ADDR = 0x19d80
                0x0000000000000400                SRAM_BANK_C_SIZE = 0x400
                0x000000000001a180                SRAM_APPLIB_GLOBAL_DATA_ADDR = 0x1a180
                0x0000000000000100                SRAM_APPLIB_GLOBAL_DATA_SIZE = 0x100
                0x000000000001a280                SRAM_APPLIB_DATA_ADDR = 0x1a280
                0x0000000000000100                SRAM_APPLIB_DATA_SIZE = 0x100
                0x000000000001a380                SRAM_RAM1_RESEVER1_ADDR = 0x1a380
                0x0000000000000080                SRAM_RAM1_RESEVER1_SIZE = 0x80
                0x000000000001a400                SRAM_OS_DATA_ADDR = 0x1a400
                0x0000000000000880                SRAM_OS_DATA_SIZE = 0x880
                0x000000000001ac80                SRAM_OS_HEAP_ADDR = 0x1ac80
                0x0000000000000580                SRAM_OS_HEAP_SIZE = 0x580
                0x000000000001b200                SRAM_AP_BANK_FRONT_ENHANCED_1_ADDR = 0x1b200
                0x0000000000000800                SRAM_AP_BANK_FRONT_ENHANCED_1_SIZE = 0x800
                0x000000000001b200                SRAM_FM_DRV_RCODE_ADDR = SRAM_AP_BANK_FRONT_ENHANCED_1_ADDR
                0x0000000000000800                SRAM_FM_DRV_RCODE_SIZE = SRAM_AP_BANK_FRONT_ENHANCED_1_SIZE
                0x000000000001ba00                SRAM_OS_SD_SWAP_BUF_ADDR = 0x1ba00
                0x0000000000000200                SRAM_OS_SD_SWAP_BUF_SIZE = 0x200
                0x000000000001bc00                SRAM_OS_TASK_STACK_ADDR = 0x1bc00
                0x0000000000001a00                SRAM_OS_TASK_STACK_SIZE = 0x1a00
                0x000000000001d600                SRAM_OS_SYS_STACK_ADDR = 0x1d600
                0x0000000000000400                SRAM_OS_SYS_STACK_SIZE = 0x400
                0x000000000001da00                SRAM_RAM1_RESEVER2_ADDR = 0x1da00
                0x0000000000000600                SRAM_RAM1_RESEVER1_SIZE = 0x600
                0x0000000000027000                SRAM_AP_BACK_CODEC_RCODE_ADDR = 0x27000
                0x0000000000001000                SRAM_AP_BACK_CODEC_RCODE_SIZE = 0x1000
                0x0000000000028000                SRAM_AP_BANK_BACK_CODEC_ADDR = 0x28000
                0x0000000000001000                SRAM_AP_BANK_BACK_CODEC_SIZE = 0x1000
                0x0000000000028000                SRAM_AP_BANK_BACK_ENHANCED_2_ADDR = 0x28000
                0x0000000000000800                SRAM_AP_BANK_BACK_ENHANCED_2_SIZE = 0x800
                0x0000000000030000                SRAM_AP_USB_DEVICE_RCODE_ADDR = 0x30000
                0x0000000000004000                SRAM_AP_USB_DEVICE_RCODE_SIZE = 0x4000
                0x0000000000038000                SRAM_TWI_ADDR_MDY = 0x38000
                0x0000000000000700                SRAM_TWI_SIZE_MDY = SROM_TWI_SIZE_MDY
                0x0000000000040000                SRAM_INVALID_RCODE_ADDR = 0x40000
                0x0000000000000000                AP_INDEX = FRONT_AP
                0x0000000000016400                SRAM_TEXT_ADDR = SRAM_AP_FRONT_RCODE_ADDR
                0x0000000000015400                SRAM_DATA_ADDR = SRAM_AP_FRONT_DATA_ADDR
                0x00000000bfc16400                RCODE_TEXT_ADDR = (RCODE_ADDR_BASE + SRAM_TEXT_ADDR)
                0x000000009fc15400                RDATA_DATA_ADDR = (RDATA_ADDR_BASE + SRAM_DATA_ADDR)
                0x0000000040014c00                BANK_CONTROL_1_ADDR_BASE = ((AP_BANK_FRONT_CONTROL_1 << 0x18) + SRAM_AP_BANK_FRONT_CONTROL_ADDR)
                0x0000000048014400                BANK_UI_1_ADDR_BASE = ((AP_BANK_FRONT_UI_1 << 0x18) + SRAM_AP_BANK_FRONT_UI_ADDR)
                0x000000007801b200                BANK_ENHANCED_1_ADDR_BASE = ((AP_BANK_FRONT_ENHANCED_1 << 0x18) + SRAM_AP_BANK_FRONT_ENHANCED_1_ADDR)
                0x000000007101b200                BANK_ENHANCED_2_ADDR_BASE = ((AP_BANK_FRONT_ENHANCED_2 << 0x18) + SRAM_AP_BANK_FRONT_ENHANCED_1_ADDR)
                0x0000000000000800                BANK_CONTROL_SIZE = SRAM_AP_BANK_FRONT_CONTROL_SIZE
                0x0000000000000800                BANK_UI_SIZE = SRAM_AP_BANK_FRONT_UI_SIZE
                0x0000000000000600                BANK_UI_RESERVE_SIZE = (SRAM_AP_BANK_FRONT_UI_SIZE - 0x200)
                0x0000000000000800                BANK_ENHANCED1_SIZE = SRAM_AP_BANK_FRONT_ENHANCED_1_SIZE
                0x0000000000000800                BANK_ENHANCED2_SIZE = SRAM_AP_BANK_FRONT_ENHANCED_2_SIZE
                0x0000000000040000                AP_BANK_SPACE = BANK_SPACE
                0x000000009fc1a180                . = 0x9fc1a180

APP_GLOBE_DATA  0x000000009fc1a180      0x100
 applib_globe_data.o(.bss)
 .bss           0x000000009fc1a180       0x6c ./../../lib/applib_globe_data.o
                0x000000009fc1a180                g_sys_counter
                0x000000009fc1a194                g_app_info_vector
                0x000000009fc1a1e8                g_sys_shutdown_time
                0x000000009fc1a1dc                g_keytone_infor
                0x000000009fc1a190                config_fp
                0x000000009fc1a1b8                g_app_info_state
                0x000000009fc1a1e5                g_sys_time_second
                0x000000009fc1a1d0                g_app_last_state
                0x000000009fc1a280                . = 0x100
 *fill*         0x000000009fc1a1ec       0x94 00
 *fill*         0x000000009fc1a280        0x0 00

.text           0x00000000bfc16400      0x624
 upgrade_rcode.o(.text .rodata)
 .text          0x00000000bfc16400      0x624 ./obj/upgrade_rcode.o
                0x00000000bfc16401                check_sum16
                0x00000000bfc164ad                ud_sector_read
                0x00000000bfc1659d                check_sum32
                0x00000000bfc169d9                upgrade_fw_write
                0x00000000bfc16825                lfi_write
                0x00000000bfc1643d                ud_sector_write
                0x00000000bfc1668d                lfi_check
                0x00000000bfc1650d                brec_sector_write
                0x00000000bfc165d9                brec_write

.text1          0x00000000bfc37000     0x4160
 decrypt.o(.text .rodata)
 .text          0x00000000bfc37000      0x2e4 ./obj/decrypt.o
                0x00000000bfc37001                _read_file_translate
                0x00000000bfc37201                decrypt_init
                0x00000000bfc372b5                _read_file
 upgrade_show.o(.text .rodata)
 .text          0x00000000bfc372e4      0x2a0 ./obj/upgrade_show.o
                0x00000000bfc373b9                _upgrade_proc_timer
                0x00000000bfc3739d                _upgrade_refreash_progress
                0x00000000bfc3749d                upgrade_get_app_msg
 init.o(.text .rodata .data .bss)
 ABC_03.o(.text .rodata .data .bss)
 .text          0x00000000bfc37584      0x174 ./../../ap/ap_upgrade/fw_decrypt/ABC_03.o
                0x00000000bfc37584                XYZ_072
 ABC_05.o(.text .rodata .data .bss)
 .text          0x00000000bfc376f8      0x1a0 ./../../ap/ap_upgrade/fw_decrypt/ABC_05.o
                0x00000000bfc376f8                XYZ_070
                0x00000000bfc37838                XYZ_071
 ABC_06.o(.text .rodata .data .bss)
 .text          0x00000000bfc37898       0xf8 ./../../ap/ap_upgrade/fw_decrypt/ABC_06.o
                0x00000000bfc37898                XYZ_069
 .data          0x00000000bfc37990      0x400 ./../../ap/ap_upgrade/fw_decrypt/ABC_06.o
                0x00000000bfc37990                XYZ_900
 ABC_08.o(.text .rodata .data .bss)
 .text          0x00000000bfc37d90      0x1c4 ./../../ap/ap_upgrade/fw_decrypt/ABC_08.o
                0x00000000bfc37e28                XYZ_063
                0x00000000bfc37ea8                XYZ_064
                0x00000000bfc37ef4                XYZ_065
                0x00000000bfc37efc                XYZ_067
                0x00000000bfc37d90                XYZ_062
 ABC_13.o(.text .rodata .data .bss)
 .text          0x00000000bfc37f54      0xd44 ./../../ap/ap_upgrade/fw_decrypt/ABC_13.o
                0x00000000bfc38bc0                XYZ_057
                0x00000000bfc37fd4                XYZ_036
                0x00000000bfc380e0                XYZ_042
                0x00000000bfc380a4                XYZ_041
                0x00000000bfc38434                XYZ_047
                0x00000000bfc389b4                XYZ_053
                0x00000000bfc387dc                XYZ_052
                0x00000000bfc38074                XYZ_039
                0x00000000bfc38304                XYZ_045
                0x00000000bfc385a4                XYZ_049
                0x00000000bfc3860c                XYZ_051
                0x00000000bfc38054                XYZ_038
                0x00000000bfc38c04                XYZ_061
                0x00000000bfc38574                XYZ_048
                0x00000000bfc37f54                XYZ_034
                0x00000000bfc38030                XYZ_037
                0x00000000bfc38384                XYZ_046
                0x00000000bfc381ac                XYZ_043
 .data          0x00000000bfc38c98       0x84 ./../../ap/ap_upgrade/fw_decrypt/ABC_13.o
                0x00000000bfc38cd8                XYZ_911
                0x00000000bfc38cf8                xyz_910
                0x00000000bfc38cb8                XYZ_912
                0x00000000bfc38c98                tab_m
 .bss           0x00000000bfc38d1c       0x20 ./../../ap/ap_upgrade/fw_decrypt/ABC_13.o
                0x00000000bfc38d1c                XYZ_913
 ABC_23.o(.text .rodata .data .bss)
 .text          0x00000000bfc38d3c       0x6c ./../../ap/ap_upgrade/fw_decrypt/ABC_23.o
                0x00000000bfc38d3c                XYZ_023
 ABC_29.o(.text .rodata .data .bss)
 .text          0x00000000bfc38da8      0x118 ./../../ap/ap_upgrade/fw_decrypt/ABC_29.o
                0x00000000bfc38da8                XYZ_010
                0x00000000bfc38e50                XYZ_011
 .data          0x00000000bfc38ec0       0x14 ./../../ap/ap_upgrade/fw_decrypt/ABC_29.o
                0x00000000bfc38ec0                XYZ_902
 ABC_33.o(.text .rodata .data .bss)
 .text          0x00000000bfc38ed4      0x114 ./../../ap/ap_upgrade/fw_decrypt/ABC_33.o
                0x00000000bfc38ed4                XYZ_001
 ABC_39.o(.text .rodata .data .bss)
 .text          0x00000000bfc38fe8      0x8d8 ./../../ap/ap_upgrade/fw_decrypt/ABC_39.o
                0x00000000bfc39780                PCFWDecrypt
                0x00000000bfc39508                PCFWDecryptInit
                0x00000000bfc38fe8                XYZ_107
 .data          0x00000000bfc398c0       0x30 ./../../ap/ap_upgrade/fw_decrypt/ABC_39.o
                0x00000000bfc398d4                Version_Number_major_FW
                0x00000000bfc398d8                ContentID_FW
                0x00000000bfc398c0                FileID
                0x00000000bfc398e8                fw_decrypt_op
                0x00000000bfc398d0                Version_Number_minor_FW
 ABC_N2.o(.text .rodata .data .bss)
 .text          0x00000000bfc398f0      0x1a0 ./../../ap/ap_upgrade/fw_decrypt/ABC_N2.o
                0x00000000bfc398f0                XYZ_N02
 .rodata        0x00000000bfc39a90       0x20 ./../../ap/ap_upgrade/fw_decrypt/ABC_N2.o
 *(COMMON)
 COMMON         0x00000000bfc39ab0     0x1300 ./../../ap/ap_upgrade/fw_decrypt/ABC_13.o
                0x00000000bfc39ab0                tempx_043
                0x00000000bfc39bb0                lambda2_051
                0x00000000bfc39cb0                lambda_052
                0x00000000bfc39db0                temp_043
                0x00000000bfc39eb0                tempy_047
                0x00000000bfc39fb0                temp1_051
                0x00000000bfc3a0b0                temp2_051
                0x00000000bfc3a1b0                lambda2_052
                0x00000000bfc3a2b0                temp1_053
                0x00000000bfc3a330                tempv_043
                0x00000000bfc3a430                temp2_052
                0x00000000bfc3a530                temp2_053
                0x00000000bfc3a5b0                temp1_052
                0x00000000bfc3a6b0                temp_046
                0x00000000bfc3a7b0                lambda_051
                0x00000000bfc3a8b0                temp3_051
                0x00000000bfc3a9b0                temp1_061
                0x00000000bfc3aa30                temp3_052
                0x00000000bfc3ab30                tempc_043
                0x00000000bfc3ac30                temp2_061
                0x00000000bfc3acb0                tempx_047
 COMMON         0x00000000bfc3adb0      0x220 ./../../ap/ap_upgrade/fw_decrypt/ABC_39.o
                0x00000000bfc3adb0                PCFWDecrypt_BufferHeader
                0x00000000bfc3afb0                PCFWDecrypt_seed
 ccd_op_entry.o(.text)
 lcd_op_entry.o(.text)
 .text          0x00000000bfc3afd0        0x4 ./../../../psp_rel/lib/lcd_op_entry.o
                0x00000000bfc3afd1                lcd_op_entry
 stub_mod_cmd.o(.text)
 sys_op_entry.o(.text)
 .text          0x00000000bfc3afd4        0x4 ./../../../psp_rel/lib/sys_op_entry.o
                0x00000000bfc3afd5                sys_op_entry
 libc_op_entry.o(.text)
 .text          0x00000000bfc3afd8        0x4 ./../../../psp_rel/lib/libc_op_entry.o
                0x00000000bfc3afd9                libc_op_entry
 vfs_op_entry.o(.text)
 .text          0x00000000bfc3afdc        0x4 ./../../../psp_rel/lib/vfs_op_entry.o
                0x00000000bfc3afdd                vfs_op_entry
 base_op_entry.o(.text)
 .text          0x00000000bfc3afe0        0x4 ./../../../psp_rel/lib/base_op_entry.o
                0x00000000bfc3afe1                base_op_entry
 audio_device_op_entry.o(.text)
 .text          0x00000000bfc3afe4        0x4 ./../../../psp_rel/lib/audio_device_op_entry.o
                0x00000000bfc3afe5                audio_device_op_entry
 key_op_entry.o(.text)
 .text          0x00000000bfc3afe8        0x4 ./../../../psp_rel/lib/key_op_entry.o
                0x00000000bfc3afe9                key_op_entry
 ui_op_entry.o(.text)
 .text          0x00000000bfc3afec        0x4 ./../../../psp_rel/lib/ui_op_entry.o
                0x00000000bfc3afed                ui_op_entry
 app_timer_rcode.o(.text)
 .text          0x00000000bfc3aff0       0xbc ./../../lib/app_timer_rcode.o
                0x00000000bfc3aff1                handle_timers
 message_rcode.o(.text)
 .text          0x00000000bfc3b0ac       0xb4 ./../../lib/message_rcode.o
                0x00000000bfc3b0ad                get_gui_msg
                0x00000000bfc3b119                get_app_msg
                0x00000000bfc3b0e5                get_sys_msg

.data
 *.o(.data)

.bss            0x00000000bfc3b160      0x2b0
 applib_app_data.o(.bss)
 .bss           0x00000000bfc3b160       0x18 ./../../lib/applib_app_data.o
                0x00000000bfc3b16c                g_this_app_msg_dispatch
                0x00000000bfc3b170                g_app_timer_vector
                0x00000000bfc3b160                g_app_timer_count
                0x00000000bfc3b164                g_this_app_info
                0x00000000bfc3b168                thread_mutex
                0x00000000bfc3b174                g_this_app_timer_tag
 common_ui_data.o(.bss)
 .bss           0x00000000bfc3b178      0x18c ./../../lib/common_ui_data.o
                0x00000000bfc3b2c9                g_icon_id
                0x00000000bfc3b22c                g_menu_items
                0x00000000bfc3b2f8                g_anm_callback
                0x00000000bfc3b301                g_anm_direction
                0x00000000bfc3b17e                g_gui_direct
                0x00000000bfc3b2d0                this_headbar_style
                0x00000000bfc3b2eb                g_ss_last_time
                0x00000000bfc3b300                g_anm_index
                0x00000000bfc3b2ed                g_ss_delay_flag
                0x00000000bfc3b1e0                dir_menu_title
                0x00000000bfc3b2fc                g_anm_sty_infor
                0x00000000bfc3b2cc                g_headbar_update
                0x00000000bfc3b2b8                g_back_to_parent_func
                0x00000000bfc3b17d                sys_status_timer_id
                0x00000000bfc3b2e0                g_ss_mode_backup
                0x00000000bfc3b2c0                usb_selecting_state
                0x00000000bfc3b2bc                g_back_to_parant_arg
                0x00000000bfc3b2f0                g_com_paint_cb
                0x00000000bfc3b178                sys_comval
                0x00000000bfc3b2e9                g_ss_album_art_phase
                0x00000000bfc3b2e4                g_ss_clk_backup
                0x00000000bfc3b2ea                g_ss_last_date
                0x00000000bfc3b2dd                this_headbar_mode
                0x00000000bfc3b2e1                g_ss_icon_backup
                0x00000000bfc3b2c4                volume_value_last
                0x00000000bfc3b2de                g_so_time
                0x00000000bfc3b1ec                dir_control
                0x00000000bfc3b2c2                g_usb_timer_id
                0x00000000bfc3b2e2                g_ss_timer_id
                0x00000000bfc3b2c1                g_usb_auto_select
                0x00000000bfc3b17c                sys_counter_timer_id
                0x00000000bfc3b2cb                g_battery_value
                0x00000000bfc3b180                g_dir_browser
                0x00000000bfc3b204                last_dir_control
                0x00000000bfc3b2c6                volume_enter_forbidden
                0x00000000bfc3b2e8                g_ss_mode
                0x00000000bfc3b2dc                this_headbar_icon_id
                0x00000000bfc3b2ca                g_sys_minute
                0x00000000bfc3b21e                line_cnt
                0x00000000bfc3b18c                g_file_list
                0x00000000bfc3b21c                speed_control
                0x00000000bfc3b2c8                g_battery_display
                0x00000000bfc3b2ec                g_ss_vip_event
                0x00000000bfc3b2df                g_ss_tag_backup
                0x00000000bfc3b2ee                g_kl_time_is_up
                0x00000000bfc3b2c7                g_vol_time_up_flag
                0x00000000bfc3b220                g_menu_title
 common_func_data.o(.bss)
 .bss           0x00000000bfc3b304       0x18 ./../../lib/common_func_data.o
                0x00000000bfc3b30d                menu_history_valid
                0x00000000bfc3b310                dir_history_addr
                0x00000000bfc3b308                confmenu_offset
                0x00000000bfc3b319                g_keytone_backup
                0x00000000bfc3b304                confmenu_fp
                0x00000000bfc3b318                this_filter_key_value
                0x00000000bfc3b314                menu_history_addr
                0x00000000bfc3b30c                dir_history_valid
 upgrade_main.o(.bss)
 .bss           0x00000000bfc3b31c       0x6c ./obj/upgrade_main.o
                0x00000000bfc3b336                g_flush_timer_id
                0x00000000bfc3b338                conf_app_timer_vector
                0x00000000bfc3b335                cpu_release_count
                0x00000000bfc3b31c                g_decrypt
                0x00000000bfc3b334                g_precent_count
 upgrade_rcode.o(.bss)
 .bss           0x00000000bfc3b388       0x88 ./obj/upgrade_rcode.o
                0x00000000bfc3b408                g_decrypt_cache
                0x00000000bfc3b388                _para
                0x00000000bfc3b3fc                g_decrypt_ops
                0x00000000bfc3b404                g_firmware_offset
 *(.sbss)
 *(.common)
 *(common)
                0x0000000040014c00                . = BANK_CONTROL_1_ADDR_BASE
                0x0000000000014c00                OFFSET = (. & 0x3ffff)

BANK_CONTROL_1_0
                0x0000000040014c00      0x308
 ctor.o(.text .rodata)
 .text          0x0000000040014c00       0xcc ./../../../psp_rel/lib/ctor.o
                0x0000000040014c01                process_start
                0x0000000040014c31                __start
 upgrade_main.o(.text .rodata)
 .text          0x0000000040014ccc      0x230 ./obj/upgrade_main.o
                0x0000000040014d55                _upgrade_display_init
                0x0000000040014e2d                _upgrade_app_init
                0x0000000040014ea9                main
                0x0000000040014ccd                _upgrade_app_deinit
 .rodata        0x0000000040014efc        0xc ./obj/upgrade_main.o
                0x0000000040014efc                style_upgrade_point
                0x0000000040054400                . = (((. + AP_BANK_SPACE) & ~ ((AP_BANK_SPACE - 0x1))) + OFFSET)

BANK_CONTROL_1_1
                0x0000000040054c00      0x800
 upgrade_firmware.o(.text .rodata)
 .text          0x0000000040054c00      0x454 ./obj/upgrade_firmware.o
                0x000000004005500d                _upgrade_firmware
                0x0000000040054c61                search_content
 .rodata        0x0000000040055054       0x24 ./obj/upgrade_firmware.o
                0x0000000000000800                . = BANK_CONTROL_SIZE
 *fill*         0x0000000040055078      0x388 00
 *fill*         0x0000000040055400        0x0 00
                0x0000000040094400                . = (((. + AP_BANK_SPACE) & ~ ((AP_BANK_SPACE - 0x1))) + OFFSET)

BANK_CONTROL_1_2
                0x0000000040094c00      0x800
 ap_upgrade_fw_check.o(.text .rodata)
 .text          0x0000000040094c00      0x6a4 ./obj/ap_upgrade_fw_check.o
                0x0000000040094c01                is_fw_exist
                0x0000000040094e3d                upgrade_fw_check
 .rodata        0x00000000400952a4       0x84 ./obj/ap_upgrade_fw_check.o
                0x00000000400952bc                fw_file_name
                0x0000000040095300                fwu_ascfile_name
                0x000000004009530c                fw_file_newname
                0x00000000400952f4                fw_ascfile_name
                0x00000000400952d8                fwu_file_name
                0x0000000000000800                . = BANK_CONTROL_SIZE
 *fill*         0x0000000040095328       0xd8 00
 *fill*         0x0000000040095400        0x0 00
LOAD ./../common/common_front_no_selector.xn
LOAD ./../../../psp_rel/include/link_base.xn
                0x0000000000000000                DRV_GROUP_STG_BASE = 0x0
                0x0000000000000001                DRV_GROUP_STG_CARD = 0x1
                0x0000000000000002                DRV_GROUP_STG_UHOST = 0x2
                0x0000000000000003                DRV_GROUP_FAT32 = 0x3
                0x0000000000000004                DRV_GROUP_EXFAT = 0x4
                0x0000000000000005                DRV_GROUP_UD = 0x5
                0x0000000000000006                DRV_GROUP_UI = 0x6
                0x0000000000000007                DRV_GROUP_LCD = 0x7
                0x0000000000000008                DRV_GROUP_FM = 0x8
                0x0000000000000009                DRV_GROUP_KEY = 0x9
                0x000000000000000a                DRV_GROUP_CCD = 0xa
                0x000000000000000b                DRV_GROUP_I2C = 0xb
                0x000000000000000c                DRV_GROUP_AUDIO_DEVICE = 0xc
                0x000000000000000d                DRV_GROUP_TTS = 0xd
                0x000000000000000e                DRV_GROUP_BT = 0xe
                0x000000000000000f                DRV_GROUP_SYS = 0xf
                0x000000000003ffff                SRAM_SIZE_MASK = 0x3ffff
                0x000000009fc00000                RDATA_ADDR_BASE = 0x9fc00000
                0x00000000bfc00000                RCODE_ADDR_BASE = 0xbfc00000
                0x0000000000000001                KERNEL_BANK_A = 0x1
                0x0000000000000002                KERNEL_BANK_B = 0x2
                0x0000000000000003                KERNEL_BANK_C = 0x3
                0x0000000000040000                BANK_SPACE = 0x40000
                0x0000000000000000                FRONT_AP = 0x0
                0x0000000000000001                BACK_AP = 0x1
                0x0000000000000002                PROCESS_MANAGER_AP = 0x2
                0x0000000000000000                FRONT_CODEC = 0x0
                0x0000000000000001                BACK_CODEC = 0x1
                0x0000000000000040                AP_BANK_FRONT_CONTROL_1 = 0x40
                0x0000000000000048                AP_BANK_FRONT_UI_1 = 0x48
                0x0000000000000050                AP_BANK_FRONT_BASAL = 0x50
                0x0000000000000058                AP_BANK_FRONT_CODEC = 0x58
                0x0000000000000060                AP_BANK_BACK_CONTROL_1 = 0x60
                0x0000000000000068                AP_BANK_BACK_BASAL = 0x68
                0x0000000000000070                AP_BANK_BACK_CODEC = 0x70
                0x0000000000000078                AP_BANK_FRONT_ENHANCED_1 = 0x78
                0x0000000000000071                AP_BANK_FRONT_ENHANCED_2 = 0x71
                0x000000000000007a                AP_BANK_BACK_ENHANCED_1 = 0x7a
                0x000000000000007b                AP_BANK_BACK_ENHANCED_2 = 0x7b
                0x0000000000000072                AP_BANK_BTENGINE_CONTROL_1 = 0x72
                0x0000000000000073                AP_BANK_BTENGINE_LIB_1 = 0x73
                0x0000000000000074                AP_BANK_BTENGINE_LIB_2 = 0x74
                0x0000000000000075                AP_BANK_BTENGINE_EXTEND_1 = 0x75
                0x0000000000000076                AP_BANK_BTENGINE_EXTEND_2 = 0x76
                0x0000000000000077                AP_BANK_BTENGINE_EXTEND_3 = 0x77
                0x000000000000007c                AP_BANK_BTENGINE_EXTEND_4 = 0x7c
                0x0000000000000079                AP_BANK_BTENGINE_EXTEND_5 = 0x79
                0x000000000000007f                AP_BANK_MANAGER = 0x7f
                0x0000000000000041                AP_BANK_AUTOTEST = 0x41
                0x0000000000000000                SROM_BROM_ADDR = 0x0
                0x0000000000002600                SROM_BROM_SIZE = 0x2600
                0x0000000000002600                SROM_SPINOR_ADDR = (SROM_BROM_ADDR + SROM_BROM_SIZE)
                0x0000000000000c00                SROM_SPINOR_SIZE = 0xc00
                0x0000000000003200                SROM_TWI_ADDR = (SROM_SPINOR_ADDR + SROM_SPINOR_SIZE)
                0x0000000000000700                SROM_TWI_SIZE = 0x700
                0x0000000000003900                SROM_STUB_ADDR = (SROM_TWI_ADDR + SROM_TWI_SIZE)
                0x0000000000000700                SROM_STUB_SIZE = 0x700
                0x0000000000000e00                SROM_SPINOR_SIZE_MDY = 0xe00
                0x0000000000003400                SROM_TWI_ADDR_MDY = (SROM_SPINOR_ADDR + SROM_SPINOR_SIZE_MDY)
                0x0000000000000700                SROM_TWI_SIZE_MDY = 0x700
                0x0000000000003b00                SROM_STUB_ADDR_MDY = (SROM_TWI_ADDR_MDY + SROM_TWI_SIZE_MDY)
                0x0000000000000500                SROM_STUB_SIZE_MDY = 0x500
                0x0000000000004000                SROM_KERNEL_ADDR = (SROM_STUB_ADDR + SROM_STUB_SIZE)
                0x0000000000004000                SROM_KERNEL_SIZE = 0x4000
                0x000000000000c000                SROM_FS_ADDR = 0xc000
                0x0000000000001c00                SROM_FS_SIZE = 0x1c00
                0x000000000000dc00                SROM_SPINOR1_ADDR = (SROM_FS_ADDR + SROM_FS_SIZE)
                0x0000000000000400                SROM_SPINOR1_SIZE = 0x400
                0x0000000000008000                SRAM_OS_RCODE_ADDR = 0x8000
                0x0000000000000c00                SRAM_OS_RCODE_SIZE = 0xc00
                0x0000000000008c00                SRAM_SPINOR_RCODE_ADDR = 0x8c00
                0x0000000000000400                SRAM_SPINOR_RCODE_SIZE = 0x400
                0x0000000000009000                SRAM_BANK_A_ADDR = 0x9000
                0x0000000000000400                SRAM_BANK_A_SIZE = 0x400
                0x0000000000009400                SRAM_BANK_B_ADDR = 0x9400
                0x0000000000000800                SRAM_BANK_B_SIZE = 0x800
                0x0000000000009c00                SRAM_UI_RCODE1_ADDR = 0x9c00
                0x0000000000000300                SRAM_UI_RCODE1_SIZE = 0x300
                0x0000000000009f00                SRAM_AUDIO_GLOBAL_DATA_ADDR = 0x9f00
                0x0000000000000060                SRAM_AUDIO_GLOBAL_DATA_SIZE = 0x60
                0x0000000000009f60                SRAM_UHOST_GLOBAL_DATA_ADDR = 0x9f60
                0x0000000000000010                SRAM_UHOST_GLOBAL_DATA_SIZE = 0x10
                0x0000000000009f70                SRAM_CARD_GLOBAL_DATA_ADDR = 0x9f70
                0x0000000000000010                SRAM_CARD_GLOBAL_DATA_SIZE = 0x10
                0x0000000000009f80                SRAM_SYS_SHARE_DATA_ADDR = 0x9f80
                0x0000000000000040                SRAM_SYS_SHARE_DATA_SIZE = 0x40
                0x0000000000009fc0                SRAM_RAM6_CCD_GLOBAL_DATA_ADDR = 0x9fc0
                0x0000000000000020                SRAM_RAM6_CCD_GLOBAL_DATA_SIZE = 0x20
                0x0000000000009fe0                SRAM_RAM6_RESEVER_ADDR = 0x9fe0
                0x0000000000000020                SRAM_RAM6_RESEVER_SIZE = 0x20
                0x000000000000a000                SRAM_LCD_RCODE_ADDR = 0xa000
                0x0000000000000800                SRAM_LCD_RCODE_SIZE = 0x800
                0x000000000000a800                SRAM_UI_RCODE2_ADDR = 0xa800
                0x0000000000001000                SRAM_UI_RCODE2_SIZE = 0x1000
                0x000000000000b800                SRAM_LCD_BUFFER_ADDR = 0xb800
                0x0000000000000400                SRAM_LCD_BUFFER_SIZE = 0x400
                0x000000000000bc00                SRAM_UI_DATA_ADDR = 0xbc00
                0x0000000000000400                SRAM_UI_DATA_SIZE = 0x400
                0x0000000000010000                SRAM_KEY_MESSAGE_RCODE_ADDR = 0x10000
                0x0000000000000a00                SRAM_KEY_MESSAGE_RCODE_SIZE = 0xa00
                0x0000000000010a00                SRAM_RAM0_RESEVER1_ADDR = 0x10a00
                0x0000000000000200                SRAM_RAM0_RESEVER1_SIZE = 0x200
                0x0000000000010c00                SRAM_AP_FRONT_BASAL_RCODE_ADDR = 0x10c00
                0x0000000000000100                SRAM_AP_FRONT_BASAL_RCODE_SIZE = 0x100
                0x0000000000010d00                SRAM_AP_BANK_BACK_CONTROL_ADDR = 0x10d00
                0x0000000000000800                SRAM_AP_BANK_BACK_CONTROL_SIZE = 0x800
                0x0000000000011500                SRAM_AP_BACK_RCODE_ADDR = 0x11500
                0x0000000000000800                SRAM_AP_BACK_RCODE_SIZE = 0x800
                0x0000000000000000                SRAM_AP_BANK_FRONT_CODEC_ADDR = 0x0
                0x0000000000000000                SRAM_AP_BANK_FRONT_CODEC_SIZE = 0x0
                0x0000000000011d00                SRAM_RAM0_RESEVER2_ADDR = 0x11d00
                0x0000000000000800                SRAM_RAM0_RESEVER2_SIZE = 0x800
                0x0000000000012500                SRAM_AP_BANK_FRONT_BASAL_ADDR = 0x12500
                0x0000000000000800                SRAM_AP_BANK_FRONT_BASAL_SIZE = 0x800
                0x0000000000012500                SRAM_AP_BANK_FRONT_ENHANCED_2_ADDR = SRAM_AP_BANK_FRONT_BASAL_ADDR
                0x0000000000000800                SRAM_AP_BANK_FRONT_ENHANCED_2_SIZE = SRAM_AP_BANK_FRONT_BASAL_SIZE
                0x0000000000012d00                SRAM_AP_BANK_BACK_BASAL_ADDR = 0x12d00
                0x0000000000000800                SRAM_AP_BANK_BACK_BASAL_SIZE = 0x800
                0x0000000000012d00                SRAM_AP_BANK_BACK_ENHANCED_1_ADDR = SRAM_AP_BANK_BACK_BASAL_ADDR
                0x0000000000000800                SRAM_AP_BANK_BACK_ENHANCED_1_SIZE = SRAM_AP_BANK_BACK_BASAL_SIZE
                0x0000000000013500                SRAM_AP_BACK_BASAL_RCODE_ADDR = 0x13500
                0x0000000000000800                SRAM_AP_BACK_BASAL_RCODE_SIZE = 0x800
                0x0000000000013d00                SRAM_KERNEL_BSS_ADDR = 0x13d00
                0x00000000000000e0                SRAM_KERNEL_BSS_SIZE = 0xe0
                0x0000000000013de0                SRAM_AP_MANAGER_ADDR = 0x13de0
                0x0000000000000200                SRAM_AP_MANAGER_SIZE = 0x200
                0x0000000000013fc0                SRAM_IRQ_DSP_PRINT_TEMP_ADDR = 0x13fc0
                0x0000000000000020                SRAM_IRQ_DSP_PRINT_TEMP_SIZE = 0x20
                0x0000000000013fe0                SRAM_IRQ_PRINT_BUFFER_ADDR = 0x13fe0
                0x0000000000000110                SRAM_IRQ_PRINT_BUFFER_SIZE = 0x110
                0x00000000000140f0                SRAM_DSP_PRINT_BUFFER_ADDR = 0x140f0
                0x0000000000000110                SRAM_DSP_PRINT_BUFFER_SIZE = 0x110
                0x0000000000014200                SRAM_LCD_DATA_ADDR = 0x14200
                0x0000000000000100                SRAM_LCD_DATA_SIZE = 0x100
                0x0000000000014300                SRAM_KEY_MESSAGE_DATA_ADDR = 0x14300
                0x0000000000000100                SRAM_KEY_MESSAGE_DATA_SIZE = 0x100
                0x0000000000014400                SRAM_AP_BANK_FRONT_UI_ADDR = 0x14400
                0x0000000000000800                SRAM_AP_BANK_FRONT_UI_SIZE = 0x800
                0x0000000000014c00                SRAM_AP_BANK_FRONT_CONTROL_ADDR = 0x14c00
                0x0000000000000800                SRAM_AP_BANK_FRONT_CONTROL_SIZE = 0x800
                0x0000000000015400                SRAM_AP_FRONT_DATA_ADDR = 0x15400
                0x0000000000000800                SRAM_AP_FRONT_DATA_SIZE = 0x800
                0x0000000000015c00                SRAM_AP_BACK_DATA_ADDR = 0x15c00
                0x0000000000000600                SRAM_AP_BACK_DATA_SIZE = 0x600
                0x0000000000016200                SRAM_AP_BANK_MANAGER_ADDR = 0x16200
                0x0000000000000200                SRAM_AP_BANK_MANAGER_SIZE = 0x200
                0x0000000000016400                SRAM_AP_FRONT_RCODE_ADDR = 0x16400
                0x0000000000000800                SRAM_AP_FRONT_RCODE_SIZE = 0x800
                0x0000000000016c00                SRAM_FS_RCODE_ADDR = 0x16c00
                0x0000000000000800                SRAM_FS_RCODE_SIZE = 0x800
                0x0000000000017400                SRAM_UI_RCODE3_ADDR = 0x17400
                0x0000000000000c00                SRAM_UI_RCODE3_SIZE = 0xc00
                0x0000000000017400                SRAM_CARD_UD_RCODE_ADDR = 0x17400
                0x0000000000000c00                SRAM_CARD_UD_RCODE_SIZE = 0xc00
                0x0000000000017400                SRAM_UHOST_UD_RCODE_ADDR = SRAM_CARD_UD_RCODE_ADDR
                0x0000000000000c00                SRAM_UHOST_UD_RCODE_SIZE = SRAM_CARD_UD_RCODE_SIZE
                0x0000000000018000                SRAM_FS_DATA_ADDR = 0x18000
                0x0000000000000300                SRAM_FS_DATA_SIZE = 0x300
                0x0000000000018300                SRAM_FS_BUF_ADDR = 0x18300
                0x0000000000000a00                SRAM_FS_BUF_SIZE = 0xa00
                0x0000000000018d00                SRAM_CARD_UD_CACHE_ADDR = 0x18d00
                0x0000000000000800                SRAM_CARD_UD_CACHE_SIZE = 0x800
                0x0000000000018d00                SRAM_UHOST_UD_CACHE_ADDR = SRAM_CARD_UD_CACHE_ADDR
                0x0000000000000800                SRAM_UHOST_UD_CACHE_SIZE = SRAM_CARD_UD_CACHE_SIZE
                0x0000000000019500                SRAM_CARD_DATA_ADDR = 0x19500
                0x0000000000000080                SRAM_CARD_DATA_SIZE = 0x80
                0x0000000000019500                SRAM_UHOST_DATA_ADDR = SRAM_CARD_DATA_ADDR
                0x0000000000000080                SRAM_UHOST_DATA_SIZE = SRAM_CARD_DATA_SIZE
                0x0000000000019580                SRAM_KERNEL_XSYS_ADDR = 0x19580
                0x0000000000000800                SRAM_KERNEL_XSYS_SIZE = 0x800
                0x0000000000019d80                SRAM_BANK_C_ADDR = 0x19d80
                0x0000000000000400                SRAM_BANK_C_SIZE = 0x400
                0x000000000001a180                SRAM_APPLIB_GLOBAL_DATA_ADDR = 0x1a180
                0x0000000000000100                SRAM_APPLIB_GLOBAL_DATA_SIZE = 0x100
                0x000000000001a280                SRAM_APPLIB_DATA_ADDR = 0x1a280
                0x0000000000000100                SRAM_APPLIB_DATA_SIZE = 0x100
                0x000000000001a380                SRAM_RAM1_RESEVER1_ADDR = 0x1a380
                0x0000000000000080                SRAM_RAM1_RESEVER1_SIZE = 0x80
                0x000000000001a400                SRAM_OS_DATA_ADDR = 0x1a400
                0x0000000000000880                SRAM_OS_DATA_SIZE = 0x880
                0x000000000001ac80                SRAM_OS_HEAP_ADDR = 0x1ac80
                0x0000000000000580                SRAM_OS_HEAP_SIZE = 0x580
                0x000000000001b200                SRAM_AP_BANK_FRONT_ENHANCED_1_ADDR = 0x1b200
                0x0000000000000800                SRAM_AP_BANK_FRONT_ENHANCED_1_SIZE = 0x800
                0x000000000001b200                SRAM_FM_DRV_RCODE_ADDR = SRAM_AP_BANK_FRONT_ENHANCED_1_ADDR
                0x0000000000000800                SRAM_FM_DRV_RCODE_SIZE = SRAM_AP_BANK_FRONT_ENHANCED_1_SIZE
                0x000000000001ba00                SRAM_OS_SD_SWAP_BUF_ADDR = 0x1ba00
                0x0000000000000200                SRAM_OS_SD_SWAP_BUF_SIZE = 0x200
                0x000000000001bc00                SRAM_OS_TASK_STACK_ADDR = 0x1bc00
                0x0000000000001a00                SRAM_OS_TASK_STACK_SIZE = 0x1a00
                0x000000000001d600                SRAM_OS_SYS_STACK_ADDR = 0x1d600
                0x0000000000000400                SRAM_OS_SYS_STACK_SIZE = 0x400
                0x000000000001da00                SRAM_RAM1_RESEVER2_ADDR = 0x1da00
                0x0000000000000600                SRAM_RAM1_RESEVER1_SIZE = 0x600
                0x0000000000027000                SRAM_AP_BACK_CODEC_RCODE_ADDR = 0x27000
                0x0000000000001000                SRAM_AP_BACK_CODEC_RCODE_SIZE = 0x1000
                0x0000000000028000                SRAM_AP_BANK_BACK_CODEC_ADDR = 0x28000
                0x0000000000001000                SRAM_AP_BANK_BACK_CODEC_SIZE = 0x1000
                0x0000000000028000                SRAM_AP_BANK_BACK_ENHANCED_2_ADDR = 0x28000
                0x0000000000000800                SRAM_AP_BANK_BACK_ENHANCED_2_SIZE = 0x800
                0x0000000000030000                SRAM_AP_USB_DEVICE_RCODE_ADDR = 0x30000
                0x0000000000004000                SRAM_AP_USB_DEVICE_RCODE_SIZE = 0x4000
                0x0000000000038000                SRAM_TWI_ADDR_MDY = 0x38000
                0x0000000000000700                SRAM_TWI_SIZE_MDY = SROM_TWI_SIZE_MDY
                0x0000000000040000                SRAM_INVALID_RCODE_ADDR = 0x40000
                0x0000000000016400                SRAM_TEXT_ADDR = SRAM_AP_FRONT_RCODE_ADDR
                0x0000000000015400                SRAM_DATA_ADDR = SRAM_AP_FRONT_DATA_ADDR
                0x00000000bfc16400                RCODE_TEXT_ADDR = (RCODE_ADDR_BASE + SRAM_TEXT_ADDR)
                0x000000009fc15400                RDATA_DATA_ADDR = (RDATA_ADDR_BASE + SRAM_DATA_ADDR)
                0x0000000040014c00                BANK_CONTROL_1_ADDR_BASE = ((AP_BANK_FRONT_CONTROL_1 << 0x18) + SRAM_AP_BANK_FRONT_CONTROL_ADDR)
                0x0000000048014400                BANK_UI_1_ADDR_BASE = ((AP_BANK_FRONT_UI_1 << 0x18) + SRAM_AP_BANK_FRONT_UI_ADDR)
                0x0000000000000800                BANK_CONTROL_SIZE = SRAM_AP_BANK_FRONT_CONTROL_SIZE
                0x0000000000000800                BANK_UI_SIZE = SRAM_AP_BANK_FRONT_UI_SIZE
                0x0000000000000600                BANK_UI_RESERVE_SIZE = (SRAM_AP_BANK_FRONT_UI_SIZE - 0x200)
                0x0000000000040000                AP_BANK_SPACE = BANK_SPACE
OUTPUT(upgrade.exe elf32-tradlittlemips)
                0x0000000048414400                XDATA_BASE = (BANK_UI_1_ADDR_BASE + (AP_BANK_SPACE * 0x10))

.XDATA_BANK_UI_STR_BUFFER
                0x0000000048414400      0x200
 common_ui_data.o(.xdata)
                0x0000000048414600                . = 0x200
 *fill*         0x0000000048414400      0x200 00
 *fill*         0x0000000048414600        0x0 00
                0x0000000040c14c00                . = (BANK_CONTROL_1_ADDR_BASE + (AP_BANK_SPACE * 0x30))
                0x0000000000014c00                OFFSET = (. & 0x3ffff)

BANK_CONTROL_1_48
                0x0000000040c14c00      0x800
 ui_menulist.o(.text .rodata .xdata)
                0x0000000000000800                . = BANK_CONTROL_SIZE
 *fill*         0x0000000040c14c00      0x800 00
 *fill*         0x0000000040c15400        0x0 00
                0x0000000040c54400                . = (((. + AP_BANK_SPACE) & ~ ((AP_BANK_SPACE - 0x1))) + OFFSET)

BANK_CONTROL_1_49
                0x0000000040c54c00      0x800
 ui_menulist2.o(.text .rodata .xdata)
                0x0000000000000800                . = BANK_CONTROL_SIZE
 *fill*         0x0000000040c54c00      0x800 00
 *fill*         0x0000000040c55400        0x0 00
                0x0000000040c94400                . = (((. + AP_BANK_SPACE) & ~ ((AP_BANK_SPACE - 0x1))) + OFFSET)

BANK_CONTROL_1_50
                0x0000000040c94c00      0x800
 ui_menulist_simple.o(.text .rodata .xdata)
                0x0000000000000800                . = BANK_CONTROL_SIZE
 *fill*         0x0000000040c94c00      0x800 00
 *fill*         0x0000000040c95400        0x0 00
                0x0000000040cd4400                . = (((. + AP_BANK_SPACE) & ~ ((AP_BANK_SPACE - 0x1))) + OFFSET)
                0x0000000040d14400                . = (((. + AP_BANK_SPACE) & ~ ((AP_BANK_SPACE - 0x1))) + OFFSET)
                0x0000000040d54400                . = (((. + AP_BANK_SPACE) & ~ ((AP_BANK_SPACE - 0x1))) + OFFSET)

BANK_CONTROL_1_53
                0x0000000040d54c00      0x800
 ui_parameter.o(.text .rodata .xdata)
                0x0000000000000800                . = BANK_CONTROL_SIZE
 *fill*         0x0000000040d54c00      0x800 00
 *fill*         0x0000000040d55400        0x0 00
                0x0000000040d94400                . = (((. + AP_BANK_SPACE) & ~ ((AP_BANK_SPACE - 0x1))) + OFFSET)

BANK_CONTROL_1_54
                0x0000000040d94c00      0x800
 ui_textread.o(.text .rodata .xdata)
                0x0000000000000800                . = BANK_CONTROL_SIZE
 *fill*         0x0000000040d94c00      0x800 00
 *fill*         0x0000000040d95400        0x0 00
                0x0000000040dd4400                . = (((. + AP_BANK_SPACE) & ~ ((AP_BANK_SPACE - 0x1))) + OFFSET)

BANK_CONTROL_1_55
                0x0000000040dd4c00      0x800
 setting_comval.o(.text .rodata .xdata)
                0x0000000000000800                . = BANK_CONTROL_SIZE
 *fill*         0x0000000040dd4c00      0x800 00
 *fill*         0x0000000040dd5400        0x0 00
                0x0000000048414400                . = (BANK_UI_1_ADDR_BASE + (AP_BANK_SPACE * 0x10))
                0x0000000000014400                OFFSET = (. & 0x3ffff)
                0x0000000048414600                . = (. + 0x200)

BANK_UI_1_16    0x0000000048414600      0x600
 app_manager_bank.o(.text .rodata .xdata)
 .text          0x0000000048414600      0x1c4 ./../../lib/app_manager_bank.o
                0x0000000048414601                applib_init
                0x00000000484146f9                applib_quit
                0x0000000000000600                . = BANK_UI_RESERVE_SIZE
 *fill*         0x00000000484147c4      0x43c 00
 *fill*         0x0000000048414c00        0x0 00
                0x0000000048454600                . = ((((. + AP_BANK_SPACE) & ~ ((AP_BANK_SPACE - 0x1))) + OFFSET) + 0x200)

BANK_UI_1_17    0x0000000048454600      0x600
 app_timer_bank.o(.text .rodata .xdata)
 .text          0x0000000048454600      0x1ac ./../../lib/app_timer_bank.o
                0x00000000484546f5                restart_app_timer
                0x0000000048454601                set_app_timer
                0x0000000048454679                modify_app_timer
                0x000000004845473d                kill_app_timer
                0x00000000484546c5                stop_app_timer
                0x000000004845476d                init_app_timers
                0x0000000000000600                . = BANK_UI_RESERVE_SIZE
 *fill*         0x00000000484547ac      0x454 00
 *fill*         0x0000000048454c00        0x0 00
                0x0000000048494600                . = ((((. + AP_BANK_SPACE) & ~ ((AP_BANK_SPACE - 0x1))) + OFFSET) + 0x200)

BANK_UI_1_18    0x0000000048494600      0x600
 message_bank_init.o(.text .rodata .xdata)
 .text          0x0000000048494600       0x40 ./../../lib/message_bank_init.o
                0x0000000048494601                applib_message_init
 message_bank_send.o(.text .rodata .xdata)
 .text          0x0000000048494640      0x170 ./../../lib/message_bank_send.o
                0x0000000048494679                send_sync_msg
                0x0000000048494759                send_async_msg
                0x0000000048494799                reply_sync_msg
 message_bank_broadcast.o(.text .rodata .xdata)
 .text          0x00000000484947b0       0x74 ./../../lib/message_bank_broadcast.o
                0x00000000484947e9                broadcast_msg_sys
                0x00000000484947b1                broadcast_msg
                0x0000000000000600                . = BANK_UI_RESERVE_SIZE
 *fill*         0x0000000048494824      0x3dc 00
 *fill*         0x0000000048494c00        0x0 00
                0x00000000484d4600                . = ((((. + AP_BANK_SPACE) & ~ ((AP_BANK_SPACE - 0x1))) + OFFSET) + 0x200)

BANK_UI_1_19    0x00000000484d4600      0x600
                0x0000000000000600                . = BANK_UI_RESERVE_SIZE
 *fill*         0x00000000484d4600      0x600 00
 *fill*         0x00000000484d4c00        0x0 00
                0x0000000048514600                . = ((((. + AP_BANK_SPACE) & ~ ((AP_BANK_SPACE - 0x1))) + OFFSET) + 0x200)

BANK_UI_1_20    0x0000000048514600      0x600
 common_config.o(.text .rodata .xdata)
 .text          0x0000000048514600      0x11c ./../../lib/common_config.o
                0x00000000485146bd                com_get_config_default
                0x0000000048514601                com_open_config_file
                0x000000004851464d                com_get_config_struct
                0x0000000000000600                . = BANK_UI_RESERVE_SIZE
 *fill*         0x000000004851471c      0x4e4 00
 *fill*         0x0000000048514c00        0x0 00
                0x0000000048554600                . = ((((. + AP_BANK_SPACE) & ~ ((AP_BANK_SPACE - 0x1))) + OFFSET) + 0x200)

BANK_UI_1_21    0x0000000048554600      0x600
 common_msgmap_data.o(.text .rodata .xdata)
 .rodata        0x0000000048554600      0x1ac ./../../lib/common_msgmap_data.o
                0x00000000485546d8                textread_key_map_list
                0x000000004855466c                keylock_list
                0x000000004855475c                limit_key_map_list
                0x0000000048554788                key_shortcut_list
                0x0000000048554684                menulist_key_map_list
                0x00000000485546f8                usbconnect_key_map_list
                0x0000000048554618                dialog_key_map_list
                0x00000000485546cc                shutoff_key_map_list
                0x0000000048554730                volume_key_map_list
                0x00000000485546a8                parameter_key_map_list
                0x0000000048554600                delete_key_map_list
                0x000000004855463c                directory_key_map_list
 common_msgmap.o(.text .rodata .xdata)
 .text          0x00000000485547ac       0xb4 ./../../lib/common_msgmap.o
                0x00000000485547ad                com_key_mapping
                0x0000000000000600                . = BANK_UI_RESERVE_SIZE
 *fill*         0x0000000048554860      0x3a0 00
 *fill*         0x0000000048554c00        0x0 00
                0x0000000048594400                . = (((. + AP_BANK_SPACE) & ~ ((AP_BANK_SPACE - 0x1))) + OFFSET)

BANK_UI_1_22    0x0000000048594400      0x800
 common_confmenu.o(.text .rodata .xdata)
                0x0000000000000800                . = BANK_UI_SIZE
 *fill*         0x0000000048594400      0x800 00
 *fill*         0x0000000048594c00        0x0 00
                0x00000000485d4400                . = (((. + AP_BANK_SPACE) & ~ ((AP_BANK_SPACE - 0x1))) + OFFSET)

BANK_UI_1_23    0x00000000485d4400      0x800
 common_history.o(.text .rodata .xdata)
                0x0000000000000800                . = BANK_UI_SIZE
 *fill*         0x00000000485d4400      0x800 00
 *fill*         0x00000000485d4c00        0x0 00
                0x0000000048614600                . = ((((. + AP_BANK_SPACE) & ~ ((AP_BANK_SPACE - 0x1))) + OFFSET) + 0x200)

BANK_UI_1_24    0x0000000048614600      0x600
 common_string.o(.text .rodata .xdata)
                0x0000000000000600                . = BANK_UI_RESERVE_SIZE
 *fill*         0x0000000048614600      0x600 00
 *fill*         0x0000000048614c00        0x0 00
                0x0000000048654600                . = ((((. + AP_BANK_SPACE) & ~ ((AP_BANK_SPACE - 0x1))) + OFFSET) + 0x200)

BANK_UI_1_25    0x0000000048654600      0x600
 common_string2.o(.text .rodata .xdata)
                0x0000000000000600                . = BANK_UI_RESERVE_SIZE
 *fill*         0x0000000048654600      0x600 00
 *fill*         0x0000000048654c00        0x0 00
                0x0000000048694600                . = ((((. + AP_BANK_SPACE) & ~ ((AP_BANK_SPACE - 0x1))) + OFFSET) + 0x200)

BANK_UI_1_26    0x0000000048694600      0x600
 common_key.o(.text .rodata .xdata)
 .text          0x0000000048694600      0x298 ./../../lib/common_key.o
                0x0000000048694601                com_gui_msg_hook
                0x000000004869487d                com_filter_key_hold
 common_msg.o(.text .rodata .xdata)
 .text          0x0000000048694898      0x2e4 ./../../lib/common_msg.o
                0x0000000048694899                com_app_msg_hook
                0x0000000000000600                . = BANK_UI_RESERVE_SIZE
 *fill*         0x0000000048694b7c       0x84 00
 *fill*         0x0000000048694c00        0x0 00
                0x00000000486d4600                . = ((((. + AP_BANK_SPACE) & ~ ((AP_BANK_SPACE - 0x1))) + OFFSET) + 0x200)

BANK_UI_1_27    0x00000000486d4600      0x600
 common_sound.o(.text .rodata .xdata)
 .text          0x00000000486d4600      0x444 ./../../lib/common_sound.o
                0x00000000486d4601                com_set_sound_keytone
                0x00000000486d4761                com_set_sound_volume
                0x00000000486d483d                com_set_sound_out
                0x00000000486d49d9                com_set_sound_record
                0x0000000000000600                . = BANK_UI_RESERVE_SIZE
 *fill*         0x00000000486d4a44      0x1bc 00
 *fill*         0x00000000486d4c00        0x0 00
                0x0000000048714600                . = ((((. + AP_BANK_SPACE) & ~ ((AP_BANK_SPACE - 0x1))) + OFFSET) + 0x200)

BANK_UI_1_28    0x0000000048714600      0x600
 common_phy_volume_deal.o(.text .rodata .xdata)
 .text          0x0000000048714600       0x38 ./../../lib/common_phy_volume_deal.o
                0x0000000048714601                com_set_phy_volume
 common_phy_volume_table.o(.text .rodata .xdata)
 .rodata        0x0000000048714638      0x100 ./../../lib/common_phy_volume_table.o
                0x0000000048714638                g_hard_volume_table
                0x0000000000000600                . = BANK_UI_RESERVE_SIZE
 *fill*         0x0000000048714738      0x4c8 00
 *fill*         0x0000000048714c00        0x0 00
                0x0000000048754400                . = (((. + AP_BANK_SPACE) & ~ ((AP_BANK_SPACE - 0x1))) + OFFSET)
                0x0000000048794400                . = (((. + AP_BANK_SPACE) & ~ ((AP_BANK_SPACE - 0x1))) + OFFSET)

BANK_UI_1_30    0x0000000048794400      0x800
 ui_menulist_sub.o(.text .rodata .xdata)
                0x0000000000000800                . = BANK_UI_SIZE
 *fill*         0x0000000048794400      0x800 00
 *fill*         0x0000000048794c00        0x0 00
                0x00000000487d4400                . = (((. + AP_BANK_SPACE) & ~ ((AP_BANK_SPACE - 0x1))) + OFFSET)

BANK_UI_1_31    0x00000000487d4400      0x800
 ui_menulist_sub2.o(.text .rodata .xdata)
                0x0000000000000800                . = BANK_UI_SIZE
 *fill*         0x00000000487d4400      0x800 00
 *fill*         0x00000000487d4c00        0x0 00
                0x0000000048814400                . = (((. + AP_BANK_SPACE) & ~ ((AP_BANK_SPACE - 0x1))) + OFFSET)

BANK_UI_1_32    0x0000000048814400      0x800
 ui_textread_dec.o(.text .rodata .xdata)
 ui_textread_sub.o(.text .rodata .xdata)
                0x0000000000000800                . = BANK_UI_SIZE
 *fill*         0x0000000048814400      0x800 00
 *fill*         0x0000000048814c00        0x0 00
                0x0000000048854600                . = ((((. + AP_BANK_SPACE) & ~ ((AP_BANK_SPACE - 0x1))) + OFFSET) + 0x200)

BANK_UI_1_33    0x0000000048854600      0x600
 ui_headbar.o(.text .rodata .xdata)
 .text          0x0000000048854600      0x448 ./../../lib/ui_headbar.o
                0x0000000048854601                gui_set_headbar_mode
                0x00000000488546bd                gui_headbar
                0x0000000048854695                gui_get_headbar_mode
                0x0000000000000600                . = BANK_UI_RESERVE_SIZE
 *fill*         0x0000000048854a48      0x1b8 00
 *fill*         0x0000000048854c00        0x0 00
                0x0000000048894600                . = ((((. + AP_BANK_SPACE) & ~ ((AP_BANK_SPACE - 0x1))) + OFFSET) + 0x200)
                0x00000000488d4600                . = ((((. + AP_BANK_SPACE) & ~ ((AP_BANK_SPACE - 0x1))) + OFFSET) + 0x200)
                0x0000000048914600                . = ((((. + AP_BANK_SPACE) & ~ ((AP_BANK_SPACE - 0x1))) + OFFSET) + 0x200)

BANK_UI_1_36    0x0000000048914600      0x600
 ui_keylock.o(.text .rodata .xdata)
 .text          0x0000000048914600      0x418 ./../../lib/ui_keylock.o
                0x0000000048914715                gui_keylock
                0x0000000048914601                keylock_msg_deal
                0x0000000048914701                keylock_handle
                0x0000000000000600                . = BANK_UI_RESERVE_SIZE
 *fill*         0x0000000048914a18      0x1e8 00
 *fill*         0x0000000048914c00        0x0 00
                0x0000000048954600                . = ((((. + AP_BANK_SPACE) & ~ ((AP_BANK_SPACE - 0x1))) + OFFSET) + 0x200)

BANK_UI_1_37    0x0000000048954600      0x600
 ui_shutoff.o(.text .rodata .xdata)
 .text          0x0000000048954600      0x2ac ./../../lib/ui_shutoff.o
                0x000000004895465d                gui_shut_off
                0x0000000048954639                timer_shutoff_handle
                0x0000000048954601                show_shutoff_time
                0x0000000000000600                . = BANK_UI_RESERVE_SIZE
 *fill*         0x00000000489548ac      0x354 00
 *fill*         0x0000000048954c00        0x0 00
                0x0000000048994600                . = ((((. + AP_BANK_SPACE) & ~ ((AP_BANK_SPACE - 0x1))) + OFFSET) + 0x200)

BANK_UI_1_38    0x0000000048994600      0x600
 ui_screensave.o(.text .rodata .xdata)
 .text          0x0000000048994600      0x3f0 ./../../lib/ui_screensave.o
                0x0000000048994815                gui_screen_save_exit
                0x0000000048994601                gui_screen_save_enter
                0x000000004899499d                play_albumart_save
                0x00000000489949a9                play_albumart_save_init
                0x0000000000000600                . = BANK_UI_RESERVE_SIZE
 *fill*         0x00000000489949f0      0x210 00
 *fill*         0x0000000048994c00        0x0 00
                0x00000000489d4600                . = ((((. + AP_BANK_SPACE) & ~ ((AP_BANK_SPACE - 0x1))) + OFFSET) + 0x200)

BANK_UI_1_39    0x00000000489d4600      0x600
 ui_screensave_sub.o(.text .rodata .xdata)
 .text          0x00000000489d4600      0x278 ./../../lib/ui_screensave_sub.o
                0x00000000489d4601                draw_digit_clock
                0x00000000489d4811                digit_clock_handle
                0x00000000489d4825                album_art_handle
                0x0000000000000600                . = BANK_UI_RESERVE_SIZE
 *fill*         0x00000000489d4878      0x388 00
 *fill*         0x00000000489d4c00        0x0 00
                0x0000000048a14600                . = ((((. + AP_BANK_SPACE) & ~ ((AP_BANK_SPACE - 0x1))) + OFFSET) + 0x200)

BANK_UI_1_40    0x0000000048a14600      0x600
 ui_animation.o(.text .rodata .xdata)
 .text          0x0000000048a14600      0x2d8 ./../../lib/ui_animation.o
                0x0000000048a147b1                gui_logo
                0x0000000048a14601                gui_animation
                0x0000000000000600                . = BANK_UI_RESERVE_SIZE
 *fill*         0x0000000048a148d8      0x328 00
 *fill*         0x0000000048a14c00        0x0 00
                0x0000000048a54600                . = ((((. + AP_BANK_SPACE) & ~ ((AP_BANK_SPACE - 0x1))) + OFFSET) + 0x200)

BANK_UI_1_41    0x0000000048a54600      0x600
 ui_volumebar.o(.text .rodata .xdata)
 .text          0x0000000048a54600      0x55c ./../../lib/ui_volumebar.o
                0x0000000048a54981                gui_volumebar
                0x0000000048a54849                ui_set_parameter_volume
                0x0000000048a54601                timeup_func_proc
                0x0000000048a54615                volumebar_msg_deal
                0x0000000000000600                . = BANK_UI_RESERVE_SIZE
 *fill*         0x0000000048a54b5c       0xa4 00
 *fill*         0x0000000048a54c00        0x0 00
                0x0000000048a94600                . = ((((. + AP_BANK_SPACE) & ~ ((AP_BANK_SPACE - 0x1))) + OFFSET) + 0x200)

BANK_UI_1_42    0x0000000048a94600      0x600
 ui_volumebar_sub.o(.text .rodata .xdata)
 .text          0x0000000048a94600      0x30c ./../../lib/ui_volumebar_sub.o
                0x0000000048a94651                show_volumebar_ui
                0x0000000048a94601                show_volume_extra
                0x0000000000000600                . = BANK_UI_RESERVE_SIZE
 *fill*         0x0000000048a9490c      0x2f4 00
 *fill*         0x0000000048a94c00        0x0 00
                0x0000000048ad4600                . = ((((. + AP_BANK_SPACE) & ~ ((AP_BANK_SPACE - 0x1))) + OFFSET) + 0x200)

BANK_UI_1_43    0x0000000048ad4600      0x600
 ui_dialog.o(.text .rodata .xdata)
 .text          0x0000000048ad4600      0x488 ./../../lib/ui_dialog.o
                0x0000000048ad47b1                gui_dialog
                0x0000000048ad4601                dialog_msg_deal
                0x0000000048ad4a2d                gui_dialog_msg
 .rodata        0x0000000048ad4a88       0x54 ./../../lib/ui_dialog.o
                0x0000000048ad4a88                button_list
                0x0000000000000600                . = BANK_UI_RESERVE_SIZE
 *fill*         0x0000000048ad4adc      0x124 00
 *fill*         0x0000000048ad4c00        0x0 00
                0x0000000048b14600                . = ((((. + AP_BANK_SPACE) & ~ ((AP_BANK_SPACE - 0x1))) + OFFSET) + 0x200)

BANK_UI_1_44    0x0000000048b14600      0x600
 ui_usbconnect.o(.text .rodata .xdata)
 .text          0x0000000048b14600      0x51c ./../../lib/ui_usbconnect.o
                0x0000000048b14665                usbconnect_msg_deal
                0x0000000048b14641                clear_usb_time
                0x0000000048b14929                gui_usbconnect
                0x0000000048b14601                timer_usb_handle
                0x0000000048b1482d                ui_dialog_usbconnect
 .rodata        0x0000000048b14b1c       0x14 ./../../lib/ui_usbconnect.o
                0x0000000048b14b20                usb_result
                0x0000000048b14b24                style_usb_time
                0x0000000048b14b1c                usb_buttons
                0x0000000000000600                . = BANK_UI_RESERVE_SIZE
 *fill*         0x0000000048b14b30       0xd0 00
 *fill*         0x0000000048b14c00        0x0 00
                0x0000000048b54600                . = ((((. + AP_BANK_SPACE) & ~ ((AP_BANK_SPACE - 0x1))) + OFFSET) + 0x200)

BANK_UI_1_45    0x0000000048b54600      0x600
 miscellaneous.o(.text .rodata .xdata)
 .text          0x0000000048b54600       0xa8 ./../../lib/miscellaneous.o
                0x0000000048b54601                com_set_contrast
                0x0000000048b5463d                com_set_gui_direction
                0x0000000048b54679                com_get_gui_direction
                0x0000000048b54691                com_set_sys_comval
 .rodata        0x0000000048b546a8        0xc ./../../lib/miscellaneous.o
                0x0000000048b546a8                lightness_map_data
 app_sleep.o(.text .rodata .xdata)
 .text          0x0000000048b546b4       0x84 ./../../lib/app_sleep.o
                0x0000000048b546b5                com_app_sleep
 sys_timer.o(.text .rodata .xdata)
 .text          0x0000000048b54738      0x104 ./../../lib/sys_timer.o
                0x0000000048b54811                sys_timer_exit
                0x0000000048b54739                sys_timer_init
                0x0000000000000600                . = BANK_UI_RESERVE_SIZE
 *fill*         0x0000000048b5483c      0x3c4 00
 *fill*         0x0000000048b54c00        0x0 00
                0x0000000048b94600                . = ((((. + AP_BANK_SPACE) & ~ ((AP_BANK_SPACE - 0x1))) + OFFSET) + 0x200)

BANK_UI_1_46    0x0000000048b94600      0x600
 sys_counter.o(.text .rodata .xdata)
 .text          0x0000000048b94600      0x2d4 ./../../lib/sys_counter.o
                0x0000000048b948d1                peripheral_detect_handle
                0x0000000048b94881                sys_status_handle
                0x0000000048b94601                sys_counter_handle
 common_charge.o(.text .rodata .xdata)
 .text          0x0000000048b948d4      0x18c ./../../lib/common_charge.o
                0x0000000048b948d5                com_battery_charge_change_deal
                0x0000000048b94939                com_battery_charge_deal
 ui_headbar_handle.o(.text .rodata .xdata)
 .text          0x0000000048b94a60       0xd4 ./../../lib/ui_headbar_handle.o
                0x0000000048b94a61                gui_headbar_handle
                0x0000000000000600                . = BANK_UI_RESERVE_SIZE
 *fill*         0x0000000048b94b34       0xcc 00
[...]
 .debug_str     0x0000000000003fa4       0x35 ./../../lib/ui_keylock.o
 .debug_str     0x0000000000003fd9       0x2b ./../../lib/ui_shutoff.o
 .debug_str     0x0000000000004004       0x12 ./../../lib/ui_screensave.o
 .debug_str     0x0000000000004016       0x1e ./../../lib/ui_screensave_sub.o
 .debug_str     0x0000000000004034       0x43 ./../../lib/ui_animation.o
 .debug_str     0x0000000000004077       0x50 ./../../lib/ui_volumebar.o
 .debug_str     0x00000000000040c7       0x4c ./../../lib/ui_volumebar_sub.o
 .debug_str     0x0000000000004113       0x6d ./../../lib/ui_dialog.o
 .debug_str     0x0000000000004180       0x6d ./../../lib/ui_usbconnect.o
 .debug_str     0x00000000000041ed       0x1c ./../../lib/miscellaneous.o
 .debug_str     0x0000000000004209       0x12 ./../../lib/app_sleep.o
 .debug_str     0x000000000000421b       0x12 ./../../lib/sys_timer.o
 .debug_str     0x000000000000422d      0x3db ./../../lib/sys_counter.o
                                        0x7cd (size before relaxing)
 .debug_str     0x0000000000004608       0x12 ./../../lib/common_charge.o
 .debug_str     0x000000000000461a      0x33d ./../../lib/ui_headbar_handle.o
                                        0x646 (size before relaxing)
 .debug_str     0x0000000000004957       0x1e ./../../lib/message_box.o
 .debug_str     0x0000000000004975       0xca ./../../lib/alarm_msg_dispatch.o
 .debug_str     0x0000000000004a3f       0x12 ./../../lib/alarm_msg_dispatch2.o
 .debug_str     0x0000000000004a51       0x12 ./../../lib/antenna_detect.o
 .debug_str     0x0000000000004a63       0x3f ./../../lib/common_setdae_init.o
 .debug_str     0x0000000000004aa2      0x271 ./../../lib/common_keytone_play.o
                                        0x745 (size before relaxing)

.comment        0x0000000000000000      0xc43
 .comment       0x0000000000000000       0x2b ./../../lib/applib_globe_data.o
 .comment       0x000000000000002b       0x2b ./obj/upgrade_rcode.o
 .comment       0x0000000000000056       0x2b ./obj/decrypt.o
 .comment       0x0000000000000081       0x2b ./obj/upgrade_show.o
 .comment       0x00000000000000ac       0x2b ./../../ap/ap_upgrade/fw_decrypt/init.o
 .comment       0x00000000000000d7       0x2b ./../../ap/ap_upgrade/fw_decrypt/ABC_03.o
 .comment       0x0000000000000102       0x2b ./../../ap/ap_upgrade/fw_decrypt/ABC_05.o
 .comment       0x000000000000012d       0x2b ./../../ap/ap_upgrade/fw_decrypt/ABC_06.o
 .comment       0x0000000000000158       0x2b ./../../ap/ap_upgrade/fw_decrypt/ABC_08.o
 .comment       0x0000000000000183       0x2b ./../../ap/ap_upgrade/fw_decrypt/ABC_13.o
 .comment       0x00000000000001ae       0x2b ./../../ap/ap_upgrade/fw_decrypt/ABC_23.o
 .comment       0x00000000000001d9       0x2b ./../../ap/ap_upgrade/fw_decrypt/ABC_29.o
 .comment       0x0000000000000204       0x2b ./../../ap/ap_upgrade/fw_decrypt/ABC_33.o
 .comment       0x000000000000022f       0x2b ./../../ap/ap_upgrade/fw_decrypt/ABC_39.o
 .comment       0x000000000000025a       0x2b ./../../ap/ap_upgrade/fw_decrypt/ABC_N2.o
 .comment       0x0000000000000285       0x2b ./../../lib/app_timer_rcode.o
 .comment       0x00000000000002b0       0x2b ./../../lib/message_rcode.o
 .comment       0x00000000000002db       0x2b ./../../lib/applib_app_data.o
 .comment       0x0000000000000306       0x2b ./../../lib/common_ui_data.o
 .comment       0x0000000000000331       0x2b ./../../lib/common_func_data.o
 .comment       0x000000000000035c       0x2b ./obj/upgrade_main.o
 .comment       0x0000000000000387       0x2b ./../../../psp_rel/lib/ctor.o
 .comment       0x00000000000003b2       0x2b ./obj/upgrade_firmware.o
 .comment       0x00000000000003dd       0x2b ./obj/ap_upgrade_fw_check.o
 .comment       0x0000000000000408       0x2b ./../../lib/ui_menulist.o
 .comment       0x0000000000000433       0x2b ./../../lib/ui_menulist2.o
 .comment       0x000000000000045e       0x2b ./../../lib/ui_menulist_simple.o
 .comment       0x0000000000000489       0x2b ./../../lib/ui_parameter.o
 .comment       0x00000000000004b4       0x2b ./../../lib/ui_textread.o
 .comment       0x00000000000004df       0x2b ./../../lib/setting_comval.o
 .comment       0x000000000000050a       0x2b ./../../lib/app_manager_bank.o
 .comment       0x0000000000000535       0x2b ./../../lib/app_timer_bank.o
 .comment       0x0000000000000560       0x2b ./../../lib/message_bank_init.o
 .comment       0x000000000000058b       0x2b ./../../lib/message_bank_send.o
 .comment       0x00000000000005b6       0x2b ./../../lib/message_bank_broadcast.o
 .comment       0x00000000000005e1       0x2b ./../../lib/common_config.o
 .comment       0x000000000000060c       0x2b ./../../lib/common_msgmap_data.o
 .comment       0x0000000000000637       0x2b ./../../lib/common_msgmap.o
 .comment       0x0000000000000662       0x2b ./../../lib/common_confmenu.o
 .comment       0x000000000000068d       0x2b ./../../lib/common_history.o
 .comment       0x00000000000006b8       0x2b ./../../lib/common_string.o
 .comment       0x00000000000006e3       0x2b ./../../lib/common_string2.o
 .comment       0x000000000000070e       0x2b ./../../lib/common_key.o
 .comment       0x0000000000000739       0x2b ./../../lib/common_msg.o
 .comment       0x0000000000000764       0x2b ./../../lib/common_sound.o
 .comment       0x000000000000078f       0x2b ./../../lib/common_phy_volume_deal.o
 .comment       0x00000000000007ba       0x2b ./../../lib/common_phy_volume_table.o
 .comment       0x00000000000007e5       0x2b ./../../lib/ui_menulist_sub.o
 .comment       0x0000000000000810       0x2b ./../../lib/ui_menulist_sub2.o
 .comment       0x000000000000083b       0x2b ./../../lib/ui_textread_dec.o
 .comment       0x0000000000000866       0x2b ./../../lib/ui_textread_sub.o
 .comment       0x0000000000000891       0x2b ./../../lib/ui_headbar.o
 .comment       0x00000000000008bc       0x2b ./../../lib/ui_keylock.o
 .comment       0x00000000000008e7       0x2b ./../../lib/ui_shutoff.o
 .comment       0x0000000000000912       0x2b ./../../lib/ui_screensave.o
 .comment       0x000000000000093d       0x2b ./../../lib/ui_screensave_sub.o
 .comment       0x0000000000000968       0x2b ./../../lib/ui_animation.o
 .comment       0x0000000000000993       0x2b ./../../lib/ui_volumebar.o
 .comment       0x00000000000009be       0x2b ./../../lib/ui_volumebar_sub.o
 .comment       0x00000000000009e9       0x2b ./../../lib/ui_dialog.o
 .comment       0x0000000000000a14       0x2b ./../../lib/ui_usbconnect.o
 .comment       0x0000000000000a3f       0x2b ./../../lib/miscellaneous.o
 .comment       0x0000000000000a6a       0x2b ./../../lib/app_sleep.o
 .comment       0x0000000000000a95       0x2b ./../../lib/sys_timer.o
 .comment       0x0000000000000ac0       0x2b ./../../lib/sys_counter.o
 .comment       0x0000000000000aeb       0x2b ./../../lib/common_charge.o
 .comment       0x0000000000000b16       0x2b ./../../lib/ui_headbar_handle.o
 .comment       0x0000000000000b41       0x2b ./../../lib/message_box.o
 .comment       0x0000000000000b6c       0x2b ./../../lib/alarm_msg_dispatch.o
 .comment       0x0000000000000b97       0x2b ./../../lib/alarm_msg_dispatch2.o
 .comment       0x0000000000000bc2       0x2b ./../../lib/antenna_detect.o
 .comment       0x0000000000000bed       0x2b ./../../lib/common_setdae_init.o
 .comment       0x0000000000000c18       0x2b ./../../lib/common_keytone_play.o

.debug_frame    0x0000000000000000     0x2954
 .debug_frame   0x0000000000000000      0x144 ./obj/upgrade_rcode.o
 .debug_frame   0x0000000000000144       0x7c ./obj/decrypt.o
 .debug_frame   0x00000000000001c0       0xbc ./obj/upgrade_show.o
 .debug_frame   0x000000000000027c       0x30 ./../../ap/ap_upgrade/fw_decrypt/init.o
 .debug_frame   0x00000000000002ac       0x38 ./../../ap/ap_upgrade/fw_decrypt/ABC_03.o
 .debug_frame   0x00000000000002e4       0x50 ./../../ap/ap_upgrade/fw_decrypt/ABC_05.o
 .debug_frame   0x0000000000000334       0x28 ./../../ap/ap_upgrade/fw_decrypt/ABC_06.o
 .debug_frame   0x000000000000035c       0x84 ./../../ap/ap_upgrade/fw_decrypt/ABC_08.o
 .debug_frame   0x00000000000003e0      0x204 ./../../ap/ap_upgrade/fw_decrypt/ABC_13.o
 .debug_frame   0x00000000000005e4       0x30 ./../../ap/ap_upgrade/fw_decrypt/ABC_23.o
 .debug_frame   0x0000000000000614       0x44 ./../../ap/ap_upgrade/fw_decrypt/ABC_29.o
 .debug_frame   0x0000000000000658       0x3c ./../../ap/ap_upgrade/fw_decrypt/ABC_33.o
 .debug_frame   0x0000000000000694       0xa8 ./../../ap/ap_upgrade/fw_decrypt/ABC_39.o
 .debug_frame   0x000000000000073c       0x3c ./../../ap/ap_upgrade/fw_decrypt/ABC_N2.o
 .debug_frame   0x0000000000000778       0x34 ./../../lib/app_timer_rcode.o
 .debug_frame   0x00000000000007ac       0x74 ./../../lib/message_rcode.o
 .debug_frame   0x0000000000000820       0xc4 ./obj/upgrade_main.o
 .debug_frame   0x00000000000008e4       0x58 ./../../../psp_rel/lib/ctor.o
 .debug_frame   0x000000000000093c       0x7c ./obj/upgrade_firmware.o
 .debug_frame   0x00000000000009b8       0x60 ./obj/ap_upgrade_fw_check.o
 .debug_frame   0x0000000000000a18       0xf4 ./../../lib/ui_menulist.o
 .debug_frame   0x0000000000000b0c      0x198 ./../../lib/ui_menulist2.o
 .debug_frame   0x0000000000000ca4      0x13c ./../../lib/ui_menulist_simple.o
 .debug_frame   0x0000000000000de0       0xd8 ./../../lib/ui_parameter.o
 .debug_frame   0x0000000000000eb8       0x90 ./../../lib/ui_textread.o
 .debug_frame   0x0000000000000f48       0x60 ./../../lib/setting_comval.o
 .debug_frame   0x0000000000000fa8       0x58 ./../../lib/app_manager_bank.o
 .debug_frame   0x0000000000001000       0xa8 ./../../lib/app_timer_bank.o
 .debug_frame   0x00000000000010a8       0x34 ./../../lib/message_bank_init.o
 .debug_frame   0x00000000000010dc       0x80 ./../../lib/message_bank_send.o
 .debug_frame   0x000000000000115c       0x58 ./../../lib/message_bank_broadcast.o
 .debug_frame   0x00000000000011b4       0x78 ./../../lib/common_config.o
 .debug_frame   0x000000000000122c       0x2c ./../../lib/common_msgmap.o
 .debug_frame   0x0000000000001258       0xec ./../../lib/common_confmenu.o
 .debug_frame   0x0000000000001344       0xe8 ./../../lib/common_history.o
 .debug_frame   0x000000000000142c       0x50 ./../../lib/common_string.o
 .debug_frame   0x000000000000147c       0xbc ./../../lib/common_string2.o
 .debug_frame   0x0000000000001538      0x158 ./../../lib/common_key.o
 .debug_frame   0x0000000000001690      0x130 ./../../lib/common_msg.o
 .debug_frame   0x00000000000017c0      0x148 ./../../lib/common_sound.o
 .debug_frame   0x0000000000001908       0x28 ./../../lib/common_phy_volume_deal.o
 .debug_frame   0x0000000000001930       0x6c ./../../lib/ui_menulist_sub.o
 .debug_frame   0x000000000000199c       0x74 ./../../lib/ui_menulist_sub2.o
 .debug_frame   0x0000000000001a10       0x74 ./../../lib/ui_textread_dec.o
 .debug_frame   0x0000000000001a84       0x7c ./../../lib/ui_textread_sub.o
 .debug_frame   0x0000000000001b00       0xd4 ./../../lib/ui_headbar.o
 .debug_frame   0x0000000000001bd4       0xe4 ./../../lib/ui_keylock.o
 .debug_frame   0x0000000000001cb8       0xb4 ./../../lib/ui_shutoff.o
 .debug_frame   0x0000000000001d6c      0x178 ./../../lib/ui_screensave.o
 .debug_frame   0x0000000000001ee4       0xb4 ./../../lib/ui_screensave_sub.o
 .debug_frame   0x0000000000001f98       0xb4 ./../../lib/ui_animation.o
 .debug_frame   0x000000000000204c       0xd0 ./../../lib/ui_volumebar.o
 .debug_frame   0x000000000000211c       0x58 ./../../lib/ui_volumebar_sub.o
 .debug_frame   0x0000000000002174       0xb4 ./../../lib/ui_dialog.o
 .debug_frame   0x0000000000002228       0xfc ./../../lib/ui_usbconnect.o
 .debug_frame   0x0000000000002324       0x90 ./../../lib/miscellaneous.o
 .debug_frame   0x00000000000023b4       0x34 ./../../lib/app_sleep.o
 .debug_frame   0x00000000000023e8       0x90 ./../../lib/sys_timer.o
 .debug_frame   0x0000000000002478       0x64 ./../../lib/sys_counter.o
 .debug_frame   0x00000000000024dc       0x50 ./../../lib/common_charge.o
 .debug_frame   0x000000000000252c       0x30 ./../../lib/ui_headbar_handle.o
 .debug_frame   0x000000000000255c       0x88 ./../../lib/message_box.o
 .debug_frame   0x00000000000025e4       0xc4 ./../../lib/alarm_msg_dispatch.o
 .debug_frame   0x00000000000026a8       0x48 ./../../lib/alarm_msg_dispatch2.o
 .debug_frame   0x00000000000026f0       0x74 ./../../lib/antenna_detect.o
 .debug_frame   0x0000000000002764       0xa8 ./../../lib/common_setdae_init.o
 .debug_frame   0x000000000000280c      0x148 ./../../lib/common_keytone_play.o

.debug_aranges  0x0000000000000000      0x9a0
 .debug_aranges
                0x0000000000000000       0x20 ./obj/upgrade_rcode.o
 .debug_aranges
                0x0000000000000020       0x20 ./obj/decrypt.o
 .debug_aranges
                0x0000000000000040       0x20 ./obj/upgrade_show.o
 .debug_aranges
                0x0000000000000060       0x20 ./../../ap/ap_upgrade/fw_decrypt/init.o
 .debug_aranges
                0x0000000000000080       0x20 ./../../ap/ap_upgrade/fw_decrypt/ABC_03.o
 .debug_aranges
                0x00000000000000a0       0x20 ./../../ap/ap_upgrade/fw_decrypt/ABC_05.o
 .debug_aranges
                0x00000000000000c0       0x20 ./../../ap/ap_upgrade/fw_decrypt/ABC_06.o
 .debug_aranges
                0x00000000000000e0       0x20 ./../../ap/ap_upgrade/fw_decrypt/ABC_08.o
 .debug_aranges
                0x0000000000000100       0x20 ./../../ap/ap_upgrade/fw_decrypt/ABC_13.o
 .debug_aranges
                0x0000000000000120       0x20 ./../../ap/ap_upgrade/fw_decrypt/ABC_23.o
 .debug_aranges
                0x0000000000000140       0x20 ./../../ap/ap_upgrade/fw_decrypt/ABC_29.o
 .debug_aranges
                0x0000000000000160       0x20 ./../../ap/ap_upgrade/fw_decrypt/ABC_33.o
 .debug_aranges
                0x0000000000000180       0x20 ./../../ap/ap_upgrade/fw_decrypt/ABC_39.o
 .debug_aranges
                0x00000000000001a0       0x20 ./../../ap/ap_upgrade/fw_decrypt/ABC_N2.o
 .debug_aranges
                0x00000000000001c0       0x20 ./../../../psp_rel/lib/ccd_op_entry.o
 .debug_aranges
                0x00000000000001e0       0x20 ./../../../psp_rel/lib/lcd_op_entry.o
 .debug_aranges
                0x0000000000000200       0x20 ./../../../psp_rel/lib/stub_mod_cmd.o
 .debug_aranges
                0x0000000000000220       0x20 ./../../../psp_rel/lib/sys_op_entry.o
 .debug_aranges
                0x0000000000000240       0x20 ./../../../psp_rel/lib/libc_op_entry.o
 .debug_aranges
                0x0000000000000260       0x20 ./../../../psp_rel/lib/vfs_op_entry.o
 .debug_aranges
                0x0000000000000280       0x20 ./../../../psp_rel/lib/base_op_entry.o
 .debug_aranges
                0x00000000000002a0       0x20 ./../../../psp_rel/lib/audio_device_op_entry.o
 .debug_aranges
                0x00000000000002c0       0x20 ./../../../psp_rel/lib/key_op_entry.o
 .debug_aranges
                0x00000000000002e0       0x20 ./../../../psp_rel/lib/ui_op_entry.o
 .debug_aranges
                0x0000000000000300       0x20 ./../../lib/app_timer_rcode.o
 .debug_aranges
                0x0000000000000320       0x20 ./../../lib/message_rcode.o
 .debug_aranges
                0x0000000000000340       0x20 ./obj/upgrade_main.o
 .debug_aranges
                0x0000000000000360       0x20 ./../../../psp_rel/lib/ctor.o
 .debug_aranges
                0x0000000000000380       0x20 ./obj/upgrade_firmware.o
 .debug_aranges
                0x00000000000003a0       0x20 ./obj/ap_upgrade_fw_check.o
 .debug_aranges
                0x00000000000003c0       0x20 ./../../lib/ui_menulist.o
 .debug_aranges
                0x00000000000003e0       0x20 ./../../lib/ui_menulist2.o
 .debug_aranges
                0x0000000000000400       0x20 ./../../lib/ui_menulist_simple.o
 .debug_aranges
                0x0000000000000420       0x20 ./../../lib/ui_parameter.o
 .debug_aranges
                0x0000000000000440       0x20 ./../../lib/ui_textread.o
 .debug_aranges
                0x0000000000000460       0x20 ./../../lib/setting_comval.o
 .debug_aranges
                0x0000000000000480       0x20 ./../../lib/app_manager_bank.o
 .debug_aranges
                0x00000000000004a0       0x20 ./../../lib/app_timer_bank.o
 .debug_aranges
                0x00000000000004c0       0x20 ./../../lib/message_bank_init.o
 .debug_aranges
                0x00000000000004e0       0x20 ./../../lib/message_bank_send.o
 .debug_aranges
                0x0000000000000500       0x20 ./../../lib/message_bank_broadcast.o
 .debug_aranges
                0x0000000000000520       0x20 ./../../lib/common_config.o
 .debug_aranges
                0x0000000000000540       0x20 ./../../lib/common_msgmap.o
 .debug_aranges
                0x0000000000000560       0x20 ./../../lib/common_confmenu.o
 .debug_aranges
                0x0000000000000580       0x20 ./../../lib/common_history.o
 .debug_aranges
                0x00000000000005a0       0x20 ./../../lib/common_string.o
 .debug_aranges
                0x00000000000005c0       0x20 ./../../lib/common_string2.o
 .debug_aranges
                0x00000000000005e0       0x20 ./../../lib/common_key.o
 .debug_aranges
                0x0000000000000600       0x20 ./../../lib/common_msg.o
 .debug_aranges
                0x0000000000000620       0x20 ./../../lib/common_sound.o
 .debug_aranges
                0x0000000000000640       0x20 ./../../lib/common_phy_volume_deal.o
 .debug_aranges
                0x0000000000000660       0x20 ./../../lib/ui_menulist_sub.o
 .debug_aranges
                0x0000000000000680       0x20 ./../../lib/ui_menulist_sub2.o
 .debug_aranges
                0x00000000000006a0       0x20 ./../../lib/ui_textread_dec.o
 .debug_aranges
                0x00000000000006c0       0x20 ./../../lib/ui_textread_sub.o
 .debug_aranges
                0x00000000000006e0       0x20 ./../../lib/ui_headbar.o
 .debug_aranges
                0x0000000000000700       0x20 ./../../lib/ui_keylock.o
 .debug_aranges
                0x0000000000000720       0x20 ./../../lib/ui_shutoff.o
 .debug_aranges
                0x0000000000000740       0x20 ./../../lib/ui_screensave.o
 .debug_aranges
                0x0000000000000760       0x20 ./../../lib/ui_screensave_sub.o
 .debug_aranges
                0x0000000000000780       0x20 ./../../lib/ui_animation.o
 .debug_aranges
                0x00000000000007a0       0x20 ./../../lib/ui_volumebar.o
 .debug_aranges
                0x00000000000007c0       0x20 ./../../lib/ui_volumebar_sub.o
 .debug_aranges
                0x00000000000007e0       0x20 ./../../lib/ui_dialog.o
 .debug_aranges
                0x0000000000000800       0x20 ./../../lib/ui_usbconnect.o
 .debug_aranges
                0x0000000000000820       0x20 ./../../lib/miscellaneous.o
 .debug_aranges
                0x0000000000000840       0x20 ./../../lib/app_sleep.o
 .debug_aranges
                0x0000000000000860       0x20 ./../../lib/sys_timer.o
 .debug_aranges
                0x0000000000000880       0x20 ./../../lib/sys_counter.o
 .debug_aranges
                0x00000000000008a0       0x20 ./../../lib/common_charge.o
 .debug_aranges
                0x00000000000008c0       0x20 ./../../lib/ui_headbar_handle.o
 .debug_aranges
                0x00000000000008e0       0x20 ./../../lib/message_box.o
 .debug_aranges
                0x0000000000000900       0x20 ./../../lib/alarm_msg_dispatch.o
 .debug_aranges
                0x0000000000000920       0x20 ./../../lib/alarm_msg_dispatch2.o
 .debug_aranges
                0x0000000000000940       0x20 ./../../lib/antenna_detect.o
 .debug_aranges
                0x0000000000000960       0x20 ./../../lib/common_setdae_init.o
 .debug_aranges
                0x0000000000000980       0x20 ./../../lib/common_keytone_play.o

.debug_ranges   0x0000000000000000       0x20
 .debug_ranges  0x0000000000000000       0x20 ./../../lib/app_timer_bank.o
