Archive member included because of file (symbol)

./../../../psp_rel/lib/api.a(base_op_entry.o)
                              (base_op_entry)
./../../../psp_rel/lib/api.a(audio_device_op_entry.o)
                              ./obj/mengine_play_deal_sub.o (audio_device_op_entry)
./../../../psp_rel/lib/api.a(dac_op_entry.o)
                              ./obj/mengine_main.o (dac_op_entry)
./../../../psp_rel/lib/api.a(key_op_entry.o)
                              ./obj/mengine_main.o (key_op_entry)
./../../../psp_rel/lib/api.a(libc_op_entry.o)
                              ./obj/mengine_control.o (libc_op_entry)
./../../../psp_rel/lib/api.a(mmm_mp_cmd.o)
                              ./obj/mengine_control.o (mmm_mp_cmd)
./../../../psp_rel/lib/api.a(sys_op_entry.o)
                              ./obj/mengine_control.o (sys_op_entry)
./../../../psp_rel/lib/api.a(vfs_op_entry.o)
                              ./obj/music_file_io.o (vfs_op_entry)

Memory Configuration

Name             Origin             Length             Attributes
*default*        0x0000000000000000 0xffffffffffffffff

Linker script and memory map

LOAD ./../../../psp_rel/include/link_base.xn
                0x0000000000000000                DRV_GROUP_STG_BASE = 0x0
                0x0000000000000001                DRV_GROUP_STG_CARD = 0x1
                0x0000000000000002                DRV_GROUP_STG_UHOST = 0x2
                0x0000000000000003                DRV_GROUP_FAT32 = 0x3
                0x0000000000000004                DRV_GROUP_EXFAT = 0x4
                0x0000000000000005                DRV_GROUP_UD = 0x5
                0x0000000000000006                DRV_GROUP_UI = 0x6
                0x0000000000000007                DRV_GROUP_LCD = 0x7
                0x0000000000000008                DRV_GROUP_FM = 0x8
                0x0000000000000009                DRV_GROUP_KEY = 0x9
                0x000000000000000a                DRV_GROUP_CCD = 0xa
                0x000000000000000b                DRV_GROUP_I2C = 0xb
                0x000000000000000c                DRV_GROUP_AUDIO_DEVICE = 0xc
                0x000000000000000d                DRV_GROUP_TTS = 0xd
                0x000000000000000e                DRV_GROUP_BT = 0xe
                0x000000000000000f                DRV_GROUP_SYS = 0xf
                0x000000000003ffff                SRAM_SIZE_MASK = 0x3ffff
                0x000000009fc00000                RDATA_ADDR_BASE = 0x9fc00000
                0x00000000bfc00000                RCODE_ADDR_BASE = 0xbfc00000
                0x0000000000000001                KERNEL_BANK_A = 0x1
                0x0000000000000002                KERNEL_BANK_B = 0x2
                0x0000000000000003                KERNEL_BANK_C = 0x3
                0x0000000000040000                BANK_SPACE = 0x40000
                0x0000000000000000                FRONT_AP = 0x0
                0x0000000000000001                BACK_AP = 0x1
                0x0000000000000002                PROCESS_MANAGER_AP = 0x2
                0x0000000000000000                FRONT_CODEC = 0x0
                0x0000000000000001                BACK_CODEC = 0x1
                0x0000000000000040                AP_BANK_FRONT_CONTROL_1 = 0x40
                0x0000000000000048                AP_BANK_FRONT_UI_1 = 0x48
                0x0000000000000050                AP_BANK_FRONT_BASAL = 0x50
                0x0000000000000058                AP_BANK_FRONT_CODEC = 0x58
                0x0000000000000060                AP_BANK_BACK_CONTROL_1 = 0x60
                0x0000000000000068                AP_BANK_BACK_BASAL = 0x68
                0x0000000000000070                AP_BANK_BACK_CODEC = 0x70
                0x0000000000000078                AP_BANK_FRONT_ENHANCED_1 = 0x78
                0x0000000000000071                AP_BANK_FRONT_ENHANCED_2 = 0x71
                0x000000000000007a                AP_BANK_BACK_ENHANCED_1 = 0x7a
                0x000000000000007b                AP_BANK_BACK_ENHANCED_2 = 0x7b
                0x0000000000000072                AP_BANK_BTENGINE_CONTROL_1 = 0x72
                0x0000000000000073                AP_BANK_BTENGINE_LIB_1 = 0x73
                0x0000000000000074                AP_BANK_BTENGINE_LIB_2 = 0x74
                0x0000000000000075                AP_BANK_BTENGINE_EXTEND_1 = 0x75
                0x0000000000000076                AP_BANK_BTENGINE_EXTEND_2 = 0x76
                0x0000000000000077                AP_BANK_BTENGINE_EXTEND_3 = 0x77
                0x000000000000007c                AP_BANK_BTENGINE_EXTEND_4 = 0x7c
                0x0000000000000079                AP_BANK_BTENGINE_EXTEND_5 = 0x79
                0x000000000000007f                AP_BANK_MANAGER = 0x7f
                0x0000000000000041                AP_BANK_AUTOTEST = 0x41
                0x0000000000000000                SROM_BROM_ADDR = 0x0
                0x0000000000002600                SROM_BROM_SIZE = 0x2600
                0x0000000000002600                SROM_SPINOR_ADDR = (SROM_BROM_ADDR + SROM_BROM_SIZE)
                0x0000000000000c00                SROM_SPINOR_SIZE = 0xc00
                0x0000000000003200                SROM_TWI_ADDR = (SROM_SPINOR_ADDR + SROM_SPINOR_SIZE)
                0x0000000000000700                SROM_TWI_SIZE = 0x700
                0x0000000000003900                SROM_STUB_ADDR = (SROM_TWI_ADDR + SROM_TWI_SIZE)
                0x0000000000000700                SROM_STUB_SIZE = 0x700
                0x0000000000000e00                SROM_SPINOR_SIZE_MDY = 0xe00
                0x0000000000003400                SROM_TWI_ADDR_MDY = (SROM_SPINOR_ADDR + SROM_SPINOR_SIZE_MDY)
                0x0000000000000700                SROM_TWI_SIZE_MDY = 0x700
                0x0000000000003b00                SROM_STUB_ADDR_MDY = (SROM_TWI_ADDR_MDY + SROM_TWI_SIZE_MDY)
                0x0000000000000500                SROM_STUB_SIZE_MDY = 0x500
                0x0000000000004000                SROM_KERNEL_ADDR = (SROM_STUB_ADDR + SROM_STUB_SIZE)
                0x0000000000004000                SROM_KERNEL_SIZE = 0x4000
                0x000000000000c000                SROM_FS_ADDR = 0xc000
                0x0000000000001c00                SROM_FS_SIZE = 0x1c00
                0x000000000000dc00                SROM_SPINOR1_ADDR = (SROM_FS_ADDR + SROM_FS_SIZE)
                0x0000000000000400                SROM_SPINOR1_SIZE = 0x400
                0x0000000000008000                SRAM_OS_RCODE_ADDR = 0x8000
                0x0000000000000c00                SRAM_OS_RCODE_SIZE = 0xc00
                0x0000000000008c00                SRAM_SPINOR_RCODE_ADDR = 0x8c00
                0x0000000000000400                SRAM_SPINOR_RCODE_SIZE = 0x400
                0x0000000000009000                SRAM_BANK_A_ADDR = 0x9000
                0x0000000000000400                SRAM_BANK_A_SIZE = 0x400
                0x0000000000009400                SRAM_BANK_B_ADDR = 0x9400
                0x0000000000000800                SRAM_BANK_B_SIZE = 0x800
                0x0000000000009c00                SRAM_UI_RCODE1_ADDR = 0x9c00
                0x0000000000000300                SRAM_UI_RCODE1_SIZE = 0x300
                0x0000000000009f00                SRAM_AUDIO_GLOBAL_DATA_ADDR = 0x9f00
                0x0000000000000060                SRAM_AUDIO_GLOBAL_DATA_SIZE = 0x60
                0x0000000000009f60                SRAM_UHOST_GLOBAL_DATA_ADDR = 0x9f60
                0x0000000000000010                SRAM_UHOST_GLOBAL_DATA_SIZE = 0x10
                0x0000000000009f70                SRAM_CARD_GLOBAL_DATA_ADDR = 0x9f70
                0x0000000000000010                SRAM_CARD_GLOBAL_DATA_SIZE = 0x10
                0x0000000000009f80                SRAM_SYS_SHARE_DATA_ADDR = 0x9f80
                0x0000000000000040                SRAM_SYS_SHARE_DATA_SIZE = 0x40
                0x0000000000009fc0                SRAM_RAM6_CCD_GLOBAL_DATA_ADDR = 0x9fc0
                0x0000000000000020                SRAM_RAM6_CCD_GLOBAL_DATA_SIZE = 0x20
                0x0000000000009fe0                SRAM_RAM6_RESEVER_ADDR = 0x9fe0
                0x0000000000000020                SRAM_RAM6_RESEVER_SIZE = 0x20
                0x000000000000a000                SRAM_LCD_RCODE_ADDR = 0xa000
                0x0000000000000800                SRAM_LCD_RCODE_SIZE = 0x800
                0x000000000000a800                SRAM_UI_RCODE2_ADDR = 0xa800
                0x0000000000001000                SRAM_UI_RCODE2_SIZE = 0x1000
                0x000000000000b800                SRAM_LCD_BUFFER_ADDR = 0xb800
                0x0000000000000400                SRAM_LCD_BUFFER_SIZE = 0x400
                0x000000000000bc00                SRAM_UI_DATA_ADDR = 0xbc00
                0x0000000000000400                SRAM_UI_DATA_SIZE = 0x400
                0x0000000000010000                SRAM_KEY_MESSAGE_RCODE_ADDR = 0x10000
                0x0000000000000a00                SRAM_KEY_MESSAGE_RCODE_SIZE = 0xa00
                0x0000000000010a00                SRAM_RAM0_RESEVER1_ADDR = 0x10a00
                0x0000000000000200                SRAM_RAM0_RESEVER1_SIZE = 0x200
                0x0000000000010c00                SRAM_AP_FRONT_BASAL_RCODE_ADDR = 0x10c00
                0x0000000000000100                SRAM_AP_FRONT_BASAL_RCODE_SIZE = 0x100
                0x0000000000010d00                SRAM_AP_BANK_BACK_CONTROL_ADDR = 0x10d00
                0x0000000000000800                SRAM_AP_BANK_BACK_CONTROL_SIZE = 0x800
                0x0000000000011500                SRAM_AP_BACK_RCODE_ADDR = 0x11500
                0x0000000000000800                SRAM_AP_BACK_RCODE_SIZE = 0x800
                0x0000000000000000                SRAM_AP_BANK_FRONT_CODEC_ADDR = 0x0
                0x0000000000000000                SRAM_AP_BANK_FRONT_CODEC_SIZE = 0x0
                0x0000000000011d00                SRAM_RAM0_RESEVER2_ADDR = 0x11d00
                0x0000000000000800                SRAM_RAM0_RESEVER2_SIZE = 0x800
                0x0000000000012500                SRAM_AP_BANK_FRONT_BASAL_ADDR = 0x12500
                0x0000000000000800                SRAM_AP_BANK_FRONT_BASAL_SIZE = 0x800
                0x0000000000012500                SRAM_AP_BANK_FRONT_ENHANCED_2_ADDR = SRAM_AP_BANK_FRONT_BASAL_ADDR
                0x0000000000000800                SRAM_AP_BANK_FRONT_ENHANCED_2_SIZE = SRAM_AP_BANK_FRONT_BASAL_SIZE
                0x0000000000012d00                SRAM_AP_BANK_BACK_BASAL_ADDR = 0x12d00
                0x0000000000000800                SRAM_AP_BANK_BACK_BASAL_SIZE = 0x800
                0x0000000000012d00                SRAM_AP_BANK_BACK_ENHANCED_1_ADDR = SRAM_AP_BANK_BACK_BASAL_ADDR
                0x0000000000000800                SRAM_AP_BANK_BACK_ENHANCED_1_SIZE = SRAM_AP_BANK_BACK_BASAL_SIZE
                0x0000000000013500                SRAM_AP_BACK_BASAL_RCODE_ADDR = 0x13500
                0x0000000000000800                SRAM_AP_BACK_BASAL_RCODE_SIZE = 0x800
                0x0000000000013d00                SRAM_KERNEL_BSS_ADDR = 0x13d00
                0x00000000000000e0                SRAM_KERNEL_BSS_SIZE = 0xe0
                0x0000000000013de0                SRAM_AP_MANAGER_ADDR = 0x13de0
                0x0000000000000200                SRAM_AP_MANAGER_SIZE = 0x200
                0x0000000000013fc0                SRAM_IRQ_DSP_PRINT_TEMP_ADDR = 0x13fc0
                0x0000000000000020                SRAM_IRQ_DSP_PRINT_TEMP_SIZE = 0x20
                0x0000000000013fe0                SRAM_IRQ_PRINT_BUFFER_ADDR = 0x13fe0
                0x0000000000000110                SRAM_IRQ_PRINT_BUFFER_SIZE = 0x110
                0x00000000000140f0                SRAM_DSP_PRINT_BUFFER_ADDR = 0x140f0
                0x0000000000000110                SRAM_DSP_PRINT_BUFFER_SIZE = 0x110
                0x0000000000014200                SRAM_LCD_DATA_ADDR = 0x14200
                0x0000000000000100                SRAM_LCD_DATA_SIZE = 0x100
                0x0000000000014300                SRAM_KEY_MESSAGE_DATA_ADDR = 0x14300
                0x0000000000000100                SRAM_KEY_MESSAGE_DATA_SIZE = 0x100
                0x0000000000014400                SRAM_AP_BANK_FRONT_UI_ADDR = 0x14400
                0x0000000000000800                SRAM_AP_BANK_FRONT_UI_SIZE = 0x800
                0x0000000000014c00                SRAM_AP_BANK_FRONT_CONTROL_ADDR = 0x14c00
                0x0000000000000800                SRAM_AP_BANK_FRONT_CONTROL_SIZE = 0x800
                0x0000000000015400                SRAM_AP_FRONT_DATA_ADDR = 0x15400
                0x0000000000000800                SRAM_AP_FRONT_DATA_SIZE = 0x800
                0x0000000000015c00                SRAM_AP_BACK_DATA_ADDR = 0x15c00
                0x0000000000000600                SRAM_AP_BACK_DATA_SIZE = 0x600
                0x0000000000016200                SRAM_AP_BANK_MANAGER_ADDR = 0x16200
                0x0000000000000200                SRAM_AP_BANK_MANAGER_SIZE = 0x200
                0x0000000000016400                SRAM_AP_FRONT_RCODE_ADDR = 0x16400
                0x0000000000000800                SRAM_AP_FRONT_RCODE_SIZE = 0x800
                0x0000000000016c00                SRAM_FS_RCODE_ADDR = 0x16c00
                0x0000000000000800                SRAM_FS_RCODE_SIZE = 0x800
                0x0000000000017400                SRAM_UI_RCODE3_ADDR = 0x17400
                0x0000000000000c00                SRAM_UI_RCODE3_SIZE = 0xc00
                0x0000000000017400                SRAM_CARD_UD_RCODE_ADDR = 0x17400
                0x0000000000000c00                SRAM_CARD_UD_RCODE_SIZE = 0xc00
                0x0000000000017400                SRAM_UHOST_UD_RCODE_ADDR = SRAM_CARD_UD_RCODE_ADDR
                0x0000000000000c00                SRAM_UHOST_UD_RCODE_SIZE = SRAM_CARD_UD_RCODE_SIZE
                0x0000000000018000                SRAM_FS_DATA_ADDR = 0x18000
                0x0000000000000300                SRAM_FS_DATA_SIZE = 0x300
                0x0000000000018300                SRAM_FS_BUF_ADDR = 0x18300
                0x0000000000000a00                SRAM_FS_BUF_SIZE = 0xa00
                0x0000000000018d00                SRAM_CARD_UD_CACHE_ADDR = 0x18d00
                0x0000000000000800                SRAM_CARD_UD_CACHE_SIZE = 0x800
                0x0000000000018d00                SRAM_UHOST_UD_CACHE_ADDR = SRAM_CARD_UD_CACHE_ADDR
                0x0000000000000800                SRAM_UHOST_UD_CACHE_SIZE = SRAM_CARD_UD_CACHE_SIZE
                0x0000000000019500                SRAM_CARD_DATA_ADDR = 0x19500
                0x0000000000000080                SRAM_CARD_DATA_SIZE = 0x80
                0x0000000000019500                SRAM_UHOST_DATA_ADDR = SRAM_CARD_DATA_ADDR
                0x0000000000000080                SRAM_UHOST_DATA_SIZE = SRAM_CARD_DATA_SIZE
                0x0000000000019580                SRAM_KERNEL_XSYS_ADDR = 0x19580
                0x0000000000000800                SRAM_KERNEL_XSYS_SIZE = 0x800
                0x0000000000019d80                SRAM_BANK_C_ADDR = 0x19d80
                0x0000000000000400                SRAM_BANK_C_SIZE = 0x400
                0x000000000001a180                SRAM_APPLIB_GLOBAL_DATA_ADDR = 0x1a180
                0x0000000000000100                SRAM_APPLIB_GLOBAL_DATA_SIZE = 0x100
                0x000000000001a280                SRAM_APPLIB_DATA_ADDR = 0x1a280
                0x0000000000000100                SRAM_APPLIB_DATA_SIZE = 0x100
                0x000000000001a380                SRAM_RAM1_RESEVER1_ADDR = 0x1a380
                0x0000000000000080                SRAM_RAM1_RESEVER1_SIZE = 0x80
                0x000000000001a400                SRAM_OS_DATA_ADDR = 0x1a400
                0x0000000000000880                SRAM_OS_DATA_SIZE = 0x880
                0x000000000001ac80                SRAM_OS_HEAP_ADDR = 0x1ac80
                0x0000000000000580                SRAM_OS_HEAP_SIZE = 0x580
                0x000000000001b200                SRAM_AP_BANK_FRONT_ENHANCED_1_ADDR = 0x1b200
                0x0000000000000800                SRAM_AP_BANK_FRONT_ENHANCED_1_SIZE = 0x800
                0x000000000001b200                SRAM_FM_DRV_RCODE_ADDR = SRAM_AP_BANK_FRONT_ENHANCED_1_ADDR
                0x0000000000000800                SRAM_FM_DRV_RCODE_SIZE = SRAM_AP_BANK_FRONT_ENHANCED_1_SIZE
                0x000000000001ba00                SRAM_OS_SD_SWAP_BUF_ADDR = 0x1ba00
                0x0000000000000200                SRAM_OS_SD_SWAP_BUF_SIZE = 0x200
                0x000000000001bc00                SRAM_OS_TASK_STACK_ADDR = 0x1bc00
                0x0000000000001a00                SRAM_OS_TASK_STACK_SIZE = 0x1a00
                0x000000000001d600                SRAM_OS_SYS_STACK_ADDR = 0x1d600
                0x0000000000000400                SRAM_OS_SYS_STACK_SIZE = 0x400
                0x000000000001da00                SRAM_RAM1_RESEVER2_ADDR = 0x1da00
                0x0000000000000600                SRAM_RAM1_RESEVER1_SIZE = 0x600
                0x0000000000027000                SRAM_AP_BACK_CODEC_RCODE_ADDR = 0x27000
                0x0000000000001000                SRAM_AP_BACK_CODEC_RCODE_SIZE = 0x1000
                0x0000000000028000                SRAM_AP_BANK_BACK_CODEC_ADDR = 0x28000
                0x0000000000001000                SRAM_AP_BANK_BACK_CODEC_SIZE = 0x1000
                0x0000000000028000                SRAM_AP_BANK_BACK_ENHANCED_2_ADDR = 0x28000
                0x0000000000000800                SRAM_AP_BANK_BACK_ENHANCED_2_SIZE = 0x800
                0x0000000000030000                SRAM_AP_USB_DEVICE_RCODE_ADDR = 0x30000
                0x0000000000004000                SRAM_AP_USB_DEVICE_RCODE_SIZE = 0x4000
                0x0000000000038000                SRAM_TWI_ADDR_MDY = 0x38000
                0x0000000000000700                SRAM_TWI_SIZE_MDY = SROM_TWI_SIZE_MDY
                0x0000000000040000                SRAM_INVALID_RCODE_ADDR = 0x40000
                0x0000000000000001                AP_INDEX = BACK_AP
                0x0000000000011500                SRAM_TEXT_ADDR = SRAM_AP_BACK_RCODE_ADDR
                0x0000000000015c00                SRAM_DATA_ADDR = SRAM_AP_BACK_DATA_ADDR
                0x00000000bfc11500                RCODE_TEXT_ADDR = (RCODE_ADDR_BASE + SRAM_TEXT_ADDR)
                0x000000009fc15c00                RDATA_DATA_ADDR = (RDATA_ADDR_BASE + SRAM_DATA_ADDR)
                0x0000000060010d00                BANK_CONTROL_1_ADDR_BASE = ((AP_BANK_BACK_CONTROL_1 << 0x18) + SRAM_AP_BANK_BACK_CONTROL_ADDR)
                0x000000007a012d00                BANK_ENHANCED_1_ADDR_BASE = ((AP_BANK_BACK_ENHANCED_1 << 0x18) + SRAM_AP_BANK_BACK_ENHANCED_1_ADDR)
                0x000000007b028000                BANK_ENHANCED_2_ADDR_BASE = ((AP_BANK_BACK_ENHANCED_2 << 0x18) + SRAM_AP_BANK_BACK_ENHANCED_2_ADDR)
                0x0000000000000800                BANK_CONTROL_SIZE = SRAM_AP_BANK_BACK_CONTROL_SIZE
                0x0000000000000800                //BANK_UI_SIZE = SRAM_AP_BANK_FRONT_UI_SIZE
                0x0000000000000800                BANK_ENHANCED1_SIZE = SRAM_AP_BANK_BACK_ENHANCED_1_SIZE
                0x0000000000000800                BANK_ENHANCED2_SIZE = SRAM_AP_BANK_BACK_ENHANCED_2_SIZE
                0x0000000000040000                AP_BANK_SPACE = BANK_SPACE
                0x000000009fc1a180                . = 0x9fc1a180

APP_GLOBE_DATA  0x000000009fc1a180      0x100
 applib_globe_data.o(.bss)
 .bss           0x000000009fc1a180       0x6c ./../../lib/applib_globe_data.o
                0x000000009fc1a180                g_sys_counter
                0x000000009fc1a194                g_app_info_vector
                0x000000009fc1a1e8                g_sys_shutdown_time
                0x000000009fc1a1dc                g_keytone_infor
                0x000000009fc1a190                config_fp
                0x000000009fc1a1b8                g_app_info_state
                0x000000009fc1a1e5                g_sys_time_second
                0x000000009fc1a1d0                g_app_last_state
                0x000000009fc1a280                . = 0x100
 *fill*         0x000000009fc1a1ec       0x94 00

.text           0x00000000bfc11500      0x7fc
 api.a(.text)
 .text          0x00000000bfc11500        0x4 ./../../../psp_rel/lib/api.a(base_op_entry.o)
                0x00000000bfc11501                base_op_entry
 mengine_control.o(.text)
 .text          0x00000000bfc11504      0x4e8 ./obj/mengine_control.o
                0x00000000bfc11505                mengine_status_deal
                0x00000000bfc119a9                mengine_reply_msg
                0x00000000bfc11805                mengine_control_block
 app_timer_rcode.o(.text)
 .text          0x00000000bfc119ec       0xbc ./../../lib/app_timer_rcode.o
                0x00000000bfc119ed                handle_timers
 message_rcode_for_engine.o(.text)
 .text          0x00000000bfc11aa8       0x38 ./../../lib/message_rcode_for_engine.o
                0x00000000bfc11aa9                get_app_msg_for_engine
 music_file_io.o(.text)
 .text          0x00000000bfc11ae0      0x200 ./obj/music_file_io.o
                0x00000000bfc11ae1                mmm_mp_read
                0x00000000bfc11cb5                mmm_mp_tell_sd
                0x00000000bfc11c81                mmm_mp_seek_sd
                0x00000000bfc11bb9                mmm_mp_seek
                0x00000000bfc11c4d                mmm_mp_read_sd
                0x00000000bfc11c11                mmm_mp_tell
 .text          0x00000000bfc11ce0        0x4 ./../../../psp_rel/lib/api.a(audio_device_op_entry.o)
                0x00000000bfc11ce1                audio_device_op_entry
 .text          0x00000000bfc11ce4        0x4 ./../../../psp_rel/lib/api.a(dac_op_entry.o)
                0x00000000bfc11ce5                dac_op_entry
 .text          0x00000000bfc11ce8        0x4 ./../../../psp_rel/lib/api.a(key_op_entry.o)
                0x00000000bfc11ce9                key_op_entry
 .text          0x00000000bfc11cec        0x4 ./../../../psp_rel/lib/api.a(libc_op_entry.o)
                0x00000000bfc11ced                libc_op_entry
 .text          0x00000000bfc11cf0        0x4 ./../../../psp_rel/lib/api.a(mmm_mp_cmd.o)
                0x00000000bfc11cf1                mmm_mp_cmd
 .text          0x00000000bfc11cf4        0x4 ./../../../psp_rel/lib/api.a(sys_op_entry.o)
                0x00000000bfc11cf5                sys_op_entry
 .text          0x00000000bfc11cf8        0x4 ./../../../psp_rel/lib/api.a(vfs_op_entry.o)
                0x00000000bfc11cf9                vfs_op_entry

.data           0x000000009fc15c00       0x10 load address 0x00000000bfc11cfc
 mengine_rdata.o(.data)
 .data          0x000000009fc15c00       0x10 ./obj/mengine_rdata.o
                0x000000009fc15c06                g_image_timer
                0x000000009fc15c04                prio
                0x000000009fc15c00                ptos
                0x000000009fc15c05                g_chapter_timer
                0x000000009fc15c0c                g_send_audible_p
                0x000000009fc15c08                g_audible_info_p
 applib_app_data.o(.data)
 common_func_data.o(.data)
 eh_rdata.o(.data)
 eh_fsel_rdata.o(.data)
 eh_lrc_load_rdata.o(.data)

.bss            0x000000009fc15c10      0x424
 mengine_rdata.o(.bss)
 .bss           0x000000009fc15c10      0x304 ./obj/mengine_rdata.o
                0x000000009fc15dc8                g_intro_start
                0x000000009fc15dcc                file_type_cfg
                0x000000009fc15ef0                g_eg_cfg_p
                0x000000009fc15c13                g_set_file_flag
                0x000000009fc15c14                g_is_audible
                0x000000009fc15c62                g_check_status_flag
                0x000000009fc15c18                mp_handle
                0x000000009fc15dd4                g_path_type
                0x000000009fc15dd8                g_setting_comval
                0x000000009fc15c12                g_wait_cur_time_change
                0x000000009fc15cc0                mengine_info
                0x000000009fc15cbc                mengine_enter_mode
                0x000000009fc15f0c                g_dae_cfg_shm
                0x000000009fc15c61                g_status_timer
                0x000000009fc15c15                g_is_audible_resume
                0x000000009fc15ef8                g_eg_playinfo_p
                0x000000009fc15c78                g_file_name
                0x000000009fc15c60                g_open_disk
                0x000000009fc15c11                g_music_fileopen_flag
                0x000000009fc15f10                g_prefetch_data
                0x000000009fc15efc                g_cur_msg
                0x000000009fc15dd0                g_del_curfile
                0x000000009fc15c63                g_delay_time
                0x000000009fc15c4c                g_config_var
                0x000000009fc15c10                g_change_path_flag
                0x000000009fc15c64                g_image_num
                0x000000009fc15c1c                mengine_app_timer_vector
                0x000000009fc15eee                g_mengine_result
                0x000000009fc15dfc                g_dae_cfg
                0x000000009fc15cb8                file_sys_id
                0x000000009fc15ef4                g_eg_status_p
                0x000000009fc15eec                g_play_mode
                0x000000009fc15c68                g_audible_pos
 applib_app_data.o(.bss)
 .bss           0x000000009fc15f14       0x18 ./../../lib/applib_app_data.o
                0x000000009fc15f20                g_this_app_msg_dispatch
                0x000000009fc15f24                g_app_timer_vector
                0x000000009fc15f14                g_app_timer_count
                0x000000009fc15f18                g_this_app_info
                0x000000009fc15f1c                thread_mutex
                0x000000009fc15f28                g_this_app_timer_tag
 common_func_data.o(.bss)
 .bss           0x000000009fc15f2c       0x18 ./../../lib/common_func_data.o
                0x000000009fc15f35                menu_history_valid
                0x000000009fc15f38                dir_history_addr
                0x000000009fc15f30                confmenu_offset
                0x000000009fc15f41                g_keytone_backup
                0x000000009fc15f2c                confmenu_fp
                0x000000009fc15f40                this_filter_key_value
                0x000000009fc15f3c                menu_history_addr
                0x000000009fc15f34                dir_history_valid
 eh_rdata.o(.bss)
 .bss           0x000000009fc15f44       0x88 ./../../../psp_rel/lib/lib_enhanced/eh_rdata.o
                0x000000009fc15f90                plist_list_layerno
                0x000000009fc15f4c                file_total
                0x000000009fc15faa                dir_total
                0x000000009fc15f8a                plist_file_total
                0x000000009fc15f6a                write_data_flag
                0x000000009fc15f74                plist_item_info
                0x000000009fc15f58                obj_handle
                0x000000009fc15f9e                plist_layer_offset
                0x000000009fc15f45                fsel_module_type
                0x000000009fc15fb2                dirlist_cur_file_folder_index
                0x000000009fc15f72                uspl_file_offset
                0x000000009fc15f54                root_dir
                0x000000009fc15fa8                m3u_curlist_index
                0x000000009fc15f88                plist_type_selector
                0x000000009fc15fb8                dirlist_index_tbl
                0x000000009fc15f70                uspl_last_offset
                0x000000009fc15fac                dirlist_first_offset
                0x000000009fc15f68                save_read_offset
                0x000000009fc15fb4                dirlist_layer_offset
                0x000000009fc15f9a                plist_start_file_index
                0x000000009fc15f6e                uspl_first_offset
                0x000000009fc15f60                fsel_init_val
                0x000000009fc15f5c                vfs_mount
                0x000000009fc15f50                cur_ext_name
                0x000000009fc15f9c                plist_cur_file_index
                0x000000009fc15f4a                file_no
                0x000000009fc15f6c                uspl_file_total
                0x000000009fc15f48                shuffle_sw
                0x000000009fc15fb0                dirlist_file_offset
                0x000000009fc15f98                plist_start_sort_index
                0x000000009fc15f44                loop_flag
                0x000000009fc15f47                dir_layer
                0x000000009fc15f8c                plist_info_offset
                0x000000009fc15f56                obj_open_mode
                0x000000009fc15f57                obj_open_type
                0x000000009fc15fa0                lib_pfile_offset
                0x000000009fc15fae                dirlist_file_index_offset
                0x000000009fc15f46                fsel_error
                0x000000009fc15f4e                g_file_index
 eh_fsel_rdata.o(.bss)
 .bss           0x000000009fc15fcc       0x60 ./../../../psp_rel/lib/lib_enhanced/eh_fsel_rdata.o
                0x000000009fc16029                cur_save_next_count
                0x000000009fc15fd8                member_map
                0x000000009fc16000                filtrate_shuffle_no
                0x000000009fc15ffd                cur_group
                0x000000009fc16024                cur_save_pt
                0x000000009fc15ffb                member_max
                0x000000009fc15ffc                use_member_flag
                0x000000009fc15fd0                group_map
                0x000000009fc16028                cur_save_prev_count
                0x000000009fc15ffe                cur_member
                0x000000009fc15ffa                group_max
                0x000000009fc15ff8                member_avg
                0x000000009fc16026                dir_no
                0x000000009fc15ff9                member_avg_group
                0x000000009fc1602a                cur_overturn_flag
                0x000000009fc15fcc                shuffle_total
                0x000000009fc16004                play_num_list
 eh_lrc_load_rdata.o(.bss)
 .bss           0x000000009fc1602c        0x8 ./../../../psp_rel/lib/lib_enhanced/eh_lrc_load_rdata.o
                0x000000009fc16030                time_lab_count
                0x000000009fc1602c                lrc_handle
 *(.sbss)
 *(.common)
 *(common)
                0x0000000060010d00                . = BANK_CONTROL_1_ADDR_BASE
                0x0000000000010d00                OFFSET = (. & 0x3ffff)

BANK_CONTROL_1_0
                0x0000000060010d00       0xcc
 ctor.o(.text .rodata)
 .text          0x0000000060010d00       0xcc ./../../../psp_rel/lib/ctor.o
                0x0000000060010d01                process_start
                0x0000000060010d31                __start
                0x0000000060050d00                . = (((. + AP_BANK_SPACE) & ~ ((AP_BANK_SPACE - 0x1))) + OFFSET)

BANK_CONTROL_1_1
                0x0000000060050d00      0x800
 mengine_main.o(.text .rodata)
 .text          0x0000000060050d00      0x6b0 ./obj/mengine_main.o
                0x0000000060050d01                _load_cfg
                0x0000000060050f25                mengine_file_init
                0x00000000600512c5                main
                0x00000000600511f1                _app_deinit
                0x0000000060050ef1                _save_cfg
                0x0000000060051091                _app_init
                0x0000000000000800                . = BANK_CONTROL_SIZE
 *fill*         0x00000000600513b0      0x150 00
                0x0000000060090d00                . = (((. + AP_BANK_SPACE) & ~ ((AP_BANK_SPACE - 0x1))) + OFFSET)

BANK_CONTROL_1_2
                0x0000000060090d00      0x800
 mengine_message_done.o(.text .rodata)
 .text          0x0000000060090d00      0x750 ./obj/mengine_message_done.o
                0x000000006009124d                mengine_stop
                0x0000000060091299                mengine_pause
                0x0000000060091121                mengine_switch
                0x00000000600911c9                mengine_play
                0x00000000600913a5                mengine_play_prev
                0x0000000060091381                mengine_play_next
                0x0000000060090d01                mengine_message_done_bank
                0x00000000600912cd                mengine_resume
                0x0000000000000800                . = BANK_CONTROL_SIZE
 *fill*         0x0000000060091450       0xb0 00
                0x00000000600d0d00                . = (((. + AP_BANK_SPACE) & ~ ((AP_BANK_SPACE - 0x1))) + OFFSET)

BANK_CONTROL_1_3
                0x00000000600d0d00      0x800
 mengine_event.o(.text .rodata)
 .text          0x00000000600d0d00      0x77c ./obj/mengine_event.o
                0x00000000600d1279                _check_audible_chapter
                0x00000000600d0fe1                mengine_filepath_deal
                0x00000000600d0d01                mengine_get_filepath
                0x00000000600d0eb9                mengine_fast_forward
                0x00000000600d0e5d                mengine_get_playinfo
                0x00000000600d0f1d                mengine_fast_backward
                0x00000000600d0d9d                mengine_get_fileinfo
                0x00000000600d0ddd                mengine_get_status
                0x00000000600d0f85                mengine_cancel_ffb
                0x00000000600d0e1d                mengine_get_playmode
                0x00000000600d1219                mengine_change_filepath
                0x00000000600d139d                _check_audible_image
                0x00000000600d105d                mengine_set_filepath
                0x0000000000000800                . = BANK_CONTROL_SIZE
 *fill*         0x00000000600d147c       0x84 00
                0x0000000060110d00                . = (((. + AP_BANK_SPACE) & ~ ((AP_BANK_SPACE - 0x1))) + OFFSET)

BANK_CONTROL_1_4
                0x0000000060110d00      0x800
 mengine_event_param.o(.text .rodata)
 .text          0x0000000060110d00      0x760 ./obj/mengine_event_param.o
                0x0000000060110f6d                mengine_set_playmode
                0x00000000601112dd                _error_timeout_handle
                0x0000000060111245                mengine_del_favorite_deal
                0x0000000060110d01                _file_switch_info
                0x0000000060110d71                mengine_set_section_mode
                0x00000000601112a9                mengine_add_favorite_deal
                0x000000006011103d                mengine_clear_error
                0x0000000060111189                mengine_other_delete_file
                0x00000000601110d5                mengine_musui_delete_file
                0x0000000060110e2d                mengine_fastplay_step
                0x0000000060111069                change_locat_deal
                0x000000006011141d                mengine_save_errno_no
                0x0000000060110f09                mengine_play_cuemusic
                0x00000000601113a5                _convert_error_no
                0x0000000060110e91                mengine_get_bkinfo
                0x0000000000000800                . = BANK_CONTROL_SIZE
 *fill*         0x0000000060111460       0xa0 00
                0x0000000060150d00                . = (((. + AP_BANK_SPACE) & ~ ((AP_BANK_SPACE - 0x1))) + OFFSET)

BANK_CONTROL_1_5
                0x0000000060150d00      0x800
 mengine_play_deal_sub.o(.text .rodata .xdata)
 .text          0x0000000060150d00      0x2cc ./obj/mengine_play_deal_sub.o
                0x0000000060150ec1                _get_file_info
                0x0000000060150d39                _mengine_check_sd_in
                0x0000000060150d1d                _mengine_stop_sound
                0x0000000060150d01                _mengine_start_sound
 .rodata        0x0000000060150fcc        0xc ./obj/mengine_play_deal_sub.o
                0x0000000060150fcc                asrc_coeffi_file
                0x0000000000000800                . = BANK_CONTROL_SIZE
 *fill*         0x0000000060150fd8      0x528 00
                0x0000000060190d00                . = (((. + AP_BANK_SPACE) & ~ ((AP_BANK_SPACE - 0x1))) + OFFSET)

BANK_CONTROL_1_6
                0x0000000060190d00      0x800
 mengine_play_deal.o(.text .rodata .xdata)
 .text          0x0000000060190d00      0x7b4 ./obj/mengine_play_deal.o
                0x0000000060191385                mengine_file_switch
                0x0000000060190d01                _set_file
                0x0000000060190e55                _play
                0x0000000060191091                _stop
 .xdata         0x00000000601914b4       0x18 ./obj/mengine_play_deal.o
                0x0000000000000800                . = BANK_CONTROL_SIZE
 *fill*         0x00000000601914cc       0x34 00
                0x00000000601d0d00                . = (((. + AP_BANK_SPACE) & ~ ((AP_BANK_SPACE - 0x1))) + OFFSET)

BANK_CONTROL_1_7
                0x00000000601d0d00      0x800
 mengine_event_volume.o(.text .rodata .xdata)
 .text          0x00000000601d0d00      0x384 ./obj/mengine_event_volume.o
                0x00000000601d0ddd                mengine_set_real_eq
                0x00000000601d0d01                get_phy_volume_value
                0x00000000601d0d55                mengine_set_real_volume
                0x00000000601d1015                mengine_standby_play
                0x00000000601d0d95                mengine_set_volume
                0x00000000601d0fc9                mengine_set_eq
 .rodata        0x00000000601d1084      0x154 ./obj/mengine_event_volume.o
                0x00000000601d1184                eq_cutoffs
                0x00000000601d1084                VolumeTbl
                0x00000000601d11a4                eq_param
                0x00000000601d1194                eq_Q_values
                0x0000000000000800                . = BANK_CONTROL_SIZE
 *fill*         0x00000000601d11d8      0x328 00
                0x0000000060210d00                . = (((. + AP_BANK_SPACE) & ~ ((AP_BANK_SPACE - 0x1))) + OFFSET)

BANK_CONTROL_1_8
                0x0000000060210d00      0x800
 mengine_audible_deal.o(.text .rodata .xdata)
 .text          0x0000000060210d00      0x384 ./obj/mengine_audible_deal.o
                0x0000000060210d01                _deal_audible_posfile
                0x0000000060210f45                mengine_save_audible_breakinfo
                0x0000000060211031                _check_pos_time
 .rodata        0x0000000060211084       0x10 ./obj/mengine_audible_deal.o
                0x0000000060211084                pos_ext
                0x0000000060211090                pos_ext_name
 .xdata         0x0000000060211094      0x300 ./obj/mengine_audible_deal.o
                0x00000000602112e0                audible_resume_data
                0x0000000060211294                sys_layer_buf
                0x0000000060211094                pos_file_buffer
                0x0000000000000800                . = BANK_CONTROL_SIZE
 *fill*         0x0000000060211394      0x16c 00
                0x0000000060250d00                . = (((. + AP_BANK_SPACE) & ~ ((AP_BANK_SPACE - 0x1))) + OFFSET)

BANK_CONTROL_1_9
                0x0000000060250d00      0x800
 mengine_audible_sys.o(.text .rodata .xdata)
 .text          0x0000000060250d00      0x188 ./obj/mengine_audible_sys.o
                0x0000000060250e71                _deal_audible_sysfile
 .xdata         0x0000000060250e88      0x200 ./obj/mengine_audible_sys.o
                0x0000000060250e88                aud_sys_buffer
                0x0000000000000800                . = BANK_CONTROL_SIZE
 *fill*         0x0000000060251088      0x478 00
                0x0000000060290d00                . = (((. + AP_BANK_SPACE) & ~ ((AP_BANK_SPACE - 0x1))) + OFFSET)

BANK_CONTROL_1_10
                0x0000000060290d00      0x800
 mengine_event_audible.o(.text .rodata .xdata)
 .text          0x0000000060290d00      0x668 ./obj/mengine_event_audible.o
                0x0000000060291105                mengine_chapter_next
                0x00000000602912b5                _set_imag_timer
                0x000000006029112d                mengine_chapter_prev
                0x0000000060291301                _clr_chapter_timer
                0x0000000060290fa1                mengine_set_real_playspeed
                0x0000000060291269                _set_chapter_timer
                0x0000000060291155                mengine_audible_bookmark
                0x0000000060291335                _clr_imag_timer
                0x0000000060291019                _chapter_switch_force
                0x0000000060290d01                mengine_audible_getinfo
                0x0000000060290e89                mengine_audible_get_section_info
                0x0000000060291221                _adjust_big_little_endian
                0x0000000060290fdd                mengine_audible_playspeed
                0x0000000060290ee1                _check_time_switch
                0x0000000000000800                . = BANK_CONTROL_SIZE
 *fill*         0x0000000060291368      0x198 00
LOAD ./../../../psp_rel/usermodule/enhanced/case_link_xn/engine_link.xn
LOAD ./../../../psp_rel/include/link_base.xn
                0x0000000000000000                DRV_GROUP_STG_BASE = 0x0
                0x0000000000000001                DRV_GROUP_STG_CARD = 0x1
                0x0000000000000002                DRV_GROUP_STG_UHOST = 0x2
                0x0000000000000003                DRV_GROUP_FAT32 = 0x3
                0x0000000000000004                DRV_GROUP_EXFAT = 0x4
                0x0000000000000005                DRV_GROUP_UD = 0x5
                0x0000000000000006                DRV_GROUP_UI = 0x6
                0x0000000000000007                DRV_GROUP_LCD = 0x7
                0x0000000000000008                DRV_GROUP_FM = 0x8
                0x0000000000000009                DRV_GROUP_KEY = 0x9
                0x000000000000000a                DRV_GROUP_CCD = 0xa
                0x000000000000000b                DRV_GROUP_I2C = 0xb
                0x000000000000000c                DRV_GROUP_AUDIO_DEVICE = 0xc
                0x000000000000000d                DRV_GROUP_TTS = 0xd
                0x000000000000000e                DRV_GROUP_BT = 0xe
                0x000000000000000f                DRV_GROUP_SYS = 0xf
                0x000000000003ffff                SRAM_SIZE_MASK = 0x3ffff
                0x000000009fc00000                RDATA_ADDR_BASE = 0x9fc00000
                0x00000000bfc00000                RCODE_ADDR_BASE = 0xbfc00000
                0x0000000000000001                KERNEL_BANK_A = 0x1
                0x0000000000000002                KERNEL_BANK_B = 0x2
                0x0000000000000003                KERNEL_BANK_C = 0x3
                0x0000000000040000                BANK_SPACE = 0x40000
                0x0000000000000000                FRONT_AP = 0x0
                0x0000000000000001                BACK_AP = 0x1
                0x0000000000000002                PROCESS_MANAGER_AP = 0x2
                0x0000000000000000                FRONT_CODEC = 0x0
                0x0000000000000001                BACK_CODEC = 0x1
                0x0000000000000040                AP_BANK_FRONT_CONTROL_1 = 0x40
                0x0000000000000048                AP_BANK_FRONT_UI_1 = 0x48
                0x0000000000000050                AP_BANK_FRONT_BASAL = 0x50
                0x0000000000000058                AP_BANK_FRONT_CODEC = 0x58
                0x0000000000000060                AP_BANK_BACK_CONTROL_1 = 0x60
                0x0000000000000068                AP_BANK_BACK_BASAL = 0x68
                0x0000000000000070                AP_BANK_BACK_CODEC = 0x70
                0x0000000000000078                AP_BANK_FRONT_ENHANCED_1 = 0x78
                0x0000000000000071                AP_BANK_FRONT_ENHANCED_2 = 0x71
                0x000000000000007a                AP_BANK_BACK_ENHANCED_1 = 0x7a
                0x000000000000007b                AP_BANK_BACK_ENHANCED_2 = 0x7b
                0x0000000000000072                AP_BANK_BTENGINE_CONTROL_1 = 0x72
                0x0000000000000073                AP_BANK_BTENGINE_LIB_1 = 0x73
                0x0000000000000074                AP_BANK_BTENGINE_LIB_2 = 0x74
                0x0000000000000075                AP_BANK_BTENGINE_EXTEND_1 = 0x75
                0x0000000000000076                AP_BANK_BTENGINE_EXTEND_2 = 0x76
                0x0000000000000077                AP_BANK_BTENGINE_EXTEND_3 = 0x77
                0x000000000000007c                AP_BANK_BTENGINE_EXTEND_4 = 0x7c
                0x0000000000000079                AP_BANK_BTENGINE_EXTEND_5 = 0x79
                0x000000000000007f                AP_BANK_MANAGER = 0x7f
                0x0000000000000041                AP_BANK_AUTOTEST = 0x41
                0x0000000000000000                SROM_BROM_ADDR = 0x0
                0x0000000000002600                SROM_BROM_SIZE = 0x2600
                0x0000000000002600                SROM_SPINOR_ADDR = (SROM_BROM_ADDR + SROM_BROM_SIZE)
                0x0000000000000c00                SROM_SPINOR_SIZE = 0xc00
                0x0000000000003200                SROM_TWI_ADDR = (SROM_SPINOR_ADDR + SROM_SPINOR_SIZE)
                0x0000000000000700                SROM_TWI_SIZE = 0x700
                0x0000000000003900                SROM_STUB_ADDR = (SROM_TWI_ADDR + SROM_TWI_SIZE)
                0x0000000000000700                SROM_STUB_SIZE = 0x700
                0x0000000000000e00                SROM_SPINOR_SIZE_MDY = 0xe00
                0x0000000000003400                SROM_TWI_ADDR_MDY = (SROM_SPINOR_ADDR + SROM_SPINOR_SIZE_MDY)
                0x0000000000000700                SROM_TWI_SIZE_MDY = 0x700
                0x0000000000003b00                SROM_STUB_ADDR_MDY = (SROM_TWI_ADDR_MDY + SROM_TWI_SIZE_MDY)
                0x0000000000000500                SROM_STUB_SIZE_MDY = 0x500
                0x0000000000004000                SROM_KERNEL_ADDR = (SROM_STUB_ADDR + SROM_STUB_SIZE)
                0x0000000000004000                SROM_KERNEL_SIZE = 0x4000
                0x000000000000c000                SROM_FS_ADDR = 0xc000
                0x0000000000001c00                SROM_FS_SIZE = 0x1c00
                0x000000000000dc00                SROM_SPINOR1_ADDR = (SROM_FS_ADDR + SROM_FS_SIZE)
                0x0000000000000400                SROM_SPINOR1_SIZE = 0x400
                0x0000000000008000                SRAM_OS_RCODE_ADDR = 0x8000
                0x0000000000000c00                SRAM_OS_RCODE_SIZE = 0xc00
                0x0000000000008c00                SRAM_SPINOR_RCODE_ADDR = 0x8c00
                0x0000000000000400                SRAM_SPINOR_RCODE_SIZE = 0x400
                0x0000000000009000                SRAM_BANK_A_ADDR = 0x9000
                0x0000000000000400                SRAM_BANK_A_SIZE = 0x400
                0x0000000000009400                SRAM_BANK_B_ADDR = 0x9400
                0x0000000000000800                SRAM_BANK_B_SIZE = 0x800
                0x0000000000009c00                SRAM_UI_RCODE1_ADDR = 0x9c00
                0x0000000000000300                SRAM_UI_RCODE1_SIZE = 0x300
                0x0000000000009f00                SRAM_AUDIO_GLOBAL_DATA_ADDR = 0x9f00
                0x0000000000000060                SRAM_AUDIO_GLOBAL_DATA_SIZE = 0x60
                0x0000000000009f60                SRAM_UHOST_GLOBAL_DATA_ADDR = 0x9f60
                0x0000000000000010                SRAM_UHOST_GLOBAL_DATA_SIZE = 0x10
                0x0000000000009f70                SRAM_CARD_GLOBAL_DATA_ADDR = 0x9f70
                0x0000000000000010                SRAM_CARD_GLOBAL_DATA_SIZE = 0x10
                0x0000000000009f80                SRAM_SYS_SHARE_DATA_ADDR = 0x9f80
                0x0000000000000040                SRAM_SYS_SHARE_DATA_SIZE = 0x40
                0x0000000000009fc0                SRAM_RAM6_CCD_GLOBAL_DATA_ADDR = 0x9fc0
                0x0000000000000020                SRAM_RAM6_CCD_GLOBAL_DATA_SIZE = 0x20
                0x0000000000009fe0                SRAM_RAM6_RESEVER_ADDR = 0x9fe0
                0x0000000000000020                SRAM_RAM6_RESEVER_SIZE = 0x20
                0x000000000000a000                SRAM_LCD_RCODE_ADDR = 0xa000
                0x0000000000000800                SRAM_LCD_RCODE_SIZE = 0x800
                0x000000000000a800                SRAM_UI_RCODE2_ADDR = 0xa800
                0x0000000000001000                SRAM_UI_RCODE2_SIZE = 0x1000
                0x000000000000b800                SRAM_LCD_BUFFER_ADDR = 0xb800
                0x0000000000000400                SRAM_LCD_BUFFER_SIZE = 0x400
                0x000000000000bc00                SRAM_UI_DATA_ADDR = 0xbc00
                0x0000000000000400                SRAM_UI_DATA_SIZE = 0x400
                0x0000000000010000                SRAM_KEY_MESSAGE_RCODE_ADDR = 0x10000
                0x0000000000000a00                SRAM_KEY_MESSAGE_RCODE_SIZE = 0xa00
                0x0000000000010a00                SRAM_RAM0_RESEVER1_ADDR = 0x10a00
                0x0000000000000200                SRAM_RAM0_RESEVER1_SIZE = 0x200
                0x0000000000010c00                SRAM_AP_FRONT_BASAL_RCODE_ADDR = 0x10c00
                0x0000000000000100                SRAM_AP_FRONT_BASAL_RCODE_SIZE = 0x100
                0x0000000000010d00                SRAM_AP_BANK_BACK_CONTROL_ADDR = 0x10d00
                0x0000000000000800                SRAM_AP_BANK_BACK_CONTROL_SIZE = 0x800
                0x0000000000011500                SRAM_AP_BACK_RCODE_ADDR = 0x11500
                0x0000000000000800                SRAM_AP_BACK_RCODE_SIZE = 0x800
                0x0000000000000000                SRAM_AP_BANK_FRONT_CODEC_ADDR = 0x0
                0x0000000000000000                SRAM_AP_BANK_FRONT_CODEC_SIZE = 0x0
                0x0000000000011d00                SRAM_RAM0_RESEVER2_ADDR = 0x11d00
                0x0000000000000800                SRAM_RAM0_RESEVER2_SIZE = 0x800
                0x0000000000012500                SRAM_AP_BANK_FRONT_BASAL_ADDR = 0x12500
                0x0000000000000800                SRAM_AP_BANK_FRONT_BASAL_SIZE = 0x800
                0x0000000000012500                SRAM_AP_BANK_FRONT_ENHANCED_2_ADDR = SRAM_AP_BANK_FRONT_BASAL_ADDR
                0x0000000000000800                SRAM_AP_BANK_FRONT_ENHANCED_2_SIZE = SRAM_AP_BANK_FRONT_BASAL_SIZE
                0x0000000000012d00                SRAM_AP_BANK_BACK_BASAL_ADDR = 0x12d00
                0x0000000000000800                SRAM_AP_BANK_BACK_BASAL_SIZE = 0x800
                0x0000000000012d00                SRAM_AP_BANK_BACK_ENHANCED_1_ADDR = SRAM_AP_BANK_BACK_BASAL_ADDR
                0x0000000000000800                SRAM_AP_BANK_BACK_ENHANCED_1_SIZE = SRAM_AP_BANK_BACK_BASAL_SIZE
                0x0000000000013500                SRAM_AP_BACK_BASAL_RCODE_ADDR = 0x13500
                0x0000000000000800                SRAM_AP_BACK_BASAL_RCODE_SIZE = 0x800
                0x0000000000013d00                SRAM_KERNEL_BSS_ADDR = 0x13d00
                0x00000000000000e0                SRAM_KERNEL_BSS_SIZE = 0xe0
                0x0000000000013de0                SRAM_AP_MANAGER_ADDR = 0x13de0
                0x0000000000000200                SRAM_AP_MANAGER_SIZE = 0x200
                0x0000000000013fc0                SRAM_IRQ_DSP_PRINT_TEMP_ADDR = 0x13fc0
                0x0000000000000020                SRAM_IRQ_DSP_PRINT_TEMP_SIZE = 0x20
                0x0000000000013fe0                SRAM_IRQ_PRINT_BUFFER_ADDR = 0x13fe0
                0x0000000000000110                SRAM_IRQ_PRINT_BUFFER_SIZE = 0x110
                0x00000000000140f0                SRAM_DSP_PRINT_BUFFER_ADDR = 0x140f0
                0x0000000000000110                SRAM_DSP_PRINT_BUFFER_SIZE = 0x110
                0x0000000000014200                SRAM_LCD_DATA_ADDR = 0x14200
                0x0000000000000100                SRAM_LCD_DATA_SIZE = 0x100
                0x0000000000014300                SRAM_KEY_MESSAGE_DATA_ADDR = 0x14300
                0x0000000000000100                SRAM_KEY_MESSAGE_DATA_SIZE = 0x100
                0x0000000000014400                SRAM_AP_BANK_FRONT_UI_ADDR = 0x14400
                0x0000000000000800                SRAM_AP_BANK_FRONT_UI_SIZE = 0x800
                0x0000000000014c00                SRAM_AP_BANK_FRONT_CONTROL_ADDR = 0x14c00
                0x0000000000000800                SRAM_AP_BANK_FRONT_CONTROL_SIZE = 0x800
                0x0000000000015400                SRAM_AP_FRONT_DATA_ADDR = 0x15400
                0x0000000000000800                SRAM_AP_FRONT_DATA_SIZE = 0x800
                0x0000000000015c00                SRAM_AP_BACK_DATA_ADDR = 0x15c00
                0x0000000000000600                SRAM_AP_BACK_DATA_SIZE = 0x600
                0x0000000000016200                SRAM_AP_BANK_MANAGER_ADDR = 0x16200
                0x0000000000000200                SRAM_AP_BANK_MANAGER_SIZE = 0x200
                0x0000000000016400                SRAM_AP_FRONT_RCODE_ADDR = 0x16400
                0x0000000000000800                SRAM_AP_FRONT_RCODE_SIZE = 0x800
                0x0000000000016c00                SRAM_FS_RCODE_ADDR = 0x16c00
                0x0000000000000800                SRAM_FS_RCODE_SIZE = 0x800
                0x0000000000017400                SRAM_UI_RCODE3_ADDR = 0x17400
                0x0000000000000c00                SRAM_UI_RCODE3_SIZE = 0xc00
                0x0000000000017400                SRAM_CARD_UD_RCODE_ADDR = 0x17400
                0x0000000000000c00                SRAM_CARD_UD_RCODE_SIZE = 0xc00
                0x0000000000017400                SRAM_UHOST_UD_RCODE_ADDR = SRAM_CARD_UD_RCODE_ADDR
                0x0000000000000c00                SRAM_UHOST_UD_RCODE_SIZE = SRAM_CARD_UD_RCODE_SIZE
                0x0000000000018000                SRAM_FS_DATA_ADDR = 0x18000
                0x0000000000000300                SRAM_FS_DATA_SIZE = 0x300
                0x0000000000018300                SRAM_FS_BUF_ADDR = 0x18300
                0x0000000000000a00                SRAM_FS_BUF_SIZE = 0xa00
                0x0000000000018d00                SRAM_CARD_UD_CACHE_ADDR = 0x18d00
                0x0000000000000800                SRAM_CARD_UD_CACHE_SIZE = 0x800
                0x0000000000018d00                SRAM_UHOST_UD_CACHE_ADDR = SRAM_CARD_UD_CACHE_ADDR
                0x0000000000000800                SRAM_UHOST_UD_CACHE_SIZE = SRAM_CARD_UD_CACHE_SIZE
                0x0000000000019500                SRAM_CARD_DATA_ADDR = 0x19500
                0x0000000000000080                SRAM_CARD_DATA_SIZE = 0x80
                0x0000000000019500                SRAM_UHOST_DATA_ADDR = SRAM_CARD_DATA_ADDR
                0x0000000000000080                SRAM_UHOST_DATA_SIZE = SRAM_CARD_DATA_SIZE
                0x0000000000019580                SRAM_KERNEL_XSYS_ADDR = 0x19580
                0x0000000000000800                SRAM_KERNEL_XSYS_SIZE = 0x800
                0x0000000000019d80                SRAM_BANK_C_ADDR = 0x19d80
                0x0000000000000400                SRAM_BANK_C_SIZE = 0x400
                0x000000000001a180                SRAM_APPLIB_GLOBAL_DATA_ADDR = 0x1a180
                0x0000000000000100                SRAM_APPLIB_GLOBAL_DATA_SIZE = 0x100
                0x000000000001a280                SRAM_APPLIB_DATA_ADDR = 0x1a280
                0x0000000000000100                SRAM_APPLIB_DATA_SIZE = 0x100
                0x000000000001a380                SRAM_RAM1_RESEVER1_ADDR = 0x1a380
                0x0000000000000080                SRAM_RAM1_RESEVER1_SIZE = 0x80
                0x000000000001a400                SRAM_OS_DATA_ADDR = 0x1a400
                0x0000000000000880                SRAM_OS_DATA_SIZE = 0x880
                0x000000000001ac80                SRAM_OS_HEAP_ADDR = 0x1ac80
                0x0000000000000580                SRAM_OS_HEAP_SIZE = 0x580
                0x000000000001b200                SRAM_AP_BANK_FRONT_ENHANCED_1_ADDR = 0x1b200
                0x0000000000000800                SRAM_AP_BANK_FRONT_ENHANCED_1_SIZE = 0x800
                0x000000000001b200                SRAM_FM_DRV_RCODE_ADDR = SRAM_AP_BANK_FRONT_ENHANCED_1_ADDR
                0x0000000000000800                SRAM_FM_DRV_RCODE_SIZE = SRAM_AP_BANK_FRONT_ENHANCED_1_SIZE
                0x000000000001ba00                SRAM_OS_SD_SWAP_BUF_ADDR = 0x1ba00
                0x0000000000000200                SRAM_OS_SD_SWAP_BUF_SIZE = 0x200
                0x000000000001bc00                SRAM_OS_TASK_STACK_ADDR = 0x1bc00
                0x0000000000001a00                SRAM_OS_TASK_STACK_SIZE = 0x1a00
                0x000000000001d600                SRAM_OS_SYS_STACK_ADDR = 0x1d600
                0x0000000000000400                SRAM_OS_SYS_STACK_SIZE = 0x400
                0x000000000001da00                SRAM_RAM1_RESEVER2_ADDR = 0x1da00
                0x0000000000000600                SRAM_RAM1_RESEVER1_SIZE = 0x600
                0x0000000000027000                SRAM_AP_BACK_CODEC_RCODE_ADDR = 0x27000
                0x0000000000001000                SRAM_AP_BACK_CODEC_RCODE_SIZE = 0x1000
                0x0000000000028000                SRAM_AP_BANK_BACK_CODEC_ADDR = 0x28000
                0x0000000000001000                SRAM_AP_BANK_BACK_CODEC_SIZE = 0x1000
                0x0000000000028000                SRAM_AP_BANK_BACK_ENHANCED_2_ADDR = 0x28000
                0x0000000000000800                SRAM_AP_BANK_BACK_ENHANCED_2_SIZE = 0x800
                0x0000000000030000                SRAM_AP_USB_DEVICE_RCODE_ADDR = 0x30000
                0x0000000000004000                SRAM_AP_USB_DEVICE_RCODE_SIZE = 0x4000
                0x0000000000038000                SRAM_TWI_ADDR_MDY = 0x38000
                0x0000000000000700                SRAM_TWI_SIZE_MDY = SROM_TWI_SIZE_MDY
                0x0000000000040000                SRAM_INVALID_RCODE_ADDR = 0x40000
                0x0000000000000000                AP_INDEX = FRONT_AP
                0x0000000040014c00                BANK_CONTROL_1_ADDR_BASE = ((AP_BANK_FRONT_CONTROL_1 << 0x18) + SRAM_AP_BANK_FRONT_CONTROL_ADDR)
                0x0000000048014400                BANK_UI_1_ADDR_BASE = ((AP_BANK_FRONT_UI_1 << 0x18) + SRAM_AP_BANK_FRONT_UI_ADDR)
                0x000000007801b200                BANK_FRONT_ENHANCED_1_ADDR_BASE = ((AP_BANK_FRONT_ENHANCED_1 << 0x18) + SRAM_AP_BANK_FRONT_ENHANCED_1_ADDR)
                0x0000000071012500                BANK_FRONT_ENHANCED_2_ADDR_BASE = ((AP_BANK_FRONT_ENHANCED_2 << 0x18) + SRAM_AP_BANK_FRONT_ENHANCED_2_ADDR)
                0x000000007a012d00                BANK_BACK_ENHANCED_1_ADDR_BASE = ((AP_BANK_BACK_ENHANCED_1 << 0x18) + SRAM_AP_BANK_BACK_ENHANCED_1_ADDR)
                0x000000007b028000                BANK_BACK_ENHANCED_2_ADDR_BASE = ((AP_BANK_BACK_ENHANCED_2 << 0x18) + SRAM_AP_BANK_BACK_ENHANCED_2_ADDR)
                0x0000000000000800                BANK_CONTROL_SIZE = SRAM_AP_BANK_FRONT_CONTROL_SIZE
                0x0000000000000800                BANK_UI_SIZE = SRAM_AP_BANK_FRONT_UI_SIZE
                0x0000000000000800                BANK_FRONT_ENHANCED1_SIZE = SRAM_AP_BANK_FRONT_ENHANCED_1_SIZE
                0x0000000000000800                BANK_FRONT_ENHANCED2_SIZE = SRAM_AP_BANK_FRONT_ENHANCED_2_SIZE
                0x0000000000000800                BANK_BACK_ENHANCED1_SIZE = SRAM_AP_BANK_BACK_ENHANCED_1_SIZE
                0x0000000000000800                BANK_BACK_ENHANCED2_SIZE = SRAM_AP_BANK_BACK_ENHANCED_2_SIZE
                0x0000000000040000                AP_BANK_SPACE = BANK_SPACE
                0x000000007a012d00                . = BANK_BACK_ENHANCED_1_ADDR_BASE
                0x0000000000012d00                OFFSET = (. & 0x3ffff)

BANK_ENHANCED_1_0
                0x000000007a012d00      0x72c
 eh_module.o(.text .rodata .xdata)
 .text          0x000000007a012d00      0x4f8 ./../../../psp_rel/lib/lib_enhanced/eh_module.o
                0x000000007a012d99                set_fileindex
                0x000000007a012d19                select_dir_or_dirlist
                0x000000007a0130d1                fsel_exit
                0x000000007a012d81                get_fileindex
                0x000000007a0131e1                fsel_get_error
                0x000000007a012df5                fsel_init
                0x000000007a012db1                set_dirlist_file_index_tbl
                0x000000007a012dd5                get_dirlist_file_index_tbl
                0x000000007a012d01                get_current_disk
 .rodata        0x000000007a0131f8       0x30 ./../../../psp_rel/lib/lib_enhanced/eh_module.o
 .xdata         0x000000007a013228      0x204 ./../../../psp_rel/lib/lib_enhanced/eh_module.o
                0x000000007a01322c                temp_module_buf
LOAD ./../common/common_engine.xn
LOAD ./../../../psp_rel/include/link_base.xn
                0x0000000000000000                DRV_GROUP_STG_BASE = 0x0
                0x0000000000000001                DRV_GROUP_STG_CARD = 0x1
                0x0000000000000002                DRV_GROUP_STG_UHOST = 0x2
                0x0000000000000003                DRV_GROUP_FAT32 = 0x3
                0x0000000000000004                DRV_GROUP_EXFAT = 0x4
                0x0000000000000005                DRV_GROUP_UD = 0x5
                0x0000000000000006                DRV_GROUP_UI = 0x6
                0x0000000000000007                DRV_GROUP_LCD = 0x7
                0x0000000000000008                DRV_GROUP_FM = 0x8
                0x0000000000000009                DRV_GROUP_KEY = 0x9
                0x000000000000000a                DRV_GROUP_CCD = 0xa
                0x000000000000000b                DRV_GROUP_I2C = 0xb
                0x000000000000000c                DRV_GROUP_AUDIO_DEVICE = 0xc
                0x000000000000000d                DRV_GROUP_TTS = 0xd
                0x000000000000000e                DRV_GROUP_BT = 0xe
                0x000000000000000f                DRV_GROUP_SYS = 0xf
                0x000000000003ffff                SRAM_SIZE_MASK = 0x3ffff
                0x000000009fc00000                RDATA_ADDR_BASE = 0x9fc00000
                0x00000000bfc00000                RCODE_ADDR_BASE = 0xbfc00000
                0x0000000000000001                KERNEL_BANK_A = 0x1
                0x0000000000000002                KERNEL_BANK_B = 0x2
                0x0000000000000003                KERNEL_BANK_C = 0x3
                0x0000000000040000                BANK_SPACE = 0x40000
                0x0000000000000000                FRONT_AP = 0x0
                0x0000000000000001                BACK_AP = 0x1
                0x0000000000000002                PROCESS_MANAGER_AP = 0x2
                0x0000000000000000                FRONT_CODEC = 0x0
                0x0000000000000001                BACK_CODEC = 0x1
                0x0000000000000040                AP_BANK_FRONT_CONTROL_1 = 0x40
                0x0000000000000048                AP_BANK_FRONT_UI_1 = 0x48
                0x0000000000000050                AP_BANK_FRONT_BASAL = 0x50
                0x0000000000000058                AP_BANK_FRONT_CODEC = 0x58
                0x0000000000000060                AP_BANK_BACK_CONTROL_1 = 0x60
                0x0000000000000068                AP_BANK_BACK_BASAL = 0x68
                0x0000000000000070                AP_BANK_BACK_CODEC = 0x70
                0x0000000000000078                AP_BANK_FRONT_ENHANCED_1 = 0x78
                0x0000000000000071                AP_BANK_FRONT_ENHANCED_2 = 0x71
                0x000000000000007a                AP_BANK_BACK_ENHANCED_1 = 0x7a
                0x000000000000007b                AP_BANK_BACK_ENHANCED_2 = 0x7b
                0x0000000000000072                AP_BANK_BTENGINE_CONTROL_1 = 0x72
                0x0000000000000073                AP_BANK_BTENGINE_LIB_1 = 0x73
                0x0000000000000074                AP_BANK_BTENGINE_LIB_2 = 0x74
                0x0000000000000075                AP_BANK_BTENGINE_EXTEND_1 = 0x75
                0x0000000000000076                AP_BANK_BTENGINE_EXTEND_2 = 0x76
                0x0000000000000077                AP_BANK_BTENGINE_EXTEND_3 = 0x77
                0x000000000000007c                AP_BANK_BTENGINE_EXTEND_4 = 0x7c
                0x0000000000000079                AP_BANK_BTENGINE_EXTEND_5 = 0x79
                0x000000000000007f                AP_BANK_MANAGER = 0x7f
                0x0000000000000041                AP_BANK_AUTOTEST = 0x41
                0x0000000000000000                SROM_BROM_ADDR = 0x0
                0x0000000000002600                SROM_BROM_SIZE = 0x2600
                0x0000000000002600                SROM_SPINOR_ADDR = (SROM_BROM_ADDR + SROM_BROM_SIZE)
                0x0000000000000c00                SROM_SPINOR_SIZE = 0xc00
                0x0000000000003200                SROM_TWI_ADDR = (SROM_SPINOR_ADDR + SROM_SPINOR_SIZE)
                0x0000000000000700                SROM_TWI_SIZE = 0x700
                0x0000000000003900                SROM_STUB_ADDR = (SROM_TWI_ADDR + SROM_TWI_SIZE)
                0x0000000000000700                SROM_STUB_SIZE = 0x700
                0x0000000000000e00                SROM_SPINOR_SIZE_MDY = 0xe00
                0x0000000000003400                SROM_TWI_ADDR_MDY = (SROM_SPINOR_ADDR + SROM_SPINOR_SIZE_MDY)
                0x0000000000000700                SROM_TWI_SIZE_MDY = 0x700
                0x0000000000003b00                SROM_STUB_ADDR_MDY = (SROM_TWI_ADDR_MDY + SROM_TWI_SIZE_MDY)
                0x0000000000000500                SROM_STUB_SIZE_MDY = 0x500
                0x0000000000004000                SROM_KERNEL_ADDR = (SROM_STUB_ADDR + SROM_STUB_SIZE)
                0x0000000000004000                SROM_KERNEL_SIZE = 0x4000
                0x000000000000c000                SROM_FS_ADDR = 0xc000
                0x0000000000001c00                SROM_FS_SIZE = 0x1c00
                0x000000000000dc00                SROM_SPINOR1_ADDR = (SROM_FS_ADDR + SROM_FS_SIZE)
                0x0000000000000400                SROM_SPINOR1_SIZE = 0x400
                0x0000000000008000                SRAM_OS_RCODE_ADDR = 0x8000
                0x0000000000000c00                SRAM_OS_RCODE_SIZE = 0xc00
                0x0000000000008c00                SRAM_SPINOR_RCODE_ADDR = 0x8c00
                0x0000000000000400                SRAM_SPINOR_RCODE_SIZE = 0x400
                0x0000000000009000                SRAM_BANK_A_ADDR = 0x9000
                0x0000000000000400                SRAM_BANK_A_SIZE = 0x400
                0x0000000000009400                SRAM_BANK_B_ADDR = 0x9400
                0x0000000000000800                SRAM_BANK_B_SIZE = 0x800
                0x0000000000009c00                SRAM_UI_RCODE1_ADDR = 0x9c00
                0x0000000000000300                SRAM_UI_RCODE1_SIZE = 0x300
                0x0000000000009f00                SRAM_AUDIO_GLOBAL_DATA_ADDR = 0x9f00
                0x0000000000000060                SRAM_AUDIO_GLOBAL_DATA_SIZE = 0x60
                0x0000000000009f60                SRAM_UHOST_GLOBAL_DATA_ADDR = 0x9f60
                0x0000000000000010                SRAM_UHOST_GLOBAL_DATA_SIZE = 0x10
                0x0000000000009f70                SRAM_CARD_GLOBAL_DATA_ADDR = 0x9f70
                0x0000000000000010                SRAM_CARD_GLOBAL_DATA_SIZE = 0x10
                0x0000000000009f80                SRAM_SYS_SHARE_DATA_ADDR = 0x9f80
                0x0000000000000040                SRAM_SYS_SHARE_DATA_SIZE = 0x40
                0x0000000000009fc0                SRAM_RAM6_CCD_GLOBAL_DATA_ADDR = 0x9fc0
                0x0000000000000020                SRAM_RAM6_CCD_GLOBAL_DATA_SIZE = 0x20
                0x0000000000009fe0                SRAM_RAM6_RESEVER_ADDR = 0x9fe0
                0x0000000000000020                SRAM_RAM6_RESEVER_SIZE = 0x20
                0x000000000000a000                SRAM_LCD_RCODE_ADDR = 0xa000
                0x0000000000000800                SRAM_LCD_RCODE_SIZE = 0x800
                0x000000000000a800                SRAM_UI_RCODE2_ADDR = 0xa800
                0x0000000000001000                SRAM_UI_RCODE2_SIZE = 0x1000
                0x000000000000b800                SRAM_LCD_BUFFER_ADDR = 0xb800
                0x0000000000000400                SRAM_LCD_BUFFER_SIZE = 0x400
                0x000000000000bc00                SRAM_UI_DATA_ADDR = 0xbc00
                0x0000000000000400                SRAM_UI_DATA_SIZE = 0x400
                0x0000000000010000                SRAM_KEY_MESSAGE_RCODE_ADDR = 0x10000
                0x0000000000000a00                SRAM_KEY_MESSAGE_RCODE_SIZE = 0xa00
                0x0000000000010a00                SRAM_RAM0_RESEVER1_ADDR = 0x10a00
                0x0000000000000200                SRAM_RAM0_RESEVER1_SIZE = 0x200
                0x0000000000010c00                SRAM_AP_FRONT_BASAL_RCODE_ADDR = 0x10c00
                0x0000000000000100                SRAM_AP_FRONT_BASAL_RCODE_SIZE = 0x100
                0x0000000000010d00                SRAM_AP_BANK_BACK_CONTROL_ADDR = 0x10d00
                0x0000000000000800                SRAM_AP_BANK_BACK_CONTROL_SIZE = 0x800
                0x0000000000011500                SRAM_AP_BACK_RCODE_ADDR = 0x11500
                0x0000000000000800                SRAM_AP_BACK_RCODE_SIZE = 0x800
                0x0000000000000000                SRAM_AP_BANK_FRONT_CODEC_ADDR = 0x0
                0x0000000000000000                SRAM_AP_BANK_FRONT_CODEC_SIZE = 0x0
                0x0000000000011d00                SRAM_RAM0_RESEVER2_ADDR = 0x11d00
                0x0000000000000800                SRAM_RAM0_RESEVER2_SIZE = 0x800
                0x0000000000012500                SRAM_AP_BANK_FRONT_BASAL_ADDR = 0x12500
                0x0000000000000800                SRAM_AP_BANK_FRONT_BASAL_SIZE = 0x800
                0x0000000000012500                SRAM_AP_BANK_FRONT_ENHANCED_2_ADDR = SRAM_AP_BANK_FRONT_BASAL_ADDR
                0x0000000000000800                SRAM_AP_BANK_FRONT_ENHANCED_2_SIZE = SRAM_AP_BANK_FRONT_BASAL_SIZE
                0x0000000000012d00                SRAM_AP_BANK_BACK_BASAL_ADDR = 0x12d00
                0x0000000000000800                SRAM_AP_BANK_BACK_BASAL_SIZE = 0x800
                0x0000000000012d00                SRAM_AP_BANK_BACK_ENHANCED_1_ADDR = SRAM_AP_BANK_BACK_BASAL_ADDR
                0x0000000000000800                SRAM_AP_BANK_BACK_ENHANCED_1_SIZE = SRAM_AP_BANK_BACK_BASAL_SIZE
                0x0000000000013500                SRAM_AP_BACK_BASAL_RCODE_ADDR = 0x13500
                0x0000000000000800                SRAM_AP_BACK_BASAL_RCODE_SIZE = 0x800
                0x0000000000013d00                SRAM_KERNEL_BSS_ADDR = 0x13d00
                0x00000000000000e0                SRAM_KERNEL_BSS_SIZE = 0xe0
                0x0000000000013de0                SRAM_AP_MANAGER_ADDR = 0x13de0
                0x0000000000000200                SRAM_AP_MANAGER_SIZE = 0x200
                0x0000000000013fc0                SRAM_IRQ_DSP_PRINT_TEMP_ADDR = 0x13fc0
                0x0000000000000020                SRAM_IRQ_DSP_PRINT_TEMP_SIZE = 0x20
                0x0000000000013fe0                SRAM_IRQ_PRINT_BUFFER_ADDR = 0x13fe0
                0x0000000000000110                SRAM_IRQ_PRINT_BUFFER_SIZE = 0x110
                0x00000000000140f0                SRAM_DSP_PRINT_BUFFER_ADDR = 0x140f0
                0x0000000000000110                SRAM_DSP_PRINT_BUFFER_SIZE = 0x110
                0x0000000000014200                SRAM_LCD_DATA_ADDR = 0x14200
                0x0000000000000100                SRAM_LCD_DATA_SIZE = 0x100
                0x0000000000014300                SRAM_KEY_MESSAGE_DATA_ADDR = 0x14300
                0x0000000000000100                SRAM_KEY_MESSAGE_DATA_SIZE = 0x100
                0x0000000000014400                SRAM_AP_BANK_FRONT_UI_ADDR = 0x14400
                0x0000000000000800                SRAM_AP_BANK_FRONT_UI_SIZE = 0x800
                0x0000000000014c00                SRAM_AP_BANK_FRONT_CONTROL_ADDR = 0x14c00
                0x0000000000000800                SRAM_AP_BANK_FRONT_CONTROL_SIZE = 0x800
                0x0000000000015400                SRAM_AP_FRONT_DATA_ADDR = 0x15400
                0x0000000000000800                SRAM_AP_FRONT_DATA_SIZE = 0x800
                0x0000000000015c00                SRAM_AP_BACK_DATA_ADDR = 0x15c00
                0x0000000000000600                SRAM_AP_BACK_DATA_SIZE = 0x600
                0x0000000000016200                SRAM_AP_BANK_MANAGER_ADDR = 0x16200
                0x0000000000000200                SRAM_AP_BANK_MANAGER_SIZE = 0x200
                0x0000000000016400                SRAM_AP_FRONT_RCODE_ADDR = 0x16400
                0x0000000000000800                SRAM_AP_FRONT_RCODE_SIZE = 0x800
                0x0000000000016c00                SRAM_FS_RCODE_ADDR = 0x16c00
                0x0000000000000800                SRAM_FS_RCODE_SIZE = 0x800
                0x0000000000017400                SRAM_UI_RCODE3_ADDR = 0x17400
                0x0000000000000c00                SRAM_UI_RCODE3_SIZE = 0xc00
                0x0000000000017400                SRAM_CARD_UD_RCODE_ADDR = 0x17400
                0x0000000000000c00                SRAM_CARD_UD_RCODE_SIZE = 0xc00
                0x0000000000017400                SRAM_UHOST_UD_RCODE_ADDR = SRAM_CARD_UD_RCODE_ADDR
                0x0000000000000c00                SRAM_UHOST_UD_RCODE_SIZE = SRAM_CARD_UD_RCODE_SIZE
                0x0000000000018000                SRAM_FS_DATA_ADDR = 0x18000
                0x0000000000000300                SRAM_FS_DATA_SIZE = 0x300
                0x0000000000018300                SRAM_FS_BUF_ADDR = 0x18300
                0x0000000000000a00                SRAM_FS_BUF_SIZE = 0xa00
                0x0000000000018d00                SRAM_CARD_UD_CACHE_ADDR = 0x18d00
                0x0000000000000800                SRAM_CARD_UD_CACHE_SIZE = 0x800
                0x0000000000018d00                SRAM_UHOST_UD_CACHE_ADDR = SRAM_CARD_UD_CACHE_ADDR
                0x0000000000000800                SRAM_UHOST_UD_CACHE_SIZE = SRAM_CARD_UD_CACHE_SIZE
                0x0000000000019500                SRAM_CARD_DATA_ADDR = 0x19500
                0x0000000000000080                SRAM_CARD_DATA_SIZE = 0x80
                0x0000000000019500                SRAM_UHOST_DATA_ADDR = SRAM_CARD_DATA_ADDR
                0x0000000000000080                SRAM_UHOST_DATA_SIZE = SRAM_CARD_DATA_SIZE
                0x0000000000019580                SRAM_KERNEL_XSYS_ADDR = 0x19580
                0x0000000000000800                SRAM_KERNEL_XSYS_SIZE = 0x800
                0x0000000000019d80                SRAM_BANK_C_ADDR = 0x19d80
                0x0000000000000400                SRAM_BANK_C_SIZE = 0x400
                0x000000000001a180                SRAM_APPLIB_GLOBAL_DATA_ADDR = 0x1a180
                0x0000000000000100                SRAM_APPLIB_GLOBAL_DATA_SIZE = 0x100
                0x000000000001a280                SRAM_APPLIB_DATA_ADDR = 0x1a280
                0x0000000000000100                SRAM_APPLIB_DATA_SIZE = 0x100
                0x000000000001a380                SRAM_RAM1_RESEVER1_ADDR = 0x1a380
                0x0000000000000080                SRAM_RAM1_RESEVER1_SIZE = 0x80
                0x000000000001a400                SRAM_OS_DATA_ADDR = 0x1a400
                0x0000000000000880                SRAM_OS_DATA_SIZE = 0x880
                0x000000000001ac80                SRAM_OS_HEAP_ADDR = 0x1ac80
                0x0000000000000580                SRAM_OS_HEAP_SIZE = 0x580
                0x000000000001b200                SRAM_AP_BANK_FRONT_ENHANCED_1_ADDR = 0x1b200
                0x0000000000000800                SRAM_AP_BANK_FRONT_ENHANCED_1_SIZE = 0x800
                0x000000000001b200                SRAM_FM_DRV_RCODE_ADDR = SRAM_AP_BANK_FRONT_ENHANCED_1_ADDR
                0x0000000000000800                SRAM_FM_DRV_RCODE_SIZE = SRAM_AP_BANK_FRONT_ENHANCED_1_SIZE
                0x000000000001ba00                SRAM_OS_SD_SWAP_BUF_ADDR = 0x1ba00
                0x0000000000000200                SRAM_OS_SD_SWAP_BUF_SIZE = 0x200
                0x000000000001bc00                SRAM_OS_TASK_STACK_ADDR = 0x1bc00
                0x0000000000001a00                SRAM_OS_TASK_STACK_SIZE = 0x1a00
                0x000000000001d600                SRAM_OS_SYS_STACK_ADDR = 0x1d600
                0x0000000000000400                SRAM_OS_SYS_STACK_SIZE = 0x400
                0x000000000001da00                SRAM_RAM1_RESEVER2_ADDR = 0x1da00
                0x0000000000000600                SRAM_RAM1_RESEVER1_SIZE = 0x600
                0x0000000000027000                SRAM_AP_BACK_CODEC_RCODE_ADDR = 0x27000
                0x0000000000001000                SRAM_AP_BACK_CODEC_RCODE_SIZE = 0x1000
                0x0000000000028000                SRAM_AP_BANK_BACK_CODEC_ADDR = 0x28000
                0x0000000000001000                SRAM_AP_BANK_BACK_CODEC_SIZE = 0x1000
                0x0000000000028000                SRAM_AP_BANK_BACK_ENHANCED_2_ADDR = 0x28000
                0x0000000000000800                SRAM_AP_BANK_BACK_ENHANCED_2_SIZE = 0x800
                0x0000000000030000                SRAM_AP_USB_DEVICE_RCODE_ADDR = 0x30000
                0x0000000000004000                SRAM_AP_USB_DEVICE_RCODE_SIZE = 0x4000
                0x0000000000038000                SRAM_TWI_ADDR_MDY = 0x38000
                0x0000000000000700                SRAM_TWI_SIZE_MDY = SROM_TWI_SIZE_MDY
                0x0000000000040000                SRAM_INVALID_RCODE_ADDR = 0x40000
                0x0000000000011500                SRAM_TEXT_ADDR = SRAM_AP_BACK_RCODE_ADDR
                0x0000000000015c00                SRAM_DATA_ADDR = SRAM_AP_BACK_DATA_ADDR
                0x00000000bfc11500                RCODE_TEXT_ADDR = (RCODE_ADDR_BASE + SRAM_TEXT_ADDR)
                0x000000009fc15c00                RDATA_DATA_ADDR = (RDATA_ADDR_BASE + SRAM_DATA_ADDR)
                0x0000000060010d00                BANK_CONTROL_1_ADDR_BASE = ((AP_BANK_BACK_CONTROL_1 << 0x18) + SRAM_AP_BANK_BACK_CONTROL_ADDR)
                0x0000000000000800                BANK_CONTROL_SIZE = SRAM_AP_BANK_BACK_CONTROL_SIZE
                0x0000000000040000                AP_BANK_SPACE = BANK_SPACE
LOAD ./../../../psp_rel/lib/api.a
OUTPUT(mengine.exe elf32-tradlittlemips)
                0x000000007a050d00                . = (((. + AP_BANK_SPACE) & ~ ((AP_BANK_SPACE - 0x1))) + OFFSET)

BANK_ENHANCED_1_1
[...]
 .debug_str     0x0000000000000605       0x12 ./../../../psp_rel/lib/lib_enhanced/eh_rdata.o
 .debug_str     0x0000000000000617       0x12 ./../../../psp_rel/lib/lib_enhanced/eh_fsel_rdata.o
 .debug_str     0x0000000000000629       0x12 ./../../../psp_rel/lib/lib_enhanced/eh_lrc_load_rdata.o
 .debug_str     0x000000000000063b       0x12 ./../../../psp_rel/lib/ctor.o
 .debug_str     0x000000000000064d       0xc1 ./obj/mengine_main.o
 .debug_str     0x000000000000070e       0x98 ./obj/mengine_message_done.o
 .debug_str     0x00000000000007a6       0xc4 ./obj/mengine_event.o
 .debug_str     0x000000000000086a       0xdf ./obj/mengine_event_param.o
 .debug_str     0x0000000000000949       0x87 ./obj/mengine_play_deal_sub.o
 .debug_str     0x00000000000009d0       0xc1 ./obj/mengine_play_deal.o
 .debug_str     0x0000000000000a91       0xd1 ./obj/mengine_event_volume.o
 .debug_str     0x0000000000000b62       0x84 ./obj/mengine_audible_deal.o
 .debug_str     0x0000000000000be6       0x12 ./obj/mengine_audible_sys.o
 .debug_str     0x0000000000000bf8       0xba ./obj/mengine_event_audible.o
 .debug_str     0x0000000000000cb2       0x25 ./../../../psp_rel/lib/lib_enhanced/eh_module.o
 .debug_str     0x0000000000000cd7      0x718 ./../../../psp_rel/lib/lib_enhanced/eh_fsel_entry.o
                                        0x818 (size before relaxing)
 .debug_str     0x00000000000013ef       0xb3 ./../../../psp_rel/lib/lib_enhanced/eh_fsel_function.o
 .debug_str     0x00000000000014a2       0x12 ./../../../psp_rel/lib/lib_enhanced/eh_lyric_load.o
 .debug_str     0x00000000000014b4       0x83 ./../../../psp_rel/lib/lib_enhanced/eh_module_sub.o
 .debug_str     0x0000000000001537       0x65 ./../../../psp_rel/lib/lib_enhanced/eh_fsel_directory_next.o
 .debug_str     0x000000000000159c       0x1a ./../../../psp_rel/lib/lib_enhanced/eh_fsel_directory_prev.o
 .debug_str     0x00000000000015b6       0x1b ./../../../psp_rel/lib/lib_enhanced/eh_fsel_directory_func.o
 .debug_str     0x00000000000015d1       0x36 ./../../../psp_rel/lib/lib_enhanced/eh_fsel_favorite_sel.o
 .debug_str     0x0000000000001607       0x12 ./../../../psp_rel/lib/lib_enhanced/eh_fsel_favorite_func.o
 .debug_str     0x0000000000001619       0x24 ./../../../psp_rel/lib/lib_enhanced/eh_fsel_shuffle.o
 .debug_str     0x000000000000163d       0x6d ./../../../psp_rel/lib/lib_enhanced/eh_fsel_playlist_sel.o
 .debug_str     0x00000000000016aa      0x109 ./../../../psp_rel/lib/lib_enhanced/eh_fsel_playlist_func.o
 .debug_str     0x00000000000017b3       0x12 ./../../../psp_rel/lib/lib_enhanced/eh_fsel_shuffle2.o
 .debug_str     0x00000000000017c5       0x12 ./../../../psp_rel/lib/lib_enhanced/eh_fsel_function_sub.o
 .debug_str     0x00000000000017d7       0x9d ./../../../psp_rel/lib/lib_enhanced/eh_fsel_browser_function.o
 .debug_str     0x0000000000001874       0x62 ./../../../psp_rel/lib/lib_enhanced/eh_fsel_browser_next.o
 .debug_str     0x00000000000018d6       0x37 ./../../../psp_rel/lib/lib_enhanced/eh_fsel_browser_prev.o
 .debug_str     0x000000000000190d       0x19 ./../../../psp_rel/lib/lib_enhanced/eh_lyric_load_sub1.o
 .debug_str     0x0000000000001926       0x39 ./../../../psp_rel/lib/lib_enhanced/eh_lyric_load_sub2.o
 .debug_str     0x000000000000195f       0x12 ./../../../psp_rel/lib/lib_enhanced/eh_lyric_load_sub3.o
 .debug_str     0x0000000000001971       0x22 ./../../../psp_rel/lib/lib_enhanced/eh_lyric_load_sub4.o
 .debug_str     0x0000000000001993       0x39 ./../../../psp_rel/lib/lib_enhanced/eh_lyric_load_sub5.o
 .debug_str     0x00000000000019cc       0xa9 ./../../lib/app_manager_bank.o
                                        0x4a9 (size before relaxing)
 .debug_str     0x0000000000001a75       0xf4 ./../../lib/app_timer_bank.o
                                        0x471 (size before relaxing)
 .debug_str     0x0000000000001b69       0x39 ./../../lib/message_bank_broadcast.o
                                        0x402 (size before relaxing)
 .debug_str     0x0000000000001ba2      0xc6f ./../../lib/message_bank_init.o
                                       0x10c9 (size before relaxing)
 .debug_str     0x0000000000002811       0x8d ./../../lib/message_bank_send.o
                                        0x4fc (size before relaxing)
 .debug_str     0x000000000000289e       0xda ./../../lib/common_config.o
                                        0x3f4 (size before relaxing)
 .debug_str     0x0000000000002978       0x4c ./../../lib/setting_comval.o
 .debug_str     0x00000000000029c4       0x46 ./../../lib/common_sound.o
 .debug_str     0x0000000000002a0a       0xcf ./../../lib/common_phy_volume_deal.o
                                        0x384 (size before relaxing)
 .debug_str     0x0000000000002ad9       0x1a ./../../lib/common_phy_volume_table.o
                                        0x33e (size before relaxing)

.comment        0x0000000000000000      0x93d
 .comment       0x0000000000000000       0x2b ./../../lib/applib_globe_data.o
 .comment       0x000000000000002b       0x2b ./obj/mengine_control.o
 .comment       0x0000000000000056       0x2b ./../../lib/app_timer_rcode.o
 .comment       0x0000000000000081       0x2b ./../../lib/message_rcode_for_engine.o
 .comment       0x00000000000000ac       0x2b ./obj/music_file_io.o
 .comment       0x00000000000000d7       0x2b ./obj/mengine_rdata.o
 .comment       0x0000000000000102       0x2b ./../../lib/applib_app_data.o
 .comment       0x000000000000012d       0x2b ./../../lib/common_func_data.o
 .comment       0x0000000000000158       0x2b ./../../../psp_rel/lib/lib_enhanced/eh_rdata.o
 .comment       0x0000000000000183       0x2b ./../../../psp_rel/lib/lib_enhanced/eh_fsel_rdata.o
 .comment       0x00000000000001ae       0x2b ./../../../psp_rel/lib/lib_enhanced/eh_lrc_load_rdata.o
 .comment       0x00000000000001d9       0x2b ./../../../psp_rel/lib/ctor.o
 .comment       0x0000000000000204       0x2b ./obj/mengine_main.o
 .comment       0x000000000000022f       0x2b ./obj/mengine_message_done.o
 .comment       0x000000000000025a       0x2b ./obj/mengine_event.o
 .comment       0x0000000000000285       0x2b ./obj/mengine_event_param.o
 .comment       0x00000000000002b0       0x2b ./obj/mengine_play_deal_sub.o
 .comment       0x00000000000002db       0x2b ./obj/mengine_play_deal.o
 .comment       0x0000000000000306       0x2b ./obj/mengine_event_volume.o
 .comment       0x0000000000000331       0x2b ./obj/mengine_audible_deal.o
 .comment       0x000000000000035c       0x2b ./obj/mengine_audible_sys.o
 .comment       0x0000000000000387       0x2b ./obj/mengine_event_audible.o
 .comment       0x00000000000003b2       0x2b ./../../../psp_rel/lib/lib_enhanced/eh_module.o
 .comment       0x00000000000003dd       0x2b ./../../../psp_rel/lib/lib_enhanced/eh_fsel_entry.o
 .comment       0x0000000000000408       0x2b ./../../../psp_rel/lib/lib_enhanced/eh_fsel_function.o
 .comment       0x0000000000000433       0x2b ./../../../psp_rel/lib/lib_enhanced/eh_lyric_load.o
 .comment       0x000000000000045e       0x2b ./../../../psp_rel/lib/lib_enhanced/eh_module_sub.o
 .comment       0x0000000000000489       0x2b ./../../../psp_rel/lib/lib_enhanced/eh_fsel_directory_next.o
 .comment       0x00000000000004b4       0x2b ./../../../psp_rel/lib/lib_enhanced/eh_fsel_directory_prev.o
 .comment       0x00000000000004df       0x2b ./../../../psp_rel/lib/lib_enhanced/eh_fsel_directory_func.o
 .comment       0x000000000000050a       0x2b ./../../../psp_rel/lib/lib_enhanced/eh_fsel_favorite_sel.o
 .comment       0x0000000000000535       0x2b ./../../../psp_rel/lib/lib_enhanced/eh_fsel_favorite_func.o
 .comment       0x0000000000000560       0x2b ./../../../psp_rel/lib/lib_enhanced/eh_fsel_shuffle.o
 .comment       0x000000000000058b       0x2b ./../../../psp_rel/lib/lib_enhanced/eh_fsel_playlist_sel.o
 .comment       0x00000000000005b6       0x2b ./../../../psp_rel/lib/lib_enhanced/eh_fsel_playlist_func.o
 .comment       0x00000000000005e1       0x2b ./../../../psp_rel/lib/lib_enhanced/eh_fsel_shuffle2.o
 .comment       0x000000000000060c       0x2b ./../../../psp_rel/lib/lib_enhanced/eh_fsel_function_sub.o
 .comment       0x0000000000000637       0x2b ./../../../psp_rel/lib/lib_enhanced/eh_fsel_browser_function.o
 .comment       0x0000000000000662       0x2b ./../../../psp_rel/lib/lib_enhanced/eh_fsel_browser_next.o
 .comment       0x000000000000068d       0x2b ./../../../psp_rel/lib/lib_enhanced/eh_fsel_browser_prev.o
 .comment       0x00000000000006b8       0x2b ./../../../psp_rel/lib/lib_enhanced/eh_lyric_load_sub1.o
 .comment       0x00000000000006e3       0x2b ./../../../psp_rel/lib/lib_enhanced/eh_lyric_load_sub2.o
 .comment       0x000000000000070e       0x2b ./../../../psp_rel/lib/lib_enhanced/eh_lyric_load_sub3.o
 .comment       0x0000000000000739       0x2b ./../../../psp_rel/lib/lib_enhanced/eh_lyric_load_sub4.o
 .comment       0x0000000000000764       0x2b ./../../../psp_rel/lib/lib_enhanced/eh_lyric_load_sub5.o
 .comment       0x000000000000078f       0x2b ./../../lib/app_manager_bank.o
 .comment       0x00000000000007ba       0x2b ./../../lib/app_timer_bank.o
 .comment       0x00000000000007e5       0x2b ./../../lib/message_bank_broadcast.o
 .comment       0x0000000000000810       0x2b ./../../lib/message_bank_init.o
 .comment       0x000000000000083b       0x2b ./../../lib/message_bank_send.o
 .comment       0x0000000000000866       0x2b ./../../lib/common_config.o
 .comment       0x0000000000000891       0x2b ./../../lib/setting_comval.o
 .comment       0x00000000000008bc       0x2b ./../../lib/common_sound.o
 .comment       0x00000000000008e7       0x2b ./../../lib/common_phy_volume_deal.o
 .comment       0x0000000000000912       0x2b ./../../lib/common_phy_volume_table.o

.debug_aranges  0x0000000000000000      0x6e0
 .debug_aranges
                0x0000000000000000       0x20 ./../../../psp_rel/lib/api.a(base_op_entry.o)
 .debug_aranges
                0x0000000000000020       0x20 ./obj/mengine_control.o
 .debug_aranges
                0x0000000000000040       0x20 ./../../lib/app_timer_rcode.o
 .debug_aranges
                0x0000000000000060       0x20 ./../../lib/message_rcode_for_engine.o
 .debug_aranges
                0x0000000000000080       0x20 ./obj/music_file_io.o
 .debug_aranges
                0x00000000000000a0       0x20 ./../../../psp_rel/lib/ctor.o
 .debug_aranges
                0x00000000000000c0       0x20 ./obj/mengine_main.o
 .debug_aranges
                0x00000000000000e0       0x20 ./obj/mengine_message_done.o
 .debug_aranges
                0x0000000000000100       0x20 ./obj/mengine_event.o
 .debug_aranges
                0x0000000000000120       0x20 ./obj/mengine_event_param.o
 .debug_aranges
                0x0000000000000140       0x20 ./obj/mengine_play_deal_sub.o
 .debug_aranges
                0x0000000000000160       0x20 ./obj/mengine_play_deal.o
 .debug_aranges
                0x0000000000000180       0x20 ./obj/mengine_event_volume.o
 .debug_aranges
                0x00000000000001a0       0x20 ./obj/mengine_audible_deal.o
 .debug_aranges
                0x00000000000001c0       0x20 ./obj/mengine_audible_sys.o
 .debug_aranges
                0x00000000000001e0       0x20 ./obj/mengine_event_audible.o
 .debug_aranges
                0x0000000000000200       0x20 ./../../../psp_rel/lib/lib_enhanced/eh_module.o
 .debug_aranges
                0x0000000000000220       0x20 ./../../../psp_rel/lib/api.a(audio_device_op_entry.o)
 .debug_aranges
                0x0000000000000240       0x20 ./../../../psp_rel/lib/api.a(dac_op_entry.o)
 .debug_aranges
                0x0000000000000260       0x20 ./../../../psp_rel/lib/api.a(key_op_entry.o)
 .debug_aranges
                0x0000000000000280       0x20 ./../../../psp_rel/lib/api.a(libc_op_entry.o)
 .debug_aranges
                0x00000000000002a0       0x20 ./../../../psp_rel/lib/api.a(mmm_mp_cmd.o)
 .debug_aranges
                0x00000000000002c0       0x20 ./../../../psp_rel/lib/api.a(sys_op_entry.o)
 .debug_aranges
                0x00000000000002e0       0x20 ./../../../psp_rel/lib/api.a(vfs_op_entry.o)
 .debug_aranges
                0x0000000000000300       0x20 ./../../../psp_rel/lib/lib_enhanced/eh_fsel_entry.o
 .debug_aranges
                0x0000000000000320       0x20 ./../../../psp_rel/lib/lib_enhanced/eh_fsel_function.o
 .debug_aranges
                0x0000000000000340       0x20 ./../../../psp_rel/lib/lib_enhanced/eh_lyric_load.o
 .debug_aranges
                0x0000000000000360       0x20 ./../../../psp_rel/lib/lib_enhanced/eh_module_sub.o
 .debug_aranges
                0x0000000000000380       0x20 ./../../../psp_rel/lib/lib_enhanced/eh_fsel_directory_next.o
 .debug_aranges
                0x00000000000003a0       0x20 ./../../../psp_rel/lib/lib_enhanced/eh_fsel_directory_prev.o
 .debug_aranges
                0x00000000000003c0       0x20 ./../../../psp_rel/lib/lib_enhanced/eh_fsel_directory_func.o
 .debug_aranges
                0x00000000000003e0       0x20 ./../../../psp_rel/lib/lib_enhanced/eh_fsel_favorite_sel.o
 .debug_aranges
                0x0000000000000400       0x20 ./../../../psp_rel/lib/lib_enhanced/eh_fsel_favorite_func.o
 .debug_aranges
                0x0000000000000420       0x20 ./../../../psp_rel/lib/lib_enhanced/eh_fsel_shuffle.o
 .debug_aranges
                0x0000000000000440       0x20 ./../../../psp_rel/lib/lib_enhanced/eh_fsel_playlist_sel.o
 .debug_aranges
                0x0000000000000460       0x20 ./../../../psp_rel/lib/lib_enhanced/eh_fsel_playlist_func.o
 .debug_aranges
                0x0000000000000480       0x20 ./../../../psp_rel/lib/lib_enhanced/eh_fsel_shuffle2.o
 .debug_aranges
                0x00000000000004a0       0x20 ./../../../psp_rel/lib/lib_enhanced/eh_fsel_function_sub.o
 .debug_aranges
                0x00000000000004c0       0x20 ./../../../psp_rel/lib/lib_enhanced/eh_fsel_browser_function.o
 .debug_aranges
                0x00000000000004e0       0x20 ./../../../psp_rel/lib/lib_enhanced/eh_fsel_browser_next.o
 .debug_aranges
                0x0000000000000500       0x20 ./../../../psp_rel/lib/lib_enhanced/eh_fsel_browser_prev.o
 .debug_aranges
                0x0000000000000520       0x20 ./../../../psp_rel/lib/lib_enhanced/eh_lyric_load_sub1.o
 .debug_aranges
                0x0000000000000540       0x20 ./../../../psp_rel/lib/lib_enhanced/eh_lyric_load_sub2.o
 .debug_aranges
                0x0000000000000560       0x20 ./../../../psp_rel/lib/lib_enhanced/eh_lyric_load_sub3.o
 .debug_aranges
                0x0000000000000580       0x20 ./../../../psp_rel/lib/lib_enhanced/eh_lyric_load_sub4.o
 .debug_aranges
                0x00000000000005a0       0x20 ./../../../psp_rel/lib/lib_enhanced/eh_lyric_load_sub5.o
 .debug_aranges
                0x00000000000005c0       0x20 ./../../lib/app_manager_bank.o
 .debug_aranges
                0x00000000000005e0       0x20 ./../../lib/app_timer_bank.o
 .debug_aranges
                0x0000000000000600       0x20 ./../../lib/message_bank_broadcast.o
 .debug_aranges
                0x0000000000000620       0x20 ./../../lib/message_bank_init.o
 .debug_aranges
                0x0000000000000640       0x20 ./../../lib/message_bank_send.o
 .debug_aranges
                0x0000000000000660       0x20 ./../../lib/common_config.o
 .debug_aranges
                0x0000000000000680       0x20 ./../../lib/setting_comval.o
 .debug_aranges
                0x00000000000006a0       0x20 ./../../lib/common_sound.o
 .debug_aranges
                0x00000000000006c0       0x20 ./../../lib/common_phy_volume_deal.o

.debug_frame    0x0000000000000000     0x278c
 .debug_frame   0x0000000000000000       0x98 ./obj/mengine_control.o
 .debug_frame   0x0000000000000098       0x34 ./../../lib/app_timer_rcode.o
 .debug_frame   0x00000000000000cc       0x30 ./../../lib/message_rcode_for_engine.o
 .debug_frame   0x00000000000000fc       0xe8 ./obj/music_file_io.o
 .debug_frame   0x00000000000001e4       0x58 ./../../../psp_rel/lib/ctor.o
 .debug_frame   0x000000000000023c      0x108 ./obj/mengine_main.o
 .debug_frame   0x0000000000000344      0x170 ./obj/mengine_message_done.o
 .debug_frame   0x00000000000004b4      0x1dc ./obj/mengine_event.o
 .debug_frame   0x0000000000000690      0x224 ./obj/mengine_event_param.o
 .debug_frame   0x00000000000008b4       0xbc ./obj/mengine_play_deal_sub.o
 .debug_frame   0x0000000000000970       0xc8 ./obj/mengine_play_deal.o
 .debug_frame   0x0000000000000a38      0x100 ./obj/mengine_event_volume.o
 .debug_frame   0x0000000000000b38       0x98 ./obj/mengine_audible_deal.o
 .debug_frame   0x0000000000000bd0       0x9c ./obj/mengine_audible_sys.o
 .debug_frame   0x0000000000000c6c      0x200 ./obj/mengine_event_audible.o
 .debug_frame   0x0000000000000e6c      0x14c ./../../../psp_rel/lib/lib_enhanced/eh_module.o
 .debug_frame   0x0000000000000fb8      0x178 ./../../../psp_rel/lib/lib_enhanced/eh_fsel_entry.o
 .debug_frame   0x0000000000001130       0xe4 ./../../../psp_rel/lib/lib_enhanced/eh_fsel_function.o
 .debug_frame   0x0000000000001214       0xa4 ./../../../psp_rel/lib/lib_enhanced/eh_lyric_load.o
 .debug_frame   0x00000000000012b8       0xbc ./../../../psp_rel/lib/lib_enhanced/eh_module_sub.o
 .debug_frame   0x0000000000001374      0x110 ./../../../psp_rel/lib/lib_enhanced/eh_fsel_directory_next.o
 .debug_frame   0x0000000000001484       0xa4 ./../../../psp_rel/lib/lib_enhanced/eh_fsel_directory_prev.o
 .debug_frame   0x0000000000001528       0xd0 ./../../../psp_rel/lib/lib_enhanced/eh_fsel_directory_func.o
 .debug_frame   0x00000000000015f8      0x178 ./../../../psp_rel/lib/lib_enhanced/eh_fsel_favorite_sel.o
 .debug_frame   0x0000000000001770       0x2c ./../../../psp_rel/lib/lib_enhanced/eh_fsel_favorite_func.o
 .debug_frame   0x000000000000179c      0x180 ./../../../psp_rel/lib/lib_enhanced/eh_fsel_shuffle.o
 .debug_frame   0x000000000000191c      0x154 ./../../../psp_rel/lib/lib_enhanced/eh_fsel_playlist_sel.o
 .debug_frame   0x0000000000001a70      0x130 ./../../../psp_rel/lib/lib_enhanced/eh_fsel_playlist_func.o
 .debug_frame   0x0000000000001ba0       0x2c ./../../../psp_rel/lib/lib_enhanced/eh_fsel_shuffle2.o
 .debug_frame   0x0000000000001bcc       0x2c ./../../../psp_rel/lib/lib_enhanced/eh_fsel_function_sub.o
 .debug_frame   0x0000000000001bf8      0x1d4 ./../../../psp_rel/lib/lib_enhanced/eh_fsel_browser_function.o
 .debug_frame   0x0000000000001dcc       0xe8 ./../../../psp_rel/lib/lib_enhanced/eh_fsel_browser_next.o
 .debug_frame   0x0000000000001eb4       0xc8 ./../../../psp_rel/lib/lib_enhanced/eh_fsel_browser_prev.o
 .debug_frame   0x0000000000001f7c      0x100 ./../../../psp_rel/lib/lib_enhanced/eh_lyric_load_sub1.o
 .debug_frame   0x000000000000207c       0xd8 ./../../../psp_rel/lib/lib_enhanced/eh_lyric_load_sub2.o
 .debug_frame   0x0000000000002154       0x74 ./../../../psp_rel/lib/lib_enhanced/eh_lyric_load_sub3.o
 .debug_frame   0x00000000000021c8       0x98 ./../../../psp_rel/lib/lib_enhanced/eh_lyric_load_sub4.o
 .debug_frame   0x0000000000002260       0xd8 ./../../../psp_rel/lib/lib_enhanced/eh_lyric_load_sub5.o
 .debug_frame   0x0000000000002338       0x58 ./../../lib/app_manager_bank.o
 .debug_frame   0x0000000000002390       0xa8 ./../../lib/app_timer_bank.o
 .debug_frame   0x0000000000002438       0x58 ./../../lib/message_bank_broadcast.o
 .debug_frame   0x0000000000002490       0x34 ./../../lib/message_bank_init.o
 .debug_frame   0x00000000000024c4       0x80 ./../../lib/message_bank_send.o
 .debug_frame   0x0000000000002544       0x78 ./../../lib/common_config.o
 .debug_frame   0x00000000000025bc       0x60 ./../../lib/setting_comval.o
 .debug_frame   0x000000000000261c      0x148 ./../../lib/common_sound.o
 .debug_frame   0x0000000000002764       0x28 ./../../lib/common_phy_volume_deal.o

.debug_ranges   0x0000000000000000       0x20
 .debug_ranges  0x0000000000000000       0x20 ./../../lib/app_timer_bank.o
