Archive member included because of file (symbol)

./../../../psp_rel/lib/api.a(sys_op_entry.o)
                              rcode_lcd_functions.o (sys_op_entry)

Memory Configuration

Name             Origin             Length             Attributes
*default*        0x0000000000000000 0xffffffffffffffff

Linker script and memory map

LOAD ./../../../psp_rel/include/link_base.xn
                0x0000000000000000                DRV_GROUP_STG_BASE = 0x0
                0x0000000000000001                DRV_GROUP_STG_CARD = 0x1
                0x0000000000000002                DRV_GROUP_STG_UHOST = 0x2
                0x0000000000000003                DRV_GROUP_FAT32 = 0x3
                0x0000000000000004                DRV_GROUP_EXFAT = 0x4
                0x0000000000000005                DRV_GROUP_UD = 0x5
                0x0000000000000006                DRV_GROUP_UI = 0x6
                0x0000000000000007                DRV_GROUP_LCD = 0x7
                0x0000000000000008                DRV_GROUP_FM = 0x8
                0x0000000000000009                DRV_GROUP_KEY = 0x9
                0x000000000000000a                DRV_GROUP_CCD = 0xa
                0x000000000000000b                DRV_GROUP_I2C = 0xb
                0x000000000000000c                DRV_GROUP_AUDIO_DEVICE = 0xc
                0x000000000000000d                DRV_GROUP_TTS = 0xd
                0x000000000000000e                DRV_GROUP_BT = 0xe
                0x000000000000000f                DRV_GROUP_SYS = 0xf
                0x000000000003ffff                SRAM_SIZE_MASK = 0x3ffff
                0x000000009fc00000                RDATA_ADDR_BASE = 0x9fc00000
                0x00000000bfc00000                RCODE_ADDR_BASE = 0xbfc00000
                0x0000000000000001                KERNEL_BANK_A = 0x1
                0x0000000000000002                KERNEL_BANK_B = 0x2
                0x0000000000000003                KERNEL_BANK_C = 0x3
                0x0000000000040000                BANK_SPACE = 0x40000
                0x0000000000000000                FRONT_AP = 0x0
                0x0000000000000001                BACK_AP = 0x1
                0x0000000000000002                PROCESS_MANAGER_AP = 0x2
                0x0000000000000000                FRONT_CODEC = 0x0
                0x0000000000000001                BACK_CODEC = 0x1
                0x0000000000000040                AP_BANK_FRONT_CONTROL_1 = 0x40
                0x0000000000000048                AP_BANK_FRONT_UI_1 = 0x48
                0x0000000000000050                AP_BANK_FRONT_BASAL = 0x50
                0x0000000000000058                AP_BANK_FRONT_CODEC = 0x58
                0x0000000000000060                AP_BANK_BACK_CONTROL_1 = 0x60
                0x0000000000000068                AP_BANK_BACK_BASAL = 0x68
                0x0000000000000070                AP_BANK_BACK_CODEC = 0x70
                0x0000000000000078                AP_BANK_FRONT_ENHANCED_1 = 0x78
                0x0000000000000071                AP_BANK_FRONT_ENHANCED_2 = 0x71
                0x000000000000007a                AP_BANK_BACK_ENHANCED_1 = 0x7a
                0x000000000000007b                AP_BANK_BACK_ENHANCED_2 = 0x7b
                0x0000000000000072                AP_BANK_BTENGINE_CONTROL_1 = 0x72
                0x0000000000000073                AP_BANK_BTENGINE_LIB_1 = 0x73
                0x0000000000000074                AP_BANK_BTENGINE_LIB_2 = 0x74
                0x0000000000000075                AP_BANK_BTENGINE_EXTEND_1 = 0x75
                0x0000000000000076                AP_BANK_BTENGINE_EXTEND_2 = 0x76
                0x0000000000000077                AP_BANK_BTENGINE_EXTEND_3 = 0x77
                0x000000000000007c                AP_BANK_BTENGINE_EXTEND_4 = 0x7c
                0x0000000000000079                AP_BANK_BTENGINE_EXTEND_5 = 0x79
                0x000000000000007f                AP_BANK_MANAGER = 0x7f
                0x0000000000000041                AP_BANK_AUTOTEST = 0x41
                0x0000000000000000                SROM_BROM_ADDR = 0x0
                0x0000000000002600                SROM_BROM_SIZE = 0x2600
                0x0000000000002600                SROM_SPINOR_ADDR = (SROM_BROM_ADDR + SROM_BROM_SIZE)
                0x0000000000000c00                SROM_SPINOR_SIZE = 0xc00
                0x0000000000003200                SROM_TWI_ADDR = (SROM_SPINOR_ADDR + SROM_SPINOR_SIZE)
                0x0000000000000700                SROM_TWI_SIZE = 0x700
                0x0000000000003900                SROM_STUB_ADDR = (SROM_TWI_ADDR + SROM_TWI_SIZE)
                0x0000000000000700                SROM_STUB_SIZE = 0x700
                0x0000000000000e00                SROM_SPINOR_SIZE_MDY = 0xe00
                0x0000000000003400                SROM_TWI_ADDR_MDY = (SROM_SPINOR_ADDR + SROM_SPINOR_SIZE_MDY)
                0x0000000000000700                SROM_TWI_SIZE_MDY = 0x700
                0x0000000000003b00                SROM_STUB_ADDR_MDY = (SROM_TWI_ADDR_MDY + SROM_TWI_SIZE_MDY)
                0x0000000000000500                SROM_STUB_SIZE_MDY = 0x500
                0x0000000000004000                SROM_KERNEL_ADDR = (SROM_STUB_ADDR + SROM_STUB_SIZE)
                0x0000000000004000                SROM_KERNEL_SIZE = 0x4000
                0x000000000000c000                SROM_FS_ADDR = 0xc000
                0x0000000000001c00                SROM_FS_SIZE = 0x1c00
                0x000000000000dc00                SROM_SPINOR1_ADDR = (SROM_FS_ADDR + SROM_FS_SIZE)
                0x0000000000000400                SROM_SPINOR1_SIZE = 0x400
                0x0000000000008000                SRAM_OS_RCODE_ADDR = 0x8000
                0x0000000000000c00                SRAM_OS_RCODE_SIZE = 0xc00
                0x0000000000008c00                SRAM_SPINOR_RCODE_ADDR = 0x8c00
                0x0000000000000400                SRAM_SPINOR_RCODE_SIZE = 0x400
                0x0000000000009000                SRAM_BANK_A_ADDR = 0x9000
                0x0000000000000400                SRAM_BANK_A_SIZE = 0x400
                0x0000000000009400                SRAM_BANK_B_ADDR = 0x9400
                0x0000000000000800                SRAM_BANK_B_SIZE = 0x800
                0x0000000000009c00                SRAM_UI_RCODE1_ADDR = 0x9c00
                0x0000000000000300                SRAM_UI_RCODE1_SIZE = 0x300
                0x0000000000009f00                SRAM_AUDIO_GLOBAL_DATA_ADDR = 0x9f00
                0x0000000000000060                SRAM_AUDIO_GLOBAL_DATA_SIZE = 0x60
                0x0000000000009f60                SRAM_UHOST_GLOBAL_DATA_ADDR = 0x9f60
                0x0000000000000010                SRAM_UHOST_GLOBAL_DATA_SIZE = 0x10
                0x0000000000009f70                SRAM_CARD_GLOBAL_DATA_ADDR = 0x9f70
                0x0000000000000010                SRAM_CARD_GLOBAL_DATA_SIZE = 0x10
                0x0000000000009f80                SRAM_SYS_SHARE_DATA_ADDR = 0x9f80
                0x0000000000000040                SRAM_SYS_SHARE_DATA_SIZE = 0x40
                0x0000000000009fc0                SRAM_RAM6_CCD_GLOBAL_DATA_ADDR = 0x9fc0
                0x0000000000000020                SRAM_RAM6_CCD_GLOBAL_DATA_SIZE = 0x20
                0x0000000000009fe0                SRAM_RAM6_RESEVER_ADDR = 0x9fe0
                0x0000000000000020                SRAM_RAM6_RESEVER_SIZE = 0x20
                0x000000000000a000                SRAM_LCD_RCODE_ADDR = 0xa000
                0x0000000000000800                SRAM_LCD_RCODE_SIZE = 0x800
                0x000000000000a800                SRAM_UI_RCODE2_ADDR = 0xa800
                0x0000000000001000                SRAM_UI_RCODE2_SIZE = 0x1000
                0x000000000000b800                SRAM_LCD_BUFFER_ADDR = 0xb800
                0x0000000000000400                SRAM_LCD_BUFFER_SIZE = 0x400
                0x000000000000bc00                SRAM_UI_DATA_ADDR = 0xbc00
                0x0000000000000400                SRAM_UI_DATA_SIZE = 0x400
                0x0000000000010000                SRAM_KEY_MESSAGE_RCODE_ADDR = 0x10000
                0x0000000000000a00                SRAM_KEY_MESSAGE_RCODE_SIZE = 0xa00
                0x0000000000010a00                SRAM_RAM0_RESEVER1_ADDR = 0x10a00
                0x0000000000000200                SRAM_RAM0_RESEVER1_SIZE = 0x200
                0x0000000000010c00                SRAM_AP_FRONT_BASAL_RCODE_ADDR = 0x10c00
                0x0000000000000100                SRAM_AP_FRONT_BASAL_RCODE_SIZE = 0x100
                0x0000000000010d00                SRAM_AP_BANK_BACK_CONTROL_ADDR = 0x10d00
                0x0000000000000800                SRAM_AP_BANK_BACK_CONTROL_SIZE = 0x800
                0x0000000000011500                SRAM_AP_BACK_RCODE_ADDR = 0x11500
                0x0000000000000800                SRAM_AP_BACK_RCODE_SIZE = 0x800
                0x0000000000000000                SRAM_AP_BANK_FRONT_CODEC_ADDR = 0x0
                0x0000000000000000                SRAM_AP_BANK_FRONT_CODEC_SIZE = 0x0
                0x0000000000011d00                SRAM_RAM0_RESEVER2_ADDR = 0x11d00
                0x0000000000000800                SRAM_RAM0_RESEVER2_SIZE = 0x800
                0x0000000000012500                SRAM_AP_BANK_FRONT_BASAL_ADDR = 0x12500
                0x0000000000000800                SRAM_AP_BANK_FRONT_BASAL_SIZE = 0x800
                0x0000000000012500                SRAM_AP_BANK_FRONT_ENHANCED_2_ADDR = SRAM_AP_BANK_FRONT_BASAL_ADDR
                0x0000000000000800                SRAM_AP_BANK_FRONT_ENHANCED_2_SIZE = SRAM_AP_BANK_FRONT_BASAL_SIZE
                0x0000000000012d00                SRAM_AP_BANK_BACK_BASAL_ADDR = 0x12d00
                0x0000000000000800                SRAM_AP_BANK_BACK_BASAL_SIZE = 0x800
                0x0000000000012d00                SRAM_AP_BANK_BACK_ENHANCED_1_ADDR = SRAM_AP_BANK_BACK_BASAL_ADDR
                0x0000000000000800                SRAM_AP_BANK_BACK_ENHANCED_1_SIZE = SRAM_AP_BANK_BACK_BASAL_SIZE
                0x0000000000013500                SRAM_AP_BACK_BASAL_RCODE_ADDR = 0x13500
                0x0000000000000800                SRAM_AP_BACK_BASAL_RCODE_SIZE = 0x800
                0x0000000000013d00                SRAM_KERNEL_BSS_ADDR = 0x13d00
                0x00000000000000e0                SRAM_KERNEL_BSS_SIZE = 0xe0
                0x0000000000013de0                SRAM_AP_MANAGER_ADDR = 0x13de0
                0x0000000000000200                SRAM_AP_MANAGER_SIZE = 0x200
                0x0000000000013fc0                SRAM_IRQ_DSP_PRINT_TEMP_ADDR = 0x13fc0
                0x0000000000000020                SRAM_IRQ_DSP_PRINT_TEMP_SIZE = 0x20
                0x0000000000013fe0                SRAM_IRQ_PRINT_BUFFER_ADDR = 0x13fe0
                0x0000000000000110                SRAM_IRQ_PRINT_BUFFER_SIZE = 0x110
                0x00000000000140f0                SRAM_DSP_PRINT_BUFFER_ADDR = 0x140f0
                0x0000000000000110                SRAM_DSP_PRINT_BUFFER_SIZE = 0x110
                0x0000000000014200                SRAM_LCD_DATA_ADDR = 0x14200
                0x0000000000000100                SRAM_LCD_DATA_SIZE = 0x100
                0x0000000000014300                SRAM_KEY_MESSAGE_DATA_ADDR = 0x14300
                0x0000000000000100                SRAM_KEY_MESSAGE_DATA_SIZE = 0x100
                0x0000000000014400                SRAM_AP_BANK_FRONT_UI_ADDR = 0x14400
                0x0000000000000800                SRAM_AP_BANK_FRONT_UI_SIZE = 0x800
                0x0000000000014c00                SRAM_AP_BANK_FRONT_CONTROL_ADDR = 0x14c00
                0x0000000000000800                SRAM_AP_BANK_FRONT_CONTROL_SIZE = 0x800
                0x0000000000015400                SRAM_AP_FRONT_DATA_ADDR = 0x15400
                0x0000000000000800                SRAM_AP_FRONT_DATA_SIZE = 0x800
                0x0000000000015c00                SRAM_AP_BACK_DATA_ADDR = 0x15c00
                0x0000000000000600                SRAM_AP_BACK_DATA_SIZE = 0x600
                0x0000000000016200                SRAM_AP_BANK_MANAGER_ADDR = 0x16200
                0x0000000000000200                SRAM_AP_BANK_MANAGER_SIZE = 0x200
                0x0000000000016400                SRAM_AP_FRONT_RCODE_ADDR = 0x16400
                0x0000000000000800                SRAM_AP_FRONT_RCODE_SIZE = 0x800
                0x0000000000016c00                SRAM_FS_RCODE_ADDR = 0x16c00
                0x0000000000000800                SRAM_FS_RCODE_SIZE = 0x800
                0x0000000000017400                SRAM_UI_RCODE3_ADDR = 0x17400
                0x0000000000000c00                SRAM_UI_RCODE3_SIZE = 0xc00
                0x0000000000017400                SRAM_CARD_UD_RCODE_ADDR = 0x17400
                0x0000000000000c00                SRAM_CARD_UD_RCODE_SIZE = 0xc00
                0x0000000000017400                SRAM_UHOST_UD_RCODE_ADDR = SRAM_CARD_UD_RCODE_ADDR
                0x0000000000000c00                SRAM_UHOST_UD_RCODE_SIZE = SRAM_CARD_UD_RCODE_SIZE
                0x0000000000018000                SRAM_FS_DATA_ADDR = 0x18000
                0x0000000000000300                SRAM_FS_DATA_SIZE = 0x300
                0x0000000000018300                SRAM_FS_BUF_ADDR = 0x18300
                0x0000000000000a00                SRAM_FS_BUF_SIZE = 0xa00
                0x0000000000018d00                SRAM_CARD_UD_CACHE_ADDR = 0x18d00
                0x0000000000000800                SRAM_CARD_UD_CACHE_SIZE = 0x800
                0x0000000000018d00                SRAM_UHOST_UD_CACHE_ADDR = SRAM_CARD_UD_CACHE_ADDR
                0x0000000000000800                SRAM_UHOST_UD_CACHE_SIZE = SRAM_CARD_UD_CACHE_SIZE
                0x0000000000019500                SRAM_CARD_DATA_ADDR = 0x19500
                0x0000000000000080                SRAM_CARD_DATA_SIZE = 0x80
                0x0000000000019500                SRAM_UHOST_DATA_ADDR = SRAM_CARD_DATA_ADDR
                0x0000000000000080                SRAM_UHOST_DATA_SIZE = SRAM_CARD_DATA_SIZE
                0x0000000000019580                SRAM_KERNEL_XSYS_ADDR = 0x19580
                0x0000000000000800                SRAM_KERNEL_XSYS_SIZE = 0x800
                0x0000000000019d80                SRAM_BANK_C_ADDR = 0x19d80
                0x0000000000000400                SRAM_BANK_C_SIZE = 0x400
                0x000000000001a180                SRAM_APPLIB_GLOBAL_DATA_ADDR = 0x1a180
                0x0000000000000100                SRAM_APPLIB_GLOBAL_DATA_SIZE = 0x100
                0x000000000001a280                SRAM_APPLIB_DATA_ADDR = 0x1a280
                0x0000000000000100                SRAM_APPLIB_DATA_SIZE = 0x100
                0x000000000001a380                SRAM_RAM1_RESEVER1_ADDR = 0x1a380
                0x0000000000000080                SRAM_RAM1_RESEVER1_SIZE = 0x80
                0x000000000001a400                SRAM_OS_DATA_ADDR = 0x1a400
                0x0000000000000880                SRAM_OS_DATA_SIZE = 0x880
                0x000000000001ac80                SRAM_OS_HEAP_ADDR = 0x1ac80
                0x0000000000000580                SRAM_OS_HEAP_SIZE = 0x580
                0x000000000001b200                SRAM_AP_BANK_FRONT_ENHANCED_1_ADDR = 0x1b200
                0x0000000000000800                SRAM_AP_BANK_FRONT_ENHANCED_1_SIZE = 0x800
                0x000000000001b200                SRAM_FM_DRV_RCODE_ADDR = SRAM_AP_BANK_FRONT_ENHANCED_1_ADDR
                0x0000000000000800                SRAM_FM_DRV_RCODE_SIZE = SRAM_AP_BANK_FRONT_ENHANCED_1_SIZE
                0x000000000001ba00                SRAM_OS_SD_SWAP_BUF_ADDR = 0x1ba00
                0x0000000000000200                SRAM_OS_SD_SWAP_BUF_SIZE = 0x200
                0x000000000001bc00                SRAM_OS_TASK_STACK_ADDR = 0x1bc00
                0x0000000000001a00                SRAM_OS_TASK_STACK_SIZE = 0x1a00
                0x000000000001d600                SRAM_OS_SYS_STACK_ADDR = 0x1d600
                0x0000000000000400                SRAM_OS_SYS_STACK_SIZE = 0x400
                0x000000000001da00                SRAM_RAM1_RESEVER2_ADDR = 0x1da00
                0x0000000000000600                SRAM_RAM1_RESEVER1_SIZE = 0x600
                0x0000000000027000                SRAM_AP_BACK_CODEC_RCODE_ADDR = 0x27000
                0x0000000000001000                SRAM_AP_BACK_CODEC_RCODE_SIZE = 0x1000
                0x0000000000028000                SRAM_AP_BANK_BACK_CODEC_ADDR = 0x28000
                0x0000000000001000                SRAM_AP_BANK_BACK_CODEC_SIZE = 0x1000
                0x0000000000028000                SRAM_AP_BANK_BACK_ENHANCED_2_ADDR = 0x28000
                0x0000000000000800                SRAM_AP_BANK_BACK_ENHANCED_2_SIZE = 0x800
                0x0000000000030000                SRAM_AP_USB_DEVICE_RCODE_ADDR = 0x30000
                0x0000000000004000                SRAM_AP_USB_DEVICE_RCODE_SIZE = 0x4000
                0x0000000000038000                SRAM_TWI_ADDR_MDY = 0x38000
                0x0000000000000700                SRAM_TWI_SIZE_MDY = SROM_TWI_SIZE_MDY
                0x0000000000040000                SRAM_INVALID_RCODE_ADDR = 0x40000
                0x0000000000000007                BANK_GROUP_INDEX = DRV_GROUP_LCD
                0x000000000000a000                SRAM_TEXT_ADDR = SRAM_LCD_RCODE_ADDR
                0x0000000000014200                SRAM_DATA_ADDR = SRAM_LCD_DATA_ADDR
                0x00000000bfc0a000                RCODE_TEXT_ADDR = (RCODE_ADDR_BASE + SRAM_TEXT_ADDR)
                0x000000009fc14200                RDATA_DATA_ADDR = (RDATA_ADDR_BASE + SRAM_DATA_ADDR)
                0x0000000017009000                KERNEL_BANK_A_ADDR_BASE = (((KERNEL_BANK_A << 0x1c) + (BANK_GROUP_INDEX << 0x18)) + SRAM_BANK_A_ADDR)
                0x0000000027009400                KERNEL_BANK_B_ADDR_BASE = (((KERNEL_BANK_B << 0x1c) + (BANK_GROUP_INDEX << 0x18)) + SRAM_BANK_B_ADDR)
                0x0000000037019d80                KERNEL_BANK_C_ADDR_BASE = (((KERNEL_BANK_C << 0x1c) + (BANK_GROUP_INDEX << 0x18)) + SRAM_BANK_C_ADDR)
                0x0000000000000400                KERNEL_BANK_A_SIZE = SRAM_BANK_A_SIZE
                0x0000000000000800                KERNEL_BANK_B_SIZE = SRAM_BANK_B_SIZE
                0x0000000000000400                KERNEL_BANK_C_SIZE = SRAM_BANK_C_SIZE
                0x00000000000000fc                SRAM_LCD_DATA_SIZE_FILL = (SRAM_LCD_DATA_SIZE - 0x4)
                0x0000000000040000                KERNEL_BANK_SPACE = BANK_SPACE

.text           0x00000000bfc0a000      0x800
 rcode_lcd_op_entry.o(.text .rodata)
 rcode_lcd_functions.o(.text .rodata)
 .text          0x00000000bfc0a000      0x154 rcode_lcd_functions.o
                0x00000000bfc0a001                write_command
                0x00000000bfc0a071                buff_data_trans
                0x00000000bfc0a0a9                get_buff_data
                0x00000000bfc0a02d                write_data
 rcode_lcd_functions_1.o(.text .rodata)
 .text          0x00000000bfc0a154      0x194 rcode_lcd_functions_1.o
                0x00000000bfc0a28d                controller_init
                0x00000000bfc0a155                set_mfp_to_emif
                0x00000000bfc0a1c9                set_mfp_to_lcd
                0x00000000bfc0a23d                store_ce_gio
                0x00000000bfc0a265                restore_ce_gio
 rcode_lcd_functions_3.o(.text .rodata)
 .text          0x00000000bfc0a2e8      0x1fc rcode_lcd_functions_3.o
                0x00000000bfc0a379                set_window
                0x00000000bfc0a331                restore_ce
                0x00000000bfc0a2e9                store_ce
                0x00000000bfc0a439                set_draw_mode
 rcode_lcd_functions_2.o(.text .rodata)
 .text          0x00000000bfc0a4e4       0xc4 rcode_lcd_functions_2.o
                0x00000000bfc0a58d                dma_set_src_addr
                0x00000000bfc0a4e5                dma_start_trans
                0x00000000bfc0a571                dma_set_counter
 api.a(.text)
 .text          0x00000000bfc0a5a8        0x4 ./../../../psp_rel/lib/api.a(sys_op_entry.o)
                0x00000000bfc0a5a9                sys_op_entry
                0x0000000000000800                . = SRAM_LCD_RCODE_SIZE
 *fill*         0x00000000bfc0a5ac      0x254 00

.data           0x000000009fc14200       0x34 load address 0x00000000bfc0a800
 *.o(.data)
 .data          0x000000009fc14200       0x34 rcode_lcd_op_entry.o
                0x000000009fc14200                lcd_driver_op

.bss            0x000000009fc14234       0xc8
 *(.bss)
 .bss           0x000000009fc14234        0xc rcode_lcd_op_entry.o
                0x000000009fc14234                reent_flag
                0x000000009fc1423d                dma_chan
                0x000000009fc14235                lcd_draw_mode
                0x000000009fc1423e                pic_mode
                0x000000009fc14238                irq_status
                0x000000009fc1423c                contrast_grade
 *(.sbss)
 *(.common)
 *(common)
                0x00000000000000c8                . = (SRAM_LCD_DATA_SIZE_FILL - SIZEOF (.data))
 *fill*         0x000000009fc14240       0xbc 00
                0x0000000017009000                . = KERNEL_BANK_A_ADDR_BASE
                0x0000000000009000                OFFSET = (. & (KERNEL_BANK_SPACE - 0x1))

BANK_A_0        0x0000000017009000      0x400
 bank_a_lcd_init.o(.text .rodata)
 .text          0x0000000017009000       0x3c bank_a_lcd_init.o
                0x0000000017009029                cleanup_module
                0x0000000017009001                init_module
                0x0000000017009029                lcd_exit
                0x0000000017009001                lcd_init
                0x0000000000000400                . = KERNEL_BANK_A_SIZE
 *fill*         0x000000001700903c      0x3c4 00
                0x0000000017049000                . = (. + (KERNEL_BANK_SPACE - KERNEL_BANK_A_SIZE))

BANK_A_1        0x0000000017049000      0x400
 bank_a_lcd_functions.o(.text .rodata)
 .text          0x0000000017049000      0x25c bank_a_lcd_functions.o
                0x0000000017049001                set_contrast
                0x0000000017049209                update_screen
                0x0000000017049219                invert_buff_data_trans
                0x0000000017049039                standby_screen
                0x000000001704910d                backlight_on_off
                0x0000000000000400                . = KERNEL_BANK_A_SIZE
 *fill*         0x000000001704925c      0x1a4 00
                0x0000000017089000                . = (. + (KERNEL_BANK_SPACE - KERNEL_BANK_A_SIZE))

BANK_A_2        0x0000000017089000      0x400
 lcd_hardware_init.o(.text .rodata)
 .text          0x0000000017089000      0x1d4 lcd_hardware_init.o
                0x000000001708912d                lcd_clock_init
                0x00000000170891b9                lcd_hardware_init
                0x0000000017089001                lcd_reset
                0x0000000017089075                lcd_buf_init
 .rodata        0x00000000170891d4       0x6c lcd_hardware_init.o
                0x00000000170891d4                lcd_init_buf
                0x0000000000000400                . = KERNEL_BANK_A_SIZE
 *fill*         0x0000000017089240      0x1c0 00

.rel.dyn
LOAD bank_a_lcd_functions.o
LOAD bank_a_lcd_init.o
LOAD lcd_hardware_init.o
LOAD rcode_lcd_functions.o
LOAD rcode_lcd_functions_1.o
LOAD rcode_lcd_functions_2.o
LOAD rcode_lcd_op_entry.o
LOAD rcode_lcd_functions_3.o
OUTPUT(drv_lcd.exe elf32-tradlittlemips)

.reginfo        0x0000000000000000       0x18
 .reginfo       0x0000000000000000       0x18 rcode_lcd_op_entry.o

.pdr            0x0000000000000000      0x380
 .pdr           0x0000000000000000       0x80 rcode_lcd_functions.o
 .pdr           0x0000000000000080       0xa0 rcode_lcd_functions_1.o
 .pdr           0x0000000000000120       0x80 rcode_lcd_functions_3.o
 .pdr           0x00000000000001a0       0x60 rcode_lcd_functions_2.o
 .pdr           0x0000000000000200       0x20 ./../../../psp_rel/lib/api.a(sys_op_entry.o)
 .pdr           0x0000000000000220       0x40 bank_a_lcd_init.o
 .pdr           0x0000000000000260       0xa0 bank_a_lcd_functions.o
 .pdr           0x0000000000000300       0x80 lcd_hardware_init.o

.mdebug.abi32   0x0000000000000000        0x0

.debug_abbrev   0x0000000000000000      0x556
 .debug_abbrev  0x0000000000000000       0x97 rcode_lcd_op_entry.o
 .debug_abbrev  0x0000000000000097       0xa0 rcode_lcd_functions.o
 .debug_abbrev  0x0000000000000137       0xc2 rcode_lcd_functions_1.o
 .debug_abbrev  0x00000000000001f9       0xec rcode_lcd_functions_3.o
 .debug_abbrev  0x00000000000002e5       0x92 rcode_lcd_functions_2.o
 .debug_abbrev  0x0000000000000377       0x14 ./../../../psp_rel/lib/api.a(sys_op_entry.o)
 .debug_abbrev  0x000000000000038b       0x77 bank_a_lcd_init.o
 .debug_abbrev  0x0000000000000402       0xb8 bank_a_lcd_functions.o
 .debug_abbrev  0x00000000000004ba       0x9c lcd_hardware_init.o

.debug_info     0x0000000000000000     0x16a5
 .debug_info    0x0000000000000000      0x3ce rcode_lcd_op_entry.o
 .debug_info    0x00000000000003ce      0x298 rcode_lcd_functions.o
 .debug_info    0x0000000000000666      0x2ba rcode_lcd_functions_1.o
 .debug_info    0x0000000000000920      0x254 rcode_lcd_functions_3.o
 .debug_info    0x0000000000000b74      0x291 rcode_lcd_functions_2.o
 .debug_info    0x0000000000000e05       0x5e ./../../../psp_rel/lib/api.a(sys_op_entry.o)
 .debug_info    0x0000000000000e63      0x235 bank_a_lcd_init.o
 .debug_info    0x0000000000001098      0x3f7 bank_a_lcd_functions.o
 .debug_info    0x000000000000148f      0x216 lcd_hardware_init.o

.debug_line     0x0000000000000000      0x603
 .debug_line    0x0000000000000000       0x5a rcode_lcd_op_entry.o
 .debug_line    0x000000000000005a       0x91 rcode_lcd_functions.o
 .debug_line    0x00000000000000eb       0x90 rcode_lcd_functions_1.o
 .debug_line    0x000000000000017b      0x176 rcode_lcd_functions_3.o
 .debug_line    0x00000000000002f1       0xb2 rcode_lcd_functions_2.o
 .debug_line    0x00000000000003a3       0x3c ./../../../psp_rel/lib/api.a(sys_op_entry.o)
 .debug_line    0x00000000000003df       0x8b bank_a_lcd_init.o
 .debug_line    0x000000000000046a       0xfc bank_a_lcd_functions.o
 .debug_line    0x0000000000000566       0x9d lcd_hardware_init.o

.debug_pubnames
                0x0000000000000000      0x2f8
 .debug_pubnames
                0x0000000000000000       0x81 rcode_lcd_op_entry.o
 .debug_pubnames
                0x0000000000000081       0x59 rcode_lcd_functions.o
 .debug_pubnames
                0x00000000000000da       0x71 rcode_lcd_functions_1.o
 .debug_pubnames
                0x000000000000014b       0x4f rcode_lcd_functions_3.o
 .debug_pubnames
                0x000000000000019a       0x4f rcode_lcd_functions_2.o
 .debug_pubnames
                0x00000000000001e9       0x2c bank_a_lcd_init.o
 .debug_pubnames
                0x0000000000000215       0x78 bank_a_lcd_functions.o
 .debug_pubnames
                0x000000000000028d       0x6b lcd_hardware_init.o

.debug_str      0x0000000000000000      0x286
 .debug_str     0x0000000000000000       0x1b rcode_lcd_op_entry.o
 .debug_str     0x000000000000001b       0x1a rcode_lcd_functions.o
 .debug_str     0x0000000000000035       0x2e rcode_lcd_functions_1.o
 .debug_str     0x0000000000000063      0x1cf rcode_lcd_functions_3.o
                                        0x21b (size before relaxing)
 .debug_str     0x0000000000000232       0x12 rcode_lcd_functions_2.o
 .debug_str     0x0000000000000244       0x12 bank_a_lcd_init.o
 .debug_str     0x0000000000000256       0x1e bank_a_lcd_functions.o
 .debug_str     0x0000000000000274       0x12 lcd_hardware_init.o

.comment        0x0000000000000000      0x158
 .comment       0x0000000000000000       0x2b rcode_lcd_op_entry.o
 .comment       0x000000000000002b       0x2b rcode_lcd_functions.o
 .comment       0x0000000000000056       0x2b rcode_lcd_functions_1.o
 .comment       0x0000000000000081       0x2b rcode_lcd_functions_3.o
 .comment       0x00000000000000ac       0x2b rcode_lcd_functions_2.o
 .comment       0x00000000000000d7       0x2b bank_a_lcd_init.o
 .comment       0x0000000000000102       0x2b bank_a_lcd_functions.o
 .comment       0x000000000000012d       0x2b lcd_hardware_init.o

.debug_frame    0x0000000000000000      0x3b8
 .debug_frame   0x0000000000000000       0x90 rcode_lcd_functions.o
 .debug_frame   0x0000000000000090       0x9c rcode_lcd_functions_1.o
 .debug_frame   0x000000000000012c       0x94 rcode_lcd_functions_3.o
 .debug_frame   0x00000000000001c0       0x6c rcode_lcd_functions_2.o
 .debug_frame   0x000000000000022c       0x48 bank_a_lcd_init.o
 .debug_frame   0x0000000000000274       0xac bank_a_lcd_functions.o
 .debug_frame   0x0000000000000320       0x98 lcd_hardware_init.o

.debug_aranges  0x0000000000000000      0x100
 .debug_aranges
                0x0000000000000000       0x20 rcode_lcd_functions.o
 .debug_aranges
                0x0000000000000020       0x20 rcode_lcd_functions_1.o
 .debug_aranges
                0x0000000000000040       0x20 rcode_lcd_functions_3.o
 .debug_aranges
                0x0000000000000060       0x20 rcode_lcd_functions_2.o
 .debug_aranges
                0x0000000000000080       0x20 ./../../../psp_rel/lib/api.a(sys_op_entry.o)
 .debug_aranges
                0x00000000000000a0       0x20 bank_a_lcd_init.o
 .debug_aranges
                0x00000000000000c0       0x20 bank_a_lcd_functions.o
 .debug_aranges
                0x00000000000000e0       0x20 lcd_hardware_init.o
