
Memory Configuration

Name             Origin             Length             Attributes
*default*        0x0000000000000000 0xffffffffffffffff

Linker script and memory map

LOAD key_bankb0_exit.o
LOAD key_bankb0_init.o
LOAD key_rcode_op_entry.o
LOAD key_rcode_scan.o
LOAD adjust_freq_comm.o
LOAD key_bat_charge_comm.o
LOAD key_peripheral_detect.o
LOAD ./../../../psp_rel/include/link_base.xn
                0x0000000000000000                DRV_GROUP_STG_BASE = 0x0
                0x0000000000000001                DRV_GROUP_STG_CARD = 0x1
                0x0000000000000002                DRV_GROUP_STG_UHOST = 0x2
                0x0000000000000003                DRV_GROUP_FAT32 = 0x3
                0x0000000000000004                DRV_GROUP_EXFAT = 0x4
                0x0000000000000005                DRV_GROUP_UD = 0x5
                0x0000000000000006                DRV_GROUP_UI = 0x6
                0x0000000000000007                DRV_GROUP_LCD = 0x7
                0x0000000000000008                DRV_GROUP_FM = 0x8
                0x0000000000000009                DRV_GROUP_KEY = 0x9
                0x000000000000000a                DRV_GROUP_CCD = 0xa
                0x000000000000000b                DRV_GROUP_I2C = 0xb
                0x000000000000000c                DRV_GROUP_AUDIO_DEVICE = 0xc
                0x000000000000000d                DRV_GROUP_TTS = 0xd
                0x000000000000000e                DRV_GROUP_BT = 0xe
                0x000000000000000f                DRV_GROUP_SYS = 0xf
                0x000000000003ffff                SRAM_SIZE_MASK = 0x3ffff
                0x000000009fc00000                RDATA_ADDR_BASE = 0x9fc00000
                0x00000000bfc00000                RCODE_ADDR_BASE = 0xbfc00000
                0x0000000000000001                KERNEL_BANK_A = 0x1
                0x0000000000000002                KERNEL_BANK_B = 0x2
                0x0000000000000003                KERNEL_BANK_C = 0x3
                0x0000000000040000                BANK_SPACE = 0x40000
                0x0000000000000000                FRONT_AP = 0x0
                0x0000000000000001                BACK_AP = 0x1
                0x0000000000000002                PROCESS_MANAGER_AP = 0x2
                0x0000000000000000                FRONT_CODEC = 0x0
                0x0000000000000001                BACK_CODEC = 0x1
                0x0000000000000040                AP_BANK_FRONT_CONTROL_1 = 0x40
                0x0000000000000048                AP_BANK_FRONT_UI_1 = 0x48
                0x0000000000000050                AP_BANK_FRONT_BASAL = 0x50
                0x0000000000000058                AP_BANK_FRONT_CODEC = 0x58
                0x0000000000000060                AP_BANK_BACK_CONTROL_1 = 0x60
                0x0000000000000068                AP_BANK_BACK_BASAL = 0x68
                0x0000000000000070                AP_BANK_BACK_CODEC = 0x70
                0x0000000000000078                AP_BANK_FRONT_ENHANCED_1 = 0x78
                0x0000000000000071                AP_BANK_FRONT_ENHANCED_2 = 0x71
                0x000000000000007a                AP_BANK_BACK_ENHANCED_1 = 0x7a
                0x000000000000007b                AP_BANK_BACK_ENHANCED_2 = 0x7b
                0x0000000000000072                AP_BANK_BTENGINE_CONTROL_1 = 0x72
                0x0000000000000073                AP_BANK_BTENGINE_LIB_1 = 0x73
                0x0000000000000074                AP_BANK_BTENGINE_LIB_2 = 0x74
                0x0000000000000075                AP_BANK_BTENGINE_EXTEND_1 = 0x75
                0x0000000000000076                AP_BANK_BTENGINE_EXTEND_2 = 0x76
                0x0000000000000077                AP_BANK_BTENGINE_EXTEND_3 = 0x77
                0x000000000000007c                AP_BANK_BTENGINE_EXTEND_4 = 0x7c
                0x0000000000000079                AP_BANK_BTENGINE_EXTEND_5 = 0x79
                0x000000000000007f                AP_BANK_MANAGER = 0x7f
                0x0000000000000041                AP_BANK_AUTOTEST = 0x41
                0x0000000000000000                SROM_BROM_ADDR = 0x0
                0x0000000000002600                SROM_BROM_SIZE = 0x2600
                0x0000000000002600                SROM_SPINOR_ADDR = (SROM_BROM_ADDR + SROM_BROM_SIZE)
                0x0000000000000c00                SROM_SPINOR_SIZE = 0xc00
                0x0000000000003200                SROM_TWI_ADDR = (SROM_SPINOR_ADDR + SROM_SPINOR_SIZE)
                0x0000000000000700                SROM_TWI_SIZE = 0x700
                0x0000000000003900                SROM_STUB_ADDR = (SROM_TWI_ADDR + SROM_TWI_SIZE)
                0x0000000000000700                SROM_STUB_SIZE = 0x700
                0x0000000000000e00                SROM_SPINOR_SIZE_MDY = 0xe00
                0x0000000000003400                SROM_TWI_ADDR_MDY = (SROM_SPINOR_ADDR + SROM_SPINOR_SIZE_MDY)
                0x0000000000000700                SROM_TWI_SIZE_MDY = 0x700
                0x0000000000003b00                SROM_STUB_ADDR_MDY = (SROM_TWI_ADDR_MDY + SROM_TWI_SIZE_MDY)
                0x0000000000000500                SROM_STUB_SIZE_MDY = 0x500
                0x0000000000004000                SROM_KERNEL_ADDR = (SROM_STUB_ADDR + SROM_STUB_SIZE)
                0x0000000000004000                SROM_KERNEL_SIZE = 0x4000
                0x000000000000c000                SROM_FS_ADDR = 0xc000
                0x0000000000001c00                SROM_FS_SIZE = 0x1c00
                0x000000000000dc00                SROM_SPINOR1_ADDR = (SROM_FS_ADDR + SROM_FS_SIZE)
                0x0000000000000400                SROM_SPINOR1_SIZE = 0x400
                0x0000000000008000                SRAM_OS_RCODE_ADDR = 0x8000
                0x0000000000000c00                SRAM_OS_RCODE_SIZE = 0xc00
                0x0000000000008c00                SRAM_SPINOR_RCODE_ADDR = 0x8c00
                0x0000000000000400                SRAM_SPINOR_RCODE_SIZE = 0x400
                0x0000000000009000                SRAM_BANK_A_ADDR = 0x9000
                0x0000000000000400                SRAM_BANK_A_SIZE = 0x400
                0x0000000000009400                SRAM_BANK_B_ADDR = 0x9400
                0x0000000000000800                SRAM_BANK_B_SIZE = 0x800
                0x0000000000009c00                SRAM_UI_RCODE1_ADDR = 0x9c00
                0x0000000000000300                SRAM_UI_RCODE1_SIZE = 0x300
                0x0000000000009f00                SRAM_AUDIO_GLOBAL_DATA_ADDR = 0x9f00
                0x0000000000000060                SRAM_AUDIO_GLOBAL_DATA_SIZE = 0x60
                0x0000000000009f60                SRAM_UHOST_GLOBAL_DATA_ADDR = 0x9f60
                0x0000000000000010                SRAM_UHOST_GLOBAL_DATA_SIZE = 0x10
                0x0000000000009f70                SRAM_CARD_GLOBAL_DATA_ADDR = 0x9f70
                0x0000000000000010                SRAM_CARD_GLOBAL_DATA_SIZE = 0x10
                0x0000000000009f80                SRAM_SYS_SHARE_DATA_ADDR = 0x9f80
                0x0000000000000040                SRAM_SYS_SHARE_DATA_SIZE = 0x40
                0x0000000000009fc0                SRAM_RAM6_CCD_GLOBAL_DATA_ADDR = 0x9fc0
                0x0000000000000020                SRAM_RAM6_CCD_GLOBAL_DATA_SIZE = 0x20
                0x0000000000009fe0                SRAM_RAM6_RESEVER_ADDR = 0x9fe0
                0x0000000000000020                SRAM_RAM6_RESEVER_SIZE = 0x20
                0x000000000000a000                SRAM_LCD_RCODE_ADDR = 0xa000
                0x0000000000000800                SRAM_LCD_RCODE_SIZE = 0x800
                0x000000000000a800                SRAM_UI_RCODE2_ADDR = 0xa800
                0x0000000000001000                SRAM_UI_RCODE2_SIZE = 0x1000
                0x000000000000b800                SRAM_LCD_BUFFER_ADDR = 0xb800
                0x0000000000000400                SRAM_LCD_BUFFER_SIZE = 0x400
                0x000000000000bc00                SRAM_UI_DATA_ADDR = 0xbc00
                0x0000000000000400                SRAM_UI_DATA_SIZE = 0x400
                0x0000000000010000                SRAM_KEY_MESSAGE_RCODE_ADDR = 0x10000
                0x0000000000000a00                SRAM_KEY_MESSAGE_RCODE_SIZE = 0xa00
                0x0000000000010a00                SRAM_RAM0_RESEVER1_ADDR = 0x10a00
                0x0000000000000200                SRAM_RAM0_RESEVER1_SIZE = 0x200
                0x0000000000010c00                SRAM_AP_FRONT_BASAL_RCODE_ADDR = 0x10c00
                0x0000000000000100                SRAM_AP_FRONT_BASAL_RCODE_SIZE = 0x100
                0x0000000000010d00                SRAM_AP_BANK_BACK_CONTROL_ADDR = 0x10d00
                0x0000000000000800                SRAM_AP_BANK_BACK_CONTROL_SIZE = 0x800
                0x0000000000011500                SRAM_AP_BACK_RCODE_ADDR = 0x11500
                0x0000000000000800                SRAM_AP_BACK_RCODE_SIZE = 0x800
                0x0000000000000000                SRAM_AP_BANK_FRONT_CODEC_ADDR = 0x0
                0x0000000000000000                SRAM_AP_BANK_FRONT_CODEC_SIZE = 0x0
                0x0000000000011d00                SRAM_RAM0_RESEVER2_ADDR = 0x11d00
                0x0000000000000800                SRAM_RAM0_RESEVER2_SIZE = 0x800
                0x0000000000012500                SRAM_AP_BANK_FRONT_BASAL_ADDR = 0x12500
                0x0000000000000800                SRAM_AP_BANK_FRONT_BASAL_SIZE = 0x800
                0x0000000000012500                SRAM_AP_BANK_FRONT_ENHANCED_2_ADDR = SRAM_AP_BANK_FRONT_BASAL_ADDR
                0x0000000000000800                SRAM_AP_BANK_FRONT_ENHANCED_2_SIZE = SRAM_AP_BANK_FRONT_BASAL_SIZE
                0x0000000000012d00                SRAM_AP_BANK_BACK_BASAL_ADDR = 0x12d00
                0x0000000000000800                SRAM_AP_BANK_BACK_BASAL_SIZE = 0x800
                0x0000000000012d00                SRAM_AP_BANK_BACK_ENHANCED_1_ADDR = SRAM_AP_BANK_BACK_BASAL_ADDR
                0x0000000000000800                SRAM_AP_BANK_BACK_ENHANCED_1_SIZE = SRAM_AP_BANK_BACK_BASAL_SIZE
                0x0000000000013500                SRAM_AP_BACK_BASAL_RCODE_ADDR = 0x13500
                0x0000000000000800                SRAM_AP_BACK_BASAL_RCODE_SIZE = 0x800
                0x0000000000013d00                SRAM_KERNEL_BSS_ADDR = 0x13d00
                0x00000000000000e0                SRAM_KERNEL_BSS_SIZE = 0xe0
                0x0000000000013de0                SRAM_AP_MANAGER_ADDR = 0x13de0
                0x0000000000000200                SRAM_AP_MANAGER_SIZE = 0x200
                0x0000000000013fc0                SRAM_IRQ_DSP_PRINT_TEMP_ADDR = 0x13fc0
                0x0000000000000020                SRAM_IRQ_DSP_PRINT_TEMP_SIZE = 0x20
                0x0000000000013fe0                SRAM_IRQ_PRINT_BUFFER_ADDR = 0x13fe0
                0x0000000000000110                SRAM_IRQ_PRINT_BUFFER_SIZE = 0x110
                0x00000000000140f0                SRAM_DSP_PRINT_BUFFER_ADDR = 0x140f0
                0x0000000000000110                SRAM_DSP_PRINT_BUFFER_SIZE = 0x110
                0x0000000000014200                SRAM_LCD_DATA_ADDR = 0x14200
                0x0000000000000100                SRAM_LCD_DATA_SIZE = 0x100
                0x0000000000014300                SRAM_KEY_MESSAGE_DATA_ADDR = 0x14300
                0x0000000000000100                SRAM_KEY_MESSAGE_DATA_SIZE = 0x100
                0x0000000000014400                SRAM_AP_BANK_FRONT_UI_ADDR = 0x14400
                0x0000000000000800                SRAM_AP_BANK_FRONT_UI_SIZE = 0x800
                0x0000000000014c00                SRAM_AP_BANK_FRONT_CONTROL_ADDR = 0x14c00
                0x0000000000000800                SRAM_AP_BANK_FRONT_CONTROL_SIZE = 0x800
                0x0000000000015400                SRAM_AP_FRONT_DATA_ADDR = 0x15400
                0x0000000000000800                SRAM_AP_FRONT_DATA_SIZE = 0x800
                0x0000000000015c00                SRAM_AP_BACK_DATA_ADDR = 0x15c00
                0x0000000000000600                SRAM_AP_BACK_DATA_SIZE = 0x600
                0x0000000000016200                SRAM_AP_BANK_MANAGER_ADDR = 0x16200
                0x0000000000000200                SRAM_AP_BANK_MANAGER_SIZE = 0x200
                0x0000000000016400                SRAM_AP_FRONT_RCODE_ADDR = 0x16400
                0x0000000000000800                SRAM_AP_FRONT_RCODE_SIZE = 0x800
                0x0000000000016c00                SRAM_FS_RCODE_ADDR = 0x16c00
                0x0000000000000800                SRAM_FS_RCODE_SIZE = 0x800
                0x0000000000017400                SRAM_UI_RCODE3_ADDR = 0x17400
                0x0000000000000c00                SRAM_UI_RCODE3_SIZE = 0xc00
                0x0000000000017400                SRAM_CARD_UD_RCODE_ADDR = 0x17400
                0x0000000000000c00                SRAM_CARD_UD_RCODE_SIZE = 0xc00
                0x0000000000017400                SRAM_UHOST_UD_RCODE_ADDR = SRAM_CARD_UD_RCODE_ADDR
                0x0000000000000c00                SRAM_UHOST_UD_RCODE_SIZE = SRAM_CARD_UD_RCODE_SIZE
                0x0000000000018000                SRAM_FS_DATA_ADDR = 0x18000
                0x0000000000000300                SRAM_FS_DATA_SIZE = 0x300
                0x0000000000018300                SRAM_FS_BUF_ADDR = 0x18300
                0x0000000000000a00                SRAM_FS_BUF_SIZE = 0xa00
                0x0000000000018d00                SRAM_CARD_UD_CACHE_ADDR = 0x18d00
                0x0000000000000800                SRAM_CARD_UD_CACHE_SIZE = 0x800
                0x0000000000018d00                SRAM_UHOST_UD_CACHE_ADDR = SRAM_CARD_UD_CACHE_ADDR
                0x0000000000000800                SRAM_UHOST_UD_CACHE_SIZE = SRAM_CARD_UD_CACHE_SIZE
                0x0000000000019500                SRAM_CARD_DATA_ADDR = 0x19500
                0x0000000000000080                SRAM_CARD_DATA_SIZE = 0x80
                0x0000000000019500                SRAM_UHOST_DATA_ADDR = SRAM_CARD_DATA_ADDR
                0x0000000000000080                SRAM_UHOST_DATA_SIZE = SRAM_CARD_DATA_SIZE
                0x0000000000019580                SRAM_KERNEL_XSYS_ADDR = 0x19580
                0x0000000000000800                SRAM_KERNEL_XSYS_SIZE = 0x800
                0x0000000000019d80                SRAM_BANK_C_ADDR = 0x19d80
                0x0000000000000400                SRAM_BANK_C_SIZE = 0x400
                0x000000000001a180                SRAM_APPLIB_GLOBAL_DATA_ADDR = 0x1a180
                0x0000000000000100                SRAM_APPLIB_GLOBAL_DATA_SIZE = 0x100
                0x000000000001a280                SRAM_APPLIB_DATA_ADDR = 0x1a280
                0x0000000000000100                SRAM_APPLIB_DATA_SIZE = 0x100
                0x000000000001a380                SRAM_RAM1_RESEVER1_ADDR = 0x1a380
                0x0000000000000080                SRAM_RAM1_RESEVER1_SIZE = 0x80
                0x000000000001a400                SRAM_OS_DATA_ADDR = 0x1a400
                0x0000000000000880                SRAM_OS_DATA_SIZE = 0x880
                0x000000000001ac80                SRAM_OS_HEAP_ADDR = 0x1ac80
                0x0000000000000580                SRAM_OS_HEAP_SIZE = 0x580
                0x000000000001b200                SRAM_AP_BANK_FRONT_ENHANCED_1_ADDR = 0x1b200
                0x0000000000000800                SRAM_AP_BANK_FRONT_ENHANCED_1_SIZE = 0x800
                0x000000000001b200                SRAM_FM_DRV_RCODE_ADDR = SRAM_AP_BANK_FRONT_ENHANCED_1_ADDR
                0x0000000000000800                SRAM_FM_DRV_RCODE_SIZE = SRAM_AP_BANK_FRONT_ENHANCED_1_SIZE
                0x000000000001ba00                SRAM_OS_SD_SWAP_BUF_ADDR = 0x1ba00
                0x0000000000000200                SRAM_OS_SD_SWAP_BUF_SIZE = 0x200
                0x000000000001bc00                SRAM_OS_TASK_STACK_ADDR = 0x1bc00
                0x0000000000001a00                SRAM_OS_TASK_STACK_SIZE = 0x1a00
                0x000000000001d600                SRAM_OS_SYS_STACK_ADDR = 0x1d600
                0x0000000000000400                SRAM_OS_SYS_STACK_SIZE = 0x400
                0x000000000001da00                SRAM_RAM1_RESEVER2_ADDR = 0x1da00
                0x0000000000000600                SRAM_RAM1_RESEVER1_SIZE = 0x600
                0x0000000000027000                SRAM_AP_BACK_CODEC_RCODE_ADDR = 0x27000
                0x0000000000001000                SRAM_AP_BACK_CODEC_RCODE_SIZE = 0x1000
                0x0000000000028000                SRAM_AP_BANK_BACK_CODEC_ADDR = 0x28000
                0x0000000000001000                SRAM_AP_BANK_BACK_CODEC_SIZE = 0x1000
                0x0000000000028000                SRAM_AP_BANK_BACK_ENHANCED_2_ADDR = 0x28000
                0x0000000000000800                SRAM_AP_BANK_BACK_ENHANCED_2_SIZE = 0x800
                0x0000000000030000                SRAM_AP_USB_DEVICE_RCODE_ADDR = 0x30000
                0x0000000000004000                SRAM_AP_USB_DEVICE_RCODE_SIZE = 0x4000
                0x0000000000038000                SRAM_TWI_ADDR_MDY = 0x38000
                0x0000000000000700                SRAM_TWI_SIZE_MDY = SROM_TWI_SIZE_MDY
                0x0000000000040000                SRAM_INVALID_RCODE_ADDR = 0x40000
                0x0000000000000009                BANK_GROUP_INDEX = DRV_GROUP_KEY
                0x0000000000010000                SRAM_TEXT_ADDR = SRAM_KEY_MESSAGE_RCODE_ADDR
                0x0000000000014300                SRAM_DATA_ADDR = SRAM_KEY_MESSAGE_DATA_ADDR
                0x00000000bfc10000                RCODE_TEXT_ADDR = (RCODE_ADDR_BASE + SRAM_TEXT_ADDR)
                0x00000000bfc03400                ROM_TEXT_ADDR = (RCODE_ADDR_BASE + SROM_TWI_ADDR_MDY)
                0x000000009fc14300                RDATA_DATA_ADDR = (RDATA_ADDR_BASE + SRAM_DATA_ADDR)
                0x0000000019009000                KERNEL_BANK_A_ADDR_BASE = (((KERNEL_BANK_A << 0x1c) + (BANK_GROUP_INDEX << 0x18)) + SRAM_BANK_A_ADDR)
                0x0000000029009400                KERNEL_BANK_B_ADDR_BASE = (((KERNEL_BANK_B << 0x1c) + (BANK_GROUP_INDEX << 0x18)) + SRAM_BANK_B_ADDR)
                0x0000000000000400                KERNEL_BANK_A_SIZE = SRAM_BANK_A_SIZE
                0x0000000000000800                KERNEL_BANK_B_SIZE = SRAM_BANK_B_SIZE
                0x0000000000000700                ROM_TEXT_SIZE = SROM_TWI_SIZE_MDY
                0x00000000000000fc                SRAM_KEY_MESSAGE_DATA_SIZE_FILL = (SRAM_KEY_MESSAGE_DATA_SIZE - 0x4)
                0x0000000000040000                KERNEL_BANK_SPACE = BANK_SPACE

.text           0x00000000bfc10000      0xa00
 libc_op_entry.o(.text)
 .text          0x00000000bfc10000        0x4 ./../../../psp_rel/lib/libc_op_entry.o
                0x00000000bfc10001                libc_op_entry
 sys_op_entry.o(.text)
 .text          0x00000000bfc10004        0x4 ./../../../psp_rel/lib/sys_op_entry.o
                0x00000000bfc10005                sys_op_entry
 key_rcode_*.o(.text .rodata)
 .text          0x00000000bfc10008      0x328 key_rcode_scan.o
                0x00000000bfc10189                PutSysMsg
                0x00000000bfc10029                post_Earphone_msg
                0x00000000bfc10141                key_init_key_vars
                0x00000000bfc1024d                key_scan_int_process
                0x00000000bfc100e9                key_lradc_status_check
                0x00000000bfc10009                key_inner_earphone_check
                0x00000000bfc1015d                post_key_msg
 .rodata        0x00000000bfc10330        0x8 key_rcode_scan.o
                0x00000000bfc10330                g_adc_data
 key_bat_charge_comm.o(.text .rodata)
 .text          0x00000000bfc10338      0x31c key_bat_charge_comm.o
                0x00000000bfc1056d                key_inner_battery_charge_open
                0x00000000bfc10611                key_inner_chargeget
                0x00000000bfc105a5                key_inner_battery_get_status
                0x00000000bfc10359                key_battery_charge_deal
                0x00000000bfc10621                key_sampling_battery_voltage
                0x00000000bfc10625                key_sampling_battery_voltage_init
                0x00000000bfc1057d                key_inner_chargeset
                0x00000000bfc104a5                key_bat_charge_init
                0x00000000bfc10339                key_inner_battery_charge_stop
 .rodata        0x00000000bfc10654       0x10 key_bat_charge_comm.o
                0x00000000bfc1065c                set_chg_full_vol_tab
                0x00000000bfc10654                battery_grade_vel
                0x0000000000000a00                . = SRAM_KEY_MESSAGE_RCODE_SIZE
 *fill*         0x00000000bfc10664      0x39c 00

.data           0x000000009fc14300       0x24 load address 0x00000000bfc10a00
 *.o(.data)
 .data          0x000000009fc14300       0x24 key_rcode_op_entry.o
                0x000000009fc14300                blk_op

.bss            0x000000009fc14324       0xd8
 *(.bss)
 .bss           0x000000009fc14324       0x30 key_rcode_scan.o
                0x000000009fc1432e                g_need_check_battery
                0x000000009fc14328                g_speakonoff
                0x000000009fc1434c                key_value
                0x000000009fc14333                g_oldkey_val
                0x000000009fc1432a                g_charge_tri_time_cnt
                0x000000009fc14338                g_earphone_mode
                0x000000009fc14331                g_hold_count
                0x000000009fc14334                g_tmpkey_val
                0x000000009fc14350                key_count
                0x000000009fc14329                g_key_bat_charge_mode
                0x000000009fc1432d                g_charge_bat_check
                0x000000009fc1433c                key_map
                0x000000009fc14330                g_tmp_count
                0x000000009fc14332                wait_keyup
                0x000000009fc1432c                g_battery_check_cnt
                0x000000009fc14339                g_up_count
                0x000000009fc14337                g_earphone_status
                0x000000009fc14324                g_time_irq
 .bss           0x000000009fc14354       0x14 adjust_freq_comm.o
                0x000000009fc14358                adjust_id_table
                0x000000009fc14354                add_freq_b
                0x000000009fc14356                add_freq_a
 .bss           0x000000009fc14368       0x14 key_bat_charge_comm.o
                0x000000009fc14370                g_bat_adc_val
                0x000000009fc1436a                cur_battery_val
                0x000000009fc1436c                g_charge_MV
                0x000000009fc14368                g_bat_charge_status
                0x000000009fc1436d                g_charge_MA
                0x000000009fc14369                g_bat_adc_val_index
                0x000000009fc1436e                g_bat_val_full
 .bss           0x000000009fc1437c        0x2 key_peripheral_detect.o
                0x000000009fc1437c                usb_detect_counter
                0x000000009fc1437d                card_detect_counter
 *(.sbss)
 *(.common)
 *(common)
                0x00000000000000d8                . = (SRAM_KEY_MESSAGE_DATA_SIZE_FILL - SIZEOF (.data))
 *fill*         0x000000009fc1437e       0x7e 00
                0x0000000019009000                . = KERNEL_BANK_A_ADDR_BASE
                0x0000000000009000                OFFSET = (. & 0x3ffff)

BANK_A_0        0x0000000019009000      0x24c
 adjust_freq_comm.o(.text .rodata)
 .text          0x0000000019009000      0x218 adjust_freq_comm.o
                0x00000000190091bd                adjust_freq_do_add_value
                0x0000000019009119                adjust_freq_do_task_level
                0x0000000019009001                adjust_freq_do_init
                0x000000001900904d                adjust_freq_update
                0x00000000190091f9                adjust_freq_op_entry
                0x0000000019009025                adjust_freq_find_id
 .rodata        0x0000000019009218       0x34 adjust_freq_comm.o
                0x0000000019009220                b_level_table_sn
                0x0000000019009238                a_level_table_sn
                0x0000000019009218                adjust_freq_op_entry_table
                0x0000000019009244                id_to_prio_table
                0x0000000029009400                . = KERNEL_BANK_B_ADDR_BASE
                0x0000000000009400                OFFSET = (. & 0x3ffff)

BANK_B_0        0x0000000029009400      0x3f0
 key_bankb0_init.o(.text .rodata)
 .text          0x0000000029009400       0xc4 key_bankb0_init.o
                0x000000002900945d                key_init
                0x0000000029009401                key_adc_init
                0x000000002900945d                init_module
 key_bankb0_exit.o(.text .rodata)
 .text          0x00000000290094c4       0x1c key_bankb0_exit.o
                0x00000000290094c5                cleanup_module
                0x00000000290094c5                key_exit
 key_bat_charge_comm.o(.text .rodata)
 key_peripheral_detect.o(.text .rodata)
 .text          0x00000000290094e0      0x310 key_peripheral_detect.o
                0x00000000290094f1                key_inner_holdcheck
                0x000000002900958d                check_linein_status
                0x0000000029009505                check_card_status
                0x00000000290094e1                check_headphone_status
                0x000000002900967d                switch_to_udevice_detect
                0x00000000290094ed                key_inner_speakcheck
                0x00000000290096a5                usb_switch_handle
                0x00000000290097c1                key_inner_peripheral_detect_handle
                0x00000000290094e5                key_inner_getkeytabaddress
                0x0000000029009655                switch_to_uhost_detect

.rel.dyn
OUTPUT(key.exe elf32-tradlittlemips)

.reginfo        0x0000000000000000       0x18
 .reginfo       0x0000000000000000       0x18 key_bankb0_exit.o

.pdr            0x0000000000000000      0x4c0
 .pdr           0x0000000000000000       0x20 key_bankb0_exit.o
 .pdr           0x0000000000000020       0x40 key_bankb0_init.o
 .pdr           0x0000000000000060       0xe0 key_rcode_scan.o
 .pdr           0x0000000000000140       0xc0 adjust_freq_comm.o
 .pdr           0x0000000000000200      0x120 key_bat_charge_comm.o
 .pdr           0x0000000000000320      0x160 key_peripheral_detect.o
 .pdr           0x0000000000000480       0x20 ./../../../psp_rel/lib/libc_op_entry.o
 .pdr           0x00000000000004a0       0x20 ./../../../psp_rel/lib/sys_op_entry.o

.mdebug.abi32   0x0000000000000000        0x0

.debug_abbrev   0x0000000000000000      0x993
 .debug_abbrev  0x0000000000000000       0xc8 key_bankb0_exit.o
 .debug_abbrev  0x00000000000000c8       0xf7 key_bankb0_init.o
 .debug_abbrev  0x00000000000001bf       0xd9 key_rcode_op_entry.o
 .debug_abbrev  0x0000000000000298      0x1db key_rcode_scan.o
 .debug_abbrev  0x0000000000000473      0x189 adjust_freq_comm.o
 .debug_abbrev  0x00000000000005fc      0x190 key_bat_charge_comm.o
 .debug_abbrev  0x000000000000078c      0x1df key_peripheral_detect.o
 .debug_abbrev  0x000000000000096b       0x14 ./../../../psp_rel/lib/libc_op_entry.o
 .debug_abbrev  0x000000000000097f       0x14 ./../../../psp_rel/lib/sys_op_entry.o

.debug_info     0x0000000000000000     0x20f7
 .debug_info    0x0000000000000000      0x32b key_bankb0_exit.o
 .debug_info    0x000000000000032b      0x388 key_bankb0_init.o
 .debug_info    0x00000000000006b3      0x3dc key_rcode_op_entry.o
 .debug_info    0x0000000000000a8f      0x84f key_rcode_scan.o
 .debug_info    0x00000000000012de      0x406 adjust_freq_comm.o
 .debug_info    0x00000000000016e4      0x55c key_bat_charge_comm.o
 .debug_info    0x0000000000001c40      0x3fa key_peripheral_detect.o
 .debug_info    0x000000000000203a       0x5f ./../../../psp_rel/lib/libc_op_entry.o
 .debug_info    0x0000000000002099       0x5e ./../../../psp_rel/lib/sys_op_entry.o

.debug_line     0x0000000000000000      0x9e4
 .debug_line    0x0000000000000000       0xde key_bankb0_exit.o
 .debug_line    0x00000000000000de       0xfe key_bankb0_init.o
 .debug_line    0x00000000000001dc       0xc2 key_rcode_op_entry.o
 .debug_line    0x000000000000029e      0x1f1 key_rcode_scan.o
 .debug_line    0x000000000000048f      0x11a adjust_freq_comm.o
 .debug_line    0x00000000000005a9      0x1de key_bat_charge_comm.o
 .debug_line    0x0000000000000787      0x1e4 key_peripheral_detect.o
 .debug_line    0x000000000000096b       0x3d ./../../../psp_rel/lib/libc_op_entry.o
 .debug_line    0x00000000000009a8       0x3c ./../../../psp_rel/lib/sys_op_entry.o

.debug_frame    0x0000000000000000      0x3c8
 .debug_frame   0x0000000000000000       0x28 key_bankb0_exit.o
 .debug_frame   0x0000000000000028       0x48 key_bankb0_init.o
 .debug_frame   0x0000000000000070       0xbc key_rcode_scan.o
 .debug_frame   0x000000000000012c       0xc4 adjust_freq_comm.o
 .debug_frame   0x00000000000001f0       0xd0 key_bat_charge_comm.o
 .debug_frame   0x00000000000002c0      0x108 key_peripheral_detect.o

.debug_pubnames
                0x0000000000000000      0x6de
 .debug_pubnames
                0x0000000000000000       0x1f key_bankb0_exit.o
 .debug_pubnames
                0x000000000000001f       0x30 key_bankb0_init.o
 .debug_pubnames
                0x000000000000004f       0x1d key_rcode_op_entry.o
 .debug_pubnames
                0x000000000000006c      0x20c key_rcode_scan.o
 .debug_pubnames
                0x0000000000000278      0x13d adjust_freq_comm.o
 .debug_pubnames
                0x00000000000003b5      0x1da key_bat_charge_comm.o
 .debug_pubnames
                0x000000000000058f      0x14f key_peripheral_detect.o

.debug_aranges  0x0000000000000000      0x100
 .debug_aranges
                0x0000000000000000       0x20 key_bankb0_exit.o
 .debug_aranges
                0x0000000000000020       0x20 key_bankb0_init.o
 .debug_aranges
                0x0000000000000040       0x20 key_rcode_scan.o
 .debug_aranges
                0x0000000000000060       0x20 adjust_freq_comm.o
 .debug_aranges
                0x0000000000000080       0x20 key_bat_charge_comm.o
 .debug_aranges
                0x00000000000000a0       0x20 key_peripheral_detect.o
 .debug_aranges
                0x00000000000000c0       0x20 ./../../../psp_rel/lib/libc_op_entry.o
 .debug_aranges
                0x00000000000000e0       0x20 ./../../../psp_rel/lib/sys_op_entry.o

.debug_str      0x0000000000000000      0xf67
 .debug_str     0x0000000000000000      0x2e1 key_bankb0_exit.o
                                        0x351 (size before relaxing)
 .debug_str     0x00000000000002e1       0x5a key_bankb0_init.o
                                        0x390 (size before relaxing)
 .debug_str     0x000000000000033b       0xdb key_rcode_op_entry.o
                                        0x406 (size before relaxing)
 .debug_str     0x0000000000000416      0x3a7 key_rcode_scan.o
                                        0x72a (size before relaxing)
 .debug_str     0x00000000000007bd      0x1bc adjust_freq_comm.o
                                        0x2e6 (size before relaxing)
 .debug_str     0x0000000000000979      0x423 key_bat_charge_comm.o
                                        0x5ac (size before relaxing)
 .debug_str     0x0000000000000d9c      0x1cb key_peripheral_detect.o
                                        0x310 (size before relaxing)

.comment        0x0000000000000000      0x12d
 .comment       0x0000000000000000       0x2b key_bankb0_exit.o
 .comment       0x000000000000002b       0x2b key_bankb0_init.o
 .comment       0x0000000000000056       0x2b key_rcode_op_entry.o
 .comment       0x0000000000000081       0x2b key_rcode_scan.o
 .comment       0x00000000000000ac       0x2b adjust_freq_comm.o
 .comment       0x00000000000000d7       0x2b key_bat_charge_comm.o
 .comment       0x0000000000000102       0x2b key_peripheral_detect.o

.debug_ranges   0x0000000000000000       0x48
 .debug_ranges  0x0000000000000000       0x28 key_bat_charge_comm.o
 .debug_ranges  0x0000000000000028       0x20 key_peripheral_detect.o
